[ 11%] Built target vehicle_core__rosidl_generator_c
[ 11%] Built target vehicle_core__cpp
[ 12%] Built target vehicle_core_container
[ 12%] Built target ament_cmake_python_symlink_vehicle_core
[ 23%] Built target vehicle_core__rosidl_typesupport_c
[ 34%] Built target vehicle_core__rosidl_typesupport_introspection_c
[ 44%] Built target vehicle_core__rosidl_typesupport_cpp
[ 55%] Built target vehicle_core__rosidl_typesupport_introspection_cpp
[ 66%] Built target vehicle_core__rosidl_typesupport_fastrtps_c
[ 76%] Built target vehicle_core__rosidl_typesupport_fastrtps_cpp
[ 76%] Built target vehicle_core
[35m[1mConsolidate compiler generated dependencies of target i2c_bridge_node[0m
[35m[1mConsolidate compiler generated dependencies of target gt_u7_gps_node_component[0m
[ 77%] Built target drive_arbiter_node_component
[ 77%] Built target vehicle_core__py
[ 78%] Built target gt_u7_gps_node_component
[ 79%] Built target heading_calibrator_node_component
[ 80%] [32mBuilding CXX object CMakeFiles/i2c_bridge_node.dir/src/Devices/I2C/I2CBusRegistry.cpp.o[0m
[ 81%] Built target state_manager_node_component
[ 82%] [32mBuilding CXX object CMakeFiles/i2c_bridge_node.dir/src/i2c_bridge_node.cpp.o[0m
[ 83%] Built target tcp_server_node_component
[ 84%] Built target autopilot_node_component
[ 84%] [32mBuilding CXX object CMakeFiles/i2c_bridge_node.dir/src/Devices/BNO055.cpp.o[0m
[ 84%] [32mBuilding CXX object CMakeFiles/i2c_bridge_node.dir/src/Devices/LightingSubsys.cpp.o[0m
[ 94%] Built target vehicle_core__rosidl_generator_py
[ 95%] Built target gst_camera_component
running egg_info
[ 96%] Built target vehicle_core__rosidl_typesupport_fastrtps_c__pyext
writing vehicle_core.egg-info/PKG-INFO
[ 97%] Built target vehicle_core__rosidl_typesupport_introspection_c__pyext
writing dependency_links to vehicle_core.egg-info/dependency_links.txt
writing top-level names to vehicle_core.egg-info/top_level.txt
[ 98%] Built target vehicle_core__rosidl_typesupport_c__pyext
reading manifest file 'vehicle_core.egg-info/SOURCES.txt'
writing manifest file 'vehicle_core.egg-info/SOURCES.txt'
[ 98%] Built target ament_cmake_python_build_vehicle_core_egg
[ 99%] [32m[1mLinking CXX shared library libi2c_bridge_node.so[0m
[100%] Built target i2c_bridge_node
-- Install configuration: ""
-- Execute custom install script
-- Up-to-date symlink: /home/avcpp/AV-CPP2025/Vehicle/install/vehicle_core/share/ament_index/resource_index/rosidl_interfaces/vehicle_core
-- Up-to-date symlink: /home/avcpp/AV-CPP2025/Vehicle/install/vehicle_core/include/vehicle_core/vehicle_core/msg/autopilot_command.h
-- Up-to-date symlink: /home/avcpp/AV-CPP2025/Vehicle/install/vehicle_core/include/vehicle_core/vehicle_core/msg/autopilot_config.h
-- Up-to-date symlink: /home/avcpp/AV-CPP2025/Vehicle/install/vehicle_core/include/vehicle_core/vehicle_core/msg/autopilot_status.h
-- Up-to-date symlink: /home/avcpp/AV-CPP2025/Vehicle/install/vehicle_core/include/vehicle_core/vehicle_core/msg/detail/autopilot_command__functions.h
-- Up-to-date symlink: /home/avcpp/AV-CPP2025/Vehicle/install/vehicle_core/include/vehicle_core/vehicle_core/msg/detail/autopilot_command__struct.h
-- Up-to-date symlink: /home/avcpp/AV-CPP2025/Vehicle/install/vehicle_core/include/vehicle_core/vehicle_core/msg/detail/autopilot_command__type_support.h
-- Up-to-date symlink: /home/avcpp/AV-CPP2025/Vehicle/install/vehicle_core/include/vehicle_core/vehicle_core/msg/detail/autopilot_config__functions.h
-- Up-to-date symlink: /home/avcpp/AV-CPP2025/Vehicle/install/vehicle_core/include/vehicle_core/vehicle_core/msg/detail/autopilot_config__struct.h
-- Up-to-date symlink: /home/avcpp/AV-CPP2025/Vehicle/install/vehicle_core/include/vehicle_core/vehicle_core/msg/detail/autopilot_config__type_support.h
-- Up-to-date symlink: /home/avcpp/AV-CPP2025/Vehicle/install/vehicle_core/include/vehicle_core/vehicle_core/msg/detail/autopilot_status__functions.h
-- Up-to-date symlink: /home/avcpp/AV-CPP2025/Vehicle/install/vehicle_core/include/vehicle_core/vehicle_core/msg/detail/autopilot_status__struct.h
-- Up-to-date symlink: 