[0.040s] Invoking command in '/home/avcpp/AV-CPP2025/Vehicle/build/vehicle_core': CMAKE_PREFIX_PATH=${CMAKE_PREFIX_PATH}:/opt/ros/humble /usr/bin/cmake --build /home/avcpp/AV-CPP2025/Vehicle/build/vehicle_core -- -j8 -l8
[0.222s] [ 11%] Built target vehicle_core__rosidl_generator_c
[0.236s] [ 11%] Built target vehicle_core__cpp
[0.236s] [ 12%] Built target vehicle_core_container
[0.257s] [ 12%] Built target ament_cmake_python_symlink_vehicle_core
[0.272s] [ 23%] Built target vehicle_core__rosidl_typesupport_c
[0.299s] [ 34%] Built target vehicle_core__rosidl_typesupport_introspection_c
[0.332s] [ 44%] Built target vehicle_core__rosidl_typesupport_cpp
[0.339s] [ 55%] Built target vehicle_core__rosidl_typesupport_introspection_cpp
[0.346s] [ 66%] Built target vehicle_core__rosidl_typesupport_fastrtps_c
[0.358s] [ 76%] Built target vehicle_core__rosidl_typesupport_fastrtps_cpp
[0.418s] [ 76%] Built target vehicle_core
[0.468s] [35m[1mConsolidate compiler generated dependencies of target i2c_bridge_node[0m
[0.474s] [35m[1mConsolidate compiler generated dependencies of target gt_u7_gps_node_component[0m
[0.480s] [ 77%] Built target drive_arbiter_node_component
[0.487s] [ 77%] Built target vehicle_core__py
[0.505s] [ 78%] Built target gt_u7_gps_node_component
[0.509s] [ 79%] Built target heading_calibrator_node_component
[0.516s] [ 80%] [32mBuilding CXX object CMakeFiles/i2c_bridge_node.dir/src/Devices/I2C/I2CBusRegistry.cpp.o[0m
[0.516s] [ 81%] Built target state_manager_node_component
[0.523s] [ 82%] [32mBuilding CXX object CMakeFiles/i2c_bridge_node.dir/src/i2c_bridge_node.cpp.o[0m
[0.528s] [ 83%] Built target tcp_server_node_component
[0.551s] [ 84%] Built target autopilot_node_component
[0.554s] [ 84%] [32mBuilding CXX object CMakeFiles/i2c_bridge_node.dir/src/Devices/BNO055.cpp.o[0m
[0.563s] [ 84%] [32mBuilding CXX object CMakeFiles/i2c_bridge_node.dir/src/Devices/LightingSubsys.cpp.o[0m
[0.574s] [ 94%] Built target vehicle_core__rosidl_generator_py
[0.588s] [ 95%] Built target gst_camera_component
[0.606s] running egg_info
[0.614s] [ 96%] Built target vehicle_core__rosidl_typesupport_fastrtps_c__pyext
[0.629s] writing vehicle_core.egg-info/PKG-INFO
[0.631s] [ 97%] Built target vehicle_core__rosidl_typesupport_introspection_c__pyext
[0.632s] writing dependency_links to vehicle_core.egg-info/dependency_links.txt
[0.633s] writing top-level names to vehicle_core.egg-info/top_level.txt
[0.638s] [ 98%] Built target vehicle_core__rosidl_typesupport_c__pyext
[0.691s] reading manifest file 'vehicle_core.egg-info/SOURCES.txt'
[0.694s] writing manifest file 'vehicle_core.egg-info/SOURCES.txt'
[0.788s] [ 98%] Built target ament_cmake_python_build_vehicle_core_egg
[35.144s] [ 99%] [32m[1mLinking CXX shared library libi2c_bridge_node.so[0m
[37.989s] [100%] Built target i2c_bridge_node
[38.036s] Invoked command in '/home/avcpp/AV-CPP2025/Vehicle/build/vehicle_core' returned '0': CMAKE_PREFIX_PATH=${CMAKE_PREFIX_PATH}:/opt/ros/humble /usr/bin/cmake --build /home/avcpp/AV-CPP2025/Vehicle/build/vehicle_core -- -j8 -l8
[38.069s] Invoking command in '/home/avcpp/AV-CPP2025/Vehicle/build/vehicle_core': CMAKE_PREFIX_PATH=${CMAKE_PREFIX_PATH}:/opt/ros/humble /usr/bin/cmake --install /home/avcpp/AV-CPP2025/Vehicle/build/vehicle_core
[38.096s] -- Install configuration: ""
[38.098s] -- Execute custom install script
[38.099s] -- Up-to-date symlink: /home/avcpp/AV-CPP2025/Vehicle/install/vehicle_core/share/ament_index/resource_index/rosidl_interfaces/vehicle_core
[38.102s] -- Up-to-date symlink: /home/avcpp/AV-CPP2025/Vehicle/install/vehicle_core/include/vehicle_core/vehicle_core/msg/autopilot_command.h
[38.102s] -- Up-to-date symlink: /home/avcpp/AV-CPP2025/Vehicle/install/vehicle_core/include/vehicle_core/vehicle_core/msg/autopilot_config.h
[38.102s] -- Up-to-date symlink: /home/avcpp/AV-CPP2025/Vehicle/install/vehicle_core/include/vehicle_core/vehicle_core/msg/autopilot_status.h
[38.103s] -- Up-to-date symlink: /home/avcpp/AV-CPP2025/Vehicle/install/vehicle_core/include/vehicle_core/vehicle_core/msg/detail/autopilot_command__fu