[0.024s] Invoking command in '/home/avcpp/AV-CPP2025/Vehicle/build/vehicle_core': CMAKE_PREFIX_PATH=${CMAKE_PREFIX_PATH}:/opt/ros/humble /usr/bin/cmake --build /home/avcpp/AV-CPP2025/Vehicle/build/vehicle_core -- -j8 -l8
[0.238s] [  0%] Built target ament_cmake_python_symlink_vehicle_core
[0.238s] [ 11%] Built target vehicle_core__rosidl_generator_c
[0.249s] [ 12%] Built target vehicle_core_container
[0.259s] [ 12%] Built target vehicle_core__cpp
[0.302s] [ 23%] Built target vehicle_core__rosidl_typesupport_c
[0.317s] [ 34%] Built target vehicle_core__rosidl_typesupport_fastrtps_c
[0.321s] [ 45%] Built target vehicle_core__rosidl_typesupport_introspection_c
[0.335s] [ 55%] Built target vehicle_core__rosidl_typesupport_cpp
[0.346s] [ 65%] Built target vehicle_core__rosidl_typesupport_fastrtps_cpp
[0.351s] [ 76%] Built target vehicle_core__rosidl_typesupport_introspection_cpp
[0.410s] [ 76%] Built target vehicle_core
[0.450s] [35m[1mConsolidate compiler generated dependencies of target drive_arbiter_node_component[0m
[0.475s] [ 78%] Built target tcp_server_node_component
[0.475s] [ 78%] [32mBuilding CXX object CMakeFiles/drive_arbiter_node_component.dir/src/drive_arbiter.cpp.o[0m
[0.485s] [ 78%] Built target vehicle_core__py
[0.493s] [ 82%] Built target i2c_bridge_node
[0.503s] [ 83%] Built target gt_u7_gps_node_component
[0.520s] [ 84%] Built target state_manager_node_component
[0.522s] [ 85%] Built target heading_calibrator_node_component
[0.548s] [ 86%] Built target autopilot_node_component
[0.560s] running egg_info
[0.560s] writing vehicle_core.egg-info/PKG-INFO
[0.561s] writing dependency_links to vehicle_core.egg-info/dependency_links.txt
[0.561s] writing top-level names to vehicle_core.egg-info/top_level.txt
[0.564s] reading manifest file 'vehicle_core.egg-info/SOURCES.txt'
[0.565s] writing manifest file 'vehicle_core.egg-info/SOURCES.txt'
[0.593s] [ 87%] Built target gst_camera_component
[0.604s] [ 97%] Built target vehicle_core__rosidl_generator_py
[0.635s] [ 97%] Built target ament_cmake_python_build_vehicle_core_egg
[0.655s] [ 98%] Built target vehicle_core__rosidl_typesupport_c__pyext
[0.669s] [ 99%] Built target vehicle_core__rosidl_typesupport_introspection_c__pyext
[0.669s] [100%] Built target vehicle_core__rosidl_typesupport_fastrtps_c__pyext
[5.315s] [01m[K/home/avcpp/AV-CPP2025/Vehicle/src/vehicle_core/src/drive_arbiter.cpp:[m[K In member function ‘[01m[Kvoid vehicle_core::DriveArbiterNode::onObstacleDistance(std_msgs::msg::Float32_<std::allocator<void> >::SharedPtr)[m[K’:
[5.316s] [01m[K/home/avcpp/AV-CPP2025/Vehicle/src/vehicle_core/src/drive_arbiter.cpp:180:3:[m[K [01;31m[Kerror: [m[K‘[01m[Kclosest_object_distance_[m[K’ was not declared in this scope; did you mean ‘[01m[Kclosest_object_distance[m[K’?
[5.316s]   180 |   [01;31m[Kclosest_object_distance_[m[K = msg->data;
[5.317s]       |   [01;31m[K^~~~~~~~~~~~~~~~~~~~~~~~[m[K
[5.317s]       |   [32m[Kclosest_object_distance[m[K
[5.336s] [01m[K/home/avcpp/AV-CPP2025/Vehicle/src/vehicle_core/src/drive_arbiter.cpp:[m[K In member function ‘[01m[Kvoid vehicle_core::DriveArbiterNode::maybePublish()[m[K’:
[5.336s] [01m[K/home/avcpp/AV-CPP2025/Vehicle/src/vehicle_core/src/drive_arbiter.cpp:331:9:[m[K [01;31m[Kerror: [m[K‘[01m[Kclosest_object_distance_[m[K’ was not declared in this scope; did you mean ‘[01m[Kclosest_object_distance[m[K’?
[5.337s]   331 |     if ([01;31m[Kclosest_object_distance_[m[K <= warning_zone_ && out.target_speed_mmps > 0) {
[5.337s]       |         [01;31m[K^~~~~~~~~~~~~~~~~~~~~~~~[m[K
[5.337s]       |         [32m[Kclosest_object_distance[m[K
[5.348s] [01m[K/home/avcpp/AV-CPP2025/Vehicle/src/vehicle_core/src/drive_arbiter.cpp:355:9:[m[K [01;31m[Kerror: [m[K‘[01m[Kclosest_object_distance_[m[K’ was not declared in this scope; did you mean ‘[01m[Kclosest_object_distance[m[K’?
[5.349s]   355 |     if ([01;31m[Kclosest_object_distance_[m[K <= warning_zone_ && out.target_speed_mmps > 0) {
[5.349s]       |         [01;31m[K^~~~~~~~~~~~~~~~~~~~~~~~[m[K
[5.349s]       |         [32m[Kclosest_object_distance[m[K
[20.893s] gmake[2]: *** [CMakeFiles/drive_arbiter_node_component.dir/build.make:76: CMakeFiles/drive_arbiter_node_component.dir/src/drive_arbiter.cpp.o] Error 1
[20.894s] gmake[1]: *** [CMakeFiles/Makefile2:666: CMakeFiles/drive_arbiter_node_component.dir/all] Error 2
[20.894s] gmake: *** [Makefile:146: all] Error 2
[20.901s] Invoked command in '/home/avcpp/AV-CPP2025/Vehicle/build/vehicle_core' returned '2': CMAKE_PREFIX_PATH=${CMAKE_PREFIX_PATH}:/opt/ros/humble /usr/bin/cmake --build /home/avcpp/AV-CPP2025/Vehicle/build/vehicle_core -- -j8 -l8
