[0.022s] Invoking command in '/home/avcpp/AV-CPP2025/Vehicle/build/vehicle_core': CMAKE_PREFIX_PATH=${CMAKE_PREFIX_PATH}:/opt/ros/humble /usr/bin/cmake /home/avcpp/AV-CPP2025/Vehicle/src/vehicle_core -DAMENT_CMAKE_SYMLINK_INSTALL=1 -DCMAKE_INSTALL_PREFIX=/home/avcpp/AV-CPP2025/Vehicle/install/vehicle_core
[0.058s] -- Found ament_cmake: 1.3.12 (/opt/ros/humble/share/ament_cmake/cmake)
[0.318s] -- Override CMake install command with custom implementation using symlinks instead of copying resources
[0.331s] -- Found rclcpp: 16.0.15 (/opt/ros/humble/share/rclcpp/cmake)
[0.366s] -- Found rosidl_generator_c: 3.1.7 (/opt/ros/humble/share/rosidl_generator_c/cmake)
[0.369s] -- Found rosidl_adapter: 3.1.7 (/opt/ros/humble/share/rosidl_adapter/cmake)
[0.377s] -- Found rosidl_generator_cpp: 3.1.7 (/opt/ros/humble/share/rosidl_generator_cpp/cmake)
[0.390s] -- Using all available rosidl_typesupport_c: rosidl_typesupport_fastrtps_c;rosidl_typesupport_introspection_c
[0.406s] -- Using all available rosidl_typesupport_cpp: rosidl_typesupport_fastrtps_cpp;rosidl_typesupport_introspection_cpp
[0.450s] -- Found rmw_implementation_cmake: 6.1.2 (/opt/ros/humble/share/rmw_implementation_cmake/cmake)
[0.452s] -- Found rmw_fastrtps_cpp: 6.2.8 (/opt/ros/humble/share/rmw_fastrtps_cpp/cmake)
[0.608s] -- Using RMW implementation 'rmw_fastrtps_cpp' as default
[0.679s] -- Found rclcpp_components: 16.0.15 (/opt/ros/humble/share/rclcpp_components/cmake)
[0.705s] -- Found std_srvs: 4.9.0 (/opt/ros/humble/share/std_srvs/cmake)
[0.717s] -- Found rosidl_default_generators: 1.2.0 (/opt/ros/humble/share/rosidl_default_generators/cmake)
[0.726s] -- Found geometry_msgs: 4.9.0 (/opt/ros/humble/share/geometry_msgs/cmake)
[0.745s] -- Found nav_msgs: 4.9.0 (/opt/ros/humble/share/nav_msgs/cmake)
[0.770s] -- Found sensor_msgs: 4.9.0 (/opt/ros/humble/share/sensor_msgs/cmake)
[0.795s] -- Found tf2: 0.25.16 (/opt/ros/humble/share/tf2/cmake)
[0.800s] -- Found cv_bridge: 3.2.1 (/opt/ros/humble/share/cv_bridge/cmake)
[0.814s] -- Found robot_localization: 3.5.4 (/opt/ros/humble/share/robot_localization/cmake)
[1.106s] [31mCMake Error at /opt/ros/humble/share/rosidl_adapter/cmake/rosidl_adapt_interfaces.cmake:59 (message):
[1.107s]   execute_process(/home/avcpp/.venv/bin/python3 -m rosidl_adapter
[1.107s]   --package-name vehicle_core --arguments-file
[1.107s]   /home/avcpp/AV-CPP2025/Vehicle/build/vehicle_core/rosidl_adapter__arguments__vehicle_core.json
[1.108s]   --output-dir
[1.108s]   /home/avcpp/AV-CPP2025/Vehicle/build/vehicle_core/rosidl_adapter/vehicle_core
[1.108s]   --output-file
[1.109s]   /home/avcpp/AV-CPP2025/Vehicle/build/vehicle_core/rosidl_adapter/vehicle_core.idls)
[1.109s]   returned error code 1:
[1.109s] 
[1.110s]   Traceback (most recent call last):
[1.110s] 
[1.111s]     File "/usr/lib/python3.10/runpy.py", line 196, in _run_module_as_main
[1.111s]       return _run_code(code, main_globals, None,
[1.111s]     File "/usr/lib/python3.10/runpy.py", line 86, in _run_code
[1.112s]       exec(code, run_globals)
[1.112s]     File "/opt/ros/humble/local/lib/python3.10/dist-packages/rosidl_adapter/__main__.py", line 19, in <module>
[1.112s]       sys.exit(main())
[1.113s]     File "/opt/ros/humble/local/lib/python3.10/dist-packages/rosidl_adapter/main.py", line 53, in main
[1.113s]       abs_idl_file = convert_to_idl(
[1.113s]     File "/opt/ros/humble/local/lib/python3.10/dist-packages/rosidl_adapter/__init__.py", line 18, in convert_to_idl
[1.114s]       from rosidl_adapter.msg import convert_msg_to_idl
[1.114s]     File "/opt/ros/humble/local/lib/python3.10/dist-packages/rosidl_adapter/msg/__init__.py", line 16, in <module>
[1.114s]       from rosidl_adapter.resource import expand_template
[1.115s]     File "/opt/ros/humble/local/lib/python3.10/dist-packages/rosidl_adapter/resource/__init__.py", line 19, in <module>
[1.115s]       import em
[1.116s] 
[1.116s]   ModuleNotFoundError: No module named 'em'
[1.116s] 
[1.117s] Call Stack (most recent call first):
[1.117s]   /opt/ros/humble/share/rosidl_cmake/cmake/rosidl_generate_interfaces.cmake:130 (rosidl_adapt_interfaces)
[1.117s]   CMakeLists.txt:69 (rosidl_generate_interfaces)
[1.118s] 
[1.118s] [0m
[1.119s] -- Configuring incomplete, errors occurred!
[1.119s] See also "/home/avcpp/AV-CPP2025/Vehicle/build/vehicle_core/CMakeFiles/CMakeOutput.log".
[1.137s] Invoked command in '/home/avcpp/AV-CPP2025/Vehicle/build/vehicle_core' returned '1': CMAKE_PREFIX_PATH=${CMAKE_PREFIX_PATH}:/opt/ros/humble /usr/bin/cmake /home/avcpp/AV-CPP2025/Vehicle/src/vehicle_core -DAMENT_CMAKE_SYMLINK_INSTALL=1 -DCMAKE_INSTALL_PREFIX=/home/avcpp/AV-CPP2025/Vehicle/install/vehicle_core
