[0.030s] Invoking command in '/home/avcpp/AV-CPP2025/Vehicle/build/vehicle_core': CMAKE_PREFIX_PATH=${CMAKE_PREFIX_PATH}:/opt/ros/humble /usr/bin/cmake --build /home/avcpp/AV-CPP2025/Vehicle/build/vehicle_core -- -j8 -l8
[0.219s] [  0%] Built target ament_cmake_python_symlink_vehicle_core
[0.234s] [  0%] Built target vehicle_core__cpp
[0.247s] [ 11%] Built target vehicle_core__rosidl_generator_c
[0.261s] [ 12%] Built target vehicle_core_container
[0.315s] [ 23%] Built target vehicle_core__rosidl_typesupport_fastrtps_c
[0.316s] [ 34%] Built target vehicle_core__rosidl_typesupport_introspection_c
[0.319s] [ 44%] Built target vehicle_core__rosidl_typesupport_cpp
[0.339s] [ 55%] Built target vehicle_core__rosidl_typesupport_introspection_cpp
[0.345s] [ 66%] Built target vehicle_core__rosidl_typesupport_c
[0.388s] [ 76%] Built target vehicle_core__rosidl_typesupport_fastrtps_cpp
[0.453s] [ 76%] Built target vehicle_core
[0.496s] [35m[1mConsolidate compiler generated dependencies of target i2c_bridge_node[0m
[0.522s] [ 77%] Built target drive_arbiter_node_component
[0.526s] [ 78%] Built target gt_u7_gps_node_component
[0.534s] [ 79%] Built target tcp_server_node_component
[0.536s] [ 80%] Built target heading_calibrator_node_component
[0.546s] [ 80%] Built target vehicle_core__py
[0.556s] [ 82%] [32mBuilding CXX object CMakeFiles/i2c_bridge_node.dir/src/Devices/DriveSubsys.cpp.o[0m
[0.556s] [ 82%] [32mBuilding CXX object CMakeFiles/i2c_bridge_node.dir/src/i2c_bridge_node.cpp.o[0m
[0.567s] [ 83%] Built target state_manager_node_component
[0.591s] running egg_info
[0.592s] writing vehicle_core.egg-info/PKG-INFO
[0.592s] writing dependency_links to vehicle_core.egg-info/dependency_links.txt
[0.593s] writing top-level names to vehicle_core.egg-info/top_level.txt
[0.597s] reading manifest file 'vehicle_core.egg-info/SOURCES.txt'
[0.598s] writing manifest file 'vehicle_core.egg-info/SOURCES.txt'
[0.601s] [ 84%] Built target autopilot_node_component
[0.622s] [ 85%] Built target gst_camera_component
[0.664s] [ 85%] Built target ament_cmake_python_build_vehicle_core_egg
[0.668s] [ 95%] Built target vehicle_core__rosidl_generator_py
[0.698s] [ 96%] Built target vehicle_core__rosidl_typesupport_introspection_c__pyext
[0.735s] [ 97%] Built target vehicle_core__rosidl_typesupport_c__pyext
[0.740s] [ 98%] Built target vehicle_core__rosidl_typesupport_fastrtps_c__pyext
[5.410s] [01m[K/home/avcpp/AV-CPP2025/Vehicle/src/vehicle_core/src/i2c_bridge_node.cpp:[m[K In constructor ‘[01m[Kvehicle_core::I2cBridgeNode::I2cBridgeNode(const rclcpp::NodeOptions&)[m[K’:
[5.411s] [01m[K/home/avcpp/AV-CPP2025/Vehicle/src/vehicle_core/src/i2c_bridge_node.cpp:44:41:[m[K [01;35m[Kwarning: [m[Ksuggest braces around empty body in an ‘[01m[Kif[m[K’ statement [[01;35m[K]8;;https://gcc.gnu.org/onlinedocs/gcc/Warning-Options.html#index-Wempty-body-Wempty-body]8;;[m[K]
[5.411s]    44 |   if (!drive.open(i2cBus1, addr_drive_))[01;35m[K;[m[K
[5.412s]       |                                         [01;35m[K^[m[K
[5.412s] [01m[K/home/avcpp/AV-CPP2025/Vehicle/src/vehicle_core/src/i2c_bridge_node.cpp:44:3:[m[K [01;35m[Kwarning: [m[Kthis ‘[01m[Kif[m[K’ clause does not guard... [[01;35m[K]8;;https://gcc.gnu.org/onlinedocs/gcc/Warning-Options.html#index-Wmisleading-indentation-Wmisleading-indentation]8;;[m[K]
[5.412s]    44 |   [01;35m[Kif[m[K (!drive.open(i2cBus1, addr_drive_));
[5.413s]       |   [01;35m[K^~[m[K
[5.413s] [01m[K/home/avcpp/AV-CPP2025/Vehicle/src/vehicle_core/src/i2c_bridge_node.cpp:45:5:[m[K [01;36m[Knote: [m[K...this statement, but the latter is misleadingly indented as if it were guarded by the ‘[01m[Kif[m[K’
[5.414s]    45 |     [01;36m[Kthrow[m[K std::runtime_error("Failed to open drive");
[5.414s]       |     [01;36m[K^~~~~[m[K
[5.414s] [01m[K/home/avcpp/AV-CPP2025/Vehicle/src/vehicle_core/src/i2c_bridge_node.cpp:46:9:[m[K [01;31m[Kerror: [m[K‘[01m[Kclass DriveSubsys[m[K’ has no member named ‘[01m[KstartLogging[m[K’
[5.415s]    46 |   drive.[01;31m[KstartLogging[m[K("drive_log.csv");
[5.415s]       |         [01;31m[K^~~~~~~~~~~~[m[K
[18.590s] gmake[2]: *** [CMakeFiles/i2c_bridge_node.dir/build.make:76: CMakeFiles/i2c_bridge_node.dir/src/i2c_bridge_node.cpp.o] Error 1
[18.591s] gmake[1]: *** [CMakeFiles/Makefile2:750: CMakeFiles/i2c_bridge_node.dir/all] Error 2
[18.591s] gmake: *** [Makefile:146: all] Error 2
[18.600s] Invoked command in '/home/avcpp/AV-CPP2025/Vehicle/build/vehicle_core' returned '2': CMAKE_PREFIX_PATH=${CMAKE_PREFIX_PATH}:/opt/ros/humble /usr/bin/cmake --build /home/avcpp/AV-CPP2025/Vehicle/build/vehicle_core -- -j8 -l8
