[0.032s] Invoking command in '/home/avcpp/AV-CPP2025/Vehicle/build/object_detector': CMAKE_PREFIX_PATH=${CMAKE_PREFIX_PATH}:/opt/ros/humble /usr/bin/cmake --build /home/avcpp/AV-CPP2025/Vehicle/build/object_detector -- -j8 -l8
[0.170s] Invoked command in '/home/avcpp/AV-CPP2025/Vehicle/build/object_detector' returned '0': CMAKE_PREFIX_PATH=${CMAKE_PREFIX_PATH}:/opt/ros/humble /usr/bin/cmake --build /home/avcpp/AV-CPP2025/Vehicle/build/object_detector -- -j8 -l8
[0.208s] Invoking command in '/home/avcpp/AV-CPP2025/Vehicle/build/object_detector': CMAKE_PREFIX_PATH=${CMAKE_PREFIX_PATH}:/opt/ros/humble /usr/bin/cmake --install /home/avcpp/AV-CPP2025/Vehicle/build/object_detector
[0.238s] -- Install configuration: ""
[0.238s] -- Execute custom install script
[0.239s] -- Up-to-date symlink: /home/avcpp/AV-CPP2025/Vehicle/install/object_detector/lib/object_detector/object_detector.py
[0.239s] -- Up-to-date symlink: /home/avcpp/AV-CPP2025/Vehicle/install/object_detector/share/ament_index/resource_index/package_run_dependencies/object_detector
[0.240s] -- Up-to-date symlink: /home/avcpp/AV-CPP2025/Vehicle/install/object_detector/share/ament_index/resource_index/parent_prefix_path/object_detector
[0.240s] -- Up-to-date symlink: /home/avcpp/AV-CPP2025/Vehicle/install/object_detector/share/object_detector/environment/ament_prefix_path.sh
[0.241s] -- Up-to-date symlink: /home/avcpp/AV-CPP2025/Vehicle/install/object_detector/share/object_detector/environment/ament_prefix_path.dsv
[0.241s] -- Up-to-date symlink: /home/avcpp/AV-CPP2025/Vehicle/install/object_detector/share/object_detector/environment/path.sh
[0.242s] -- Up-to-date symlink: /home/avcpp/AV-CPP2025/Vehicle/install/object_detector/share/object_detector/environment/path.dsv
[0.242s] -- Up-to-date symlink: /home/avcpp/AV-CPP2025/Vehicle/install/object_detector/share/object_detector/local_setup.bash
[0.243s] -- Up-to-date symlink: /home/avcpp/AV-CPP2025/Vehicle/install/object_detector/share/object_detector/local_setup.sh
[0.243s] -- Up-to-date symlink: /home/avcpp/AV-CPP2025/Vehicle/install/object_detector/share/object_detector/local_setup.zsh
[0.243s] -- Up-to-date symlink: /home/avcpp/AV-CPP2025/Vehicle/install/object_detector/share/object_detector/local_setup.dsv
[0.244s] -- Symlinking: /home/avcpp/AV-CPP2025/Vehicle/install/object_detector/share/object_detector/package.dsv
[0.263s] -- Up-to-date symlink: /home/avcpp/AV-CPP2025/Vehicle/install/object_detector/share/ament_index/resource_index/packages/object_detector
[0.265s] -- Up-to-date symlink: /home/avcpp/AV-CPP2025/Vehicle/install/object_detector/share/object_detector/cmake/object_detectorConfig.cmake
[0.267s] -- Up-to-date symlink: /home/avcpp/AV-CPP2025/Vehicle/install/object_detector/share/object_detector/cmake/object_detectorConfig-version.cmake
[0.269s] -- Up-to-date symlink: /home/avcpp/AV-CPP2025/Vehicle/install/object_detector/share/object_detector/package.xml
[0.281s] Invoked command in '/home/avcpp/AV-CPP2025/Vehicle/build/object_detector' returned '0': CMAKE_PREFIX_PATH=${CMAKE_PREFIX_PATH}:/opt/ros/humble /usr/bin/cmake --install /home/avcpp/AV-CPP2025/Vehicle/build/object_detector
