[0.025s] Invoking command in '/home/avcpp/AV-CPP2025/Vehicle/build/vehicle_core': CMAKE_PREFIX_PATH=${CMAKE_PREFIX_PATH}:/opt/ros/humble VIRTUAL_ENV_PROMPT=(.venv) /usr/bin/cmake /home/avcpp/AV-CPP2025/Vehicle/src/vehicle_core -DAMENT_CMAKE_SYMLINK_INSTALL=1 -DCMAKE_INSTALL_PREFIX=/home/avcpp/AV-CPP2025/Vehicle/install/vehicle_core
[0.160s] -- The C compiler identification is GNU 11.4.0
[0.310s] -- The CXX compiler identification is GNU 11.4.0
[0.327s] -- Detecting C compiler ABI info
[0.507s] -- Detecting C compiler ABI info - done
[0.549s] -- Check for working C compiler: /usr/bin/cc - skipped
[0.550s] -- Detecting C compile features
[0.550s] -- Detecting C compile features - done
[0.556s] -- Detecting CXX compiler ABI info
[0.773s] -- Detecting CXX compiler ABI info - done
[0.785s] -- Check for working CXX compiler: /usr/bin/c++ - skipped
[0.786s] -- Detecting CXX compile features
[0.786s] -- Detecting CXX compile features - done
[0.790s] -- Found ament_cmake: 1.3.12 (/opt/ros/humble/share/ament_cmake/cmake)
[1.165s] -- Found Python3: /home/avcpp/.venv/bin/python3 (found version "3.10.12") found components: Interpreter 
[1.278s] -- Override CMake install command with custom implementation using symlinks instead of copying resources
[1.344s] -- Found rclcpp: 16.0.15 (/opt/ros/humble/share/rclcpp/cmake)
[1.406s] -- Found rosidl_generator_c: 3.1.7 (/opt/ros/humble/share/rosidl_generator_c/cmake)
[1.411s] -- Found rosidl_adapter: 3.1.7 (/opt/ros/humble/share/rosidl_adapter/cmake)
[1.422s] -- Found rosidl_generator_cpp: 3.1.7 (/opt/ros/humble/share/rosidl_generator_cpp/cmake)
[1.437s] -- Using all available rosidl_typesupport_c: rosidl_typesupport_fastrtps_c;rosidl_typesupport_introspection_c
[1.458s] -- Using all available rosidl_typesupport_cpp: rosidl_typesupport_fastrtps_cpp;rosidl_typesupport_introspection_cpp
[1.538s] -- Found rmw_implementation_cmake: 6.1.2 (/opt/ros/humble/share/rmw_implementation_cmake/cmake)
[1.545s] -- Found rmw_fastrtps_cpp: 6.2.8 (/opt/ros/humble/share/rmw_fastrtps_cpp/cmake)
[1.742s] -- Found OpenSSL: /usr/lib/aarch64-linux-gnu/libcrypto.so (found version "3.0.2")  
[1.782s] -- Found FastRTPS: /opt/ros/humble/include  
[1.845s] -- Using RMW implementation 'rmw_fastrtps_cpp' as default
[1.862s] -- Looking for pthread.h
[2.054s] -- Looking for pthread.h - found
[2.055s] -- Performing Test CMAKE_HAVE_LIBC_PTHREAD
[2.254s] -- Performing Test CMAKE_HAVE_LIBC_PTHREAD - Success
[2.255s] -- Found Threads: TRUE  
[2.375s] -- Found rclcpp_components: 16.0.15 (/opt/ros/humble/share/rclcpp_components/cmake)
[2.426s] -- Found std_srvs: 4.9.0 (/opt/ros/humble/share/std_srvs/cmake)
[2.457s] -- Found rosidl_default_generators: 1.2.0 (/opt/ros/humble/share/rosidl_default_generators/cmake)
[2.472s] -- Found geometry_msgs: 4.9.0 (/opt/ros/humble/share/geometry_msgs/cmake)
[2.495s] -- Found nav_msgs: 4.9.0 (/opt/ros/humble/share/nav_msgs/cmake)
[2.531s] -- Found sensor_msgs: 4.9.0 (/opt/ros/humble/share/sensor_msgs/cmake)
[2.563s] -- Found tf2: 0.25.16 (/opt/ros/humble/share/tf2/cmake)
[2.570s] -- Found cv_bridge: 3.2.1 (/opt/ros/humble/share/cv_bridge/cmake)
[2.590s] -- Found robot_localization: 3.5.4 (/opt/ros/humble/share/robot_localization/cmake)
[2.727s] -- Found PkgConfig: /usr/bin/pkg-config (found version "0.29.2") 
[2.729s] -- Checking for modules 'gstreamer-1.0;gstreamer-app-1.0;gobject-2.0;glib-2.0'
[2.777s] --   Found gstreamer-1.0, version 1.20.3
[2.800s] --   Found gstreamer-app-1.0, version 1.20.1
[2.824s] --   Found gobject-2.0, version 2.72.4
[2.847s] --   Found glib-2.0, version 2.72.4
[3.126s] [31mCMake Error at /opt/ros/humble/share/rosidl_adapter/cmake/rosidl_adapt_interfaces.cmake:59 (message):
[3.126s]   execute_process(/home/avcpp/.venv/bin/python3 -m rosidl_adapter
[3.127s]   --package-name vehicle_core --arguments-file
[3.127s]   /home/avcpp/AV-CPP2025/Vehicle/build/vehicle_core/rosidl_adapter__arguments__vehicle_core.json
[3.128s]   --output-dir
[3.128s]   /home/avcpp/AV-CPP2025/Vehicle/build/vehicle_core/rosidl_adapter/vehicle_core
[3.128s]   --output-file
[3.129s]   /home/avcpp/AV-CPP2025/Vehicle/build/vehicle_core/rosidl_adapter/vehicle_core.idls)
[3.129s]   returned error code 1:
[3.130s] 
[3.130s]   Traceback (most recent call last):
[3.130s] 
[3.131s]     File "/usr/lib/python3.10/runpy.py", line 196, in _run_module_as_main
[3.131s]       return _run_code(code, main_globals, None,
[3.132s]     File "/usr/lib/python3.10/runpy.py", line 86, in _run_code
[3.132s]       exec(code, run_globals)
[3.132s]     File "/opt/ros/humble/local/lib/python3.10/dist-packages/rosidl_adapter/__main__.py", line 19, in <module>
[3.133s]       sys.exit(main())
[3.133s]     File "/opt/ros/humble/local/lib/python3.10/dist-packages/rosidl_adapter/main.py", line 53, in main
[3.133s]       abs_idl_file = convert_to_idl(
[3.134s]     File "/opt/ros/humble/local/lib/python3.10/dist-packages/rosidl_adapter/__init__.py", line 18, in convert_to_idl
[3.134s]       from rosidl_adapter.msg import convert_msg_to_idl
[3.135s]     File "/opt/ros/humble/local/lib/python3.10/dist-packages/rosidl_adapter/msg/__init__.py", line 16, in <module>
[3.135s]       from rosidl_adapter.resource import expand_template
[3.135s]     File "/opt/ros/humble/local/lib/python3.10/dist-packages/rosidl_adapter/resource/__init__.py", line 19, in <module>
[3.136s]       import em
[3.136s] 
[3.136s]   ModuleNotFoundError: No module named 'em'
[3.137s] 
[3.137s] Call Stack (most recent call first):
[3.138s]   /opt/ros/humble/share/rosidl_cmake/cmake/rosidl_generate_interfaces.cmake:130 (rosidl_adapt_interfaces)
[3.138s]   CMakeLists.txt:69 (rosidl_generate_interfaces)
[3.138s] 
[3.139s] [0m
[3.139s] -- Configuring incomplete, errors occurred!
[3.140s] See also "/home/avcpp/AV-CPP2025/Vehicle/build/vehicle_core/CMakeFiles/CMakeOutput.log".
[3.160s] Invoked command in '/home/avcpp/AV-CPP2025/Vehicle/build/vehicle_core' returned '1': CMAKE_PREFIX_PATH=${CMAKE_PREFIX_PATH}:/opt/ros/humble VIRTUAL_ENV_PROMPT=(.venv) /usr/bin/cmake /home/avcpp/AV-CPP2025/Vehicle/src/vehicle_core -DAMENT_CMAKE_SYMLINK_INSTALL=1 -DCMAKE_INSTALL_PREFIX=/home/avcpp/AV-CPP2025/Vehicle/install/vehicle_core
