[0.171s] DEBUG:colcon:Command line arguments: ['/usr/bin/colcon', 'build', '--symlink-install', '--packages-select', 'vehicle_core']
[0.171s] DEBUG:colcon:Parsed command line arguments: Namespace(log_base=None, log_level=None, verb_name='build', build_base='build', install_base='install', merge_install=False, symlink_install=True, test_result_base=None, continue_on_error=False, executor='parallel', parallel_workers=8, event_handlers=None, ignore_user_meta=False, metas=['./colcon.meta'], base_paths=['.'], packages_ignore=None, packages_ignore_regex=None, paths=None, packages_up_to=None, packages_up_to_regex=None, packages_above=None, packages_above_and_dependencies=None, packages_above_depth=None, packages_select_by_dep=None, packages_skip_by_dep=None, packages_skip_up_to=None, packages_select_build_failed=False, packages_skip_build_finished=False, packages_select_test_failures=False, packages_skip_test_passed=False, packages_select=['vehicle_core'], packages_skip=None, packages_select_regex=None, packages_skip_regex=None, packages_start=None, packages_end=None, cmake_args=None, cmake_target=None, cmake_target_skip_unavailable=False, cmake_clean_cache=False, cmake_clean_first=False, cmake_force_configure=False, ament_cmake_args=None, catkin_cmake_args=None, catkin_skip_building_tests=False, mixin_files=None, mixin=None, verb_parser=<colcon_mixin.mixin.mixin_argument.MixinArgumentDecorator object at 0x7fb7132260>, verb_extension=<colcon_core.verb.build.BuildVerb object at 0x7fb72b3910>, main=<bound method BuildVerb.main of <colcon_core.verb.build.BuildVerb object at 0x7fb72b3910>>, mixin_verb=('build',))
[0.438s] Level 1:colcon.colcon_core.package_discovery:discover_packages(colcon_meta) check parameters
[0.438s] Level 1:colcon.colcon_core.package_discovery:discover_packages(recursive) check parameters
[0.439s] Level 1:colcon.colcon_core.package_discovery:discover_packages(ignore) check parameters
[0.439s] Level 1:colcon.colcon_core.package_discovery:discover_packages(path) check parameters
[0.439s] Level 1:colcon.colcon_core.package_discovery:discover_packages(colcon_meta) discover
[0.439s] Level 1:colcon.colcon_core.package_discovery:discover_packages(recursive) discover
[0.439s] INFO:colcon.colcon_core.package_discovery:Crawling recursively for packages in '/home/avcpp/AV-CPP2025/Vehicle'
[0.439s] Level 1:colcon.colcon_core.package_identification:_identify(.) by extensions ['ignore', 'ignore_ament_install']
[0.439s] Level 1:colcon.colcon_core.package_identification:_identify(.) by extension 'ignore'
[0.439s] Level 1:colcon.colcon_core.package_identification:_identify(.) by extension 'ignore_ament_install'
[0.439s] Level 1:colcon.colcon_core.package_identification:_identify(.) by extensions ['colcon_pkg']
[0.439s] Level 1:colcon.colcon_core.package_identification:_identify(.) by extension 'colcon_pkg'
[0.440s] Level 1:colcon.colcon_core.package_identification:_identify(.) by extensions ['colcon_meta']
[0.440s] Level 1:colcon.colcon_core.package_identification:_identify(.) by extension 'colcon_meta'
[0.440s] Level 1:colcon.colcon_core.package_identification:_identify(.) by extensions ['ros']
[0.440s] Level 1:colcon.colcon_core.package_identification:_identify(.) by extension 'ros'
[0.461s] Level 1:colcon.colcon_core.package_identification:_identify(.) by extensions ['cmake', 'python']
[0.461s] Level 1:colcon.colcon_core.package_identification:_identify(.) by extension 'cmake'
[0.461s] Level 1:colcon.colcon_core.package_identification:_identify(.) by extension 'python'
[0.461s] Level 1:colcon.colcon_core.package_identification:_identify(.) by extensions ['python_setup_py']
[0.461s] Level 1:colcon.colcon_core.package_identification:_identify(.) by extension 'python_setup_py'
[0.462s] Level 1:colcon.colcon_core.package_identification:_identify(build) by extensions ['ignore', 'ignore_ament_install']
[0.462s] Level 1:colcon.colcon_core.package_identification:_identify(build) by extension 'ignore'
[0.462s] Level 1:colcon.colcon_core.package_identification:_identify(build) ignored
[0.462s] Level 1:colcon.colcon_core.package_identification:_identify(install) by extensions ['ignore', 'ignore_ament_install']
[0.462s] Level 1:colcon.colcon_core.package_identification:_identify(install) by extension 'ignore'
[0.462s] Level 1:colcon.colcon_core.package_identification:_identify(install) ignored
[0.462s] Level 1:colcon.colcon_core.package_identification:_identify(log) by extensions ['ignore', 'ignore_ament_install']
[0.462s] Level 1:colcon.colcon_core.package_identification:_identify(log) by extension 'ignore'
[0.463s] Level 1:colcon.colcon_core.package_identification:_identify(log) ignored
[0.463s] Level 1:colcon.colcon_core.package_identification:_identify(src) by extensions ['ignore', 'ignore_ament_install']
[0.463s] Level 1:colcon.colcon_core.package_identification:_identify(src) by extension 'ignore'
[0.463s] Level 1:colcon.colcon_core.package_identification:_identify(src) by extension 'ignore_ament_install'
[0.463s] Level 1:colcon.colcon_core.package_identification:_identify(src) by extensions ['colcon_pkg']
[0.463s] Level 1:colcon.colcon_core.package_identification:_identify(src) by extension 'colcon_pkg'
[0.463s] Level 1:colcon.colcon_core.package_identification:_identify(src) by extensions ['colcon_meta']
[0.463s] Level 1:colcon.colcon_core.package_identification:_identify(src) by extension 'colcon_meta'
[0.463s] Level 1:colcon.colcon_core.package_identification:_identify(src) by extensions ['ros']
[0.463s] Level 1:colcon.colcon_core.package_identification:_identify(src) by extension 'ros'
[0.463s] Level 1:colcon.colcon_core.package_identification:_identify(src) by extensions ['cmake', 'python']
[0.463s] Level 1:colcon.colcon_core.package_identification:_identify(src) by extension 'cmake'
[0.463s] Level 1:colcon.colcon_core.package_identification:_identify(src) by extension 'python'
[0.463s] Level 1:colcon.colcon_core.package_identification:_identify(src) by extensions ['python_setup_py']
[0.463s] Level 1:colcon.colcon_core.package_identification:_identify(src) by extension 'python_setup_py'
[0.463s] Level 1:colcon.colcon_core.package_identification:_identify(src/object_detector) by extensions ['ignore', 'ignore_ament_install']
[0.463s] Level 1:colcon.colcon_core.package_identification:_identify(src/object_detector) by extension 'ignore'
[0.464s] Level 1:colcon.colcon_core.package_identification:_identify(src/object_detector) by extension 'ignore_ament_install'
[0.464s] Level 1:colcon.colcon_core.package_identification:_identify(src/object_detector) by extensions ['colcon_pkg']
[0.464s] Level 1:colcon.colcon_core.package_identification:_identify(src/object_detector) by extension 'colcon_pkg'
[0.464s] Level 1:colcon.colcon_core.package_identification:_identify(src/object_detector) by extensions ['colcon_meta']
[0.464s] Level 1:colcon.colcon_core.package_identification:_identify(src/object_detector) by extension 'colcon_meta'
[0.464s] Level 1:colcon.colcon_core.package_identification:_identify(src/object_detector) by extensions ['ros']
[0.464s] Level 1:colcon.colcon_core.package_identification:_identify(src/object_detector) by extension 'ros'
[0.468s] DEBUG:colcon.colcon_core.package_identification:Package 'src/object_detector' with type 'ros.ament_cmake' and name 'object_detector'
[0.469s] Level 1:colcon.colcon_core.package_identification:_identify(src/vehicle_core) by extensions ['ignore', 'ignore_ament_install']
[0.469s] Level 1:colcon.colcon_core.package_identification:_identify(src/vehicle_core) by extension 'ignore'
[0.469s] Level 1:colcon.colcon_core.package_identification:_identify(src/vehicle_core) by extension 'ignore_ament_install'
[0.469s] Level 1:colcon.colcon_core.package_identification:_identify(src/vehicle_core) by extensions ['colcon_pkg']
[0.469s] Level 1:colcon.colcon_core.package_identification:_identify(src/vehicle_core) by extension 'colcon_pkg'
[0.469s] Level 1:colcon.colcon_core.package_identification:_identify(src/vehicle_core) by extensions ['colcon_meta']
[0.469s] Level 1:colcon.colcon_core.package_identification:_identify(src/vehicle_core) by extension 'colcon_meta'
[0.469s] Level 1:colcon.colcon_core.package_identification:_identify(src/vehicle_core) by extensions ['ros']
[0.469s] Level 1:colcon.colcon_core.package_identification:_identify(src/vehicle_core) by extension 'ros'
[0.471s] DEBUG:colcon.colcon_core.package_identification:Package 'src/vehicle_core' with type 'ros.ament_cmake' and name 'vehicle_core'
[0.472s] Level 1:colcon.colcon_core.package_discovery:discover_packages(recursive) using defaults
[0.472s] Level 1:colcon.colcon_core.package_discovery:discover_packages(ignore) discover
[0.472s] Level 1:colcon.colcon_core.package_discovery:discover_packages(ignore) using defaults
[0.472s] Level 1:colcon.colcon_core.package_discovery:discover_packages(path) discover
[0.472s] Level 1:colcon.colcon_core.package_discovery:discover_packages(path) using defaults
[0.547s] INFO:colcon.colcon_core.package_selection:Skipping not selected package 'object_detector' in 'src/object_detector'
[0.548s] Level 5:colcon.colcon_core.verb:set package 'vehicle_core' build argument 'cmake_args' from command line to 'None'
[0.548s] Level 5:colcon.colcon_core.verb:set package 'vehicle_core' build argument 'cmake_target' from command line to 'None'
[0.548s] Level 5:colcon.colcon_core.verb:set package 'vehicle_core' build argument 'cmake_target_skip_unavailable' from command line to 'False'
[0.548s] Level 5:colcon.colcon_core.verb:set package 'vehicle_core' build argument 'cmake_clean_cache' from command line to 'False'
[0.548s] Level 5:colcon.colcon_core.verb:set package 'vehicle_core' build argument 'cmake_clean_first' from command line to 'False'
[0.548s] Level 5:colcon.colcon_core.verb:set package 'vehicle_core' build argument 'cmake_force_configure' from command line to 'False'
[0.548s] Level 5:colcon.colcon_core.verb:set package 'vehicle_core' build argument 'ament_cmake_args' from command line to 'None'
[0.548s] Level 5:colcon.colcon_core.verb:set package 'vehicle_core' build argument 'catkin_cmake_args' from command line to 'None'
[0.548s] Level 5:colcon.colcon_core.verb:set package 'vehicle_core' build argument 'catkin_skip_building_tests' from command line to 'False'
[0.548s] DEBUG:colcon.colcon_core.verb:Building package 'vehicle_core' with the following arguments: {'ament_cmake_args': None, 'build_base': '/home/avcpp/AV-CPP2025/Vehicle/build/vehicle_core', 'catkin_cmake_args': None, 'catkin_skip_building_tests': False, 'cmake_args': None, 'cmake_clean_cache': False, 'cmake_clean_first': False, 'cmake_force_configure': False, 'cmake_target': None, 'cmake_target_skip_unavailable': False, 'install_base': '/home/avcpp/AV-CPP2025/Vehicle/install/vehicle_core', 'merge_install': False, 'path': '/home/avcpp/AV-CPP2025/Vehicle/src/vehicle_core', 'symlink_install': True, 'test_result_base': None}
[0.548s] INFO:colcon.colcon_core.executor:Executing jobs using 'parallel' executor
[0.550s] DEBUG:colcon.colcon_parallel_executor.executor.parallel:run_until_complete
[0.551s] INFO:colcon.colcon_ros.task.ament_cmake.build:Building ROS package in '/home/avcpp/AV-CPP2025/Vehicle/src/vehicle_core' with build type 'ament_cmake'
[0.551s] INFO:colcon.colcon_cmake.task.cmake.build:Building CMake package in '/home/avcpp/AV-CPP2025/Vehicle/src/vehicle_core'
[0.554s] INFO:colcon.colcon_core.plugin_system:Skipping extension 'colcon_core.shell.bat': Not used on non-Windows systems
[0.554s] INFO:colcon.colcon_core.shell:Skip shell extension 'powershell' for command environment: Not usable outside of PowerShell
[0.555s] DEBUG:colcon.colcon_core.shell:Skip shell extension 'dsv' for command environment
[0.569s] DEBUG:colcon.colcon_core.event_handler.log_command:Invoking command in '/home/avcpp/AV-CPP2025/Vehicle/build/vehicle_core': CMAKE_PREFIX_PATH=${CMAKE_PREFIX_PATH}:/opt/ros/humble /usr/bin/cmake /home/avcpp/AV-CPP2025/Vehicle/src/vehicle_core -DAMENT_CMAKE_SYMLINK_INSTALL=1 -DCMAKE_INSTALL_PREFIX=/home/avcpp/AV-CPP2025/Vehicle/install/vehicle_core
[3.841s] DEBUG:colcon.colcon_core.event_handler.log_command:Invoked command in '/home/avcpp/AV-CPP2025/Vehicle/build/vehicle_core' returned '0': CMAKE_PREFIX_PATH=${CMAKE_PREFIX_PATH}:/opt/ros/humble /usr/bin/cmake /home/avcpp/AV-CPP2025/Vehicle/src/vehicle_core -DAMENT_CMAKE_SYMLINK_INSTALL=1 -DCMAKE_INSTALL_PREFIX=/home/avcpp/AV-CPP2025/Vehicle/install/vehicle_core
[3.845s] DEBUG:colcon.colcon_core.event_handler.log_command:Invoking command in '/home/avcpp/AV-CPP2025/Vehicle/build/vehicle_core': CMAKE_PREFIX_PATH=${CMAKE_PREFIX_PATH}:/opt/ros/humble /usr/bin/cmake --build /home/avcpp/AV-CPP2025/Vehicle/build/vehicle_core -- -j8 -l8
[86.070s] DEBUG:colcon.colcon_core.event_handler.log_command:Invoked command in '/home/avcpp/AV-CPP2025/Vehicle/build/vehicle_core' returned '0': CMAKE_PREFIX_PATH=${CMAKE_PREFIX_PATH}:/opt/ros/humble /usr/bin/cmake --build /home/avcpp/AV-CPP2025/Vehicle/build/vehicle_core -- -j8 -l8
[86.117s] DEBUG:colcon.colcon_core.event_handler.log_command:Invoking command in '/home/avcpp/AV-CPP2025/Vehicle/build/vehicle_core': CMAKE_PREFIX_PATH=${CMAKE_PREFIX_PATH}:/opt/ros/humble /usr/bin/cmake --install /home/avcpp/AV-CPP2025/Vehicle/build/vehicle_core
[98.641s] Level 1:colcon.colcon_core.environment:create_environment_scripts_only(vehicle_core)
[98.643s] DEBUG:colcon.colcon_core.event_handler.log_command:Invoked command in '/home/avcpp/AV-CPP2025/Vehicle/build/vehicle_core' returned '0': CMAKE_PREFIX_PATH=${CMAKE_PREFIX_PATH}:/opt/ros/humble /usr/bin/cmake --install /home/avcpp/AV-CPP2025/Vehicle/build/vehicle_core
[98.660s] Level 1:colcon.colcon_core.environment:checking '/home/avcpp/AV-CPP2025/Vehicle/install/vehicle_core' for CMake module files
[98.664s] Level 1:colcon.colcon_core.environment:checking '/home/avcpp/AV-CPP2025/Vehicle/install/vehicle_core' for CMake config files
[98.668s] Level 1:colcon.colcon_core.shell:create_environment_hook('vehicle_core', 'cmake_prefix_path')
[98.670s] INFO:colcon.colcon_core.shell:Creating environment hook '/home/avcpp/AV-CPP2025/Vehicle/install/vehicle_core/share/vehicle_core/hook/cmake_prefix_path.ps1'
[98.674s] INFO:colcon.colcon_core.shell:Creating environment descriptor '/home/avcpp/AV-CPP2025/Vehicle/install/vehicle_core/share/vehicle_core/hook/cmake_prefix_path.dsv'
[98.676s] INFO:colcon.colcon_core.shell:Creating environment hook '/home/avcpp/AV-CPP2025/Vehicle/install/vehicle_core/share/vehicle_core/hook/cmake_prefix_path.sh'
[98.680s] Level 1:colcon.colcon_core.environment:checking '/home/avcpp/AV-CPP2025/Vehicle/install/vehicle_core/lib'
[98.681s] Level 1:colcon.colcon_core.shell:create_environment_hook('vehicle_core', 'ld_library_path_lib')
[98.682s] INFO:colcon.colcon_core.shell:Creating environment hook '/home/avcpp/AV-CPP2025/Vehicle/install/vehicle_core/share/vehicle_core/hook/ld_library_path_lib.ps1'
[98.684s] INFO:colcon.colcon_core.shell:Creating environment descriptor '/home/avcpp/AV-CPP2025/Vehicle/install/vehicle_core/share/vehicle_core/hook/ld_library_path_lib.dsv'
[98.685s] INFO:colcon.colcon_core.shell:Creating environment hook '/home/avcpp/AV-CPP2025/Vehicle/install/vehicle_core/share/vehicle_core/hook/ld_library_path_lib.sh'
[98.686s] Level 1:colcon.colcon_core.environment:checking '/home/avcpp/AV-CPP2025/Vehicle/install/vehicle_core/bin'
[98.686s] Level 1:colcon.colcon_core.environment:checking '/home/avcpp/AV-CPP2025/Vehicle/install/vehicle_core/lib/pkgconfig/vehicle_core.pc'
[98.695s] Level 1:colcon.colcon_core.environment:checking '/home/avcpp/AV-CPP2025/Vehicle/install/vehicle_core/lib/python3.10/site-packages'
[98.695s] Level 1:colcon.colcon_core.shell:create_environment_hook('vehicle_core', 'pythonpath')
[98.696s] INFO:colcon.colcon_core.shell:Creating environment hook '/home/avcpp/AV-CPP2025/Vehicle/install/vehicle_core/share/vehicle_core/hook/pythonpath.ps1'
[98.699s] INFO:colcon.colcon_core.shell:Creating environment descriptor '/home/avcpp/AV-CPP2025/Vehicle/install/vehicle_core/share/vehicle_core/hook/pythonpath.dsv'
[98.700s] INFO:colcon.colcon_core.shell:Creating environment hook '/home/avcpp/AV-CPP2025/Vehicle/install/vehicle_core/share/vehicle_core/hook/pythonpath.sh'
[98.703s] Level 1:colcon.colcon_core.environment:checking '/home/avcpp/AV-CPP2025/Vehicle/install/vehicle_core/bin'
[98.705s] INFO:colcon.colcon_core.shell:Creating package script '/home/avcpp/AV-CPP2025/Vehicle/install/vehicle_core/share/vehicle_core/package.ps1'
[98.710s] INFO:colcon.colcon_core.shell:Creating package descriptor '/home/avcpp/AV-CPP2025/Vehicle/install/vehicle_core/share/vehicle_core/package.dsv'
[98.713s] INFO:colcon.colcon_core.shell:Creating package script '/home/avcpp/AV-CPP2025/Vehicle/install/vehicle_core/share/vehicle_core/package.sh'
[98.718s] INFO:colcon.colcon_core.shell:Creating package script '/home/avcpp/AV-CPP2025/Vehicle/install/vehicle_core/share/vehicle_core/package.bash'
[98.723s] INFO:colcon.colcon_core.shell:Creating package script '/home/avcpp/AV-CPP2025/Vehicle/install/vehicle_core/share/vehicle_core/package.zsh'
[98.728s] Level 1:colcon.colcon_core.environment:create_file_with_runtime_dependencies(/home/avcpp/AV-CPP2025/Vehicle/install/vehicle_core/share/colcon-core/packages/vehicle_core)
[98.732s] Level 1:colcon.colcon_core.environment:create_environment_scripts_only(vehicle_core)
[98.733s] Level 1:colcon.colcon_core.environment:checking '/home/avcpp/AV-CPP2025/Vehicle/install/vehicle_core' for CMake module files
[98.736s] Level 1:colcon.colcon_core.environment:checking '/home/avcpp/AV-CPP2025/Vehicle/install/vehicle_core' for CMake config files
[98.739s] Level 1:colcon.colcon_core.shell:create_environment_hook('vehicle_core', 'cmake_prefix_path')
[98.740s] INFO:colcon.colcon_core.shell:Creating environment hook '/home/avcpp/AV-CPP2025/Vehicle/install/vehicle_core/share/vehicle_core/hook/cmake_prefix_path.ps1'
[98.742s] INFO:colcon.colcon_core.shell:Creating environment descriptor '/home/avcpp/AV-CPP2025/Vehicle/install/vehicle_core/share/vehicle_core/hook/cmake_prefix_path.dsv'
[98.743s] INFO:colcon.colcon_core.shell:Creating environment hook '/home/avcpp/AV-CPP2025/Vehicle/install/vehicle_core/share/vehicle_core/hook/cmake_prefix_path.sh'
[98.745s] Level 1:colcon.colcon_core.environment:checking '/home/avcpp/AV-CPP2025/Vehicle/install/vehicle_core/lib'
[98.745s] Level 1:colcon.colcon_core.shell:create_environment_hook('vehicle_core', 'ld_library_path_lib')
[98.746s] INFO:colcon.colcon_core.shell:Creating environment hook '/home/avcpp/AV-CPP2025/Vehicle/install/vehicle_core/share/vehicle_core/hook/ld_library_path_lib.ps1'
[98.748s] INFO:colcon.colcon_core.shell:Creating environment descriptor '/home/avcpp/AV-CPP2025/Vehicle/install/vehicle_core/share/vehicle_core/hook/ld_library_path_lib.dsv'
[98.749s] INFO:colcon.colcon_core.shell:Creating environment hook '/home/avcpp/AV-CPP2025/Vehicle/install/vehicle_core/share/vehicle_core/hook/ld_library_path_lib.sh'
[98.750s] Level 1:colcon.colcon_core.environment:checking '/home/avcpp/AV-CPP2025/Vehicle/install/vehicle_core/bin'
[98.750s] Level 1:colcon.colcon_core.environment:checking '/home/avcpp/AV-CPP2025/Vehicle/install/vehicle_core/lib/pkgconfig/vehicle_core.pc'
[98.750s] Level 1:colcon.colcon_core.environment:checking '/home/avcpp/AV-CPP2025/Vehicle/install/vehicle_core/lib/python3.10/site-packages'
[98.750s] Level 1:colcon.colcon_core.shell:create_environment_hook('vehicle_core', 'pythonpath')
[98.751s] INFO:colcon.colcon_core.shell:Creating environment hook '/home/avcpp/AV-CPP2025/Vehicle/install/vehicle_core/share/vehicle_core/hook/pythonpath.ps1'
[98.751s] INFO:colcon.colcon_core.shell:Creating environment descriptor '/home/avcpp/AV-CPP2025/Vehicle/install/vehicle_core/share/vehicle_core/hook/pythonpath.dsv'
[98.752s] INFO:colcon.colcon_core.shell:Creating environment hook '/home/avcpp/AV-CPP2025/Vehicle/install/vehicle_core/share/vehicle_core/hook/pythonpath.sh'
[98.752s] Level 1:colcon.colcon_core.environment:checking '/home/avcpp/AV-CPP2025/Vehicle/install/vehicle_core/bin'
[98.753s] INFO:colcon.colcon_core.shell:Creating package script '/home/avcpp/AV-CPP2025/Vehicle/install/vehicle_core/share/vehicle_core/package.ps1'
[98.754s] INFO:colcon.colcon_core.shell:Creating package descriptor '/home/avcpp/AV-CPP2025/Vehicle/install/vehicle_core/share/vehicle_core/package.dsv'
[98.754s] INFO:colcon.colcon_core.shell:Creating package script '/home/avcpp/AV-CPP2025/Vehicle/install/vehicle_core/share/vehicle_core/package.sh'
[98.755s] INFO:colcon.colcon_core.shell:Creating package script '/home/avcpp/AV-CPP2025/Vehicle/install/vehicle_core/share/vehicle_core/package.bash'
[98.755s] INFO:colcon.colcon_core.shell:Creating package script '/home/avcpp/AV-CPP2025/Vehicle/install/vehicle_core/share/vehicle_core/package.zsh'
[98.756s] Level 1:colcon.colcon_core.environment:create_file_with_runtime_dependencies(/home/avcpp/AV-CPP2025/Vehicle/install/vehicle_core/share/colcon-core/packages/vehicle_core)
[98.756s] DEBUG:colcon.colcon_parallel_executor.executor.parallel:closing loop
[98.757s] DEBUG:colcon.colcon_parallel_executor.executor.parallel:loop closed
[98.757s] DEBUG:colcon.colcon_parallel_executor.executor.parallel:run_until_complete finished with '0'
[98.757s] DEBUG:colcon.colcon_core.event_reactor:joining thread
[98.785s] INFO:colcon.colcon_core.plugin_system:Skipping extension 'colcon_notification.desktop_notification.notify_send': Could not find 'notify-send'
[98.785s] INFO:colcon.colcon_core.plugin_system:Skipping extension 'colcon_notification.desktop_notification.terminal_notifier': Not used on non-Darwin systems
[98.786s] INFO:colcon.colcon_core.plugin_system:Skipping extension 'colcon_notification.desktop_notification.win32': Not used on non-Windows systems
[98.786s] INFO:colcon.colcon_notification.desktop_notification:Sending desktop notification using 'notify2'
[98.788s] DEBUG:colcon.colcon_notification.desktop_notification.notify2:Failed to initialize notify2: org.freedesktop.DBus.Error.ServiceUnknown: The name org.freedesktop.Notifications was not provided by any .service files
[98.788s] DEBUG:colcon.colcon_core.event_reactor:joined thread
[98.790s] INFO:colcon.colcon_core.shell:Creating prefix script '/home/avcpp/AV-CPP2025/Vehicle/install/local_setup.ps1'
[98.796s] INFO:colcon.colcon_core.shell:Creating prefix util module '/home/avcpp/AV-CPP2025/Vehicle/install/_local_setup_util_ps1.py'
[98.805s] INFO:colcon.colcon_core.shell:Creating prefix chain script '/home/avcpp/AV-CPP2025/Vehicle/install/setup.ps1'
[98.807s] INFO:colcon.colcon_core.shell:Creating prefix script '/home/avcpp/AV-CPP2025/Vehicle/install/local_setup.sh'
[98.809s] INFO:colcon.colcon_core.shell:Creating prefix util module '/home/avcpp/AV-CPP2025/Vehicle/install/_local_setup_util_sh.py'
[98.809s] INFO:colcon.colcon_core.shell:Creating prefix chain script '/home/avcpp/AV-CPP2025/Vehicle/install/setup.sh'
[98.812s] INFO:colcon.colcon_core.shell:Creating prefix script '/home/avcpp/AV-CPP2025/Vehicle/install/local_setup.bash'
[98.813s] INFO:colcon.colcon_core.shell:Creating prefix chain script '/home/avcpp/AV-CPP2025/Vehicle/install/setup.bash'
[98.814s] INFO:colcon.colcon_core.shell:Creating prefix script '/home/avcpp/AV-CPP2025/Vehicle/install/local_setup.zsh'
[98.816s] INFO:colcon.colcon_core.shell:Creating prefix chain script '/home/avcpp/AV-CPP2025/Vehicle/install/setup.zsh'
