[0.853s] Invoking command in '/home/avcpp/AV-CPP2025/Autopilot/build/opi_vision': PYTHONPATH=/home/avcpp/AV-CPP2025/Autopilot/build/opi_vision/prefix_override:/usr/lib/python3/dist-packages/colcon_core/task/python/colcon_distutils_commands:/home/avcpp/AV-CPP2025/Autopilot/install/opi_vision/lib/python3.10/site-packages:${PYTHONPATH} VIRTUAL_ENV_PROMPT=(.venv) /usr/bin/python3 -W ignore:setup.py install is deprecated -W ignore:easy_install command is deprecated setup.py develop --editable --build-directory /home/avcpp/AV-CPP2025/Autopilot/build/opi_vision/build --no-deps symlink_data
[1.169s] running develop
[1.273s] running egg_info
[1.273s] creating opi_vision.egg-info
[1.274s] writing opi_vision.egg-info/PKG-INFO
[1.274s] writing dependency_links to opi_vision.egg-info/dependency_links.txt
[1.274s] writing entry points to opi_vision.egg-info/entry_points.txt
[1.274s] writing requirements to opi_vision.egg-info/requires.txt
[1.274s] writing top-level names to opi_vision.egg-info/top_level.txt
[1.274s] writing manifest file 'opi_vision.egg-info/SOURCES.txt'
[1.278s] reading manifest file 'opi_vision.egg-info/SOURCES.txt'
[1.279s] writing manifest file 'opi_vision.egg-info/SOURCES.txt'
[1.281s] running build_ext
[1.281s] Creating /home/avcpp/AV-CPP2025/Autopilot/install/opi_vision/lib/python3.10/site-packages/opi-vision.egg-link (link to .)
[1.283s] Installing image_rate script to /home/avcpp/AV-CPP2025/Autopilot/install/opi_vision/lib/opi_vision
[1.284s] Installing mjpeg_server script to /home/avcpp/AV-CPP2025/Autopilot/install/opi_vision/lib/opi_vision
[1.285s] Installing yolo_annotate script to /home/avcpp/AV-CPP2025/Autopilot/install/opi_vision/lib/opi_vision
[1.285s] 
[1.285s] Installed /home/avcpp/AV-CPP2025/Autopilot/build/opi_vision
[1.285s] running symlink_data
[1.286s] creating /home/avcpp/AV-CPP2025/Autopilot/install/opi_vision/share/ament_index
[1.286s] creating /home/avcpp/AV-CPP2025/Autopilot/install/opi_vision/share/ament_index/resource_index
[1.286s] creating /home/avcpp/AV-CPP2025/Autopilot/install/opi_vision/share/ament_index/resource_index/packages
[1.286s] symbolically linking /home/avcpp/AV-CPP2025/Autopilot/build/opi_vision/resource/opi_vision -> /home/avcpp/AV-CPP2025/Autopilot/install/opi_vision/share/ament_index/resource_index/packages
[1.287s] symbolically linking /home/avcpp/AV-CPP2025/Autopilot/build/opi_vision/package.xml -> /home/avcpp/AV-CPP2025/Autopilot/install/opi_vision/share/opi_vision
[1.287s] creating /home/avcpp/AV-CPP2025/Autopilot/install/opi_vision/share/opi_vision/launch
[1.287s] symbolically linking /home/avcpp/AV-CPP2025/Autopilot/build/opi_vision/launch/bringup.launch.py -> /home/avcpp/AV-CPP2025/Autopilot/install/opi_vision/share/opi_vision/launch
[1.287s] symbolically linking /home/avcpp/AV-CPP2025/Autopilot/build/opi_vision/launch/camera_only.launch.py -> /home/avcpp/AV-CPP2025/Autopilot/install/opi_vision/share/opi_vision/launch
[1.403s] Invoked command in '/home/avcpp/AV-CPP2025/Autopilot/build/opi_vision' returned '0': PYTHONPATH=/home/avcpp/AV-CPP2025/Autopilot/build/opi_vision/prefix_override:/usr/lib/python3/dist-packages/colcon_core/task/python/colcon_distutils_commands:/home/avcpp/AV-CPP2025/Autopilot/install/opi_vision/lib/python3.10/site-packages:${PYTHONPATH} VIRTUAL_ENV_PROMPT=(.venv) /usr/bin/python3 -W ignore:setup.py install is deprecated -W ignore:easy_install command is deprecated setup.py develop --editable --build-directory /home/avcpp/AV-CPP2025/Autopilot/build/opi_vision/build --no-deps symlink_data
