running egg_info
creating build/av_cpp2025/av_cpp2025.egg-info
writing build/av_cpp2025/av_cpp2025.egg-info/PKG-INFO
writing dependency_links to build/av_cpp2025/av_cpp2025.egg-info/dependency_links.txt
writing entry points to build/av_cpp2025/av_cpp2025.egg-info/entry_points.txt
writing requirements to build/av_cpp2025/av_cpp2025.egg-info/requires.txt
writing top-level names to build/av_cpp2025/av_cpp2025.egg-info/top_level.txt
writing manifest file 'build/av_cpp2025/av_cpp2025.egg-info/SOURCES.txt'
reading manifest file 'build/av_cpp2025/av_cpp2025.egg-info/SOURCES.txt'
writing manifest file 'build/av_cpp2025/av_cpp2025.egg-info/SOURCES.txt'
running build
running build_py
creating /home/avcpp/AV-CPP2025/build/av_cpp2025/build
creating /home/avcpp/AV-CPP2025/build/av_cpp2025/build/lib
creating /home/avcpp/AV-CPP2025/build/av_cpp2025/build/lib/av_cpp2025
copying av_cpp2025/__init__.py -> /home/avcpp/AV-CPP2025/build/av_cpp2025/build/lib/av_cpp2025
running install
running install_lib
creating /home/avcpp/AV-CPP2025/install/av_cpp2025/lib/python3.10/site-packages/av_cpp2025
copying /home/avcpp/AV-CPP2025/build/av_cpp2025/build/lib/av_cpp2025/__init__.py -> /home/avcpp/AV-CPP2025/install/av_cpp2025/lib/python3.10/site-packages/av_cpp2025
byte-compiling /home/avcpp/AV-CPP2025/install/av_cpp2025/lib/python3.10/site-packages/av_cpp2025/__init__.py to __init__.cpython-310.pyc
running install_data
creating /home/avcpp/AV-CPP2025/install/av_cpp2025/share/ament_index
creating /home/avcpp/AV-CPP2025/install/av_cpp2025/share/ament_index/resource_index
creating /home/avcpp/AV-CPP2025/install/av_cpp2025/share/ament_index/resource_index/packages
error: can't copy 'resource/av_cpp2025': doesn't exist or not a regular file
