[  1%] Built target vehicle_core__cpp
[  2%] Built target vehicle_core_container
[  2%] Built target ament_cmake_python_symlink_vehicle_core
[ 13%] Built target vehicle_core__rosidl_generator_c
[ 24%] Built target vehicle_core__rosidl_typesupport_cpp
[ 35%] Built target vehicle_core__rosidl_typesupport_introspection_cpp
[ 46%] Built target vehicle_core__rosidl_typesupport_fastrtps_cpp
[ 58%] Built target vehicle_core__rosidl_typesupport_c
[ 68%] Built target vehicle_core__rosidl_typesupport_introspection_c
[ 79%] Built target vehicle_core__rosidl_typesupport_fastrtps_c
[ 79%] Built target vehicle_core
[ 81%] Built target heading_calibrator_node_component
[ 81%] Built target state_manager_node_component
[ 81%] Built target vehicle_core__py
[ 82%] Built target i2c_bridge_node
[ 82%] Built target gt_u7_gps_node_component
[ 83%] Built target drive_arbiter_node_component
[35m[1mConsolidate compiler generated dependencies of target autopilot_node_component[0m
[ 84%] Built target tcp_server_node_component
[ 84%] [32mBuilding CXX object CMakeFiles/autopilot_node_component.dir/src/autopilot_node.cpp.o[0m
[ 85%] Built target gst_camera_component
[ 96%] Built target vehicle_core__rosidl_generator_py
running egg_info
[ 97%] Built target vehicle_core__rosidl_typesupport_c__pyext
writing vehicle_core.egg-info/PKG-INFO
writing dependency_links to vehicle_core.egg-info/dependency_links.txt
writing top-level names to vehicle_core.egg-info/top_level.txt
[ 98%] Built target vehicle_core__rosidl_typesupport_fastrtps_c__pyext
[ 99%] Built target vehicle_core__rosidl_typesupport_introspection_c__pyext
reading manifest file 'vehicle_core.egg-info/SOURCES.txt'
writing manifest file 'vehicle_core.egg-info/SOURCES.txt'
[ 99%] Built target ament_cmake_python_build_vehicle_core_egg
[01m[K/home/avcpp/AV-CPP2025/Vehicle/src/vehicle_core/src/autopilot_node.cpp:[m[K In member function ‘[01m[Kbool vehicle_core::AutopilotNode::requestControl()[m[K’:
[01m[K/home/avcpp/AV-CPP2025/Vehicle/src/vehicle_core/src/autopilot_node.cpp:152:22:[m[K [01;31m[Kerror: [m[Krequest for member ‘[01m[Kload[m[K’ in ‘[01m[K((vehicle_core::AutopilotNode*)this)->vehicle_core::AutopilotNode::control_[m[K’, which is of non-class type ‘[01m[Kbool[m[K’
  152 |         if (control_.[01;31m[Kload[m[K()) {
      |                      [01;31m[K^~~~[m[K
[01m[K/home/avcpp/AV-CPP2025/Vehicle/src/vehicle_core/src/autopilot_node.cpp:176:22:[m[K [01;31m[Kerror: [m[Krequest for member ‘[01m[Kstore[m[K’ in ‘[01m[K((vehicle_core::AutopilotNode*)this)->vehicle_core::AutopilotNode::control_[m[K’, which is of non-class type ‘[01m[Kbool[m[K’
  176 |             control_.[01;31m[Kstore[m[K(true);
      |                      [01;31m[K^~~~~[m[K
[01m[K/home/avcpp/AV-CPP2025/Vehicle/src/vehicle_core/src/autopilot_node.cpp:182:22:[m[K [01;31m[Kerror: [m[Krequest for member ‘[01m[Kstore[m[K’ in ‘[01m[K((vehicle_core::AutopilotNode*)this)->vehicle_core::AutopilotNode::control_[m[K’, which is of non-class type ‘[01m[Kbool[m[K’
  182 |             control_.[01;31m[Kstore[m[K(false);
      |                      [01;31m[K^~~~~[m[K
[01m[K/home/avcpp/AV-CPP2025/Vehicle/src/vehicle_core/src/autopilot_node.cpp:185:25:[m[K [01;31m[Kerror: [m[Krequest for member ‘[01m[Kload[m[K’ in ‘[01m[K((vehicle_core::AutopilotNode*)this)->vehicle_core::AutopilotNode::control_[m[K’, which is of non-class type ‘[01m[Kbool[m[K’
  185 |         return control_.[01;31m[Kload[m[K();
      |                         [01;31m[K^~~~[m[K
gmake[2]: *** [CMakeFiles/autopilot_node_component.dir/build.make:76: CMakeFiles/autopilot_node_component.dir/src/autopilot_node.cpp.o] Error 1
gmake[1]: *** [CMakeFiles/Makefile2:778: CMakeFiles/autopilot_node_component.dir/all] Error 2
gmake: *** [Makefile:146: all] Error 2
