[0.022s] Invoking command in '/home/avcpp/AV-CPP2025/Vehicle/build/vehicle_core': CMAKE_PREFIX_PATH=${CMAKE_PREFIX_PATH}:/opt/ros/humble /usr/bin/cmake --build /home/avcpp/AV-CPP2025/Vehicle/build/vehicle_core -- -j8 -l8
[0.220s] [  1%] Built target vehicle_core__cpp
[0.249s] [  2%] Built target vehicle_core_container
[0.249s] [  2%] Built target ament_cmake_python_symlink_vehicle_core
[0.284s] [ 13%] Built target vehicle_core__rosidl_generator_c
[0.287s] [ 24%] Built target vehicle_core__rosidl_typesupport_cpp
[0.308s] [ 35%] Built target vehicle_core__rosidl_typesupport_introspection_cpp
[0.340s] [ 46%] Built target vehicle_core__rosidl_typesupport_fastrtps_cpp
[0.371s] [ 58%] Built target vehicle_core__rosidl_typesupport_c
[0.372s] [ 68%] Built target vehicle_core__rosidl_typesupport_introspection_c
[0.377s] [ 79%] Built target vehicle_core__rosidl_typesupport_fastrtps_c
[0.410s] [ 79%] Built target vehicle_core
[0.473s] [ 81%] Built target heading_calibrator_node_component
[0.475s] [ 81%] Built target state_manager_node_component
[0.493s] [ 81%] Built target vehicle_core__py
[0.497s] [ 82%] Built target i2c_bridge_node
[0.498s] [ 82%] Built target gt_u7_gps_node_component
[0.500s] [ 83%] Built target drive_arbiter_node_component
[0.501s] [35m[1mConsolidate compiler generated dependencies of target autopilot_node_component[0m
[0.515s] [ 84%] Built target tcp_server_node_component
[0.558s] [ 84%] [32mBuilding CXX object CMakeFiles/autopilot_node_component.dir/src/autopilot_node.cpp.o[0m
[0.562s] [ 85%] Built target gst_camera_component
[0.591s] [ 96%] Built target vehicle_core__rosidl_generator_py
[0.601s] running egg_info
[0.623s] [ 97%] Built target vehicle_core__rosidl_typesupport_c__pyext
[0.623s] writing vehicle_core.egg-info/PKG-INFO
[0.625s] writing dependency_links to vehicle_core.egg-info/dependency_links.txt
[0.626s] writing top-level names to vehicle_core.egg-info/top_level.txt
[0.652s] [ 98%] Built target vehicle_core__rosidl_typesupport_fastrtps_c__pyext
[0.665s] [ 99%] Built target vehicle_core__rosidl_typesupport_introspection_c__pyext
[0.685s] reading manifest file 'vehicle_core.egg-info/SOURCES.txt'
[0.688s] writing manifest file 'vehicle_core.egg-info/SOURCES.txt'
[0.814s] [ 99%] Built target ament_cmake_python_build_vehicle_core_egg
[5.807s] [01m[K/home/avcpp/AV-CPP2025/Vehicle/src/vehicle_core/src/autopilot_node.cpp:[m[K In member function ‘[01m[Kbool vehicle_core::AutopilotNode::requestControl()[m[K’:
[5.808s] [01m[K/home/avcpp/AV-CPP2025/Vehicle/src/vehicle_core/src/autopilot_node.cpp:152:22:[m[K [01;31m[Kerror: [m[Krequest for member ‘[01m[Kload[m[K’ in ‘[01m[K((vehicle_core::AutopilotNode*)this)->vehicle_core::AutopilotNode::control_[m[K’, which is of non-class type ‘[01m[Kbool[m[K’
[5.809s]   152 |         if (control_.[01;31m[Kload[m[K()) {
[5.809s]       |                      [01;31m[K^~~~[m[K
[5.813s] [01m[K/home/avcpp/AV-CPP2025/Vehicle/src/vehicle_core/src/autopilot_node.cpp:176:22:[m[K [01;31m[Kerror: [m[Krequest for member ‘[01m[Kstore[m[K’ in ‘[01m[K((vehicle_core::AutopilotNode*)this)->vehicle_core::AutopilotNode::control_[m[K’, which is of non-class type ‘[01m[Kbool[m[K’
[5.813s]   176 |             control_.[01;31m[Kstore[m[K(true);
[5.814s]       |                      [01;31m[K^~~~~[m[K
[5.815s] [01m[K/home/avcpp/AV-CPP2025/Vehicle/src/vehicle_core/src/autopilot_node.cpp:182:22:[m[K [01;31m[Kerror: [m[Krequest for member ‘[01m[Kstore[m[K’ in ‘[01m[K((vehicle_core::AutopilotNode*)this)->vehicle_core::AutopilotNode::control_[m[K’, which is of non-class type ‘[01m[Kbool[m[K’
[5.816s]   182 |             control_.[01;31m[Kstore[m[K(false);
[5.816s]       |                      [01;31m[K^~~~~[m[K
[5.817s] [01m[K/home/avcpp/AV-CPP2025/Vehicle/src/vehicle_core/src/autopilot_node.cpp:185:25:[m[K [01;31m[Kerror: [m[Krequest for member ‘[01m[Kload[m[K’ in ‘[01m[K((vehicle_core::AutopilotNode*)this)->vehicle_core::AutopilotNode::control_[m[K’, which is of non-class type ‘[01m[Kbool[m[K’
[5.817s]   185 |         return control_.[01;31m[Kload[m[K();
[5.818s]       |                         [01;31m[K^~~~[m[K
[12.209s] gmake[2]: *** [CMakeFiles/autopilot_node_component.dir/build.make:76: CMakeFiles/autopilot_node_component.dir/src/autopilot_node.cpp.o] Error 1
[12.209s] gmake[1]: *** [CMakeFiles/Makefile2:778: CMakeFiles/autopilot_node_component.dir/all] Error 2
[12.210s] gmake: *** [Makefile:146: all] Error 2
[12.217s] Invoked command in '/home/avcpp/AV-CPP2025/Vehicle/build/vehicle_core' returned '2': CMAKE_PREFIX_PATH=${CMAKE_PREFIX_PATH}:/opt/ros/humble /usr/bin/cmake --build /home/avcpp/AV-CPP2025/Vehicle/build/vehicle_core -- -j8 -l8
