[  1%] Built target vehicle_core__cpp
[  1%] Built target ament_cmake_python_symlink_vehicle_core
[  2%] Built target vehicle_core_container
[ 13%] Built target vehicle_core__rosidl_generator_c
[ 24%] Built target vehicle_core__rosidl_typesupport_introspection_cpp
[ 35%] Built target vehicle_core__rosidl_typesupport_cpp
[ 46%] Built target vehicle_core__rosidl_typesupport_fastrtps_cpp
[ 57%] Built target vehicle_core__rosidl_typesupport_introspection_c
[ 68%] Built target vehicle_core__rosidl_typesupport_c
[ 79%] Built target vehicle_core__rosidl_typesupport_fastrtps_c
[ 79%] Built target vehicle_core
[ 79%] [32mBuilding CXX object CMakeFiles/drive_arbiter_node_component.dir/src/drive_arbiter.cpp.o[0m
[ 81%] Built target state_manager_node_component
[ 81%] Built target vehicle_core__py
[ 81%] Built target tcp_server_node_component
[ 81%] Built target i2c_bridge_node
[ 82%] Built target gt_u7_gps_node_component
[ 83%] Built target heading_calibrator_node_component
[35m[1mConsolidate compiler generated dependencies of target autopilot_node_component[0m
[ 84%] Built target gst_camera_component
[ 95%] Built target vehicle_core__rosidl_generator_py
running egg_info
[ 95%] [32mBuilding CXX object CMakeFiles/autopilot_node_component.dir/src/autopilot_node.cpp.o[0m
writing vehicle_core.egg-info/PKG-INFO
writing dependency_links to vehicle_core.egg-info/dependency_links.txt
writing top-level names to vehicle_core.egg-info/top_level.txt
[ 96%] Built target vehicle_core__rosidl_typesupport_introspection_c__pyext
[ 97%] Built target vehicle_core__rosidl_typesupport_fastrtps_c__pyext
[ 98%] Built target vehicle_core__rosidl_typesupport_c__pyext
reading manifest file 'vehicle_core.egg-info/SOURCES.txt'
writing manifest file 'vehicle_core.egg-info/SOURCES.txt'
[ 98%] Built target ament_cmake_python_build_vehicle_core_egg
[01m[K/home/avcpp/AV-CPP2025/Vehicle/src/vehicle_core/src/autopilot_node.cpp:[m[K In constructor ‘[01m[Kvehicle_core::AutopilotNode::AutopilotNode(const rclcpp::NodeOptions&)[m[K’:
[01m[K/home/avcpp/AV-CPP2025/Vehicle/src/vehicle_core/src/autopilot_node.cpp:25:17:[m[K [01;31m[Kerror: [m[K‘[01m[KClientOptions[m[K’ is not a member of ‘[01m[Krclcpp[m[K’; did you mean ‘[01m[KInitOptions[m[K’?
   25 |         rclcpp::[01;31m[KClientOptions[m[K cli_opts;
      |                 [01;31m[K^~~~~~~~~~~~~[m[K
      |                 [32m[KInitOptions[m[K
[01m[K/home/avcpp/AV-CPP2025/Vehicle/src/vehicle_core/src/autopilot_node.cpp:26:9:[m[K [01;31m[Kerror: [m[K‘[01m[Kcli_opts[m[K’ was not declared in this scope
   26 |         [01;31m[Kcli_opts[m[K.callback_group = control_cb_group_;
      |         [01;31m[K^~~~~~~~[m[K
[01m[K/home/avcpp/AV-CPP2025/Vehicle/src/vehicle_core/src/autopilot_node.cpp:[m[K In member function ‘[01m[Kbool vehicle_core::AutopilotNode::requestControl()[m[K’:
[01m[K/home/avcpp/AV-CPP2025/Vehicle/src/vehicle_core/src/autopilot_node.cpp:154:22:[m[K [01;31m[Kerror: [m[Krequest for member ‘[01m[Kload[m[K’ in ‘[01m[K((vehicle_core::AutopilotNode*)this)->vehicle_core::AutopilotNode::control_[m[K’, which is of non-class type ‘[01m[Kbool[m[K’
  154 |         if (control_.[01;31m[Kload[m[K()) {
      |                      [01;31m[K^~~~[m[K
[01m[K/home/avcpp/AV-CPP2025/Vehicle/src/vehicle_core/src/autopilot_node.cpp:178:22:[m[K [01;31m[Kerror: [m[Krequest for member ‘[01m[Kstore[m[K’ in ‘[01m[K((vehicle_core::AutopilotNode*)this)->vehicle_core::AutopilotNode::control_[m[K’, which is of non-class type ‘[01m[Kbool[m[K’
  178 |             control_.[01;31m[Kstore[m[K(true);
      |                      [01;31m[K^~~~~[m[K
[01m[K/home/avcpp/AV-CPP2025/Vehicle/src/vehicle_core/src/autopilot_node.cpp:184:22:[m[K [01;31m[Kerror: [m[Krequest for member ‘[01m[Kstore[m[K’ in ‘[01m[K((vehicle_core::AutopilotNode*)this)->vehicle_core::AutopilotNode::control_[m[K’, which is of non-class type ‘[01m[Kbool[m[K’
  184 |             control_.[01;31m[Kstore[m[K(false);
      |                      [01;31m[K^~~~~[m[K
[01m[K/home/avcpp/AV-CPP2025/Vehicle/src/vehicle_core/src/autopilot_node.cpp:187:25:[m[K [01;31m[Kerror: [m[Krequest for member ‘[01m[Kload[m[K’ in ‘[01m[K((vehicle_core::AutopilotNode*)this)->vehicle_core::AutopilotNode::control_[m[K’, which is of non-class type ‘[01m[Kbool[m[K’
  187 |         return control_.[01;31m[Kload[m[K();
      |                         [01;31m[K^~~~[m[K
gmake[2]: *** [CMakeFiles/autopilot_node_component.dir/build.make:76: CMakeFiles/autopilot_node_component.dir/src/autopilot_node.cpp.o] Error 1
gmake[1]: *** [CMakeFiles/Makefile2:778: CMakeFiles/autopilot_node_component.dir/all] Error 2
gmake[1]: *** Waiting for unfinished jobs....
[ 99%] [32m[1mLinking CXX shared library libdrive_arbiter_node_component.so[0m
[ 99%] Built target drive_arbiter_node_component
gmake: *** [Makefile:146: all] Error 2
