[1.058s] Invoking command in '/home/avcpp/AV-CPP2025/Autopilot/src/opi_vision': PYTHONPATH=/home/avcpp/AV-CPP2025/Autopilot/build/opi_vision/prefix_override:/usr/lib/python3/dist-packages/colcon_core/task/python/colcon_distutils_commands:/home/avcpp/AV-CPP2025/Autopilot/install/opi_vision/lib/python3.10/site-packages:${PYTHONPATH} VIRTUAL_ENV_PROMPT=(.venv) /usr/bin/python3 -W ignore:setup.py install is deprecated -W ignore:easy_install command is deprecated setup.py egg_info --egg-base ../../build/opi_vision build --build-base /home/avcpp/AV-CPP2025/Autopilot/build/opi_vision/build install --record /home/avcpp/AV-CPP2025/Autopilot/build/opi_vision/install.log --single-version-externally-managed install_data
[1.331s] running egg_info
[1.332s] writing ../../build/opi_vision/opi_vision.egg-info/PKG-INFO
[1.333s] writing dependency_links to ../../build/opi_vision/opi_vision.egg-info/dependency_links.txt
[1.334s] writing entry points to ../../build/opi_vision/opi_vision.egg-info/entry_points.txt
[1.334s] writing requirements to ../../build/opi_vision/opi_vision.egg-info/requires.txt
[1.334s] writing top-level names to ../../build/opi_vision/opi_vision.egg-info/top_level.txt
[1.336s] reading manifest file '../../build/opi_vision/opi_vision.egg-info/SOURCES.txt'
[1.338s] writing manifest file '../../build/opi_vision/opi_vision.egg-info/SOURCES.txt'
[1.338s] running build
[1.339s] running build_py
[1.339s] running install
[1.339s] running install_lib
[1.341s] running install_data
[1.341s] running install_egg_info
[1.344s] removing '/home/avcpp/AV-CPP2025/Autopilot/install/opi_vision/lib/python3.10/site-packages/opi_vision-0.1.0-py3.10.egg-info' (and everything under it)
[1.345s] Copying ../../build/opi_vision/opi_vision.egg-info to /home/avcpp/AV-CPP2025/Autopilot/install/opi_vision/lib/python3.10/site-packages/opi_vision-0.1.0-py3.10.egg-info
[1.345s] running install_scripts
[1.378s] Installing image_rate script to /home/avcpp/AV-CPP2025/Autopilot/install/opi_vision/lib/opi_vision
[1.378s] Installing mjpeg_server script to /home/avcpp/AV-CPP2025/Autopilot/install/opi_vision/lib/opi_vision
[1.379s] Installing yolo_annotate script to /home/avcpp/AV-CPP2025/Autopilot/install/opi_vision/lib/opi_vision
[1.380s] writing list of installed files to '/home/avcpp/AV-CPP2025/Autopilot/build/opi_vision/install.log'
[1.470s] Invoked command in '/home/avcpp/AV-CPP2025/Autopilot/src/opi_vision' returned '0': PYTHONPATH=/home/avcpp/AV-CPP2025/Autopilot/build/opi_vision/prefix_override:/usr/lib/python3/dist-packages/colcon_core/task/python/colcon_distutils_commands:/home/avcpp/AV-CPP2025/Autopilot/install/opi_vision/lib/python3.10/site-packages:${PYTHONPATH} VIRTUAL_ENV_PROMPT=(.venv) /usr/bin/python3 -W ignore:setup.py install is deprecated -W ignore:easy_install command is deprecated setup.py egg_info --egg-base ../../build/opi_vision build --build-base /home/avcpp/AV-CPP2025/Autopilot/build/opi_vision/build install --record /home/avcpp/AV-CPP2025/Autopilot/build/opi_vision/install.log --single-version-externally-managed install_data
