running egg_info
writing ../../build/opi_vision/opi_vision.egg-info/PKG-INFO
writing dependency_links to ../../build/opi_vision/opi_vision.egg-info/dependency_links.txt
writing entry points to ../../build/opi_vision/opi_vision.egg-info/entry_points.txt
writing requirements to ../../build/opi_vision/opi_vision.egg-info/requires.txt
writing top-level names to ../../build/opi_vision/opi_vision.egg-info/top_level.txt
reading manifest file '../../build/opi_vision/opi_vision.egg-info/SOURCES.txt'
writing manifest file '../../build/opi_vision/opi_vision.egg-info/SOURCES.txt'
running build
running build_py
running install
running install_lib
running install_data
running install_egg_info
removing '/home/avcpp/AV-CPP2025/Autopilot/install/opi_vision/lib/python3.10/site-packages/opi_vision-0.1.0-py3.10.egg-info' (and everything under it)
Copying ../../build/opi_vision/opi_vision.egg-info to /home/avcpp/AV-CPP2025/Autopilot/install/opi_vision/lib/python3.10/site-packages/opi_vision-0.1.0-py3.10.egg-info
running install_scripts
Installing image_rate script to /home/avcpp/AV-CPP2025/Autopilot/install/opi_vision/lib/opi_vision
Installing mjpeg_server script to /home/avcpp/AV-CPP2025/Autopilot/install/opi_vision/lib/opi_vision
Installing yolo_annotate script to /home/avcpp/AV-CPP2025/Autopilot/install/opi_vision/lib/opi_vision
writing list of installed files to '/home/avcpp/AV-CPP2025/Autopilot/build/opi_vision/install.log'
