[  1%] Built target ament_cmake_python_symlink_vehicle_core
[ 11%] Built target vehicle_core__rosidl_generator_c
[ 12%] Built target vehicle_core__cpp
[ 13%] Built target vehicle_core_container
[ 24%] Built target vehicle_core__rosidl_typesupport_introspection_c
[ 35%] Built target vehicle_core__rosidl_typesupport_introspection_cpp
[ 46%] Built target vehicle_core__rosidl_typesupport_fastrtps_cpp
[ 57%] Built target vehicle_core__rosidl_typesupport_c
[ 68%] Built target vehicle_core__rosidl_typesupport_cpp
[ 79%] Built target vehicle_core__rosidl_typesupport_fastrtps_c
[ 79%] Built target vehicle_core
[ 80%] Built target tcp_server_node_component
[ 80%] Built target vehicle_core__py
[ 81%] Built target heading_calibrator_node_component
[35m[1mConsolidate compiler generated dependencies of target autopilot_node_component[0m
[ 82%] Built target drive_arbiter_node_component
[ 83%] Built target gst_camera_component
[ 85%] Built target state_manager_node_component
[ 85%] Built target gt_u7_gps_node_component
[ 85%] Built target i2c_bridge_node
[ 85%] [32mBuilding CXX object CMakeFiles/autopilot_node_component.dir/src/KmlPathLoader.cpp.o[0m
[ 96%] Built target vehicle_core__rosidl_generator_py
[01m[K/home/avcpp/AV-CPP2025/Vehicle/src/vehicle_core/src/KmlPathLoader.cpp:1:10:[m[K [01;31m[Kfatal error: [m[KAutopilot/KmlPathLoader.hpp: No such file or directory
    1 | #include [01;31m[K"Autopilot/KmlPathLoader.hpp"[m[K
      |          [01;31m[K^~~~~~~~~~~~~~~~~~~~~~~~~~~~~[m[K
compilation terminated.
gmake[2]: *** [CMakeFiles/autopilot_node_component.dir/build.make:90: CMakeFiles/autopilot_node_component.dir/src/KmlPathLoader.cpp.o] Error 1
gmake[1]: *** [CMakeFiles/Makefile2:778: CMakeFiles/autopilot_node_component.dir/all] Error 2
gmake[1]: *** Waiting for unfinished jobs....
[ 98%] Built target vehicle_core__rosidl_typesupport_introspection_c__pyext
[ 99%] Built target vehicle_core__rosidl_typesupport_fastrtps_c__pyext
[ 99%] Built target vehicle_core__rosidl_typesupport_c__pyext
running egg_info
writing vehicle_core.egg-info/PKG-INFO
writing dependency_links to vehicle_core.egg-info/dependency_links.txt
writing top-level names to vehicle_core.egg-info/top_level.txt
reading manifest file 'vehicle_core.egg-info/SOURCES.txt'
writing manifest file 'vehicle_core.egg-info/SOURCES.txt'
[ 99%] Built target ament_cmake_python_build_vehicle_core_egg
gmake: *** [Makefile:146: all] Error 2
