[ 11%] Built target vehicle_core__rosidl_generator_c
[ 11%] Built target ament_cmake_python_symlink_vehicle_core
[ 12%] Built target vehicle_core_container
[ 13%] Built target vehicle_core__cpp
[ 24%] Built target vehicle_core__rosidl_typesupport_introspection_c
[ 35%] Built target vehicle_core__rosidl_typesupport_fastrtps_cpp
[ 46%] Built target vehicle_core__rosidl_typesupport_cpp
[ 57%] Built target vehicle_core__rosidl_typesupport_introspection_cpp
[ 68%] Built target vehicle_core__rosidl_typesupport_c
[ 79%] Built target vehicle_core__rosidl_typesupport_fastrtps_c
[ 79%] Built target vehicle_core
[ 80%] Built target state_manager_node_component
[ 81%] Built target gt_u7_gps_node_component
[ 82%] Built target drive_arbiter_node_component
[ 82%] Built target vehicle_core__py
[ 83%] Built target heading_calibrator_node_component
[35m[1mConsolidate compiler generated dependencies of target autopilot_node_component[0m
[ 84%] Built target i2c_bridge_node
[ 84%] Built target tcp_server_node_component
[ 85%] Built target gst_camera_component
[ 85%] [32mBuilding CXX object CMakeFiles/autopilot_node_component.dir/src/autopilot_node.cpp.o[0m
[ 96%] Built target vehicle_core__rosidl_generator_py
[ 97%] Built target vehicle_core__rosidl_typesupport_fastrtps_c__pyext
[ 98%] Built target vehicle_core__rosidl_typesupport_c__pyext
running egg_info
[ 99%] Built target vehicle_core__rosidl_typesupport_introspection_c__pyext
writing vehicle_core.egg-info/PKG-INFO
writing dependency_links to vehicle_core.egg-info/dependency_links.txt
writing top-level names to vehicle_core.egg-info/top_level.txt
reading manifest file 'vehicle_core.egg-info/SOURCES.txt'
writing manifest file 'vehicle_core.egg-info/SOURCES.txt'
[ 99%] Built target ament_cmake_python_build_vehicle_core_egg
[01m[K/home/avcpp/AV-CPP2025/Vehicle/src/vehicle_core/src/autopilot_node.cpp:[m[K In member function ‘[01m[Kbool vehicle_core::AutopilotNode::requestControl()[m[K’:
[01m[K/home/avcpp/AV-CPP2025/Vehicle/src/vehicle_core/src/autopilot_node.cpp:172:13:[m[K [01;31m[Kerror: [m[K‘[01m[Kstatus[m[K’ was not declared in this scope; did you mean ‘[01m[Kstatic[m[K’?
  172 |         if ([01;31m[Kstatus[m[K != std::future_status::ready) {
      |             [01;31m[K^~~~~~[m[K
      |             [32m[Kstatic[m[K
[01m[K/home/avcpp/AV-CPP2025/Vehicle/src/vehicle_core/src/autopilot_node.cpp:166:14:[m[K [01;35m[Kwarning: [m[Kunused variable ‘[01m[Kresult[m[K’ [[01;35m[K]8;;https://gcc.gnu.org/onlinedocs/gcc/Warning-Options.html#index-Wunused-variable-Wunused-variable]8;;[m[K]
  166 |         auto [01;35m[Kresult[m[K = rclcpp::spin_until_future_complete(
      |              [01;35m[K^~~~~~[m[K
gmake[2]: *** [CMakeFiles/autopilot_node_component.dir/build.make:76: CMakeFiles/autopilot_node_component.dir/src/autopilot_node.cpp.o] Error 1
gmake[1]: *** [CMakeFiles/Makefile2:778: CMakeFiles/autopilot_node_component.dir/all] Error 2
gmake: *** [Makefile:146: all] Error 2
