[0.025s] Invoking command in '/home/avcpp/AV-CPP2025/Vehicle/build/vehicle_core': CMAKE_PREFIX_PATH=${CMAKE_PREFIX_PATH}:/opt/ros/humble /usr/bin/cmake --build /home/avcpp/AV-CPP2025/Vehicle/build/vehicle_core -- -j8 -l8
[0.243s] [ 11%] Built target vehicle_core__rosidl_generator_c
[0.246s] [ 11%] Built target ament_cmake_python_symlink_vehicle_core
[0.247s] [ 12%] Built target vehicle_core_container
[0.248s] [ 13%] Built target vehicle_core__cpp
[0.297s] [ 24%] Built target vehicle_core__rosidl_typesupport_introspection_c
[0.307s] [ 35%] Built target vehicle_core__rosidl_typesupport_fastrtps_cpp
[0.318s] [ 46%] Built target vehicle_core__rosidl_typesupport_cpp
[0.325s] [ 57%] Built target vehicle_core__rosidl_typesupport_introspection_cpp
[0.326s] [ 68%] Built target vehicle_core__rosidl_typesupport_c
[0.348s] [ 79%] Built target vehicle_core__rosidl_typesupport_fastrtps_c
[0.399s] [ 79%] Built target vehicle_core
[0.470s] [ 80%] Built target state_manager_node_component
[0.473s] [ 81%] Built target gt_u7_gps_node_component
[0.477s] [ 82%] Built target drive_arbiter_node_component
[0.492s] [ 82%] Built target vehicle_core__py
[0.495s] [ 83%] Built target heading_calibrator_node_component
[0.497s] [35m[1mConsolidate compiler generated dependencies of target autopilot_node_component[0m
[0.507s] [ 84%] Built target i2c_bridge_node
[0.507s] [ 84%] Built target tcp_server_node_component
[0.533s] [ 85%] Built target gst_camera_component
[0.542s] [ 85%] [32mBuilding CXX object CMakeFiles/autopilot_node_component.dir/src/autopilot_node.cpp.o[0m
[0.585s] [ 96%] Built target vehicle_core__rosidl_generator_py
[0.639s] [ 97%] Built target vehicle_core__rosidl_typesupport_fastrtps_c__pyext
[0.640s] [ 98%] Built target vehicle_core__rosidl_typesupport_c__pyext
[0.643s] running egg_info
[0.659s] [ 99%] Built target vehicle_core__rosidl_typesupport_introspection_c__pyext
[0.664s] writing vehicle_core.egg-info/PKG-INFO
[0.665s] writing dependency_links to vehicle_core.egg-info/dependency_links.txt
[0.666s] writing top-level names to vehicle_core.egg-info/top_level.txt
[0.726s] reading manifest file 'vehicle_core.egg-info/SOURCES.txt'
[0.729s] writing manifest file 'vehicle_core.egg-info/SOURCES.txt'
[0.865s] [ 99%] Built target ament_cmake_python_build_vehicle_core_egg
[5.651s] [01m[K/home/avcpp/AV-CPP2025/Vehicle/src/vehicle_core/src/autopilot_node.cpp:[m[K In member function ‘[01m[Kbool vehicle_core::AutopilotNode::requestControl()[m[K’:
[5.651s] [01m[K/home/avcpp/AV-CPP2025/Vehicle/src/vehicle_core/src/autopilot_node.cpp:172:13:[m[K [01;31m[Kerror: [m[K‘[01m[Kstatus[m[K’ was not declared in this scope; did you mean ‘[01m[Kstatic[m[K’?
[5.652s]   172 |         if ([01;31m[Kstatus[m[K != std::future_status::ready) {
[5.652s]       |             [01;31m[K^~~~~~[m[K
[5.652s]       |             [32m[Kstatic[m[K
[5.657s] [01m[K/home/avcpp/AV-CPP2025/Vehicle/src/vehicle_core/src/autopilot_node.cpp:166:14:[m[K [01;35m[Kwarning: [m[Kunused variable ‘[01m[Kresult[m[K’ [[01;35m[K]8;;https://gcc.gnu.org/onlinedocs/gcc/Warning-Options.html#index-Wunused-variable-Wunused-variable]8;;[m[K]
[5.658s]   166 |         auto [01;35m[Kresult[m[K = rclcpp::spin_until_future_complete(
[5.658s]       |              [01;35m[K^~~~~~[m[K
[11.992s] gmake[2]: *** [CMakeFiles/autopilot_node_component.dir/build.make:76: CMakeFiles/autopilot_node_component.dir/src/autopilot_node.cpp.o] Error 1
[11.993s] gmake[1]: *** [CMakeFiles/Makefile2:778: CMakeFiles/autopilot_node_component.dir/all] Error 2
[11.993s] gmake: *** [Makefile:146: all] Error 2
[12.003s] Invoked command in '/home/avcpp/AV-CPP2025/Vehicle/build/vehicle_core' returned '2': CMAKE_PREFIX_PATH=${CMAKE_PREFIX_PATH}:/opt/ros/humble /usr/bin/cmake --build /home/avcpp/AV-CPP2025/Vehicle/build/vehicle_core -- -j8 -l8
