[0.034s] Invoking command in '/home/avcpp/AV-CPP2025/Vehicle/build/computer_vision': CMAKE_PREFIX_PATH=/opt/ros/humble /usr/bin/cmake /home/avcpp/AV-CPP2025/Vehicle/src/computer_vision -DCMAKE_INSTALL_PREFIX=/home/avcpp/AV-CPP2025/Vehicle/install/computer_vision
[0.303s] -- The C compiler identification is GNU 11.4.0
[0.423s] -- The CXX compiler identification is GNU 11.4.0
[0.444s] -- Detecting C compiler ABI info
[0.598s] -- Detecting C compiler ABI info - done
[0.609s] -- Check for working C compiler: /usr/bin/cc - skipped
[0.613s] -- Detecting C compile features
[0.614s] -- Detecting C compile features - done
[0.620s] -- Detecting CXX compiler ABI info
[0.791s] -- Detecting CXX compiler ABI info - done
[0.801s] -- Check for working CXX compiler: /usr/bin/c++ - skipped
[0.802s] -- Detecting CXX compile features
[0.803s] -- Detecting CXX compile features - done
[0.810s] -- Found ament_cmake: 1.3.12 (/opt/ros/humble/share/ament_cmake/cmake)
[2.000s] -- Found Python3: /usr/bin/python3 (found version "3.10.12") found components: Interpreter 
[2.217s] -- Found rclcpp: 16.0.15 (/opt/ros/humble/share/rclcpp/cmake)
[2.299s] -- Found rosidl_generator_c: 3.1.7 (/opt/ros/humble/share/rosidl_generator_c/cmake)
[2.307s] -- Found rosidl_adapter: 3.1.7 (/opt/ros/humble/share/rosidl_adapter/cmake)
[2.320s] -- Found rosidl_generator_cpp: 3.1.7 (/opt/ros/humble/share/rosidl_generator_cpp/cmake)
[2.339s] -- Using all available rosidl_typesupport_c: rosidl_typesupport_fastrtps_c;rosidl_typesupport_introspection_c
[2.363s] -- Using all available rosidl_typesupport_cpp: rosidl_typesupport_fastrtps_cpp;rosidl_typesupport_introspection_cpp
[2.435s] -- Found rmw_implementation_cmake: 6.1.2 (/opt/ros/humble/share/rmw_implementation_cmake/cmake)
[2.439s] -- Found rmw_fastrtps_cpp: 6.2.8 (/opt/ros/humble/share/rmw_fastrtps_cpp/cmake)
[2.622s] -- Found OpenSSL: /usr/lib/aarch64-linux-gnu/libcrypto.so (found version "3.0.2")  
[2.664s] -- Found FastRTPS: /opt/ros/humble/include  
[2.723s] -- Using RMW implementation 'rmw_fastrtps_cpp' as default
[2.739s] -- Looking for pthread.h
[2.930s] -- Looking for pthread.h - found
[2.930s] -- Performing Test CMAKE_HAVE_LIBC_PTHREAD
[3.108s] -- Performing Test CMAKE_HAVE_LIBC_PTHREAD - Success
[3.108s] -- Found Threads: TRUE  
[3.238s] -- Found sensor_msgs: 4.9.0 (/opt/ros/humble/share/sensor_msgs/cmake)
[3.288s] -- Found cv_bridge: 3.2.1 (/opt/ros/humble/share/cv_bridge/cmake)
[3.315s] -- Found OpenCV: /usr (found version "4.5.4") 
[3.317s] -- Found rclcpp_components: 16.0.15 (/opt/ros/humble/share/rclcpp_components/cmake)
[3.515s] -- Configuring done
[3.538s] -- Generating done
[3.545s] -- Build files have been written to: /home/avcpp/AV-CPP2025/Vehicle/build/computer_vision
[3.567s] Invoked command in '/home/avcpp/AV-CPP2025/Vehicle/build/computer_vision' returned '0': CMAKE_PREFIX_PATH=/opt/ros/humble /usr/bin/cmake /home/avcpp/AV-CPP2025/Vehicle/src/computer_vision -DCMAKE_INSTALL_PREFIX=/home/avcpp/AV-CPP2025/Vehicle/install/computer_vision
[3.571s] Invoking command in '/home/avcpp/AV-CPP2025/Vehicle/build/computer_vision': CMAKE_PREFIX_PATH=/opt/ros/humble /usr/bin/cmake --build /home/avcpp/AV-CPP2025/Vehicle/build/computer_vision -- -j8 -l8
[3.722s] [ 50%] [32mBuilding CXX object CMakeFiles/computer_vision_node.dir/src/computer_vision_node.cpp.o[0m
[33.489s] [100%] [32m[1mLinking CXX shared library libcomputer_vision_node.so[0m
[35.015s] [100%] Built target computer_vision_node
[35.069s] Invoked command in '/home/avcpp/AV-CPP2025/Vehicle/build/computer_vision' returned '0': CMAKE_PREFIX_PATH=/opt/ros/humble /usr/bin/cmake --build /home/avcpp/AV-CPP2025/Vehicle/build/computer_vision -- -j8 -l8
[35.070s] Invoking command in '/home/avcpp/AV-CPP2025/Vehicle/build/computer_vision': CMAKE_PREFIX_PATH=/opt/ros/humble /usr/bin/cmake --install /home/avcpp/AV-CPP2025/Vehicle/build/computer_vision
[35.102s] -- Install configuration: ""
[35.103s] -- Installing: /home/avcpp/AV-CPP2025/Vehicle/install/computer_vision/lib/libcomputer_vision_node.so
[35.222s] -- Set runtime path of "/home/avcpp/AV-CPP2025/Vehicle/install/computer_vision/lib/libcomputer_vision_node.so" to ""
[35.222s] -- Installing: /home/avcpp/AV-CPP2025/Vehicle/install/computer_vision/include
[35.224s] -- Installing: /home/avcpp/AV-CPP2025/Vehicle/install/computer_vision/include/computer_vision
[35.225s] -- Installing: /home/avcpp/AV-CPP2025/Vehicle/install/computer_vision/include/computer_vision/computer_vision.hpp
[35.229s] -- Installing: /home/avcpp/AV-CPP2025/Vehicle/install/computer_vision/share/ament_index/resource_index/package_run_dependencies/computer_vision
[35.233s] -- Installing: /home/avcpp/AV-CPP2025/Vehicle/install/computer_vision/share/ament_index/resource_index/parent_prefix_path/computer_vision
[35.237s] -- Installing: /home/avcpp/AV-CPP2025/Vehicle/install/computer_vision/share/computer_vision/environment/ament_prefix_path.sh
[35.241s] -- Installing: /home/avcpp/AV-CPP2025/Vehicle/install/computer_vision/share/computer_vision/environment/ament_prefix_path.dsv
[35.244s] -- Installing: /home/avcpp/AV-CPP2025/Vehicle/install/computer_vision/share/computer_vision/environment/path.sh
[35.246s] -- Installing: /home/avcpp/AV-CPP2025/Vehicle/install/computer_vision/share/computer_vision/environment/path.dsv
[35.248s] -- Installing: /home/avcpp/AV-CPP2025/Vehicle/install/computer_vision/share/computer_vision/local_setup.bash
[35.249s] -- Installing: /home/avcpp/AV-CPP2025/Vehicle/install/computer_vision/share/computer_vision/local_setup.sh
[35.251s] -- Installing: /home/avcpp/AV-CPP2025/Vehicle/install/computer_vision/share/computer_vision/local_setup.zsh
[35.253s] -- Installing: /home/avcpp/AV-CPP2025/Vehicle/install/computer_vision/share/computer_vision/local_setup.dsv
[35.256s] -- Installing: /home/avcpp/AV-CPP2025/Vehicle/install/computer_vision/share/computer_vision/package.dsv
[35.258s] -- Installing: /home/avcpp/AV-CPP2025/Vehicle/install/computer_vision/share/ament_index/resource_index/packages/computer_vision
[35.261s] -- Installing: /home/avcpp/AV-CPP2025/Vehicle/install/computer_vision/share/ament_index/resource_index/rclcpp_components/computer_vision
[35.264s] -- Installing: /home/avcpp/AV-CPP2025/Vehicle/install/computer_vision/share/computer_vision/cmake/computer_visionConfig.cmake
[35.267s] -- Installing: /home/avcpp/AV-CPP2025/Vehicle/install/computer_vision/share/computer_vision/cmake/computer_visionConfig-version.cmake
[35.270s] -- Installing: /home/avcpp/AV-CPP2025/Vehicle/install/computer_vision/share/computer_vision/package.xml
[35.280s] Invoked command in '/home/avcpp/AV-CPP2025/Vehicle/build/computer_vision' returned '0': CMAKE_PREFIX_PATH=/opt/ros/humble /usr/bin/cmake --install /home/avcpp/AV-CPP2025/Vehicle/build/computer_vision
