[0.025s] Invoking command in '/home/avcpp/AV-CPP2025/Vehicle/build/vehicle_core': CMAKE_PREFIX_PATH=${CMAKE_PREFIX_PATH}:/opt/ros/humble /usr/bin/cmake /home/avcpp/AV-CPP2025/Vehicle/src/vehicle_core -DCMAKE_INSTALL_PREFIX=/home/avcpp/AV-CPP2025/Vehicle/install/vehicle_core
[0.346s] -- The C compiler identification is GNU 11.4.0
[0.609s] -- The CXX compiler identification is GNU 11.4.0
[0.629s] -- Detecting C compiler ABI info
[0.825s] -- Detecting C compiler ABI info - done
[0.864s] -- Check for working C compiler: /usr/bin/cc - skipped
[0.870s] -- Detecting C compile features
[0.872s] -- Detecting C compile features - done
[0.887s] -- Detecting CXX compiler ABI info
[1.125s] -- Detecting CXX compiler ABI info - done
[1.137s] -- Check for working CXX compiler: /usr/bin/c++ - skipped
[1.137s] -- Detecting CXX compile features
[1.138s] -- Detecting CXX compile features - done
[1.145s] -- Found ament_cmake: 1.3.12 (/opt/ros/humble/share/ament_cmake/cmake)
[1.933s] -- Found Python3: /usr/bin/python3 (found version "3.10.12") found components: Interpreter 
[2.130s] -- Found rclcpp: 16.0.15 (/opt/ros/humble/share/rclcpp/cmake)
[2.184s] -- Found rosidl_generator_c: 3.1.7 (/opt/ros/humble/share/rosidl_generator_c/cmake)
[2.190s] -- Found rosidl_adapter: 3.1.7 (/opt/ros/humble/share/rosidl_adapter/cmake)
[2.201s] -- Found rosidl_generator_cpp: 3.1.7 (/opt/ros/humble/share/rosidl_generator_cpp/cmake)
[2.218s] -- Using all available rosidl_typesupport_c: rosidl_typesupport_fastrtps_c;rosidl_typesupport_introspection_c
[2.242s] -- Using all available rosidl_typesupport_cpp: rosidl_typesupport_fastrtps_cpp;rosidl_typesupport_introspection_cpp
[2.305s] -- Found rmw_implementation_cmake: 6.1.2 (/opt/ros/humble/share/rmw_implementation_cmake/cmake)
[2.308s] -- Found rmw_fastrtps_cpp: 6.2.8 (/opt/ros/humble/share/rmw_fastrtps_cpp/cmake)
[2.469s] -- Found OpenSSL: /usr/lib/aarch64-linux-gnu/libcrypto.so (found version "3.0.2")  
[2.514s] -- Found FastRTPS: /opt/ros/humble/include  
[2.575s] -- Using RMW implementation 'rmw_fastrtps_cpp' as default
[2.591s] -- Looking for pthread.h
[2.814s] -- Looking for pthread.h - found
[2.815s] -- Performing Test CMAKE_HAVE_LIBC_PTHREAD
[3.035s] -- Performing Test CMAKE_HAVE_LIBC_PTHREAD - Success
[3.037s] -- Found Threads: TRUE  
[3.117s] -- Found rclcpp_components: 16.0.15 (/opt/ros/humble/share/rclcpp_components/cmake)
[3.158s] -- Found std_srvs: 4.9.0 (/opt/ros/humble/share/std_srvs/cmake)
[3.173s] -- Found rosidl_default_generators: 1.2.0 (/opt/ros/humble/share/rosidl_default_generators/cmake)
[3.187s] -- Found geometry_msgs: 4.9.0 (/opt/ros/humble/share/geometry_msgs/cmake)
[3.207s] -- Found nav_msgs: 4.9.0 (/opt/ros/humble/share/nav_msgs/cmake)
[3.236s] -- Found sensor_msgs: 4.9.0 (/opt/ros/humble/share/sensor_msgs/cmake)
[3.272s] -- Found tf2: 0.25.16 (/opt/ros/humble/share/tf2/cmake)
[3.279s] -- Found cv_bridge: 3.2.1 (/opt/ros/humble/share/cv_bridge/cmake)
[3.297s] -- Found robot_localization: 3.5.4 (/opt/ros/humble/share/robot_localization/cmake)
[3.407s] [31mCMake Error at CMakeLists.txt:48 (find_package):
[3.407s]   By not providing "FindGeographicLib.cmake" in CMAKE_MODULE_PATH this
[3.407s]   project has asked CMake to find a package configuration file provided by
[3.408s]   "GeographicLib", but CMake did not find one.
[3.408s] 
[3.408s]   Could not find a package configuration file provided by "GeographicLib"
[3.409s]   with any of the following names:
[3.409s] 
[3.409s]     GeographicLibConfig.cmake
[3.410s]     geographiclib-config.cmake
[3.410s] 
[3.410s]   Add the installation prefix of "GeographicLib" to CMAKE_PREFIX_PATH or set
[3.411s]   "GeographicLib_DIR" to a directory containing one of the above files.  If
[3.411s]   "GeographicLib" provides a separate development package or SDK, be sure it
[3.411s]   has been installed.
[3.412s] 
[3.412s] [0m
[3.412s] -- Configuring incomplete, errors occurred!
[3.413s] See also "/home/avcpp/AV-CPP2025/Vehicle/build/vehicle_core/CMakeFiles/CMakeOutput.log".
[3.445s] Invoked command in '/home/avcpp/AV-CPP2025/Vehicle/build/vehicle_core' returned '1': CMAKE_PREFIX_PATH=${CMAKE_PREFIX_PATH}:/opt/ros/humble /usr/bin/cmake /home/avcpp/AV-CPP2025/Vehicle/src/vehicle_core -DCMAKE_INSTALL_PREFIX=/home/avcpp/AV-CPP2025/Vehicle/install/vehicle_core
