[35m[1mConsolidate compiler generated dependencies of target vehicle_core_container[0m
[35m[1mConsolidate compiler generated dependencies of target vehicle_core__rosidl_generator_c[0m
[  1%] Built target vehicle_core__cpp
[  1%] Built target ament_cmake_python_symlink_vehicle_core
[  2%] Built target vehicle_core_container
[35m[1mConsolidate compiler generated dependencies of target vehicle_core__rosidl_typesupport_introspection_cpp[0m
[35m[1mConsolidate compiler generated dependencies of target vehicle_core__rosidl_typesupport_fastrtps_cpp[0m
[ 13%] Built target vehicle_core__rosidl_generator_c
[35m[1mConsolidate compiler generated dependencies of target vehicle_core__rosidl_typesupport_cpp[0m
[ 24%] Built target vehicle_core__rosidl_typesupport_fastrtps_cpp
[35m[1mConsolidate compiler generated dependencies of target vehicle_core__rosidl_typesupport_fastrtps_c[0m
[ 35%] Built target vehicle_core__rosidl_typesupport_introspection_cpp
[35m[1mConsolidate compiler generated dependencies of target vehicle_core__rosidl_typesupport_c[0m
[35m[1mConsolidate compiler generated dependencies of target vehicle_core__rosidl_typesupport_introspection_c[0m
[ 46%] Built target vehicle_core__rosidl_typesupport_cpp
[ 57%] Built target vehicle_core__rosidl_typesupport_introspection_c
[ 68%] Built target vehicle_core__rosidl_typesupport_c
[ 79%] Built target vehicle_core__rosidl_typesupport_fastrtps_c
[ 79%] Built target vehicle_core
[35m[1mConsolidate compiler generated dependencies of target heading_calibrator_node_component[0m
[35m[1mConsolidate compiler generated dependencies of target state_manager_node_component[0m
[35m[1mConsolidate compiler generated dependencies of target tcp_server_node_component[0m
[35m[1mConsolidate compiler generated dependencies of target i2c_bridge_node[0m
[ 80%] Built target heading_calibrator_node_component
[35m[1mConsolidate compiler generated dependencies of target gt_u7_gps_node_component[0m
[35m[1mConsolidate compiler generated dependencies of target drive_arbiter_node_component[0m
[ 81%] Built target state_manager_node_component
[ 81%] Built target vehicle_core__py
[ 82%] Built target gt_u7_gps_node_component
[ 82%] [32mBuilding CXX object CMakeFiles/autopilot_node_component.dir/src/autopilot_node.cpp.o[0m
[ 82%] Built target i2c_bridge_node
[ 83%] [32mBuilding CXX object CMakeFiles/autopilot_node_component.dir/src/KmlPathLoader.cpp.o[0m
[ 83%] Built target drive_arbiter_node_component
[ 84%] Built target tcp_server_node_component
running egg_info
[ 84%] [32mBuilding CXX object CMakeFiles/gst_camera_component.dir/src/gst_camera_node.cpp.o[0m
writing vehicle_core.egg-info/PKG-INFO
writing dependency_links to vehicle_core.egg-info/dependency_links.txt
writing top-level names to vehicle_core.egg-info/top_level.txt
[01m[K/home/avcpp/AV-CPP2025/Vehicle/src/vehicle_core/src/KmlPathLoader.cpp:1:10:[m[K [01;31m[Kfatal error: [m[Kkml_path_loader.hpp: No such file or directory
    1 | #include [01;31m[K"kml_path_loader.hpp"[m[K
      |          [01;31m[K^~~~~~~~~~~~~~~~~~~~~[m[K
compilation terminated.
gmake[2]: *** [CMakeFiles/autopilot_node_component.dir/build.make:90: CMakeFiles/autopilot_node_component.dir/src/KmlPathLoader.cpp.o] Error 1
gmake[2]: *** Waiting for unfinished jobs....
[ 85%] [32mBuilding C object CMakeFiles/vehicle_core__rosidl_generator_py.dir/rosidl_generator_py/vehicle_core/msg/_drive_target_s.c.o[0m
[ 85%] [32mBuilding C object CMakeFiles/vehicle_core__rosidl_generator_py.dir/rosidl_generator_py/vehicle_core/msg/_lights_command_s.c.o[0m
[ 85%] [32mBuilding C object CMakeFiles/vehicle_core__rosidl_generator_py.dir/rosidl_generator_py/vehicle_core/msg/_internal_drive_command_s.c.o[0m
[ 86%] [32mBuilding C object CMakeFiles/vehicle_core__rosidl_generator_py.dir/rosidl_generator_py/vehicle_core/msg/_manual_drive_command_s.c.o[0m
[ 87%] [32mBuilding C object CMakeFiles/vehicle_core__rosidl_generator_py.dir/rosidl_generator_py/vehicle_core/msg/_max_speed_s.c.o[0m
reading manifest file 'vehicle_core.egg-info/SOURCES.txt'
writing manifest file 'vehicle_core.egg-info/SOURCES.txt'
[ 87%] Built target ament_cmake_python_build_vehicle_core_egg
[ 87%] [32mBuilding C object CMakeFiles/vehicle_core__rosidl_generator_py.dir/rosidl_generator_py/vehicle_core/msg/_autopilot_command_s.c.o[0m
[ 87%] [32mBuilding C object CMakeFiles/vehicle_core__rosidl_generator_py.dir/rosidl_generator_py/vehicle_core/msg/_lights_status_s.c.o[0m
[ 88%] [32mBuilding C object CMakeFiles/vehicle_core__rosidl_generator_py.dir/rosidl_generator_py/vehicle_core/msg/_general_status_s.c.o[0m
[ 88%] [32mBuilding C object CMakeFiles/vehicle_core__rosidl_generator_py.dir/rosidl_generator_py/vehicle_core/msg/_drive_status_s.c.o[0m
[ 89%] [32mBuilding C object CMakeFiles/vehicle_core__rosidl_generator_py.dir/rosidl_generator_py/vehicle_core/msg/_autopilot_status_s.c.o[0m
[ 89%] [32mBuilding C object CMakeFiles/vehicle_core__rosidl_generator_py.dir/rosidl_generator_py/vehicle_core/msg/_telemetry_data_s.c.o[0m
[ 90%] [32mBuilding C object CMakeFiles/vehicle_core__rosidl_generator_py.dir/rosidl_generator_py/vehicle_core/msg/_error_s.c.o[0m
[ 91%] [32mBuilding C object CMakeFiles/vehicle_core__rosidl_generator_py.dir/rosidl_generator_py/vehicle_core/msg/_autopilot_config_s.c.o[0m
[ 91%] [32mBuilding C object CMakeFiles/vehicle_core__rosidl_generator_py.dir/rosidl_generator_py/vehicle_core/msg/_server_init_s.c.o[0m
[ 91%] [32mBuilding C object CMakeFiles/vehicle_core__rosidl_generator_py.dir/rosidl_generator_py/vehicle_core/msg/_perception_profile_s.c.o[0m
[ 92%] [32mBuilding C object CMakeFiles/vehicle_core__rosidl_generator_py.dir/rosidl_generator_py/vehicle_core/msg/_state_mode_s.c.o[0m
[ 92%] [32mBuilding C object CMakeFiles/vehicle_core__rosidl_generator_py.dir/rosidl_generator_py/vehicle_core/msg/_state_event_s.c.o[0m
[ 92%] [32mBuilding C object CMakeFiles/vehicle_core__rosidl_generator_py.dir/rosidl_generator_py/vehicle_core/msg/_drive_feedback_s.c.o[0m
[ 93%] [32mBuilding C object CMakeFiles/vehicle_core__rosidl_generator_py.dir/rosidl_generator_py/vehicle_core/msg/_imu_status_s.c.o[0m
[ 94%] [32mBuilding C object CMakeFiles/vehicle_core__rosidl_generator_py.dir/rosidl_generator_py/vehicle_core/srv/_release_internal_control_s.c.o[0m
[ 94%] [32mBuilding C object CMakeFiles/vehicle_core__rosidl_generator_py.dir/rosidl_generator_py/vehicle_core/srv/_request_internal_control_s.c.o[0m
[ 94%] [32mBuilding C object CMakeFiles/vehicle_core__rosidl_generator_py.dir/rosidl_generator_py/vehicle_core/srv/_set_autopilot_profile_s.c.o[0m
[ 95%] [32m[1mLinking C shared library rosidl_generator_py/vehicle_core/libvehicle_core__rosidl_generator_py.so[0m
[ 95%] Built target vehicle_core__rosidl_generator_py
[ 95%] [32mBuilding C object CMakeFiles/vehicle_core__rosidl_typesupport_introspection_c__pyext.dir/rosidl_generator_py/vehicle_core/_vehicle_core_s.ep.rosidl_typesupport_introspection_c.c.o[0m
[ 95%] [32mBuilding C object CMakeFiles/vehicle_core__rosidl_typesupport_fastrtps_c__pyext.dir/rosidl_generator_py/vehicle_core/_vehicle_core_s.ep.rosidl_typesupport_fastrtps_c.c.o[0m
[ 95%] [32mBuilding C object CMakeFiles/vehicle_core__rosidl_typesupport_c__pyext.dir/rosidl_generator_py/vehicle_core/_vehicle_core_s.ep.rosidl_typesupport_c.c.o[0m
[ 96%] [32m[1mLinking C shared library rosidl_generator_py/vehicle_core/vehicle_core_s__rosidl_typesupport_introspection_c.cpython-310-aarch64-linux-gnu.so[0m
[ 97%] [32m[1mLinking C shared library rosidl_generator_py/vehicle_core/vehicle_core_s__rosidl_typesupport_c.cpython-310-aarch64-linux-gnu.so[0m
[ 98%] [32m[1mLinking C shared library rosidl_generator_py/vehicle_core/vehicle_core_s__rosidl_typesupport_fastrtps_c.cpython-310-aarch64-linux-gnu.so[0m
[ 98%] Built target vehicle_core__rosidl_typesupport_introspection_c__pyext
[ 98%] Built target vehicle_core__rosidl_typesupport_c__pyext
[ 98%] Built target vehicle_core__rosidl_typesupport_fastrtps_c__pyext
In file included from [01m[K/home/avcpp/AV-CPP2025/Vehicle/src/vehicle_core/src/autopilot_node.cpp:1[m[K:
[01m[K/home/avcpp/AV-CPP2025/Vehicle/src/vehicle_core/include/vehicle_core/autopilot_node.hpp:29:38:[m[K [01;31m[Kerror: [m[K‘[01m[KTrigger[m[K’ is not a member of ‘[01m[Kvehicle_core::srv[m[K’; did you mean ‘[01m[Kstd_srvs::srv::Trigger[m[K’?
   29 |   rclcpp::Service<vehicle_core::srv::[01;31m[KTrigger[m[K>::SharedPtr srv_start_;
      |                                      [01;31m[K^~~~~~~[m[K
In file included from [01m[K/opt/ros/humble/include/std_srvs/std_srvs/srv/trigger.hpp:7[m[K,
                 from [01m[K/home/avcpp/AV-CPP2025/Vehicle/src/vehicle_core/include/vehicle_core/autopilot_node.hpp:5[m[K,
                 from [01m[K/home/avcpp/AV-CPP2025/Vehicle/src/vehicle_core/src/autopilot_node.cpp:1[m[K:
[01m[K/opt/ros/humble/include/std_srvs/std_srvs/srv/detail/trigger__struct.hpp:258:8:[m[K [01;36m[Knote: [m[K‘[01m[Kstd_srvs::srv::Trigger[m[K’ declared here
  258 | struct [01;36m[KTrigger[m[K
      |        [01;36m[K^~~~~~~[m[K
In file included from [01m[K/home/avcpp/AV-CPP2025/Vehicle/src/vehicle_core/src/autopilot_node.cpp:1[m[K:
[01m[K/home/avcpp/AV-CPP2025/Vehicle/src/vehicle_core/include/vehicle_core/autopilot_node.hpp:29:45:[m[K [01;31m[Kerror: [m[Ktemplate argument 1 is invalid
   29 |   rclcpp::Service<vehicle_core::srv::Trigger[01;31m[K>[m[K::SharedPtr srv_start_;
      |                                             [01;31m[K^[m[K
[01m[K/home/avcpp/AV-CPP2025/Vehicle/src/vehicle_core/include/vehicle_core/autopilot_node.hpp:29:48:[m[K [01;31m[Kerror: [m[Kexpected ‘[01m[K;[m[K’ at end of member declaration
   29 |   rclcpp::Service<vehicle_core::srv::Trigger>::[01;31m[KSharedPtr[m[K srv_start_;
      |                                                [01;31m[K^~~~~~~~~[m[K
      |                                                         [32m[K;[m[K
[01m[K/home/avcpp/AV-CPP2025/Vehicle/src/vehicle_core/include/vehicle_core/autopilot_node.hpp:29:58:[m[K [01;31m[Kerror: [m[K‘[01m[Ksrv_start_[m[K’ does not name a type; did you mean ‘[01m[Kva_start[m[K’?
   29 |   rclcpp::Service<vehicle_core::srv::Trigger>::SharedPtr [01;31m[Ksrv_start_[m[K;
      |                                                          [01;31m[K^~~~~~~~~~[m[K
      |                                                          [32m[Kva_start[m[K
[01m[K/home/avcpp/AV-CPP2025/Vehicle/src/vehicle_core/include/vehicle_core/autopilot_node.hpp:30:38:[m[K [01;31m[Kerror: [m[K‘[01m[KTrigger[m[K’ is not a member of ‘[01m[Kvehicle_core::srv[m[K’; did you mean ‘[01m[Kstd_srvs::srv::Trigger[m[K’?
   30 |   rclcpp::Service<vehicle_core::srv::[01;31m[KTrigger[m[K>::SharedPtr srv_cancel_;
      |                                      [01;31m[K^~~~~~~[m[K
In file included from [01m[K/opt/ros/humble/include/std_srvs/std_srvs/srv/trigger.hpp:7[m[K,
                 from [01m[K/home/avcpp/AV-CPP2025/Vehicle/src/vehicle_core/include/vehicle_core/autopilot_node.hpp:5[m[K,
                 from [01m[K/home/avcpp/AV-CPP2025/Vehicle/src/vehicle_core/src/autopilot_node.cpp:1[m[K:
[01m[K/opt/ros/humble/include/std_srvs/std_srvs/srv/detail/trigger__struct.hpp:258:8:[m[K [01;36m[Knote: [m[K‘[01m[Kstd_srvs::srv::Trigger[m[K’ declared here
  258 | struct [01;36m[KTrigger[m[K
      |        [01;36m[K^~~~~~~[m[K
In file included from [01m[K/home/avcpp/AV-CPP2025/Vehicle/src/vehicle_core/src/autopilot_node.cpp:1[m[K:
[01m[K/home/avcpp/AV-CPP2025/Vehicle/src/vehicle_core/include/vehicle_core/autopilot_node.hpp:30:45:[m[K [01;31m[Kerror: [m[Ktemplate argument 1 is invalid
   30 |   rclcpp::Service<vehicle_core::srv::Trigger[01;31m[K>[m[K::SharedPtr srv_cancel_;
      |                                             [01;31m[K^[m[K
[01m[K/home/avcpp/AV-CPP2025/Vehicle/src/vehicle_core/include/vehicle_core/autopilot_node.hpp:30:48:[m[K [01;31m[Kerror: [m[Kexpected ‘[01m[K;[m[K’ at end of member declaration
   30 |   rclcpp::Service<vehicle_core::srv::Trigger>::[01;31m[KSharedPtr[m[K srv_cancel_;
      |                                                [01;31m[K^~~~~~~~~[m[K
      |                                                         [32m[K;[m[K
[01m[K/home/avcpp/AV-CPP2025/Vehicle/src/vehicle_core/include/vehicle_core/autopilot_node.hpp:30:48:[m[K [01;31m[Kerror: [m[Kredeclaration of ‘[01m[Kint vehicle_core::AutopilotNode::SharedPtr[m[K’
[01m[K/home/avcpp/AV-CPP2025/Vehicle/src/vehicle_core/include/vehicle_core/autopilot_node.hpp:29:48:[m[K [01;36m[Knote: [m[Kprevious declaration ‘[01m[Kint vehicle_core::AutopilotNode::SharedPtr[m[K’
   29 |   rclcpp::Service<vehicle_core::srv::Trigger>::[01;36m[KSharedPtr[m[K srv_start_;
      |                                                [01;36m[K^~~~~~~~~[m[K
[01m[K/home/avcpp/AV-CPP2025/Vehicle/src/vehicle_core/include/vehicle_core/autopilot_node.hpp:30:58:[m[K [01;31m[Kerror: [m[K‘[01m[Ksrv_cancel_[m[K’ does not name a type
   30 |   rclcpp::Service<vehicle_core::srv::Trigger>::SharedPtr [01;31m[Ksrv_cancel_[m[K;
      |                                                          [01;31m[K^~~~~~~~~~~[m[K
[01m[K/home/avcpp/AV-CPP2025/Vehicle/src/vehicle_core/include/vehicle_core/autopilot_node.hpp:35:37:[m[K [01;31m[Kerror: [m[K‘[01m[KTrigger[m[K’ is not a member of ‘[01m[Kvehicle_core::srv[m[K’; did you mean ‘[01m[Kstd_srvs::srv::Trigger[m[K’?
   35 |   rclcpp::Client<vehicle_core::srv::[01;31m[KTrigger[m[K>::SharedPtr cli_notify_ready_;
      |                                     [01;31m[K^~~~~~~[m[K
In file included from [01m[K/opt/ros/humble/include/std_srvs/std_srvs/srv/trigger.hpp:7[m[K,
                 from [01m[K/home/avcpp/AV-CPP2025/Vehicle/src/vehicle_core/include/vehicle_core/autopilot_node.hpp:5[m[K,
                 from [01m[K/home/avcpp/AV-CPP2025/Vehicle/src/vehicle_core/src/autopilot_node.cpp:1[m[K:
[01m[K/opt/ros/humble/include/std_srvs/std_srvs/srv/detail/trigger__struct.hpp:258:8:[m[K [01;36m[Knote: [m[K‘[01m[Kstd_srvs::srv::Trigger[m[K’ declared here
  258 | struct [01;36m[KTrigger[m[K
      |        [01;36m[K^~~~~~~[m[K
In file included from [01m[K/home/avcpp/AV-CPP2025/Vehicle/src/vehicle_core/src/autopilot_node.cpp:1[m[K:
[01m[K/home/avcpp/AV-CPP2025/Vehicle/src/vehicle_core/include/vehicle_core/autopilot_node.hpp:35:44:[m[K [01;31m[Kerror: [m[Ktemplate argument 1 is invalid
   35 |   rclcpp::Client<vehicle_core::srv::Trigger[01;31m[K>[m[K::SharedPtr cli_notify_ready_;
      |                                            [01;31m[K^[m[K
[01m[K/home/avcpp/AV-CPP2025/Vehicle/src/vehicle_core/include/vehicle_core/autopilot_node.hpp:35:47:[m[K [01;31m[Kerror: [m[Kexpected ‘[01m[K;[m[K’ at end of member declaration
   35 |   rclcpp::Client<vehicle_core::srv::Trigger>::[01;31m[KSharedPtr[m[K cli_notify_ready_;
      |                                               [01;31m[K^~~~~~~~~[m[K
      |                                                        [32m[K;[m[K
[01m[K/home/avcpp/AV-CPP2025/Vehicle/src/vehicle_core/include/vehicle_core/autopilot_node.hpp:35:47:[m[K [01;31m[Kerror: [m[Kredeclaration of ‘[01m[Kint vehicle_core::AutopilotNode::SharedPtr[m[K’
[01m[K/home/avcpp/AV-CPP2025/Vehicle/src/vehicle_core/include/vehicle_core/autopilot_node.hpp:29:48:[m[K [01;36m[Knote: [m[Kprevious declaration ‘[01m[Kint vehicle_core::AutopilotNode::SharedPtr[m[K’
   29 |   rclcpp::Service<vehicle_core::srv::Trigger>::[01;36m[KSharedPtr[m[K srv_start_;
      |                                                [01;36m[K^~~~~~~~~[m[K
[01m[K/home/avcpp/AV-CPP2025/Vehicle/src/vehicle_core/include/vehicle_core/autopilot_node.hpp:35:57:[m[K [01;31m[Kerror: [m[K‘[01m[Kcli_notify_ready_[m[K’ does not name a type
   35 |   rclcpp::Client<vehicle_core::srv::Trigger>::SharedPtr [01;31m[Kcli_notify_ready_[m[K;
      |                                                         [01;31m[K^~~~~~~~~~~~~~~~~[m[K
[01m[K/home/avcpp/AV-CPP2025/Vehicle/src/vehicle_core/include/vehicle_core/autopilot_node.hpp:42:46:[m[K [01;31m[Kerror: [m[K‘[01m[KTrigger[m[K’ is not a member of ‘[01m[Kvehicle_core::srv[m[K’; did you mean ‘[01m[Kstd_srvs::srv::Trigger[m[K’?
   42 |     const std::shared_ptr<vehicle_core::srv::[01;31m[KTrigger[m[K::Request> req,
      |                                              [01;31m[K^~~~~~~[m[K
In file included from [01m[K/opt/ros/humble/include/std_srvs/std_srvs/srv/trigger.hpp:7[m[K,
                 from [01m[K/home/avcpp/AV-CPP2025/Vehicle/src/vehicle_core/include/vehicle_core/autopilot_node.hpp:5[m[K,
                 from [01m[K/home/avcpp/AV-CPP2025/Vehicle/src/vehicle_core/src/autopilot_node.cpp:1[m[K:
[01m[K/opt/ros/humble/include/std_srvs/std_srvs/srv/detail/trigger__struct.hpp:258:8:[m[K [01;36m[Knote: [m[K‘[01m[Kstd_srvs::srv::Trigger[m[K’ declared here
  258 | struct [01;36m[KTrigger[m[K
      |        [01;36m[K^~~~~~~[m[K
In file included from [01m[K/home/avcpp/AV-CPP2025/Vehicle/src/vehicle_core/src/autopilot_node.cpp:1[m[K:
[01m[K/home/avcpp/AV-CPP2025/Vehicle/src/vehicle_core/include/vehicle_core/autopilot_node.hpp:42:62:[m[K [01;31m[Kerror: [m[Ktemplate argument 1 is invalid
   42 |     const std::shared_ptr<vehicle_core::srv::Trigger::Request[01;31m[K>[m[K req,
      |                                                              [01;31m[K^[m[K
[01m[K/home/avcpp/AV-CPP2025/Vehicle/src/vehicle_core/include/vehicle_core/autopilot_node.hpp:42:46:[m[K [01;31m[Kerror: [m[K‘[01m[KTrigger[m[K’ is not a member of ‘[01m[Kvehicle_core::srv[m[K’; did you mean ‘[01m[Kstd_srvs::srv::Trigger[m[K’?
   42 |     const std::shared_ptr<vehicle_core::srv::[01;31m[KTrigger[m[K::Request> req,
      |                                              [01;31m[K^~~~~~~[m[K
In file included from [01m[K/opt/ros/humble/include/std_srvs/std_srvs/srv/trigger.hpp:7[m[K,
                 from [01m[K/home/avcpp/AV-CPP2025/Vehicle/src/vehicle_core/include/vehicle_core/autopilot_node.hpp:5[m[K,
                 from [01m[K/home/avcpp/AV-CPP2025/Vehicle/src/vehicle_core/src/autopilot_node.cpp:1[m[K:
[01m[K/opt/ros/humble/include/std_srvs/std_srvs/srv/detail/trigger__struct.hpp:258:8:[m[K [01;36m[Knote: [m[K‘[01m[Kstd_srvs::srv::Trigger[m[K’ declared here
  258 | struct [01;36m[KTrigger[m[K
      |        [01;36m[K^~~~~~~[m[K
In file included from [01m[K/home/avcpp/AV-CPP2025/Vehicle/src/vehicle_core/src/autopilot_node.cpp:1[m[K:
[01m[K/home/avcpp/AV-CPP2025/Vehicle/src/vehicle_core/include/vehicle_core/autopilot_node.hpp:42:62:[m[K [01;31m[Kerror: [m[Ktemplate argument 1 is invalid
   42 |     const std::shared_ptr<vehicle_core::srv::Trigger::Request[01;31m[K>[m[K req,
      |                                                              [01;31m[K^[m[K
[01m[K/home/avcpp/AV-CPP2025/Vehicle/src/vehicle_core/include/vehicle_core/autopilot_node.hpp:42:46:[m[K [01;31m[Kerror: [m[K‘[01m[KTrigger[m[K’ is not a member of ‘[01m[Kvehicle_core::srv[m[K’; did you mean ‘[01m[Kstd_srvs::srv::Trigger[m[K’?
   42 |     const std::shared_ptr<vehicle_core::srv::[01;31m[KTrigger[m[K::Request> req,
      |                                              [01;31m[K^~~~~~~[m[K
In file included from [01m[K/opt/ros/humble/include/std_srvs/std_srvs/srv/trigger.hpp:7[m[K,
                 from [01m[K/home/avcpp/AV-CPP2025/Vehicle/src/vehicle_core/include/vehicle_core/autopilot_node.hpp:5[m[K,
                 from [01m[K/home/avcpp/AV-CPP2025/Vehicle/src/vehicle_core/src/autopilot_node.cpp:1[m[K:
[01m[K/opt/ros/humble/include/std_srvs/std_srvs/srv/detail/trigger__struct.hpp:258:8:[m[K [01;36m[Knote: [m[K‘[01m[Kstd_srvs::srv::Trigger[m[K’ declared here
  258 | struct [01;36m[KTrigger[m[K
      |        [01;36m[K^~~~~~~[m[K
In file included from [01m[K/home/avcpp/AV-CPP2025/Vehicle/src/vehicle_core/src/autopilot_node.cpp:1[m[K:
[01m[K/home/avcpp/AV-CPP2025/Vehicle/src/vehicle_core/include/vehicle_core/autopilot_node.hpp:42:62:[m[K [01;31m[Kerror: [m[Ktemplate argument 1 is invalid
   42 |     const std::shared_ptr<vehicle_core::srv::Trigger::Request[01;31m[K>[m[K req,
      |                                                              [01;31m[K^[m[K
[01m[K/home/avcpp/AV-CPP2025/Vehicle/src/vehicle_core/include/vehicle_core/autopilot_node.hpp:42:11:[m[K [01;31m[Kerror: [m[Kinvalid template-id
   42 |     const [01;31m[Kstd[m[K::shared_ptr<vehicle_core::srv::Trigger::Request> req,
      |           [01;31m[K^~~[m[K
[01m[K/home/avcpp/AV-CPP2025/Vehicle/src/vehicle_core/include/vehicle_core/autopilot_node.hpp:42:46:[m[K [01;31m[Kerror: [m[K‘[01m[Kvehicle_core::srv::Trigger[m[K’ has not been declared
   42 |     const std::shared_ptr<vehicle_core::srv::[01;31m[KTrigger[m[K::Request> req,
      |                                              [01;31m[K^~~~~~~[m[K
[01m[K/home/avcpp/AV-CPP2025/Vehicle/src/vehicle_core/include/vehicle_core/autopilot_node.hpp:42:5:[m[K [01;31m[Kerror: [m[Kclass template placeholder ‘[01m[Kstd::shared_ptr[m[K’ not permitted in this context
   42 |     [01;31m[Kconst[m[K std::shared_ptr<vehicle_core::srv::Trigger::Request> req,
      |     [01;31m[K^~~~~[m[K
[01m[K/home/avcpp/AV-CPP2025/Vehicle/src/vehicle_core/include/vehicle_core/autopilot_node.hpp:43:40:[m[K [01;31m[Kerror: [m[K‘[01m[KTrigger[m[K’ is not a member of ‘[01m[Kvehicle_core::srv[m[K’; did you mean ‘[01m[Kstd_srvs::srv::Trigger[m[K’?
   43 |     std::shared_ptr<vehicle_core::srv::[01;31m[KTrigger[m[K::Response> res);
      |                                        [01;31m[K^~~~~~~[m[K
In file included from [01m[K/opt/ros/humble/include/std_srvs/std_srvs/srv/trigger.hpp:7[m[K,
                 from [01m[K/home/avcpp/AV-CPP2025/Vehicle/src/vehicle_core/include/vehicle_core/autopilot_node.hpp:5[m[K,
                 from [01m[K/home/avcpp/AV-CPP2025/Vehicle/src/vehicle_core/src/autopilot_node.cpp:1[m[K:
[01m[K/opt/ros/humble/include/std_srvs/std_srvs/srv/detail/trigger__struct.hpp:258:8:[m[K [01;36m[Knote: [m[K‘[01m[Kstd_srvs::srv::Trigger[m[K’ declared here
  258 | struct [01;36m[KTrigger[m[K
      |        [01;36m[K^~~~~~~[m[K
In file included from [01m[K/home/avcpp/AV-CPP2025/Vehicle/src/vehicle_core/src/autopilot_node.cpp:1[m[K:
[01m[K/home/avcpp/AV-CPP2025/Vehicle/src/vehicle_core/include/vehicle_core/autopilot_node.hpp:43:57:[m[K [01;31m[Kerror: [m[Ktemplate argument 1 is invalid
   43 |     std::shared_ptr<vehicle_core::srv::Trigger::Response[01;31m[K>[m[K res);
      |                                                         [01;31m[K^[m[K
[01m[K/home/avcpp/AV-CPP2025/Vehicle/src/vehicle_core/include/vehicle_core/autopilot_node.hpp:43:40:[m[K [01;31m[Kerror: [m[K‘[01m[KTrigger[m[K’ is not a member of ‘[01m[Kvehicle_core::srv[m[K’; did you mean ‘[01m[Kstd_srvs::srv::Trigger[m[K’?
   43 |     std::shared_ptr<vehicle_core::srv::[01;31m[KTrigger[m[K::Response> res);
      |                                        [01;31m[K^~~~~~~[m[K
In file included from [01m[K/opt/ros/humble/include/std_srvs/std_srvs/srv/trigger.hpp:7[m[K,
                 from [01m[K/home/avcpp/AV-CPP2025/Vehicle/src/vehicle_core/include/vehicle_core/autopilot_node.hpp:5[m[K,
                 from [01m[K/home/avcpp/AV-CPP2025/Vehicle/src/vehicle_core/src/autopilot_node.cpp:1[m[K:
[01m[K/opt/ros/humble/include/std_srvs/std_srvs/srv/detail/trigger__struct.hpp:258:8:[m[K [01;36m[Knote: [m[K‘[01m[Kstd_srvs::srv::Trigger[m[K’ declared here
  258 | struct [01;36m[KTrigger[m[K
      |        [01;36m[K^~~~~~~[m[K
In file included from [01m[K/home/avcpp/AV-CPP2025/Vehicle/src/vehicle_core/src/autopilot_node.cpp:1[m[K:
[01m[K/home/avcpp/AV-CPP2025/Vehicle/src/vehicle_core/include/vehicle_core/autopilot_node.hpp:43:57:[m[K [01;31m[Kerror: [m[Ktemplate argument 1 is invalid
   43 |     std::shared_ptr<vehicle_core::srv::Trigger::Response[01;31m[K>[m[K res);
      |                                                         [01;31m[K^[m[K
[01m[K/home/avcpp/AV-CPP2025/Vehicle/src/vehicle_core/include/vehicle_core/autopilot_node.hpp:43:40:[m[K [01;31m[Kerror: [m[K‘[01m[KTrigger[m[K’ is not a member of ‘[01m[Kvehicle_core::srv[m[K’; did you mean ‘[01m[Kstd_srvs::srv::Trigger[m[K’?
   43 |     std::shared_ptr<vehicle_core::srv::[01;31m[KTrigger[m[K::Response> res);
      |                                        [01;31m[K^~~~~~~[m[K
In file included from [01m[K/opt/ros/humble/include/std_srvs/std_srvs/srv/trigger.hpp:7[m[K,
                 from [01m[K/home/avcpp/AV-CPP2025/Vehicle/src/vehicle_core/include/vehicle_core/autopilot_node.hpp:5[m[K,
                 from [01m[K/home/avcpp/AV-CPP2025/Vehicle/src/vehicle_core/src/autopilot_node.cpp:1[m[K:
[01m[K/opt/ros/humble/include/std_srvs/std_srvs/srv/detail/trigger__struct.hpp:258:8:[m[K [01;36m[Knote: [m[K‘[01m[Kstd_srvs::srv::Trigger[m[K’ declared here
  258 | struct [01;36m[KTrigger[m[K
      |        [01;36m[K^~~~~~~[m[K
In file included from [01m[K/home/avcpp/AV-CPP2025/Vehicle/src/vehicle_core/src/autopilot_node.cpp:1[m[K:
[01m[K/home/avcpp/AV-CPP2025/Vehicle/src/vehicle_core/include/vehicle_core/autopilot_node.hpp:43:57:[m[K [01;31m[Kerror: [m[Ktemplate argument 1 is invalid
   43 |     std::shared_ptr<vehicle_core::srv::Trigger::Response[01;31m[K>[m[K res);
      |                                                         [01;31m[K^[m[K
[01m[K/home/avcpp/AV-CPP2025/Vehicle/src/vehicle_core/include/vehicle_core/autopilot_node.hpp:43:5:[m[K [01;31m[Kerror: [m[Kinvalid template-id
   43 |     [01;31m[Kstd[m[K::shared_ptr<vehicle_core::srv::Trigger::Response> res);
      |     [01;31m[K^~~[m[K
[01m[K/home/avcpp/AV-CPP2025/Vehicle/src/vehicle_core/include/vehicle_core/autopilot_node.hpp:43:40:[m[K [01;31m[Kerror: [m[K‘[01m[Kvehicle_core::srv::Trigger[m[K’ has not been declared
   43 |     std::shared_ptr<vehicle_core::srv::[01;31m[KTrigger[m[K::Response> res);
      |                                        [01;31m[K^~~~~~~[m[K
[01m[K/home/avcpp/AV-CPP2025/Vehicle/src/vehicle_core/include/vehicle_core/autopilot_node.hpp:43:5:[m[K [01;31m[Kerror: [m[Kclass template placeholder ‘[01m[Kstd::shared_ptr[m[K’ not permitted in this context
   43 |     [01;31m[Kstd[m[K::shared_ptr<vehicle_core::srv::Trigger::Response> res);
      |     [01;31m[K^~~[m[K
[01m[K/home/avcpp/AV-CPP2025/Vehicle/src/vehicle_core/include/vehicle_core/autopilot_node.hpp:45:46:[m[K [01;31m[Kerror: [m[K‘[01m[KTrigger[m[K’ is not a member of ‘[01m[Kvehicle_core::srv[m[K’; did you mean ‘[01m[Kstd_srvs::srv::Trigger[m[K’?
   45 |     const std::shared_ptr<vehicle_core::srv::[01;31m[KTrigger[m[K::Request> req,
      |                                              [01;31m[K^~~~~~~[m[K
In file included from [01m[K/opt/ros/humble/include/std_srvs/std_srvs/srv/trigger.hpp:7[m[K,
                 from [01m[K/home/avcpp/AV-CPP2025/Vehicle/src/vehicle_core/include/vehicle_core/autopilot_node.hpp:5[m[K,
                 from [01m[K/home/avcpp/AV-CPP2025/Vehicle/src/vehicle_core/src/autopilot_node.cpp:1[m[K:
[01m[K/opt/ros/humble/include/std_srvs/std_srvs/srv/detail/trigger__struct.hpp:258:8:[m[K [01;36m[Knote: [m[K‘[01m[Kstd_srvs::srv::Trigger[m[K’ declared here
  258 | struct [01;36m[KTrigger[m[K
      |        [01;36m[K^~~~~~~[m[K
In file included from [01m[K/home/avcpp/AV-CPP2025/Vehicle/src/vehicle_core/src/autopilot_node.cpp:1[m[K:
[01m[K/home/avcpp/AV-CPP2025/Vehicle/src/vehicle_core/include/vehicle_core/autopilot_node.hpp:45:62:[m[K [01;31m[Kerror: [m[Ktemplate argument 1 is invalid
   45 |     const std::shared_ptr<vehicle_core::srv::Trigger::Request[01;31m[K>[m[K req,
      |                                                              [01;31m[K^[m[K
[01m[K/home/avcpp/AV-CPP2025/Vehicle/src/vehicle_core/include/vehicle_core/autopilot_node.hpp:45:46:[m[K [01;31m[Kerror: [m[K‘[01m[KTrigger[m[K’ is not a member of ‘[01m[Kvehicle_core::srv[m[K’; did you mean ‘[01m[Kstd_srvs::srv::Trigger[m[K’?
   45 |     const std::shared_ptr<vehicle_core::srv::[01;31m[KTrigger[m[K::Request> req,
      |                                              [01;31m[K^~~~~~~[m[K
In file included from [01m[K/opt/ros/humble/include/std_srvs/std_srvs/srv/trigger.hpp:7[m[K,
                 from [01m[K/home/avcpp/AV-CPP2025/Vehicle/src/vehicle_core/include/vehicle_core/autopilot_node.hpp:5[m[K,
                 from [01m[K/home/avcpp/AV-CPP2025/Vehicle/src/vehicle_core/src/autopilot_node.cpp:1[m[K:
[01m[K/opt/ros/humble/include/std_srvs/std_srvs/srv/detail/trigger__struct.hpp:258:8:[m[K [01;36m[Knote: [m[K‘[01m[Kstd_srvs::srv::Trigger[m[K’ declared here
  258 | struct [01;36m[KTrigger[m[K
      |        [01;36m[K^~~~~~~[m[K
In file included from [01m[K/home/avcpp/AV-CPP2025/Vehicle/src/vehicle_core/src/autopilot_node.cpp:1[m[K:
[01m[K/home/avcpp/AV-CPP2025/Vehicle/src/vehicle_core/include/vehicle_core/autopilot_node.hpp:45:62:[m[K [01;31m[Kerror: [m[Ktemplate argument 1 is invalid
   45 |     const std::shared_ptr<vehicle_core::srv::Trigger::Request[01;31m[K>[m[K req,
      |                                                              [01;31m[K^[m[K
[01m[K/home/avcpp/AV-CPP2025/Vehicle/src/vehicle_core/include/vehicle_core/autopilot_node.hpp:45:46:[m[K [01;31m[Kerror: [m[K‘[01m[KTrigger[m[K’ is not a member of ‘[01m[Kvehicle_core::srv[m[K’; did you mean ‘[01m[Kstd_srvs::srv::Trigger[m[K’?
   45 |     const std::shared_ptr<vehicle_core::srv::[01;31m[KTrigger[m[K::Request> req,
      |                                              [01;31m[K^~~~~~~[m[K
In file included from [01m[K/opt/ros/humble/include/std_srvs/std_srvs/srv/trigger.hpp:7[m[K,
                 from [01m[K/home/avcpp/AV-CPP2025/Vehicle/src/vehicle_core/include/vehicle_core/autopilot_node.hpp:5[m[K,
                 from [01m[K/home/avcpp/AV-CPP2025/Vehicle/src/vehicle_core/src/autopilot_node.cpp:1[m[K:
[01m[K/opt/ros/humble/include/std_srvs/std_srvs/srv/detail/trigger__struct.hpp:258:8:[m[K [01;36m[Knote: [m[K‘[01m[Kstd_srvs::srv::Trigger[m[K’ declared here
  258 | struct [01;36m[KTrigger[m[K
      |        [01;36m[K^~~~~~~[m[K
In file included from [01m[K/home/avcpp/AV-CPP2025/Vehicle/src/vehicle_core/src/autopilot_node.cpp:1[m[K:
[01m[K/home/avcpp/AV-CPP2025/Vehicle/src/vehicle_core/include/vehicle_core/autopilot_node.hpp:45:62:[m[K [01;31m[Kerror: [m[Ktemplate argument 1 is invalid
   45 |     const std::shared_ptr<vehicle_core::srv::Trigger::Request[01;31m[K>[m[K req,
      |                                                              [01;31m[K^[m[K
[01m[K/home/avcpp/AV-CPP2025/Vehicle/src/vehicle_core/include/vehicle_core/autopilot_node.hpp:45:11:[m[K [01;31m[Kerror: [m[Kinvalid template-id
   45 |     const [01;31m[Kstd[m[K::shared_ptr<vehicle_core::srv::Trigger::Request> req,
      |           [01;31m[K^~~[m[K
[01m[K/home/avcpp/AV-CPP2025/Vehicle/src/vehicle_core/include/vehicle_core/autopilot_node.hpp:45:46:[m[K [01;31m[Kerror: [m[K‘[01m[Kvehicle_core::srv::Trigger[m[K’ has not been declared
   45 |     const std::shared_ptr<vehicle_core::srv::[01;31m[KTrigger[m[K::Request> req,
      |                                              [01;31m[K^~~~~~~[m[K
[01m[K/home/avcpp/AV-CPP2025/Vehicle/src/vehicle_core/include/vehicle_core/autopilot_node.hpp:45:5:[m[K [01;31m[Kerror: [m[Kclass template placeholder ‘[01m[Kstd::shared_ptr[m[K’ not permitted in this context
   45 |     [01;31m[Kconst[m[K std::shared_ptr<vehicle_core::srv::Trigger::Request> req,
      |     [01;31m[K^~~~~[m[K
[01m[K/home/avcpp/AV-CPP2025/Vehicle/src/vehicle_core/include/vehicle_core/autopilot_node.hpp:46:40:[m[K [01;31m[Kerror: [m[K‘[01m[KTrigger[m[K’ is not a member of ‘[01m[Kvehicle_core::srv[m[K’; did you mean ‘[01m[Kstd_srvs::srv::Trigger[m[K’?
   46 |     std::shared_ptr<vehicle_core::srv::[01;31m[KTrigger[m[K::Response> res);
      |                                        [01;31m[K^~~~~~~[m[K
In file included from [01m[K/opt/ros/humble/include/std_srvs/std_srvs/srv/trigger.hpp:7[m[K,
                 from [01m[K/home/avcpp/AV-CPP2025/Vehicle/src/vehicle_core/include/vehicle_core/autopilot_node.hpp:5[m[K,
                 from [01m[K/home/avcpp/AV-CPP2025/Vehicle/src/vehicle_core/src/autopilot_node.cpp:1[m[K:
[01m[K/opt/ros/humble/include/std_srvs/std_srvs/srv/detail/trigger__struct.hpp:258:8:[m[K [01;36m[Knote: [m[K‘[01m[Kstd_srvs::srv::Trigger[m[K’ declared here
  258 | struct [01;36m[KTrigger[m[K
      |        [01;36m[K^~~~~~~[m[K
In file included from [01m[K/home/avcpp/AV-CPP2025/Vehicle/src/vehicle_core/src/autopilot_node.cpp:1[m[K:
[01m[K/home/avcpp/AV-CPP2025/Vehicle/src/vehicle_core/include/vehicle_core/autopilot_node.hpp:46:57:[m[K [01;31m[Kerror: [m[Ktemplate argument 1 is invalid
   46 |     std::shared_ptr<vehicle_core::srv::Trigger::Response[01;31m[K>[m[K res);
      |                                                         [01;31m[K^[m[K
[01m[K/home/avcpp/AV-CPP2025/Vehicle/src/vehicle_core/include/vehicle_core/autopilot_node.hpp:46:40:[m[K [01;31m[Kerror: [m[K‘[01m[KTrigger[m[K’ is not a member of ‘[01m[Kvehicle_core::srv[m[K’; did you mean ‘[01m[Kstd_srvs::srv::Trigger[m[K’?
   46 |     std::shared_ptr<vehicle_core::srv::[01;31m[KTrigger[m[K::Response> res);
      |                                        [01;31m[K^~~~~~~[m[K
In file included from [01m[K/opt/ros/humble/include/std_srvs/std_srvs/srv/trigger.hpp:7[m[K,
                 from [01m[K/home/avcpp/AV-CPP2025/Vehicle/src/vehicle_core/include/vehicle_core/autopilot_node.hpp:5[m[K,
                 from [01m[K/home/avcpp/AV-CPP2025/Vehicle/src/vehicle_core/src/autopilot_node.cpp:1[m[K:
[01m[K/opt/ros/humble/include/std_srvs/std_srvs/srv/detail/trigger__struct.hpp:258:8:[m[K [01;36m[Knote: [m[K‘[01m[Kstd_srvs::srv::Trigger[m[K’ declared here
  258 | struct [01;36m[KTrigger[m[K
      |        [01;36m[K^~~~~~~[m[K
In file included from [01m[K/home/avcpp/AV-CPP2025/Vehicle/src/vehicle_core/src/autopilot_node.cpp:1[m[K:
[01m[K/home/avcpp/AV-CPP2025/Vehicle/src/vehicle_core/include/vehicle_core/autopilot_node.hpp:46:57:[m[K [01;31m[Kerror: [m[Ktemplate argument 1 is invalid
   46 |     std::shared_ptr<vehicle_core::srv::Trigger::Response[01;31m[K>[m[K res);
      |                                                         [01;31m[K^[m[K
[01m[K/home/avcpp/AV-CPP2025/Vehicle/src/vehicle_core/include/vehicle_core/autopilot_node.hpp:46:40:[m[K [01;31m[Kerror: [m[K‘[01m[KTrigger[m[K’ is not a member of ‘[01m[Kvehicle_core::srv[m[K’; did you mean ‘[01m[Kstd_srvs::srv::Trigger[m[K’?
   46 |     std::shared_ptr<vehicle_core::srv::[01;31m[KTrigger[m[K::Response> res);
      |                                        [01;31m[K^~~~~~~[m[K
In file included from [01m[K/opt/ros/humble/include/std_srvs/std_srvs/srv/trigger.hpp:7[m[K,
                 from [01m[K/home/avcpp/AV-CPP2025/Vehicle/src/vehicle_core/include/vehicle_core/autopilot_node.hpp:5[m[K,
                 from [01m[K/home/avcpp/AV-CPP2025/Vehicle/src/vehicle_core/src/autopilot_node.cpp:1[m[K:
[01m[K/opt/ros/humble/include/std_srvs/std_srvs/srv/detail/trigger__struct.hpp:258:8:[m[K [01;36m[Knote: [m[K‘[01m[Kstd_srvs::srv::Trigger[m[K’ declared here
  258 | struct [01;36m[KTrigger[m[K
      |        [01;36m[K^~~~~~~[m[K
In file included from [01m[K/home/avcpp/AV-CPP2025/Vehicle/src/vehicle_core/src/autopilot_node.cpp:1[m[K:
[01m[K/home/avcpp/AV-CPP2025/Vehicle/src/vehicle_core/include/vehicle_core/autopilot_node.hpp:46:57:[m[K [01;31m[Kerror: [m[Ktemplate argument 1 is invalid
   46 |     std::shared_ptr<vehicle_core::srv::Trigger::Response[01;31m[K>[m[K res);
      |                                                         [01;31m[K^[m[K
[01m[K/home/avcpp/AV-CPP2025/Vehicle/src/vehicle_core/include/vehicle_core/autopilot_node.hpp:46:5:[m[K [01;31m[Kerror: [m[Kinvalid template-id
   46 |     [01;31m[Kstd[m[K::shared_ptr<vehicle_core::srv::Trigger::Response> res);
      |     [01;31m[K^~~[m[K
[01m[K/home/avcpp/AV-CPP2025/Vehicle/src/vehicle_core/include/vehicle_core/autopilot_node.hpp:46:40:[m[K [01;31m[Kerror: [m[K‘[01m[Kvehicle_core::srv::Trigger[m[K’ has not been declared
   46 |     std::shared_ptr<vehicle_core::srv::[01;31m[KTrigger[m[K::Response> res);
      |                                        [01;31m[K^~~~~~~[m[K
[01m[K/home/avcpp/AV-CPP2025/Vehicle/src/vehicle_core/include/vehicle_core/autopilot_node.hpp:46:5:[m[K [01;31m[Kerror: [m[Kclass template placeholder ‘[01m[Kstd::shared_ptr[m[K’ not permitted in this context
   46 |     [01;31m[Kstd[m[K::shared_ptr<vehicle_core::srv::Trigger::Response> res);
      |     [01;31m[K^~~[m[K
[01m[K/home/avcpp/AV-CPP2025/Vehicle/src/vehicle_core/src/autopilot_node.cpp:[m[K In constructor ‘[01m[Kvehicle_core::AutopilotNode::AutopilotNode(const rclcpp::NodeOptions&)[m[K’:
[01m[K/home/avcpp/AV-CPP2025/Vehicle/src/vehicle_core/src/autopilot_node.cpp:27:9:[m[K [01;31m[Kerror: [m[K‘[01m[Kcli_notify_ready_[m[K’ was not declared in this scope
   27 |         [01;31m[Kcli_notify_ready_[m[K = create_client<vehicle_core::srv::Trigger>(
      |         [01;31m[K^~~~~~~~~~~~~~~~~[m[K
[01m[K/home/avcpp/AV-CPP2025/Vehicle/src/vehicle_core/src/autopilot_node.cpp:27:62:[m[K [01;31m[Kerror: [m[K‘[01m[KTrigger[m[K’ is not a member of ‘[01m[Kvehicle_core::srv[m[K’; did you mean ‘[01m[Kstd_srvs::srv::Trigger[m[K’?
   27 |         cli_notify_ready_ = create_client<vehicle_core::srv::[01;31m[KTrigger[m[K>(
      |                                                              [01;31m[K^~~~~~~[m[K
In file included from [01m[K/opt/ros/humble/include/std_srvs/std_srvs/srv/trigger.hpp:7[m[K,
                 from [01m[K/home/avcpp/AV-CPP2025/Vehicle/src/vehicle_core/include/vehicle_core/autopilot_node.hpp:5[m[K,
                 from [01m[K/home/avcpp/AV-CPP2025/Vehicle/src/vehicle_core/src/autopilot_node.cpp:1[m[K:
[01m[K/opt/ros/humble/include/std_srvs/std_srvs/srv/detail/trigger__struct.hpp:258:8:[m[K [01;36m[Knote: [m[K‘[01m[Kstd_srvs::srv::Trigger[m[K’ declared here
  258 | struct [01;36m[KTrigger[m[K
      |        [01;36m[K^~~~~~~[m[K
[01m[K/home/avcpp/AV-CPP2025/Vehicle/src/vehicle_core/src/autopilot_node.cpp:27:70:[m[K [01;31m[Kerror: [m[Kno matching function for call to ‘[01m[Kvehicle_core::AutopilotNode::create_client<<expression error> >(const char [31])[m[K’
   27 |         cli_notify_ready_ = [01;31m[Kcreate_client<vehicle_core::srv::Trigger>([m[K
      |                             [01;31m[K~~~~~~~~~~~~~~~~~~~~~~~~~~~~~~~~~~~~~~~~~^[m[K
   28 | [01;31m[K            "/state_manager/mark_auto_ready")[m[K;
      |             [01;31m[K~~~~~~~~~~~~~~~~~~~~~~~~~~~~~~~~~[m[K                         
In file included from [01m[K/opt/ros/humble/include/rclcpp/rclcpp/node.hpp:1321[m[K,
                 from [01m[K/opt/ros/humble/include/rclcpp/rclcpp/executors/single_threaded_executor.hpp:28[m[K,
                 from [01m[K/opt/ros/humble/include/rclcpp/rclcpp/executors.hpp:22[m[K,
                 from [01m[K/opt/ros/humble/include/rclcpp/rclcpp/rclcpp.hpp:155[m[K,
                 from [01m[K/home/avcpp/AV-CPP2025/Vehicle/src/vehicle_core/include/vehicle_core/autopilot_node.hpp:3[m[K,
                 from [01m[K/home/avcpp/AV-CPP2025/Vehicle/src/vehicle_core/src/autopilot_node.cpp:1[m[K:
[01m[K/opt/ros/humble/include/rclcpp/rclcpp/node_impl.hpp:125:1:[m[K [01;36m[Knote: [m[Kcandidate: ‘[01m[Ktemplate<class ServiceT> typename rclcpp::Client<ServiceT>::SharedPtr rclcpp::Node::create_client(const string&, const rmw_qos_profile_t&, rclcpp::CallbackGroup::SharedPtr)[m[K’
  125 | [01;36m[KNode[m[K::create_client(
      | [01;36m[K^~~~[m[K
[01m[K/opt/ros/humble/include/rclcpp/rclcpp/node_impl.hpp:125:1:[m[K [01;36m[Knote: [m[K  template argument deduction/substitution failed:
[01m[K/home/avcpp/AV-CPP2025/Vehicle/src/vehicle_core/src/autopilot_node.cpp:27:70:[m[K [01;31m[Kerror: [m[Ktemplate argument 1 is invalid
   27 |         cli_notify_ready_ = [01;31m[Kcreate_client<vehicle_core::srv::Trigger>([m[K
      |                             [01;31m[K~~~~~~~~~~~~~~~~~~~~~~~~~~~~~~~~~~~~~~~~~^[m[K
   28 | [01;31m[K            "/state_manager/mark_auto_ready")[m[K;
      |             [01;31m[K~~~~~~~~~~~~~~~~~~~~~~~~~~~~~~~~~[m[K                         
[01m[K/home/avcpp/AV-CPP2025/Vehicle/src/vehicle_core/src/autopilot_node.cpp:31:9:[m[K [01;31m[Kerror: [m[K‘[01m[Ksrv_start_[m[K’ was not declared in this scope; did you mean ‘[01m[Kva_start[m[K’?
   31 |         [01;31m[Ksrv_start_[m[K = create_service<vehicle_core::srv::Trigger>(
      |         [01;31m[K^~~~~~~~~~[m[K
      |         [32m[Kva_start[m[K
[01m[K/home/avcpp/AV-CPP2025/Vehicle/src/vehicle_core/src/autopilot_node.cpp:31:56:[m[K [01;31m[Kerror: [m[K‘[01m[KTrigger[m[K’ is not a member of ‘[01m[Kvehicle_core::srv[m[K’; did you mean ‘[01m[Kstd_srvs::srv::Trigger[m[K’?
   31 |         srv_start_ = create_service<vehicle_core::srv::[01;31m[KTrigger[m[K>(
      |                                                        [01;31m[K^~~~~~~[m[K
In file included from [01m[K/opt/ros/humble/include/std_srvs/std_srvs/srv/trigger.hpp:7[m[K,
                 from [01m[K/home/avcpp/AV-CPP2025/Vehicle/src/vehicle_core/include/vehicle_core/autopilot_node.hpp:5[m[K,
                 from [01m[K/home/avcpp/AV-CPP2025/Vehicle/src/vehicle_core/src/autopilot_node.cpp:1[m[K:
[01m[K/opt/ros/humble/include/std_srvs/std_srvs/srv/detail/trigger__struct.hpp:258:8:[m[K [01;36m[Knote: [m[K‘[01m[Kstd_srvs::srv::Trigger[m[K’ declared here
  258 | struct [01;36m[KTrigger[m[K
      |        [01;36m[K^~~~~~~[m[K
[01m[K/home/avcpp/AV-CPP2025/Vehicle/src/vehicle_core/src/autopilot_node.cpp:31:64:[m[K [01;31m[Kerror: [m[Kno matching function for call to ‘[01m[Kvehicle_core::AutopilotNode::create_service<<expression error> >(const char [17], std::_Bind_helper<false, void (vehicle_core::AutopilotNode::*)(...), vehicle_core::AutopilotNode*, const std::_Placeholder<1>&, const std::_Placeholder<2>&>::type)[m[K’
   31 |         srv_start_ = [01;31m[Kcreate_service<vehicle_core::srv::Trigger>([m[K
      |                      [01;31m[K~~~~~~~~~~~~~~~~~~~~~~~~~~~~~~~~~~~~~~~~~~^[m[K
   32 | [01;31m[K            "/autopilot/start", std::bind(&AutopilotNode::handleStart, this, std::placeholders::_1, std::placeholders::_2))[m[K;
      |             [01;31m[K~~~~~~~~~~~~~~~~~~~~~~~~~~~~~~~~~~~~~~~~~~~~~~~~~~~~~~~~~~~~~~~~~~~~~~~~~~~~~~~~~~~~~~~~~~~~~~~~~~~~~~~~~~~~~~~[m[K
In file included from [01m[K/opt/ros/humble/include/rclcpp/rclcpp/executors/single_threaded_executor.hpp:28[m[K,
                 from [01m[K/opt/ros/humble/include/rclcpp/rclcpp/executors.hpp:22[m[K,
                 from [01m[K/opt/ros/humble/include/rclcpp/rclcpp/rclcpp.hpp:155[m[K,
                 from [01m[K/home/avcpp/AV-CPP2025/Vehicle/src/vehicle_core/include/vehicle_core/autopilot_node.hpp:3[m[K,
                 from [01m[K/home/avcpp/AV-CPP2025/Vehicle/src/vehicle_core/src/autopilot_node.cpp:1[m[K:
[01m[K/opt/ros/humble/include/rclcpp/rclcpp/node.hpp:267:3:[m[K [01;36m[Knote: [m[Kcandidate: ‘[01m[Ktemplate<class ServiceT, class CallbackT> typename rclcpp::Service<ServiceT>::SharedPtr rclcpp::Node::create_service(const string&, CallbackT&&, const rmw_qos_profile_t&, rclcpp::CallbackGroup::SharedPtr)[m[K’
  267 |   [01;36m[Kcreate_service[m[K(
      |   [01;36m[K^~~~~~~~~~~~~~[m[K
[01m[K/opt/ros/humble/include/rclcpp/rclcpp/node.hpp:267:3:[m[K [01;36m[Knote: [m[K  template argument deduction/substitution failed:
[01m[K/home/avcpp/AV-CPP2025/Vehicle/src/vehicle_core/src/autopilot_node.cpp:31:64:[m[K [01;31m[Kerror: [m[Ktemplate argument 1 is invalid
   31 |         srv_start_ = [01;31m[Kcreate_service<vehicle_core::srv::Trigger>([m[K
      |                      [01;31m[K~~~~~~~~~~~~~~~~~~~~~~~~~~~~~~~~~~~~~~~~~~^[m[K
   32 | [01;31m[K            "/autopilot/start", std::bind(&AutopilotNode::handleStart, this, std::placeholders::_1, std::placeholders::_2))[m[K;
      |             [01;31m[K~~~~~~~~~~~~~~~~~~~~~~~~~~~~~~~~~~~~~~~~~~~~~~~~~~~~~~~~~~~~~~~~~~~~~~~~~~~~~~~~~~~~~~~~~~~~~~~~~~~~~~~~~~~~~~~[m[K
[01m[K/home/avcpp/AV-CPP2025/Vehicle/src/vehicle_core/src/autopilot_node.cpp:33:9:[m[K [01;31m[Kerror: [m[K‘[01m[Ksrv_cancel_[m[K’ was not declared in this scope; did you mean ‘[01m[Kcancel_[m[K’?
   33 |         [01;31m[Ksrv_cancel_[m[K = create_service<vehicle_core::srv::Trigger>(
      |         [01;31m[K^~~~~~~~~~~[m[K
      |         [32m[Kcancel_[m[K
[01m[K/home/avcpp/AV-CPP2025/Vehicle/src/vehicle_core/src/autopilot_node.cpp:33:57:[m[K [01;31m[Kerror: [m[K‘[01m[KTrigger[m[K’ is not a member of ‘[01m[Kvehicle_core::srv[m[K’; did you mean ‘[01m[Kstd_srvs::srv::Trigger[m[K’?
   33 |         srv_cancel_ = create_service<vehicle_core::srv::[01;31m[KTrigger[m[K>(
      |                                                         [01;31m[K^~~~~~~[m[K
In file included from [01m[K/opt/ros/humble/include/std_srvs/std_srvs/srv/trigger.hpp:7[m[K,
                 from [01m[K/home/avcpp/AV-CPP2025/Vehicle/src/vehicle_core/include/vehicle_core/autopilot_node.hpp:5[m[K,
                 from [01m[K/home/avcpp/AV-CPP2025/Vehicle/src/vehicle_core/src/autopilot_node.cpp:1[m[K:
[01m[K/opt/ros/humble/include/std_srvs/std_srvs/srv/detail/trigger__struct.hpp:258:8:[m[K [01;36m[Knote: [m[K‘[01m[Kstd_srvs::srv::Trigger[m[K’ declared here
  258 | struct [01;36m[KTrigger[m[K
      |        [01;36m[K^~~~~~~[m[K
[01m[K/home/avcpp/AV-CPP2025/Vehicle/src/vehicle_core/src/autopilot_node.cpp:33:65:[m[K [01;31m[Kerror: [m[Kno matching function for call to ‘[01m[Kvehicle_core::AutopilotNode::create_service<<expression error> >(const char [18], std::_Bind_helper<false, void (vehicle_core::AutopilotNode::*)(...), vehicle_core::AutopilotNode*, const std::_Placeholder<1>&, const std::_Placeholder<2>&>::type)[m[K’
   33 |         srv_cancel_ = [01;31m[Kcreate_service<vehicle_core::srv::Trigger>([m[K
      |                       [01;31m[K~~~~~~~~~~~~~~~~~~~~~~~~~~~~~~~~~~~~~~~~~~^[m[K
   34 | [01;31m[K            "/autopilot/cancel", std::bind(&AutopilotNode::handleCancel, this, std::placeholders::_1, std::placeholders::_2))[m[K;
      |             [01;31m[K~~~~~~~~~~~~~~~~~~~~~~~~~~~~~~~~~~~~~~~~~~~~~~~~~~~~~~~~~~~~~~~~~~~~~~~~~~~~~~~~~~~~~~~~~~~~~~~~~~~~~~~~~~~~~~~~~[m[K
In file included from [01m[K/opt/ros/humble/include/rclcpp/rclcpp/executors/single_threaded_executor.hpp:28[m[K,
                 from [01m[K/opt/ros/humble/include/rclcpp/rclcpp/executors.hpp:22[m[K,
                 from [01m[K/opt/ros/humble/include/rclcpp/rclcpp/rclcpp.hpp:155[m[K,
                 from [01m[K/home/avcpp/AV-CPP2025/Vehicle/src/vehicle_core/include/vehicle_core/autopilot_node.hpp:3[m[K,
                 from [01m[K/home/avcpp/AV-CPP2025/Vehicle/src/vehicle_core/src/autopilot_node.cpp:1[m[K:
[01m[K/opt/ros/humble/include/rclcpp/rclcpp/node.hpp:267:3:[m[K [01;36m[Knote: [m[Kcandidate: ‘[01m[Ktemplate<class ServiceT, class CallbackT> typename rclcpp::Service<ServiceT>::SharedPtr rclcpp::Node::create_service(const string&, CallbackT&&, const rmw_qos_profile_t&, rclcpp::CallbackGroup::SharedPtr)[m[K’
  267 |   [01;36m[Kcreate_service[m[K(
      |   [01;36m[K^~~~~~~~~~~~~~[m[K
[01m[K/opt/ros/humble/include/rclcpp/rclcpp/node.hpp:267:3:[m[K [01;36m[Knote: [m[K  template argument deduction/substitution failed:
[01m[K/home/avcpp/AV-CPP2025/Vehicle/src/vehicle_core/src/autopilot_node.cpp:33:65:[m[K [01;31m[Kerror: [m[Ktemplate argument 1 is invalid
   33 |         srv_cancel_ = [01;31m[Kcreate_service<vehicle_core::srv::Trigger>([m[K
      |                       [01;31m[K~~~~~~~~~~~~~~~~~~~~~~~~~~~~~~~~~~~~~~~~~~^[m[K
   34 | [01;31m[K            "/autopilot/cancel", std::bind(&AutopilotNode::handleCancel, this, std::placeholders::_1, std::placeholders::_2))[m[K;
      |             [01;31m[K~~~~~~~~~~~~~~~~~~~~~~~~~~~~~~~~~~~~~~~~~~~~~~~~~~~~~~~~~~~~~~~~~~~~~~~~~~~~~~~~~~~~~~~~~~~~~~~~~~~~~~~~~~~~~~~~~[m[K
[01m[K/home/avcpp/AV-CPP2025/Vehicle/src/vehicle_core/src/autopilot_node.cpp:[m[K At global scope:
[01m[K/home/avcpp/AV-CPP2025/Vehicle/src/vehicle_core/src/autopilot_node.cpp:51:50:[m[K [01;31m[Kerror: [m[K‘[01m[KTrigger[m[K’ is not a member of ‘[01m[Kvehicle_core::srv[m[K’; did you mean ‘[01m[Kstd_srvs::srv::Trigger[m[K’?
   51 |         const std::shared_ptr<vehicle_core::srv::[01;31m[KTrigger[m[K::Request> req,
      |                                                  [01;31m[K^~~~~~~[m[K
In file included from [01m[K/opt/ros/humble/include/std_srvs/std_srvs/srv/trigger.hpp:7[m[K,
                 from [01m[K/home/avcpp/AV-CPP2025/Vehicle/src/vehicle_core/include/vehicle_core/autopilot_node.hpp:5[m[K,
                 from [01m[K/home/avcpp/AV-CPP2025/Vehicle/src/vehicle_core/src/autopilot_node.cpp:1[m[K:
[01m[K/opt/ros/humble/include/std_srvs/std_srvs/srv/detail/trigger__struct.hpp:258:8:[m[K [01;36m[Knote: [m[K‘[01m[Kstd_srvs::srv::Trigger[m[K’ declared here
  258 | struct [01;36m[KTrigger[m[K
      |        [01;36m[K^~~~~~~[m[K
[01m[K/home/avcpp/AV-CPP2025/Vehicle/src/vehicle_core/src/autopilot_node.cpp:51:66:[m[K [01;31m[Kerror: [m[Ktemplate argument 1 is invalid
   51 |         const std::shared_ptr<vehicle_core::srv::Trigger::Request[01;31m[K>[m[K req,
      |                                                                  [01;31m[K^[m[K
[01m[K/home/avcpp/AV-CPP2025/Vehicle/src/vehicle_core/src/autopilot_node.cpp:51:50:[m[K [01;31m[Kerror: [m[K‘[01m[KTrigger[m[K’ is not a member of ‘[01m[Kvehicle_core::srv[m[K’; did you mean ‘[01m[Kstd_srvs::srv::Trigger[m[K’?
   51 |         const std::shared_ptr<vehicle_core::srv::[01;31m[KTrigger[m[K::Request> req,
      |                                                  [01;31m[K^~~~~~~[m[K
In file included from [01m[K/opt/ros/humble/include/std_srvs/std_srvs/srv/trigger.hpp:7[m[K,
                 from [01m[K/home/avcpp/AV-CPP2025/Vehicle/src/vehicle_core/include/vehicle_core/autopilot_node.hpp:5[m[K,
                 from [01m[K/home/avcpp/AV-CPP2025/Vehicle/src/vehicle_core/src/autopilot_node.cpp:1[m[K:
[01m[K/opt/ros/humble/include/std_srvs/std_srvs/srv/detail/trigger__struct.hpp:258:8:[m[K [01;36m[Knote: [m[K‘[01m[Kstd_srvs::srv::Trigger[m[K’ declared here
  258 | struct [01;36m[KTrigger[m[K
      |        [01;36m[K^~~~~~~[m[K
[01m[K/home/avcpp/AV-CPP2025/Vehicle/src/vehicle_core/src/autopilot_node.cpp:51:66:[m[K [01;31m[Kerror: [m[Ktemplate argument 1 is invalid
   51 |         const std::shared_ptr<vehicle_core::srv::Trigger::Request[01;31m[K>[m[K req,
      |                                                                  [01;31m[K^[m[K
[01m[K/home/avcpp/AV-CPP2025/Vehicle/src/vehicle_core/src/autopilot_node.cpp:51:50:[m[K [01;31m[Kerror: [m[K‘[01m[KTrigger[m[K’ is not a member of ‘[01m[Kvehicle_core::srv[m[K’; did you mean ‘[01m[Kstd_srvs::srv::Trigger[m[K’?
   51 |         const std::shared_ptr<vehicle_core::srv::[01;31m[KTrigger[m[K::Request> req,
      |                                                  [01;31m[K^~~~~~~[m[K
In file included from [01m[K/opt/ros/humble/include/std_srvs/std_srvs/srv/trigger.hpp:7[m[K,
                 from [01m[K/home/avcpp/AV-CPP2025/Vehicle/src/vehicle_core/include/vehicle_core/autopilot_node.hpp:5[m[K,
                 from [01m[K/home/avcpp/AV-CPP2025/Vehicle/src/vehicle_core/src/autopilot_node.cpp:1[m[K:
[01m[K/opt/ros/humble/include/std_srvs/std_srvs/srv/detail/trigger__struct.hpp:258:8:[m[K [01;36m[Knote: [m[K‘[01m[Kstd_srvs::srv::Trigger[m[K’ declared here
  258 | struct [01;36m[KTrigger[m[K
      |        [01;36m[K^~~~~~~[m[K
[01m[K/home/avcpp/AV-CPP2025/Vehicle/src/vehicle_core/src/autopilot_node.cpp:51:66:[m[K [01;31m[Kerror: [m[Ktemplate argument 1 is invalid
   51 |         const std::shared_ptr<vehicle_core::srv::Trigger::Request[01;31m[K>[m[K req,
      |                                                                  [01;31m[K^[m[K
[01m[K/home/avcpp/AV-CPP2025/Vehicle/src/vehicle_core/src/autopilot_node.cpp:51:15:[m[K [01;31m[Kerror: [m[Kinvalid template-id
   51 |         const [01;31m[Kstd[m[K::shared_ptr<vehicle_core::srv::Trigger::Request> req,
      |               [01;31m[K^~~[m[K
[01m[K/home/avcpp/AV-CPP2025/Vehicle/src/vehicle_core/src/autopilot_node.cpp:51:50:[m[K [01;31m[Kerror: [m[K‘[01m[KTrigger[m[K’ is not a member of ‘[01m[Kvehicle_core::srv[m[K’; did you mean ‘[01m[Kstd_srvs::srv::Trigger[m[K’?
   51 |         const std::shared_ptr<vehicle_core::srv::[01;31m[KTrigger[m[K::Request> req,
      |                                                  [01;31m[K^~~~~~~[m[K
In file included from [01m[K/opt/ros/humble/include/std_srvs/std_srvs/srv/trigger.hpp:7[m[K,
                 from [01m[K/home/avcpp/AV-CPP2025/Vehicle/src/vehicle_core/include/vehicle_core/autopilot_node.hpp:5[m[K,
                 from [01m[K/home/avcpp/AV-CPP2025/Vehicle/src/vehicle_core/src/autopilot_node.cpp:1[m[K:
[01m[K/opt/ros/humble/include/std_srvs/std_srvs/srv/detail/trigger__struct.hpp:258:8:[m[K [01;36m[Knote: [m[K‘[01m[Kstd_srvs::srv::Trigger[m[K’ declared here
  258 | struct [01;36m[KTrigger[m[K
      |        [01;36m[K^~~~~~~[m[K
[01m[K/home/avcpp/AV-CPP2025/Vehicle/src/vehicle_core/src/autopilot_node.cpp:50:10:[m[K [01;31m[Kerror: [m[Kvariable or field ‘[01m[KhandleStart[m[K’ declared void
   50 |     void [01;31m[KAutopilotNode[m[K::handleStart(
      |          [01;31m[K^~~~~~~~~~~~~[m[K
[01m[K/home/avcpp/AV-CPP2025/Vehicle/src/vehicle_core/src/autopilot_node.cpp:51:9:[m[K [01;31m[Kerror: [m[Kexpected primary-expression before ‘[01m[Kconst[m[K’
   51 |         [01;31m[Kconst[m[K std::shared_ptr<vehicle_core::srv::Trigger::Request> req,
      |         [01;31m[K^~~~~[m[K
[01m[K/home/avcpp/AV-CPP2025/Vehicle/src/vehicle_core/src/autopilot_node.cpp:52:44:[m[K [01;31m[Kerror: [m[K‘[01m[KTrigger[m[K’ is not a member of ‘[01m[Kvehicle_core::srv[m[K’; did you mean ‘[01m[Kstd_srvs::srv::Trigger[m[K’?
   52 |         std::shared_ptr<vehicle_core::srv::[01;31m[KTrigger[m[K::Response> res) {
      |                                            [01;31m[K^~~~~~~[m[K
In file included from [01m[K/opt/ros/humble/include/std_srvs/std_srvs/srv/trigger.hpp:7[m[K,
                 from [01m[K/home/avcpp/AV-CPP2025/Vehicle/src/vehicle_core/include/vehicle_core/autopilot_node.hpp:5[m[K,
                 from [01m[K/home/avcpp/AV-CPP2025/Vehicle/src/vehicle_core/src/autopilot_node.cpp:1[m[K:
[01m[K/opt/ros/humble/include/std_srvs/std_srvs/srv/detail/trigger__struct.hpp:258:8:[m[K [01;36m[Knote: [m[K‘[01m[Kstd_srvs::srv::Trigger[m[K’ declared here
  258 | struct [01;36m[KTrigger[m[K
      |        [01;36m[K^~~~~~~[m[K
[01m[K/home/avcpp/AV-CPP2025/Vehicle/src/vehicle_core/src/autopilot_node.cpp:52:61:[m[K [01;31m[Kerror: [m[Ktemplate argument 1 is invalid
   52 |         std::shared_ptr<vehicle_core::srv::Trigger::Response[01;31m[K>[m[K res) {
      |                                                             [01;31m[K^[m[K
[01m[K/home/avcpp/AV-CPP2025/Vehicle/src/vehicle_core/src/autopilot_node.cpp:63:50:[m[K [01;31m[Kerror: [m[K‘[01m[KTrigger[m[K’ is not a member of ‘[01m[Kvehicle_core::srv[m[K’; did you mean ‘[01m[Kstd_srvs::srv::Trigger[m[K’?
   63 |         const std::shared_ptr<vehicle_core::srv::[01;31m[KTrigger[m[K::Request> req,
      |                                                  [01;31m[K^~~~~~~[m[K
In file included from [01m[K/opt/ros/humble/include/std_srvs/std_srvs/srv/trigger.hpp:7[m[K,
                 from [01m[K/home/avcpp/AV-CPP2025/Vehicle/src/vehicle_core/include/vehicle_core/autopilot_node.hpp:5[m[K,
                 from [01m[K/home/avcpp/AV-CPP2025/Vehicle/src/vehicle_core/src/autopilot_node.cpp:1[m[K:
[01m[K/opt/ros/humble/include/std_srvs/std_srvs/srv/detail/trigger__struct.hpp:258:8:[m[K [01;36m[Knote: [m[K‘[01m[Kstd_srvs::srv::Trigger[m[K’ declared here
  258 | struct [01;36m[KTrigger[m[K
      |        [01;36m[K^~~~~~~[m[K
[01m[K/home/avcpp/AV-CPP2025/Vehicle/src/vehicle_core/src/autopilot_node.cpp:63:66:[m[K [01;31m[Kerror: [m[Ktemplate argument 1 is invalid
   63 |         const std::shared_ptr<vehicle_core::srv::Trigger::Request[01;31m[K>[m[K req,
      |                                                                  [01;31m[K^[m[K
[01m[K/home/avcpp/AV-CPP2025/Vehicle/src/vehicle_core/src/autopilot_node.cpp:63:50:[m[K [01;31m[Kerror: [m[K‘[01m[KTrigger[m[K’ is not a member of ‘[01m[Kvehicle_core::srv[m[K’; did you mean ‘[01m[Kstd_srvs::srv::Trigger[m[K’?
   63 |         const std::shared_ptr<vehicle_core::srv::[01;31m[KTrigger[m[K::Request> req,
      |                                                  [01;31m[K^~~~~~~[m[K
In file included from [01m[K/opt/ros/humble/include/std_srvs/std_srvs/srv/trigger.hpp:7[m[K,
                 from [01m[K/home/avcpp/AV-CPP2025/Vehicle/src/vehicle_core/include/vehicle_core/autopilot_node.hpp:5[m[K,
                 from [01m[K/home/avcpp/AV-CPP2025/Vehicle/src/vehicle_core/src/autopilot_node.cpp:1[m[K:
[01m[K/opt/ros/humble/include/std_srvs/std_srvs/srv/detail/trigger__struct.hpp:258:8:[m[K [01;36m[Knote: [m[K‘[01m[Kstd_srvs::srv::Trigger[m[K’ declared here
  258 | struct [01;36m[KTrigger[m[K
      |        [01;36m[K^~~~~~~[m[K
[01m[K/home/avcpp/AV-CPP2025/Vehicle/src/vehicle_core/src/autopilot_node.cpp:63:66:[m[K [01;31m[Kerror: [m[Ktemplate argument 1 is invalid
   63 |         const std::shared_ptr<vehicle_core::srv::Trigger::Request[01;31m[K>[m[K req,
      |                                                                  [01;31m[K^[m[K
[01m[K/home/avcpp/AV-CPP2025/Vehicle/src/vehicle_core/src/autopilot_node.cpp:63:50:[m[K [01;31m[Kerror: [m[K‘[01m[KTrigger[m[K’ is not a member of ‘[01m[Kvehicle_core::srv[m[K’; did you mean ‘[01m[Kstd_srvs::srv::Trigger[m[K’?
   63 |         const std::shared_ptr<vehicle_core::srv::[01;31m[KTrigger[m[K::Request> req,
      |                                                  [01;31m[K^~~~~~~[m[K
In file included from [01m[K/opt/ros/humble/include/std_srvs/std_srvs/srv/trigger.hpp:7[m[K,
                 from [01m[K/home/avcpp/AV-CPP2025/Vehicle/src/vehicle_core/include/vehicle_core/autopilot_node.hpp:5[m[K,
                 from [01m[K/home/avcpp/AV-CPP2025/Vehicle/src/vehicle_core/src/autopilot_node.cpp:1[m[K:
[01m[K/opt/ros/humble/include/std_srvs/std_srvs/srv/detail/trigger__struct.hpp:258:8:[m[K [01;36m[Knote: [m[K‘[01m[Kstd_srvs::srv::Trigger[m[K’ declared here
  258 | struct [01;36m[KTrigger[m[K
      |        [01;36m[K^~~~~~~[m[K
[01m[K/home/avcpp/AV-CPP2025/Vehicle/src/vehicle_core/src/autopilot_node.cpp:63:66:[m[K [01;31m[Kerror: [m[Ktemplate argument 1 is invalid
   63 |         const std::shared_ptr<vehicle_core::srv::Trigger::Request[01;31m[K>[m[K req,
      |                                                                  [01;31m[K^[m[K
[01m[K/home/avcpp/AV-CPP2025/Vehicle/src/vehicle_core/src/autopilot_node.cpp:63:15:[m[K [01;31m[Kerror: [m[Kinvalid template-id
   63 |         const [01;31m[Kstd[m[K::shared_ptr<vehicle_core::srv::Trigger::Request> req,
      |               [01;31m[K^~~[m[K
[01m[K/home/avcpp/AV-CPP2025/Vehicle/src/vehicle_core/src/autopilot_node.cpp:63:50:[m[K [01;31m[Kerror: [m[K‘[01m[KTrigger[m[K’ is not a member of ‘[01m[Kvehicle_core::srv[m[K’; did you mean ‘[01m[Kstd_srvs::srv::Trigger[m[K’?
   63 |         const std::shared_ptr<vehicle_core::srv::[01;31m[KTrigger[m[K::Request> req,
      |                                                  [01;31m[K^~~~~~~[m[K
In file included from [01m[K/opt/ros/humble/include/std_srvs/std_srvs/srv/trigger.hpp:7[m[K,
                 from [01m[K/home/avcpp/AV-CPP2025/Vehicle/src/vehicle_core/include/vehicle_core/autopilot_node.hpp:5[m[K,
                 from [01m[K/home/avcpp/AV-CPP2025/Vehicle/src/vehicle_core/src/autopilot_node.cpp:1[m[K:
[01m[K/opt/ros/humble/include/std_srvs/std_srvs/srv/detail/trigger__struct.hpp:258:8:[m[K [01;36m[Knote: [m[K‘[01m[Kstd_srvs::srv::Trigger[m[K’ declared here
  258 | struct [01;36m[KTrigger[m[K
      |        [01;36m[K^~~~~~~[m[K
[01m[K/home/avcpp/AV-CPP2025/Vehicle/src/vehicle_core/src/autopilot_node.cpp:62:10:[m[K [01;31m[Kerror: [m[Kvariable or field ‘[01m[KhandleCancel[m[K’ declared void
   62 |     void [01;31m[KAutopilotNode[m[K::handleCancel(
      |          [01;31m[K^~~~~~~~~~~~~[m[K
[01m[K/home/avcpp/AV-CPP2025/Vehicle/src/vehicle_core/src/autopilot_node.cpp:63:9:[m[K [01;31m[Kerror: [m[Kexpected primary-expression before ‘[01m[Kconst[m[K’
   63 |         [01;31m[Kconst[m[K std::shared_ptr<vehicle_core::srv::Trigger::Request> req,
      |         [01;31m[K^~~~~[m[K
[01m[K/home/avcpp/AV-CPP2025/Vehicle/src/vehicle_core/src/autopilot_node.cpp:64:44:[m[K [01;31m[Kerror: [m[K‘[01m[KTrigger[m[K’ is not a member of ‘[01m[Kvehicle_core::srv[m[K’; did you mean ‘[01m[Kstd_srvs::srv::Trigger[m[K’?
   64 |         std::shared_ptr<vehicle_core::srv::[01;31m[KTrigger[m[K::Response> res) {
      |                                            [01;31m[K^~~~~~~[m[K
In file included from [01m[K/opt/ros/humble/include/std_srvs/std_srvs/srv/trigger.hpp:7[m[K,
                 from [01m[K/home/avcpp/AV-CPP2025/Vehicle/src/vehicle_core/include/vehicle_core/autopilot_node.hpp:5[m[K,
                 from [01m[K/home/avcpp/AV-CPP2025/Vehicle/src/vehicle_core/src/autopilot_node.cpp:1[m[K:
[01m[K/opt/ros/humble/include/std_srvs/std_srvs/srv/detail/trigger__struct.hpp:258:8:[m[K [01;36m[Knote: [m[K‘[01m[Kstd_srvs::srv::Trigger[m[K’ declared here
  258 | struct [01;36m[KTrigger[m[K
      |        [01;36m[K^~~~~~~[m[K
[01m[K/home/avcpp/AV-CPP2025/Vehicle/src/vehicle_core/src/autopilot_node.cpp:64:61:[m[K [01;31m[Kerror: [m[Ktemplate argument 1 is invalid
   64 |         std::shared_ptr<vehicle_core::srv::Trigger::Response[01;31m[K>[m[K res) {
      |                                                             [01;31m[K^[m[K
[01m[K/home/avcpp/AV-CPP2025/Vehicle/src/vehicle_core/src/autopilot_node.cpp:[m[K In member function ‘[01m[Kvoid vehicle_core::AutopilotNode::publishDrive(double, double)[m[K’:
[01m[K/home/avcpp/AV-CPP2025/Vehicle/src/vehicle_core/src/autopilot_node.cpp:191:25:[m[K [01;31m[Kerror: [m[K‘[01m[Kclass rclcpp::Time[m[K’ has no member named ‘[01m[Kto_msg[m[K’
  191 |         m.stamp = now().[01;31m[Kto_msg[m[K();
      |                         [01;31m[K^~~~~~[m[K
[ 99%] [32m[1mLinking CXX shared library libgst_camera_component.so[0m
gmake[2]: *** [CMakeFiles/autopilot_node_component.dir/build.make:76: CMakeFiles/autopilot_node_component.dir/src/autopilot_node.cpp.o] Error 1
gmake[1]: *** [CMakeFiles/Makefile2:778: CMakeFiles/autopilot_node_component.dir/all] Error 2
gmake[1]: *** Waiting for unfinished jobs....
[ 99%] Built target gst_camera_component
gmake: *** [Makefile:146: all] Error 2
