[  1%] Built target vehicle_core_container
[  1%] Built target ament_cmake_python_symlink_vehicle_core
[  1%] Built target vehicle_core__cpp
[ 12%] Built target vehicle_core__rosidl_generator_c
[ 22%] Built target vehicle_core__rosidl_typesupport_cpp
[ 32%] Built target vehicle_core__rosidl_typesupport_fastrtps_cpp
[ 43%] Built target vehicle_core__rosidl_typesupport_introspection_cpp
[ 54%] Built target vehicle_core__rosidl_typesupport_c
[ 65%] Built target vehicle_core__rosidl_typesupport_introspection_c
[ 76%] Built target vehicle_core__rosidl_typesupport_fastrtps_c
[ 76%] Built target vehicle_core
[35m[1mConsolidate compiler generated dependencies of target tcp_server_node_component[0m
[35m[1mConsolidate compiler generated dependencies of target drive_arbiter_node_component[0m
[ 76%] [32mBuilding CXX object CMakeFiles/tcp_server_node_component.dir/src/tcp_server_node.cpp.o[0m
[ 80%] Built target i2c_bridge_node
[ 81%] Built target gt_u7_gps_node_component
[ 82%] Built target heading_calibrator_node_component
[ 82%] Built target vehicle_core__py
[ 83%] Built target drive_arbiter_node_component
[ 84%] Built target state_manager_node_component
[35m[1mConsolidate compiler generated dependencies of target autopilot_node_component[0m
[ 85%] Built target gst_camera_component
running egg_info
writing vehicle_core.egg-info/PKG-INFO
writing dependency_links to vehicle_core.egg-info/dependency_links.txt
writing top-level names to vehicle_core.egg-info/top_level.txt
[ 85%] [32mBuilding CXX object CMakeFiles/autopilot_node_component.dir/src/Autopilot/autopilot_node.cpp.o[0m
[ 95%] Built target vehicle_core__rosidl_generator_py
reading manifest file 'vehicle_core.egg-info/SOURCES.txt'
writing manifest file 'vehicle_core.egg-info/SOURCES.txt'
[ 96%] Built target vehicle_core__rosidl_typesupport_introspection_c__pyext
[ 98%] Built target vehicle_core__rosidl_typesupport_c__pyext
[ 98%] Built target vehicle_core__rosidl_typesupport_fastrtps_c__pyext
[ 98%] Built target ament_cmake_python_build_vehicle_core_egg
[ 98%] [32m[1mLinking CXX shared library libautopilot_node_component.so[0m
[ 99%] Built target autopilot_node_component
