[0.021s] Invoking command in '/home/avcpp/AV-CPP2025/Vehicle/build/vehicle_core': CMAKE_PREFIX_PATH=${CMAKE_PREFIX_PATH}:/opt/ros/humble /usr/bin/cmake --build /home/avcpp/AV-CPP2025/Vehicle/build/vehicle_core -- -j8 -l8
[0.229s] [  1%] Built target vehicle_core__cpp
[0.253s] [  7%] Built target vehicle_core_container
[0.254s] [ 13%] Built target vehicle_core__rosidl_generator_c
[0.257s] [ 13%] Built target ament_cmake_python_symlink_vehicle_core
[0.295s] [ 24%] Built target vehicle_core__rosidl_typesupport_cpp
[0.305s] [ 36%] Built target vehicle_core__rosidl_typesupport_fastrtps_c
[0.307s] [ 46%] Built target vehicle_core__rosidl_typesupport_introspection_cpp
[0.321s] [ 57%] Built target vehicle_core__rosidl_typesupport_c
[0.338s] [ 68%] Built target vehicle_core__rosidl_typesupport_introspection_c
[0.351s] [ 79%] Built target vehicle_core__rosidl_typesupport_fastrtps_cpp
[0.420s] [ 79%] Built target vehicle_core
[0.481s] [35m[1mConsolidate compiler generated dependencies of target drive_arbiter_node_component[0m
[0.482s] [ 80%] Built target tcp_server_node_component
[0.484s] [ 81%] Built target state_manager_node_component
[0.491s] [ 82%] Built target heading_calibrator_node_component
[0.509s] [ 82%] Built target vehicle_core__py
[0.513s] [ 82%] Built target i2c_bridge_node
[0.525s] [ 83%] Built target gt_u7_gps_node_component
[0.540s] [35m[1mConsolidate compiler generated dependencies of target autopilot_node_component[0m
[0.541s] [ 84%] Built target drive_arbiter_node_component
[0.568s] [ 85%] Built target gst_camera_component
[0.587s] [ 96%] Built target vehicle_core__rosidl_generator_py
[0.607s] [ 96%] [32mBuilding CXX object CMakeFiles/autopilot_node_component.dir/src/autopilot_node.cpp.o[0m
[0.622s] [ 98%] Built target vehicle_core__rosidl_typesupport_fastrtps_c__pyext
[0.622s] [ 98%] Built target vehicle_core__rosidl_typesupport_c__pyext
[0.632s] running egg_info
[0.651s] writing vehicle_core.egg-info/PKG-INFO
[0.652s] writing dependency_links to vehicle_core.egg-info/dependency_links.txt
[0.652s] writing top-level names to vehicle_core.egg-info/top_level.txt
[0.668s] [ 99%] Built target vehicle_core__rosidl_typesupport_introspection_c__pyext
[0.711s] reading manifest file 'vehicle_core.egg-info/SOURCES.txt'
[0.714s] writing manifest file 'vehicle_core.egg-info/SOURCES.txt'
[0.842s] [ 99%] Built target ament_cmake_python_build_vehicle_core_egg
[5.728s] [01m[K/home/avcpp/AV-CPP2025/Vehicle/src/vehicle_core/src/autopilot_node.cpp:[m[K In constructor ‘[01m[Kvehicle_core::AutopilotNode::AutopilotNode(const rclcpp::NodeOptions&)[m[K’:
[5.728s] [01m[K/home/avcpp/AV-CPP2025/Vehicle/src/vehicle_core/src/autopilot_node.cpp:25:17:[m[K [01;31m[Kerror: [m[K‘[01m[KClientOptions[m[K’ is not a member of ‘[01m[Krclcpp[m[K’; did you mean ‘[01m[KInitOptions[m[K’?
[5.729s]    25 |         rclcpp::[01;31m[KClientOptions[m[K cli_opts;
[5.729s]       |                 [01;31m[K^~~~~~~~~~~~~[m[K
[5.729s]       |                 [32m[KInitOptions[m[K
[5.741s] [01m[K/home/avcpp/AV-CPP2025/Vehicle/src/vehicle_core/src/autopilot_node.cpp:26:9:[m[K [01;31m[Kerror: [m[K‘[01m[Kcli_opts[m[K’ was not declared in this scope
[5.741s]    26 |         [01;31m[Kcli_opts[m[K.callback_group = control_cb_group_;
[5.742s]       |         [01;31m[K^~~~~~~~[m[K
[12.044s] gmake[2]: *** [CMakeFiles/autopilot_node_component.dir/build.make:76: CMakeFiles/autopilot_node_component.dir/src/autopilot_node.cpp.o] Error 1
[12.046s] gmake[1]: *** [CMakeFiles/Makefile2:778: CMakeFiles/autopilot_node_component.dir/all] Error 2
[12.046s] gmake: *** [Makefile:146: all] Error 2
[12.052s] Invoked command in '/home/avcpp/AV-CPP2025/Vehicle/build/vehicle_core' returned '2': CMAKE_PREFIX_PATH=${CMAKE_PREFIX_PATH}:/opt/ros/humble /usr/bin/cmake --build /home/avcpp/AV-CPP2025/Vehicle/build/vehicle_core -- -j8 -l8
