[0.021s] Invoking command in '/home/avcpp/AV-CPP2025/Vehicle/build/vehicle_core': CMAKE_PREFIX_PATH=${CMAKE_PREFIX_PATH}:/opt/ros/humble /usr/bin/cmake --build /home/avcpp/AV-CPP2025/Vehicle/build/vehicle_core -- -j8 -l8
[0.240s] [  1%] Built target vehicle_core__cpp
[0.273s] [  2%] Built target vehicle_core_container
[0.282s] [  2%] Built target ament_cmake_python_symlink_vehicle_core
[0.283s] [ 13%] Built target vehicle_core__rosidl_generator_c
[0.324s] [ 24%] Built target vehicle_core__rosidl_typesupport_fastrtps_cpp
[0.342s] [ 35%] Built target vehicle_core__rosidl_typesupport_c
[0.343s] [ 47%] Built target vehicle_core__rosidl_typesupport_introspection_cpp
[0.343s] [ 57%] Built target vehicle_core__rosidl_typesupport_cpp
[0.351s] [ 68%] Built target vehicle_core__rosidl_typesupport_fastrtps_c
[0.377s] [ 79%] Built target vehicle_core__rosidl_typesupport_introspection_c
[0.437s] [ 79%] Built target vehicle_core
[0.480s] [35m[1mConsolidate compiler generated dependencies of target drive_arbiter_node_component[0m
[0.482s] [ 79%] Built target vehicle_core__py
[0.521s] [ 80%] Built target tcp_server_node_component
[0.526s] [ 81%] Built target drive_arbiter_node_component
[0.527s] [ 82%] [32mBuilding CXX object CMakeFiles/state_manager_node_component.dir/src/state_manager.cpp.o[0m
[0.533s] [ 82%] Built target i2c_bridge_node
[0.539s] [ 83%] Built target heading_calibrator_node_component
[0.547s] [ 84%] Built target gt_u7_gps_node_component
[0.576s] [ 85%] Built target gst_camera_component
[0.586s] [ 86%] Built target autopilot_node_component
[0.616s] [ 97%] Built target vehicle_core__rosidl_generator_py
[0.621s] running egg_info
[0.641s] writing vehicle_core.egg-info/PKG-INFO
[0.642s] writing dependency_links to vehicle_core.egg-info/dependency_links.txt
[0.642s] writing top-level names to vehicle_core.egg-info/top_level.txt
[0.646s] [ 98%] Built target vehicle_core__rosidl_typesupport_fastrtps_c__pyext
[0.687s] [100%] Built target vehicle_core__rosidl_typesupport_c__pyext
[0.688s] [100%] Built target vehicle_core__rosidl_typesupport_introspection_c__pyext
[0.701s] reading manifest file 'vehicle_core.egg-info/SOURCES.txt'
[0.704s] writing manifest file 'vehicle_core.egg-info/SOURCES.txt'
[0.826s] [100%] Built target ament_cmake_python_build_vehicle_core_egg
[5.362s] [01m[K/home/avcpp/AV-CPP2025/Vehicle/src/vehicle_core/src/state_manager.cpp:[m[K In member function ‘[01m[Kvoid vehicle_core::StateManagerNode::onStatusTimer()[m[K’:
[5.363s] [01m[K/home/avcpp/AV-CPP2025/Vehicle/src/vehicle_core/src/state_manager.cpp:94:38:[m[K [01;31m[Kerror: [m[K‘[01m[Kclass rclcpp::Duration[m[K’ has no member named ‘[01m[Kmilliseconds[m[K’
[5.363s]    94 |       if ((now - arming_enter_time_).[01;31m[Kmilliseconds[m[K() > arming_timeout_ms_) {
[5.364s]       |                                      [01;31m[K^~~~~~~~~~~~[m[K
[13.043s] gmake[2]: *** [CMakeFiles/state_manager_node_component.dir/build.make:76: CMakeFiles/state_manager_node_component.dir/src/state_manager.cpp.o] Error 1
[13.044s] gmake[1]: *** [CMakeFiles/Makefile2:610: CMakeFiles/state_manager_node_component.dir/all] Error 2
[13.044s] gmake: *** [Makefile:146: all] Error 2
[13.050s] Invoked command in '/home/avcpp/AV-CPP2025/Vehicle/build/vehicle_core' returned '2': CMAKE_PREFIX_PATH=${CMAKE_PREFIX_PATH}:/opt/ros/humble /usr/bin/cmake --build /home/avcpp/AV-CPP2025/Vehicle/build/vehicle_core -- -j8 -l8
