[0.024s] Invoking command in '/home/avcpp/AV-CPP2025/Vehicle/build/vehicle_core': CMAKE_PREFIX_PATH=${CMAKE_PREFIX_PATH}:/opt/ros/humble /usr/bin/cmake --build /home/avcpp/AV-CPP2025/Vehicle/build/vehicle_core -- -j8 -l8
[0.257s] [  0%] Built target ament_cmake_python_symlink_vehicle_core
[0.264s] [  1%] Built target vehicle_core__cpp
[0.268s] [  2%] Built target vehicle_core_container
[0.294s] [ 13%] Built target vehicle_core__rosidl_generator_c
[0.340s] [ 24%] Built target vehicle_core__rosidl_typesupport_fastrtps_cpp
[0.341s] [ 35%] Built target vehicle_core__rosidl_typesupport_cpp
[0.344s] [ 57%] Built target vehicle_core__rosidl_typesupport_introspection_c
[0.345s] [ 57%] Built target vehicle_core__rosidl_typesupport_c
[0.391s] [ 68%] Built target vehicle_core__rosidl_typesupport_introspection_cpp
[0.416s] [ 79%] Built target vehicle_core__rosidl_typesupport_fastrtps_c
[0.459s] [ 79%] Built target vehicle_core
[0.509s] [ 80%] Built target tcp_server_node_component
[0.510s] [ 79%] Built target vehicle_core__py
[0.522s] [ 80%] Built target i2c_bridge_node
[0.539s] [ 81%] Built target gt_u7_gps_node_component
[0.540s] [35m[1mConsolidate compiler generated dependencies of target gst_camera_component[0m
[0.547s] [35m[1mConsolidate compiler generated dependencies of target vehicle_core__rosidl_generator_py[0m
[0.549s] [35m[1mConsolidate compiler generated dependencies of target autopilot_node_component[0m
[0.553s] [ 82%] Built target drive_arbiter_node_component
[0.556s] [ 83%] Built target state_manager_node_component
[0.566s] [ 84%] Built target heading_calibrator_node_component
[0.586s] [ 85%] Built target gst_camera_component
[0.599s] [ 85%] [32mBuilding CXX object CMakeFiles/autopilot_node_component.dir/src/autopilot_node.cpp.o[0m
[0.610s] [ 85%] [32mBuilding CXX object CMakeFiles/autopilot_node_component.dir/src/KmlPathLoader.cpp.o[0m
[0.616s] [ 96%] Built target vehicle_core__rosidl_generator_py
[0.630s] [01m[K/home/avcpp/AV-CPP2025/Vehicle/src/vehicle_core/src/KmlPathLoader.cpp:1:10:[m[K [01;31m[Kfatal error: [m[Kkml_path_loader.hpp: No such file or directory
[0.631s]     1 | #include [01;31m[K"kml_path_loader.hpp"[m[K
[0.631s]       |          [01;31m[K^~~~~~~~~~~~~~~~~~~~~[m[K
[0.632s] compilation terminated.
[0.632s] gmake[2]: *** [CMakeFiles/autopilot_node_component.dir/build.make:90: CMakeFiles/autopilot_node_component.dir/src/KmlPathLoader.cpp.o] Error 1
[0.632s] gmake[2]: *** Waiting for unfinished jobs....
[0.634s] [35m[1mConsolidate compiler generated dependencies of target vehicle_core__rosidl_typesupport_fastrtps_c__pyext[0m
[0.640s] [35m[1mConsolidate compiler generated dependencies of target vehicle_core__rosidl_typesupport_introspection_c__pyext[0m
[0.642s] running egg_info
[0.647s] [35m[1mConsolidate compiler generated dependencies of target vehicle_core__rosidl_typesupport_c__pyext[0m
[0.661s] writing vehicle_core.egg-info/PKG-INFO
[0.662s] writing dependency_links to vehicle_core.egg-info/dependency_links.txt
[0.662s] writing top-level names to vehicle_core.egg-info/top_level.txt
[0.671s] [ 97%] Built target vehicle_core__rosidl_typesupport_fastrtps_c__pyext
[0.675s] [ 98%] Built target vehicle_core__rosidl_typesupport_introspection_c__pyext
[0.689s] [ 99%] Built target vehicle_core__rosidl_typesupport_c__pyext
[0.717s] reading manifest file 'vehicle_core.egg-info/SOURCES.txt'
[0.719s] writing manifest file 'vehicle_core.egg-info/SOURCES.txt'
[0.829s] [ 99%] Built target ament_cmake_python_build_vehicle_core_egg
[4.951s] In file included from [01m[K/home/avcpp/AV-CPP2025/Vehicle/src/vehicle_core/src/autopilot_node.cpp:1[m[K:
[4.951s] [01m[K/home/avcpp/AV-CPP2025/Vehicle/src/vehicle_core/include/vehicle_core/autopilot_node.hpp:29:38:[m[K [01;31m[Kerror: [m[K‘[01m[KTrigger[m[K’ is not a member of ‘[01m[Kvehicle_core::srv[m[K’; did you mean ‘[01m[Kstd_srvs::srv::Trigger[m[K’?
[4.952s]    29 |   rclcpp::Service<vehicle_core::srv::[01;31m[KTrigger[m[K>::SharedPtr srv_start_;
[4.952s]       |                                      [01;31m[K^~~~~~~[m[K
[4.953s] In file included from [01m[K/opt/ros/humble/include/std_srvs/std_srvs/srv/trigger.hpp:7[m[K,
[4.953s]                  from [01m[K/home/avcpp/AV-CPP2025/Vehicle/src/vehicle_core/include/vehicle_core/autopilot_node.hpp:5[m[K,
[4.954s]                  from [01m[K/home/avcpp/AV-CPP2025/Vehicle/src/vehicle_core/src/autopilot_node.cpp:1[m[K:
[4.954s] [01m[K/opt/ros/humble/include/std_srvs/std_srvs/srv/detail/trigger__struct.hpp:258:8:[m[K [01;36m[Knote: [m[K‘[01m[Kstd_srvs::srv::Trigger[m[K’ declared here
[4.954s]   258 | struct [01;36m[KTrigger[m[K
[4.955s]       |        [01;36m[K^~~~~~~[m[K
[4.956s] In file included from [01m[K/home/avcpp/AV-CPP2025/Vehicle/src/vehicle_core/src/autopilot_node.cpp:1[m[K:
[4.956s] [01m[K/home/avcpp/AV-CPP2025/Vehicle/src/vehicle_core/include/vehicle_core/autopilot_node.hpp:29:45:[m[K [01;31m[Kerror: [m[Ktemplate argument 1 is invalid
[4.957s]    29 |   rclcpp::Service<vehicle_core::srv::Trigger[01;31m[K>[m[K::SharedPtr srv_start_;
[4.957s]       |                                             [01;31m[K^[m[K
[4.958s] [01m[K/home/avcpp/AV-CPP2025/Vehicle/src/vehicle_core/include/vehicle_core/autopilot_node.hpp:29:48:[m[K [01;31m[Kerror: [m[Kexpected ‘[01m[K;[m[K’ at end of member declaration
[4.959s]    29 |   rclcpp::Service<vehicle_core::srv::Trigger>::[01;31m[KSharedPtr[m[K srv_start_;
[4.959s]       |                                                [01;31m[K^~~~~~~~~[m[K
[4.959s]       |                                                         [32m[K;[m[K
[4.960s] [01m[K/home/avcpp/AV-CPP2025/Vehicle/src/vehicle_core/include/vehicle_core/autopilot_node.hpp:29:58:[m[K [01;31m[Kerror: [m[K‘[01m[Ksrv_start_[m[K’ does not name a type; did you mean ‘[01m[Kva_start[m[K’?
[4.960s]    29 |   rclcpp::Service<vehicle_core::srv::Trigger>::SharedPtr [01;31m[Ksrv_start_[m[K;
[4.961s]       |                                                          [01;31m[K^~~~~~~~~~[m[K
[4.961s]       |                                                          [32m[Kva_start[m[K
[4.961s] [01m[K/home/avcpp/AV-CPP2025/Vehicle/src/vehicle_core/include/vehicle_core/autopilot_node.hpp:30:38:[m[K [01;31m[Kerror: [m[K‘[01m[KTrigger[m[K’ is not a member of ‘[01m[Kvehicle_core::srv[m[K’; did you mean ‘[01m[Kstd_srvs::srv::Trigger[m[K’?
[4.962s]    30 |   rclcpp::Service<vehicle_core::srv::[01;31m[KTrigger[m[K>::SharedPtr srv_cancel_;
[4.962s]       |                                      [01;31m[K^~~~~~~[m[K
[4.962s] In file included from [01m[K/opt/ros/humble/include/std_srvs/std_srvs/srv/trigger.hpp:7[m[K,
[4.963s]                  from [01m[K/home/avcpp/AV-CPP2025/Vehicle/src/vehicle_core/include/vehicle_core/autopilot_node.hpp:5[m[K,
[4.963s]                  from [01m[K/home/avcpp/AV-CPP2025/Vehicle/src/vehicle_core/src/autopilot_node.cpp:1[m[K:
[4.963s] [01m[K/opt/ros/humble/include/std_srvs/std_srvs/srv/detail/trigger__struct.hpp:258:8:[m[K [01;36m[Knote: [m[K‘[01m[Kstd_srvs::srv::Trigger[m[K’ declared here
[4.963s]   258 | struct [01;36m[KTrigger[m[K
[4.963s]       |        [01;36m[K^~~~~~~[m[K
[4.963s] In file included from [01m[K/home/avcpp/AV-CPP2025/Vehicle/src/vehicle_core/src/autopilot_node.cpp:1[m[K:
[4.963s] [01m[K/home/avcpp/AV-CPP2025/Vehicle/src/vehicle_core/include/vehicle_core/autopilot_node.hpp:30:45:[m[K [01;31m[Kerror: [m[Ktemplate argument 1 is invalid
[4.963s]    30 |   rclcpp::Service<vehicle_core::srv::Trigger[01;31m[K>[m[K::SharedPtr srv_cancel_;
[4.963s]       |                                             [01;31m[K^[m[K
[4.963s] [01m[K/home/avcpp/AV-CPP2025/Vehicle/src/vehicle_core/include/vehicle_core/autopilot_node.hpp:30:48:[m[K [01;31m[Kerror: [m[Kexpected ‘[01m[K;[m[K’ at end of member declaration
[4.963s]    30 |   rclcpp::Service<vehicle_core::srv::Trigger>::[01;31m[KSharedPtr[m[K srv_cancel_;
[4.963s]       |                                                [01;31m[K^~~~~~~~~[m[K
[4.963s]       |                                                         [32m[K;[m[K
[4.964s] [01m[K/home/avcpp/AV-CPP2025/Vehicle/src/vehicle_core/include/vehicle_core/autopilot_node.hpp:30:48:[m[K [01;31m[Kerror: [m[Kredeclaration of ‘[01m[Kint vehicle_core::AutopilotNode::SharedPtr[m[K’
[4.964s] [01m[K/home/avcpp/AV-CPP2025/Vehicle/src/vehicle_core/include/vehicle_core/autopilot_node.hpp:29:48:[m[K [01;36m[Knote: [m[Kprevious declaration ‘[01m[Kint vehicle_core::AutopilotNode::SharedPtr[m[K’
[4.964s]    29 |   rclcpp::Service<vehicle_core::srv::Trigger>::[01;36m[KSharedPtr[m[K srv_start_;
[4.964s]       |                                                [01;36m[K^~~~~~~~~[m[K
[4.964s] [01m[K/home/avcpp/AV-CPP2025/Vehicle/src/vehicle_core/include/vehicle_core/autopilot_node.hpp:30:58:[m[K [01;31m[Kerror: [m[K‘[01m[Ksrv_cancel_[m[K’ does not name a type
[4.964s]    30 |   rclcpp::Service<vehicle_core::srv::Trigger>::SharedPtr [01;31m[Ksrv_cancel_[m[K;
[4.964s]       |                                                          [01;31m[K^~~~~~~~~~~[m[K
[5.166s] [01m[K/home/avcpp/AV-CPP2025/Vehicle/src/vehicle_core/include/vehicle_core/autopilot_node.hpp:35:37:[m[K [01;31m[Kerror: [m[K‘[01m[KTrigger[m[K’ is not a member of ‘[01m[Kvehicle_core::srv[m[K’; did you mean ‘[01m[Kstd_srvs::srv::Trigger[m[K’?
[5.166s]    35 |   rclcpp::Client<vehicle_core::srv::[01;31m[KTrigger[m[K>::SharedPtr cli_notify_ready_;
[5.166s]       |                                     [01;31m[K^~~~~~~[m[K
[5.166s] In file included from [01m[K/opt/ros/humble/include/std_srvs/std_srvs/srv/trigger.hpp:7[m[K,
[5.166s]                  from [01m[K/home/avcpp/AV-CPP2025/Vehicle/src/vehicle_core/include/vehicle_core/autopilot_node.hpp:5[m[K,
[5.166s]                  from [01m[K/home/avcpp/AV-CPP2025/Vehicle/src/vehicle_core/src/autopilot_node.cpp:1[m[K:
[5.166s] [01m[K/opt/ros/humble/include/std_srvs/std_srvs/srv/detail/trigger__struct.hpp:258:8:[m[K [01;36m[Knote: [m[K‘[01m[Kstd_srvs::srv::Trigger[m[K’ declared here
[5.166s]   258 | struct [01;36m[KTrigger[m[K
[5.166s]       |        [01;36m[K^~~~~~~[m[K
[5.167s] In file included from [01m[K/home/avcpp/AV-CPP2025/Vehicle/src/vehicle_core/src/autopilot_node.cpp:1[m[K:
[5.167s] [01m[K/home/avcpp/AV-CPP2025/Vehicle/src/vehicle_core/include/vehicle_core/autopilot_node.hpp:35:44:[m[K [01;31m[Kerror: [m[Ktemplate argument 1 is invalid
[5.167s]    35 |   rclcpp::Client<vehicle_core::srv::Trigger[01;31m[K>[m[K::SharedPtr cli_notify_ready_;
[5.167s]       |                                            [01;31m[K^[m[K
[5.167s] [01m[K/home/avcpp/AV-CPP2025/Vehicle/src/vehicle_core/include/vehicle_core/autopilot_node.hpp:35:47:[m[K [01;31m[Kerror: [m[Kexpected ‘[01m[K;[m[K’ at end of member declaration
[5.167s]    35 |   rclcpp::Client<vehicle_core::srv::Trigger>::[01;31m[KSharedPtr[m[K cli_notify_ready_;
[5.167s]       |                                               [01;31m[K^~~~~~~~~[m[K
[5.167s]       |                                                        [32m[K;[m[K
[5.167s] [01m[K/home/avcpp/AV-CPP2025/Vehicle/src/vehicle_core/include/vehicle_core/autopilot_node.hpp:35:47:[m[K [01;31m[Kerror: [m[Kredeclaration of ‘[01m[Kint vehicle_core::AutopilotNode::SharedPtr[m[K’
[5.167s] [01m[K/home/avcpp/AV-CPP2025/Vehicle/src/vehicle_core/include/vehicle_core/autopilot_node.hpp:29:48:[m[K [01;36m[Knote: [m[Kprevious declaration ‘[01m[Kint vehicle_core::AutopilotNode::SharedPtr[m[K’
[5.167s]    29 |   rclcpp::Service<vehicle_core::srv::Trigger>::[01;36m[KSharedPtr[m[K srv_start_;
[5.167s]       |                                                [01;36m[K^~~~~~~~~[m[K
[5.172s] [01m[K/home/avcpp/AV-CPP2025/Vehicle/src/vehicle_core/include/vehicle_core/autopilot_node.hpp:35:57:[m[K [01;31m[Kerror: [m[K‘[01m[Kcli_notify_ready_[m[K’ does not name a type
[5.172s]    35 |   rclcpp::Client<vehicle_core::srv::Trigger>::SharedPtr [01;31m[Kcli_notify_ready_[m[K;
[5.172s]       |                                                         [01;31m[K^~~~~~~~~~~~~~~~~[m[K
[5.174s] [01m[K/home/avcpp/AV-CPP2025/Vehicle/src/vehicle_core/include/vehicle_core/autopilot_node.hpp:42:46:[m[K [01;31m[Kerror: [m[K‘[01m[KTrigger[m[K’ is not a member of ‘[01m[Kvehicle_core::srv[m[K’; did you mean ‘[01m[Kstd_srvs::srv::Trigger[m[K’?
[5.174s]    42 |     const std::shared_ptr<vehicle_core::srv::[01;31m[KTrigger[m[K::Request> req,
[5.175s]       |                                              [01;31m[K^~~~~~~[m[K
[5.175s] In file included from [01m[K/opt/ros/humble/include/std_srvs/std_srvs/srv/trigger.hpp:7[m[K,
[5.176s]                  from [01m[K/home/avcpp/AV-CPP2025/Vehicle/src/vehicle_core/include/vehicle_core/autopilot_node.hpp:5[m[K,
[5.177s]                  from [01m[K/home/avcpp/AV-CPP2025/Vehicle/src/vehicle_core/src/autopilot_node.cpp:1[m[K:
[5.177s] [01m[K/opt/ros/humble/include/std_srvs/std_srvs/srv/detail/trigger__struct.hpp:258:8:[m[K [01;36m[Knote: [m[K‘[01m[Kstd_srvs::srv::Trigger[m[K’ declared here
[5.178s]   258 | struct [01;36m[KTrigger[m[K
[5.178s]       |        [01;36m[K^~~~~~~[m[K
[5.179s] In file included from [01m[K/home/avcpp/AV-CPP2025/Vehicle/src/vehicle_core/src/autopilot_node.cpp:1[m[K:
[5.179s] [01m[K/home/avcpp/AV-CPP2025/Vehicle/src/vehicle_core/include/vehicle_core/autopilot_node.hpp:42:62:[m[K [01;31m[Kerror: [m[Ktemplate argument 1 is invalid
[5.179s]    42 |     const std::shared_ptr<vehicle_core::srv::Trigger::Request[01;31m[K>[m[K req,
[5.180s]       |                                                              [01;31m[K^[m[K
[5.181s] [01m[K/home/avcpp/AV-CPP2025/Vehicle/src/vehicle_core/include/vehicle_core/autopilot_node.hpp:42:46:[m[K [01;31m[Kerror: [m[K‘[01m[KTrigger[m[K’ is not a member of ‘[01m[Kvehicle_core::srv[m[K’; did you mean ‘[01m[Kstd_srvs::srv::Trigger[m[K’?
[5.181s]    42 |     const std::shared_ptr<vehicle_core::srv::[01;31m[KTrigger[m[K::Request> req,
[5.182s]       |                                              [01;31m[K^~~~~~~[m[K
[5.182s] In file included from [01m[K/opt/ros/humble/include/std_srvs/std_srvs/srv/trigger.hpp:7[m[K,
[5.183s]                  from [01m[K/home/avcpp/AV-CPP2025/Vehicle/src/vehicle_core/include/vehicle_core/autopilot_node.hpp:5[m[K,
[5.183s]                  from [01m[K/home/avcpp/AV-CPP2025/Vehicle/src/vehicle_core/src/autopilot_node.cpp:1[m[K:
[5.184s] [01m[K/opt/ros/humble/include/std_srvs/std_srvs/srv/detail/trigger__struct.hpp:258:8:[m[K [01;36m[Knote: [m[K‘[01m[Kstd_srvs::srv::Trigger[m[K’ declared here
[5.185s]   258 | struct [01;36m[KTrigger[m[K
[5.185s]       |        [01;36m[K^~~~~~~[m[K
[5.186s] In file included from [01m[K/home/avcpp/AV-CPP2025/Vehicle/src/vehicle_core/src/autopilot_node.cpp:1[m[K:
[5.186s] [01m[K/home/avcpp/AV-CPP2025/Vehicle/src/vehicle_core/include/vehicle_core/autopilot_node.hpp:42:62:[m[K [01;31m[Kerror: [m[Ktemplate argument 1 is invalid
[5.187s]    42 |     const std::shared_ptr<vehicle_core::srv::Trigger::Request[01;31m[K>[m[K req,
[5.187s]       |                                                              [01;31m[K^[m[K
[5.188s] [01m[K/home/avcpp/AV-CPP2025/Vehicle/src/vehicle_core/include/vehicle_core/autopilot_node.hpp:42:46:[m[K [01;31m[Kerror: [m[K‘[01m[KTrigger[m[K’ is not a member of ‘[01m[Kvehicle_core::srv[m[K’; did you mean ‘[01m[Kstd_srvs::srv::Trigger[m[K’?
[5.188s]    42 |     const std::shared_ptr<vehicle_core::srv::[01;31m[KTrigger[m[K::Request> req,
[5.188s]       |                                              [01;31m[K^~~~~~~[m[K
[5.188s] In file included from [01m[K/opt/ros/humble/include/std_srvs/std_srvs/srv/trigger.hpp:7[m[K,
[5.188s]                  from [01m[K/home/avcpp/AV-CPP2025/Vehicle/src/vehicle_core/include/vehicle_core/autopilot_node.hpp:5[m[K,
[5.188s]                  from [01m[K/home/avcpp/AV-CPP2025/Vehicle/src/vehicle_core/src/autopilot_node.cpp:1[m[K:
[5.188s] [01m[K/opt/ros/humble/include/std_srvs/std_srvs/srv/detail/trigger__struct.hpp:258:8:[m[K [01;36m[Knote: [m[K‘[01m[Kstd_srvs::srv::Trigger[m[K’ declared here
[5.188s]   258 | struct [01;36m[KTrigger[m[K
[5.189s]       |        [01;36m[K^~~~~~~[m[K
[5.189s] In file included from [01m[K/home/avcpp/AV-CPP2025/Vehicle/src/vehicle_core/src/autopilot_node.cpp:1[m[K:
[5.189s] [01m[K/home/avcpp/AV-CPP2025/Vehicle/src/vehicle_core/include/vehicle_core/autopilot_node.hpp:42:62:[m[K [01;31m[Kerror: [m[Ktemplate argument 1 is invalid
[5.189s]    42 |     const std::shared_ptr<vehicle_core::srv::Trigger::Request[01;31m[K>[m[K req,
[5.189s]       |                                                              [01;31m[K^[m[K
[5.189s] [01m[K/home/avcpp/AV-CPP2025/Vehicle/src/vehicle_core/include/vehicle_core/autopilot_node.hpp:42:11:[m[K [01;31m[Kerror: [m[Kinvalid template-id
[5.189s]    42 |     const [01;31m[Kstd[m[K::shared_ptr<vehicle_core::srv::Trigger::Request> req,
[5.189s]       |           [01;31m[K^~~[m[K
[5.189s] [01m[K/home/avcpp/AV-CPP2025/Vehicle/src/vehicle_core/include/vehicle_core/autopilot_node.hpp:42:46:[m[K [01;31m[Kerror: [m[K‘[01m[Kvehicle_core::srv::Trigger[m[K’ has not been declared
[5.189s]    42 |     const std::shared_ptr<vehicle_core::srv::[01;31m[KTrigger[m[K::Request> req,
[5.189s]       |                                              [01;31m[K^~~~~~~[m[K
[5.190s] [01m[K/home/avcpp/AV-CPP2025/Vehicle/src/vehicle_core/include/vehicle_core/autopilot_node.hpp:42:5:[m[K [01;31m[Kerror: [m[Kclass template placeholder ‘[01m[Kstd::shared_ptr[m[K’ not permitted in this context
[5.190s]    42 |     [01;31m[Kconst[m[K std::shared_ptr<vehicle_core::srv::Trigger::Request> req,
[5.190s]       |     [01;31m[K^~~~~[m[K
[5.190s] [01m[K/home/avcpp/AV-CPP2025/Vehicle/src/vehicle_core/include/vehicle_core/autopilot_node.hpp:43:40:[m[K [01;31m[Kerror: [m[K‘[01m[KTrigger[m[K’ is not a member of ‘[01m[Kvehicle_core::srv[m[K’; did you mean ‘[01m[Kstd_srvs::srv::Trigger[m[K’?
[5.190s]    43 |     std::shared_ptr<vehicle_core::srv::[01;31m[KTrigger[m[K::Response> res);
[5.190s]       |                                        [01;31m[K^~~~~~~[m[K
[5.190s] In file included from [01m[K/opt/ros/humble/include/std_srvs/std_srvs/srv/trigger.hpp:7[m[K,
[5.190s]                  from [01m[K/home/avcpp/AV-CPP2025/Vehicle/src/vehicle_core/include/vehicle_core/autopilot_node.hpp:5[m[K,
[5.190s]                  from [01m[K/home/avcpp/AV-CPP2025/Vehicle/src/vehicle_core/src/autopilot_node.cpp:1[m[K:
[5.190s] [01m[K/opt/ros/humble/include/std_srvs/std_srvs/srv/detail/trigger__struct.hpp:258:8:[m[K [01;36m[Knote: [m[K‘[01m[Kstd_srvs::srv::Trigger[m[K’ declared here
[5.190s]   258 | struct [01;36m[KTrigger[m[K
[5.191s]       |        [01;36m[K^~~~~~~[m[K
[5.191s] In file included from [01m[K/home/avcpp/AV-CPP2025/Vehicle/src/vehicle_core/src/autopilot_node.cpp:1[m[K:
[5.191s] [01m[K/home/avcpp/AV-CPP2025/Vehicle/src/vehicle_core/include/vehicle_core/autopilot_node.hpp:43:57:[m[K [01;31m[Kerror: [m[Ktemplate argument 1 is invalid
[5.191s]    43 |     std::shared_ptr<vehicle_core::srv::Trigger::Response[01;31m[K>[m[K res);
[5.191s]       |                                                         [01;31m[K^[m[K
[5.191s] [01m[K/home/avcpp/AV-CPP2025/Vehicle/src/vehicle_core/include/vehicle_core/autopilot_node.hpp:43:40:[m[K [01;31m[Kerror: [m[K‘[01m[KTrigger[m[K’ is not a member of ‘[01m[Kvehicle_core::srv[m[K’; did you mean ‘[01m[Kstd_srvs::srv::Trigger[m[K’?
[5.191s]    43 |     std::shared_ptr<vehicle_core::srv::[01;31m[KTrigger[m[K::Response> res);
[5.191s]       |                                        [01;31m[K^~~~~~~[m[K
[5.191s] In file included from [01m[K/opt/ros/humble/include/std_srvs/std_srvs/srv/trigger.hpp:7[m[K,
[5.191s]                  from [01m[K/home/avcpp/AV-CPP2025/Vehicle/src/vehicle_core/include/vehicle_core/autopilot_node.hpp:5[m[K,
[5.191s]                  from [01m[K/home/avcpp/AV-CPP2025/Vehicle/src/vehicle_core/src/autopilot_node.cpp:1[m[K:
[5.191s] [01m[K/opt/ros/humble/include/std_srvs/std_srvs/srv/detail/trigger__struct.hpp:258:8:[m[K [01;36m[Knote: [m[K‘[01m[Kstd_srvs::srv::Trigger[m[K’ declared here
[5.192s]   258 | struct [01;36m[KTrigger[m[K
[5.192s]       |        [01;36m[K^~~~~~~[m[K
[5.192s] In file included from [01m[K/home/avcpp/AV-CPP2025/Vehicle/src/vehicle_core/src/autopilot_node.cpp:1[m[K:
[5.192s] [01m[K/home/avcpp/AV-CPP2025/Vehicle/src/vehicle_core/include/vehicle_core/autopilot_node.hpp:43:57:[m[K [01;31m[Kerror: [m[Ktemplate argument 1 is invalid
[5.192s]    43 |     std::shared_ptr<vehicle_core::srv::Trigger::Response[01;31m[K>[m[K res);
[5.192s]       |                                                         [01;31m[K^[m[K
[5.192s] [01m[K/home/avcpp/AV-CPP2025/Vehicle/src/vehicle_core/include/vehicle_core/autopilot_node.hpp:43:40:[m[K [01;31m[Kerror: [m[K‘[01m[KTrigger[m[K’ is not a member of ‘[01m[Kvehicle_core::srv[m[K’; did you mean ‘[01m[Kstd_srvs::srv::Trigger[m[K’?
[5.192s]    43 |     std::shared_ptr<vehicle_core::srv::[01;31m[KTrigger[m[K::Response> res);
[5.192s]       |                                        [01;31m[K^~~~~~~[m[K
[5.192s] In file included from [01m[K/opt/ros/humble/include/std_srvs/std_srvs/srv/trigger.hpp:7[m[K,
[5.193s]                  from [01m[K/home/avcpp/AV-CPP2025/Vehicle/src/vehicle_core/include/vehicle_core/autopilot_node.hpp:5[m[K,
[5.193s]                  from [01m[K/home/avcpp/AV-CPP2025/Vehicle/src/vehicle_core/src/autopilot_node.cpp:1[m[K:
[5.193s] [01m[K/opt/ros/humble/include/std_srvs/std_srvs/srv/detail/trigger__struct.hpp:258:8:[m[K [01;36m[Knote: [m[K‘[01m[Kstd_srvs::srv::Trigger[m[K’ declared here
[5.193s]   258 | struct [01;36m[KTrigger[m[K
[5.193s]       |        [01;36m[K^~~~~~~[m[K
[5.193s] In file included from [01m[K/home/avcpp/AV-CPP2025/Vehicle/src/vehicle_core/src/autopilot_node.cpp:1[m[K:
[5.193s] [01m[K/home/avcpp/AV-CPP2025/Vehicle/src/vehicle_core/include/vehicle_core/autopilot_node.hpp:43:57:[m[K [01;31m[Kerror: [m[Ktemplate argument 1 is invalid
[5.193s]    43 |     std::shared_ptr<vehicle_core::srv::Trigger::Response[01;31m[K>[m[K res);
[5.193s]       |                                                         [01;31m[K^[m[K
[5.193s] [01m[K/home/avcpp/AV-CPP2025/Vehicle/src/vehicle_core/include/vehicle_core/autopilot_node.hpp:43:5:[m[K [01;31m[Kerror: [m[Kinvalid template-id
[5.193s]    43 |     [01;31m[Kstd[m[K::shared_ptr<vehicle_core::srv::Trigger::Response> res);
[5.194s]       |     [01;31m[K^~~[m[K
[5.194s] [01m[K/home/avcpp/AV-CPP2025/Vehicle/src/vehicle_core/include/vehicle_core/autopilot_node.hpp:43:40:[m[K [01;31m[Kerror: [m[K‘[01m[Kvehicle_core::srv::Trigger[m[K’ has not been declared
[5.194s]    43 |     std::shared_ptr<vehicle_core::srv::[01;31m[KTrigger[m[K::Response> res);
[5.194s]       |                                        [01;31m[K^~~~~~~[m[K
[5.194s] [01m[K/home/avcpp/AV-CPP2025/Vehicle/src/vehicle_core/include/vehicle_core/autopilot_node.hpp:43:5:[m[K [01;31m[Kerror: [m[Kclass template placeholder ‘[01m[Kstd::shared_ptr[m[K’ not permitted in this context
[5.194s]    43 |     [01;31m[Kstd[m[K::shared_ptr<vehicle_core::srv::Trigger::Response> res);
[5.194s]       |     [01;31m[K^~~[m[K
[5.194s] [01m[K/home/avcpp/AV-CPP2025/Vehicle/src/vehicle_core/include/vehicle_core/autopilot_node.hpp:45:46:[m[K [01;31m[Kerror: [m[K‘[01m[KTrigger[m[K’ is not a member of ‘[01m[Kvehicle_core::srv[m[K’; did you mean ‘[01m[Kstd_srvs::srv::Trigger[m[K’?
[5.194s]    45 |     const std::shared_ptr<vehicle_core::srv::[01;31m[KTrigger[m[K::Request> req,
[5.194s]       |                                              [01;31m[K^~~~~~~[m[K
[5.194s] In file included from [01m[K/opt/ros/humble/include/std_srvs/std_srvs/srv/trigger.hpp:7[m[K,
[5.195s]                  from [01m[K/home/avcpp/AV-CPP2025/Vehicle/src/vehicle_core/include/vehicle_core/autopilot_node.hpp:5[m[K,
[5.195s]                  from [01m[K/home/avcpp/AV-CPP2025/Vehicle/src/vehicle_core/src/autopilot_node.cpp:1[m[K:
[5.195s] [01m[K/opt/ros/humble/include/std_srvs/std_srvs/srv/detail/trigger__struct.hpp:258:8:[m[K [01;36m[Knote: [m[K‘[01m[Kstd_srvs::srv::Trigger[m[K’ declared here
[5.195s]   258 | struct [01;36m[KTrigger[m[K
[5.195s]       |        [01;36m[K^~~~~~~[m[K
[5.195s] In file included from [01m[K/home/avcpp/AV-CPP2025/Vehicle/src/vehicle_core/src/autopilot_node.cpp:1[m[K:
[5.195s] [01m[K/home/avcpp/AV-CPP2025/Vehicle/src/vehicle_core/include/vehicle_core/autopilot_node.hpp:45:62:[m[K [01;31m[Kerror: [m[Ktemplate argument 1 is invalid
[5.195s]    45 |     const std::shared_ptr<vehicle_core::srv::Trigger::Request[01;31m[K>[m[K req,
[5.195s]       |                                                              [01;31m[K^[m[K
[5.195s] [01m[K/home/avcpp/AV-CPP2025/Vehicle/src/vehicle_core/include/vehicle_core/autopilot_node.hpp:45:46:[m[K [01;31m[Kerror: [m[K‘[01m[KTrigger[m[K’ is not a member of ‘[01m[Kvehicle_core::srv[m[K’; did you mean ‘[01m[Kstd_srvs::srv::Trigger[m[K’?
[5.196s]    45 |     const std::shared_ptr<vehicle_core::srv::[01;31m[KTrigger[m[K::Request> req,
[5.196s]       |                                              [01;31m[K^~~~~~~[m[K
[5.196s] In file included from [01m[K/opt/ros/humble/include/std_srvs/std_srvs/srv/trigger.hpp:7[m[K,
[5.196s]                  from [01m[K/home/avcpp/AV-CPP2025/Vehicle/src/vehicle_core/include/vehicle_core/autopilot_node.hpp:5[m[K,
[5.196s]                  from [01m[K/home/avcpp/AV-CPP2025/Vehicle/src/vehicle_core/src/autopilot_node.cpp:1[m[K:
[5.196s] [01m[K/opt/ros/humble/include/std_srvs/std_srvs/srv/detail/trigger__struct.hpp:258:8:[m[K [01;36m[Knote: [m[K‘[01m[Kstd_srvs::srv::Trigger[m[K’ declared here
[5.196s]   258 | struct [01;36m[KTrigger[m[K
[5.196s]       |        [01;36m[K^~~~~~~[m[K
[5.196s] In file included from [01m[K/home/avcpp/AV-CPP2025/Vehicle/src/vehicle_core/src/autopilot_node.cpp:1[m[K:
[5.196s] [01m[K/home/avcpp/AV-CPP2025/Vehicle/src/vehicle_core/include/vehicle_core/autopilot_node.hpp:45:62:[m[K [01;31m[Kerror: [m[Ktemplate argument 1 is invalid
[5.196s]    45 |     const std::shared_ptr<vehicle_core::srv::Trigger::Request[01;31m[K>[m[K req,
[5.196s]       |                                                              [01;31m[K^[m[K
[5.196s] [01m[K/home/avcpp/AV-CPP2025/Vehicle/src/vehicle_core/include/vehicle_core/autopilot_node.hpp:45:46:[m[K [01;31m[Kerror: [m[K‘[01m[KTrigger[m[K’ is not a member of ‘[01m[Kvehicle_core::srv[m[K’; did you mean ‘[01m[Kstd_srvs::srv::Trigger[m[K’?
[5.197s]    45 |     const std::shared_ptr<vehicle_core::srv::[01;31m[KTrigger[m[K::Request> req,
[5.197s]       |                                              [01;31m[K^~~~~~~[m[K
[5.197s] In file included from [01m[K/opt/ros/humble/include/std_srvs/std_srvs/srv/trigger.hpp:7[m[K,
[5.197s]                  from [01m[K/home/avcpp/AV-CPP2025/Vehicle/src/vehicle_core/include/vehicle_core/autopilot_node.hpp:5[m[K,
[5.197s]                  from [01m[K/home/avcpp/AV-CPP2025/Vehicle/src/vehicle_core/src/autopilot_node.cpp:1[m[K:
[5.197s] [01m[K/opt/ros/humble/include/std_srvs/std_srvs/srv/detail/trigger__struct.hpp:258:8:[m[K [01;36m[Knote: [m[K‘[01m[Kstd_srvs::srv::Trigger[m[K’ declared here
[5.197s]   258 | struct [01;36m[KTrigger[m[K
[5.197s]       |        [01;36m[K^~~~~~~[m[K
[5.197s] In file included from [01m[K/home/avcpp/AV-CPP2025/Vehicle/src/vehicle_core/src/autopilot_node.cpp:1[m[K:
[5.197s] [01m[K/home/avcpp/AV-CPP2025/Vehicle/src/vehicle_core/include/vehicle_core/autopilot_node.hpp:45:62:[m[K [01;31m[Kerror: [m[Ktemplate argument 1 is invalid
[5.197s]    45 |     const std::shared_ptr<vehicle_core::srv::Trigger::Request[01;31m[K>[m[K req,
[5.197s]       |                                                              [01;31m[K^[m[K
[5.197s] [01m[K/home/avcpp/AV-CPP2025/Vehicle/src/vehicle_core/include/vehicle_core/autopilot_node.hpp:45:11:[m[K [01;31m[Kerror: [m[Kinvalid template-id
[5.198s]    45 |     const [01;31m[Kstd[m[K::shared_ptr<vehicle_core::srv::Trigger::Request> req,
[5.198s]       |           [01;31m[K^~~[m[K
[5.198s] [01m[K/home/avcpp/AV-CPP2025/Vehicle/src/vehicle_core/include/vehicle_core/autopilot_node.hpp:45:46:[m[K [01;31m[Kerror: [m[K‘[01m[Kvehicle_core::srv::Trigger[m[K’ has not been declared
[5.198s]    45 |     const std::shared_ptr<vehicle_core::srv::[01;31m[KTrigger[m[K::Request> req,
[5.198s]       |                                              [01;31m[K^~~~~~~[m[K
[5.198s] [01m[K/home/avcpp/AV-CPP2025/Vehicle/src/vehicle_core/include/vehicle_core/autopilot_node.hpp:45:5:[m[K [01;31m[Kerror: [m[Kclass template placeholder ‘[01m[Kstd::shared_ptr[m[K’ not permitted in this context
[5.198s]    45 |     [01;31m[Kconst[m[K std::shared_ptr<vehicle_core::srv::Trigger::Request> req,
[5.198s]       |     [01;31m[K^~~~~[m[K
[5.198s] [01m[K/home/avcpp/AV-CPP2025/Vehicle/src/vehicle_core/include/vehicle_core/autopilot_node.hpp:46:40:[m[K [01;31m[Kerror: [m[K‘[01m[KTrigger[m[K’ is not a member of ‘[01m[Kvehicle_core::srv[m[K’; did you mean ‘[01m[Kstd_srvs::srv::Trigger[m[K’?
[5.198s]    46 |     std::shared_ptr<vehicle_core::srv::[01;31m[KTrigger[m[K::Response> res);
[5.198s]       |                                        [01;31m[K^~~~~~~[m[K
[5.198s] In file included from [01m[K/opt/ros/humble/include/std_srvs/std_srvs/srv/trigger.hpp:7[m[K,
[5.199s]                  from [01m[K/home/avcpp/AV-CPP2025/Vehicle/src/vehicle_core/include/vehicle_core/autopilot_node.hpp:5[m[K,
[5.199s]                  from [01m[K/home/avcpp/AV-CPP2025/Vehicle/src/vehicle_core/src/autopilot_node.cpp:1[m[K:
[5.199s] [01m[K/opt/ros/humble/include/std_srvs/std_srvs/srv/detail/trigger__struct.hpp:258:8:[m[K [01;36m[Knote: [m[K‘[01m[Kstd_srvs::srv::Trigger[m[K’ declared here
[5.199s]   258 | struct [01;36m[KTrigger[m[K
[5.199s]       |        [01;36m[K^~~~~~~[m[K
[5.199s] In file included from [01m[K/home/avcpp/AV-CPP2025/Vehicle/src/vehicle_core/src/autopilot_node.cpp:1[m[K:
[5.199s] [01m[K/home/avcpp/AV-CPP2025/Vehicle/src/vehicle_core/include/vehicle_core/autopilot_node.hpp:46:57:[m[K [01;31m[Kerror: [m[Ktemplate argument 1 is invalid
[5.199s]    46 |     std::shared_ptr<vehicle_core::srv::Trigger::Response[01;31m[K>[m[K res);
[5.199s]       |                                                         [01;31m[K^[m[K
[5.199s] [01m[K/home/avcpp/AV-CPP2025/Vehicle/src/vehicle_core/include/vehicle_core/autopilot_node.hpp:46:40:[m[K [01;31m[Kerror: [m[K‘[01m[KTrigger[m[K’ is not a member of ‘[01m[Kvehicle_core::srv[m[K’; did you mean ‘[01m[Kstd_srvs::srv::Trigger[m[K’?
[5.199s]    46 |     std::shared_ptr<vehicle_core::srv::[01;31m[KTrigger[m[K::Response> res);
[5.199s]       |                                        [01;31m[K^~~~~~~[m[K
[5.199s] In file included from [01m[K/opt/ros/humble/include/std_srvs/std_srvs/srv/trigger.hpp:7[m[K,
[5.199s]                  from [01m[K/home/avcpp/AV-CPP2025/Vehicle/src/vehicle_core/include/vehicle_core/autopilot_node.hpp:5[m[K,
[5.199s]                  from [01m[K/home/avcpp/AV-CPP2025/Vehicle/src/vehicle_core/src/autopilot_node.cpp:1[m[K:
[5.200s] [01m[K/opt/ros/humble/include/std_srvs/std_srvs/srv/detail/trigger__struct.hpp:258:8:[m[K [01;36m[Knote: [m[K‘[01m[Kstd_srvs::srv::Trigger[m[K’ declared here
[5.200s]   258 | struct [01;36m[KTrigger[m[K
[5.200s]       |        [01;36m[K^~~~~~~[m[K
[5.200s] In file included from [01m[K/home/avcpp/AV-CPP2025/Vehicle/src/vehicle_core/src/autopilot_node.cpp:1[m[K:
[5.200s] [01m[K/home/avcpp/AV-CPP2025/Vehicle/src/vehicle_core/include/vehicle_core/autopilot_node.hpp:46:57:[m[K [01;31m[Kerror: [m[Ktemplate argument 1 is invalid
[5.200s]    46 |     std::shared_ptr<vehicle_core::srv::Trigger::Response[01;31m[K>[m[K res);
[5.200s]       |                                                         [01;31m[K^[m[K
[5.200s] [01m[K/home/avcpp/AV-CPP2025/Vehicle/src/vehicle_core/include/vehicle_core/autopilot_node.hpp:46:40:[m[K [01;31m[Kerror: [m[K‘[01m[KTrigger[m[K’ is not a member of ‘[01m[Kvehicle_core::srv[m[K’; did you mean ‘[01m[Kstd_srvs::srv::Trigger[m[K’?
[5.200s]    46 |     std::shared_ptr<vehicle_core::srv::[01;31m[KTrigger[m[K::Response> res);
[5.200s]       |                                        [01;31m[K^~~~~~~[m[K
[5.200s] In file included from [01m[K/opt/ros/humble/include/std_srvs/std_srvs/srv/trigger.hpp:7[m[K,
[5.200s]                  from [01m[K/home/avcpp/AV-CPP2025/Vehicle/src/vehicle_core/include/vehicle_core/autopilot_node.hpp:5[m[K,
[5.200s]                  from [01m[K/home/avcpp/AV-CPP2025/Vehicle/src/vehicle_core/src/autopilot_node.cpp:1[m[K:
[5.200s] [01m[K/opt/ros/humble/include/std_srvs/std_srvs/srv/detail/trigger__struct.hpp:258:8:[m[K [01;36m[Knote: [m[K‘[01m[Kstd_srvs::srv::Trigger[m[K’ declared here
[5.201s]   258 | struct [01;36m[KTrigger[m[K
[5.201s]       |        [01;36m[K^~~~~~~[m[K
[5.201s] In file included from [01m[K/home/avcpp/AV-CPP2025/Vehicle/src/vehicle_core/src/autopilot_node.cpp:1[m[K:
[5.201s] [01m[K/home/avcpp/AV-CPP2025/Vehicle/src/vehicle_core/include/vehicle_core/autopilot_node.hpp:46:57:[m[K [01;31m[Kerror: [m[Ktemplate argument 1 is invalid
[5.201s]    46 |     std::shared_ptr<vehicle_core::srv::Trigger::Response[01;31m[K>[m[K res);
[5.201s]       |                                                         [01;31m[K^[m[K
[5.201s] [01m[K/home/avcpp/AV-CPP2025/Vehicle/src/vehicle_core/include/vehicle_core/autopilot_node.hpp:46:5:[m[K [01;31m[Kerror: [m[Kinvalid template-id
[5.201s]    46 |     [01;31m[Kstd[m[K::shared_ptr<vehicle_core::srv::Trigger::Response> res);
[5.201s]       |     [01;31m[K^~~[m[K
[5.201s] [01m[K/home/avcpp/AV-CPP2025/Vehicle/src/vehicle_core/include/vehicle_core/autopilot_node.hpp:46:40:[m[K [01;31m[Kerror: [m[K‘[01m[Kvehicle_core::srv::Trigger[m[K’ has not been declared
[5.201s]    46 |     std::shared_ptr<vehicle_core::srv::[01;31m[KTrigger[m[K::Response> res);
[5.201s]       |                                        [01;31m[K^~~~~~~[m[K
[5.201s] [01m[K/home/avcpp/AV-CPP2025/Vehicle/src/vehicle_core/include/vehicle_core/autopilot_node.hpp:46:5:[m[K [01;31m[Kerror: [m[Kclass template placeholder ‘[01m[Kstd::shared_ptr[m[K’ not permitted in this context
[5.201s]    46 |     [01;31m[Kstd[m[K::shared_ptr<vehicle_core::srv::Trigger::Response> res);
[5.202s]       |     [01;31m[K^~~[m[K
[5.237s] [01m[K/home/avcpp/AV-CPP2025/Vehicle/src/vehicle_core/src/autopilot_node.cpp:[m[K In constructor ‘[01m[Kvehicle_core::AutopilotNode::AutopilotNode(const rclcpp::NodeOptions&)[m[K’:
[5.237s] [01m[K/home/avcpp/AV-CPP2025/Vehicle/src/vehicle_core/src/autopilot_node.cpp:27:9:[m[K [01;31m[Kerror: [m[K‘[01m[Kcli_notify_ready_[m[K’ was not declared in this scope
[5.238s]    27 |         [01;31m[Kcli_notify_ready_[m[K = create_client<std_srvs::srv::Trigger>(
[5.238s]       |         [01;31m[K^~~~~~~~~~~~~~~~~[m[K
[5.349s] [01m[K/home/avcpp/AV-CPP2025/Vehicle/src/vehicle_core/src/autopilot_node.cpp:31:9:[m[K [01;31m[Kerror: [m[K‘[01m[Ksrv_start_[m[K’ was not declared in this scope; did you mean ‘[01m[Kva_start[m[K’?
[5.350s]    31 |         [01;31m[Ksrv_start_[m[K = create_service<std_srvs::srv::Trigger>(
[5.351s]       |         [01;31m[K^~~~~~~~~~[m[K
[5.351s]       |         [32m[Kva_start[m[K
[5.410s] [01m[K/home/avcpp/AV-CPP2025/Vehicle/src/vehicle_core/src/autopilot_node.cpp:33:9:[m[K [01;31m[Kerror: [m[K‘[01m[Ksrv_cancel_[m[K’ was not declared in this scope; did you mean ‘[01m[Kcancel_[m[K’?
[5.411s]    33 |         [01;31m[Ksrv_cancel_[m[K = create_service<std_srvs::srv::Trigger>(
[5.411s]       |         [01;31m[K^~~~~~~~~~~[m[K
[5.412s]       |         [32m[Kcancel_[m[K
[5.431s] [01m[K/home/avcpp/AV-CPP2025/Vehicle/src/vehicle_core/src/autopilot_node.cpp:[m[K At global scope:
[5.432s] [01m[K/home/avcpp/AV-CPP2025/Vehicle/src/vehicle_core/src/autopilot_node.cpp:50:10:[m[K [01;31m[Kerror: [m[Kno declaration matches ‘[01m[Kvoid vehicle_core::AutopilotNode::handleStart(std::shared_ptr<std_srvs::srv::Trigger_Request_<std::allocator<void> > >, std::shared_ptr<std_srvs::srv::Trigger_Response_<std::allocator<void> > >)[m[K’
[5.433s]    50 |     void [01;31m[KAutopilotNode[m[K::handleStart(
[5.433s]       |          [01;31m[K^~~~~~~~~~~~~[m[K
[5.434s] In file included from [01m[K/home/avcpp/AV-CPP2025/Vehicle/src/vehicle_core/src/autopilot_node.cpp:1[m[K:
[5.434s] [01m[K/home/avcpp/AV-CPP2025/Vehicle/src/vehicle_core/include/vehicle_core/autopilot_node.hpp:41:8:[m[K [01;36m[Knote: [m[Kcandidate is: ‘[01m[Kvoid vehicle_core::AutopilotNode::handleStart(...)[m[K’
[5.435s]    41 |   void [01;36m[KhandleStart[m[K(
[5.435s]       |        [01;36m[K^~~~~~~~~~~[m[K
[5.435s] [01m[K/home/avcpp/AV-CPP2025/Vehicle/src/vehicle_core/include/vehicle_core/autopilot_node.hpp:17:7:[m[K [01;36m[Knote: [m[K‘[01m[Kclass vehicle_core::AutopilotNode[m[K’ defined here
[5.436s]    17 | class [01;36m[KAutopilotNode[m[K : public rclcpp::Node {
[5.436s]       |       [01;36m[K^~~~~~~~~~~~~[m[K
[5.437s] [01m[K/home/avcpp/AV-CPP2025/Vehicle/src/vehicle_core/src/autopilot_node.cpp:62:10:[m[K [01;31m[Kerror: [m[Kno declaration matches ‘[01m[Kvoid vehicle_core::AutopilotNode::handleCancel(std::shared_ptr<std_srvs::srv::Trigger_Request_<std::allocator<void> > >, std::shared_ptr<std_srvs::srv::Trigger_Response_<std::allocator<void> > >)[m[K’
[5.437s]    62 |     void [01;31m[KAutopilotNode[m[K::handleCancel(
[5.437s]       |          [01;31m[K^~~~~~~~~~~~~[m[K
[5.438s] In file included from [01m[K/home/avcpp/AV-CPP2025/Vehicle/src/vehicle_core/src/autopilot_node.cpp:1[m[K:
[5.438s] [01m[K/home/avcpp/AV-CPP2025/Vehicle/src/vehicle_core/include/vehicle_core/autopilot_node.hpp:44:8:[m[K [01;36m[Knote: [m[Kcandidate is: ‘[01m[Kvoid vehicle_core::AutopilotNode::handleCancel(...)[m[K’
[5.439s]    44 |   void [01;36m[KhandleCancel[m[K(
[5.439s]       |        [01;36m[K^~~~~~~~~~~~[m[K
[5.439s] [01m[K/home/avcpp/AV-CPP2025/Vehicle/src/vehicle_core/include/vehicle_core/autopilot_node.hpp:17:7:[m[K [01;36m[Knote: [m[K‘[01m[Kclass vehicle_core::AutopilotNode[m[K’ defined here
[5.440s]    17 | class [01;36m[KAutopilotNode[m[K : public rclcpp::Node {
[5.440s]       |       [01;36m[K^~~~~~~~~~~~~[m[K
[6.058s] In file included from [01m[K/opt/ros/humble/include/rclcpp/rclcpp/client.hpp:39[m[K,
[6.060s]                  from [01m[K/opt/ros/humble/include/rclcpp/rclcpp/callback_group.hpp:24[m[K,
[6.060s]                  from [01m[K/opt/ros/humble/include/rclcpp/rclcpp/any_executable.hpp:20[m[K,
[6.061s]                  from [01m[K/opt/ros/humble/include/rclcpp/rclcpp/memory_strategy.hpp:25[m[K,
[6.061s]                  from [01m[K/opt/ros/humble/include/rclcpp/rclcpp/memory_strategies.hpp:18[m[K,
[6.061s]                  from [01m[K/opt/ros/humble/include/rclcpp/rclcpp/executor_options.hpp:20[m[K,
[6.062s]                  from [01m[K/opt/ros/humble/include/rclcpp/rclcpp/executor.hpp:37[m[K,
[6.062s]                  from [01m[K/opt/ros/humble/include/rclcpp/rclcpp/executors/multi_threaded_executor.hpp:25[m[K,
[6.063s]                  from [01m[K/opt/ros/humble/include/rclcpp/rclcpp/executors.hpp:21[m[K,
[6.063s]                  from [01m[K/opt/ros/humble/include/rclcpp/rclcpp/rclcpp.hpp:155[m[K,
[6.063s]                  from [01m[K/home/avcpp/AV-CPP2025/Vehicle/src/vehicle_core/include/vehicle_core/autopilot_node.hpp:3[m[K,
[6.064s]                  from [01m[K/home/avcpp/AV-CPP2025/Vehicle/src/vehicle_core/src/autopilot_node.cpp:1[m[K:
[6.064s] /opt/ros/humble/include/rclcpp/rclcpp/function_traits.hpp: In instantiation of ‘[01m[Kstruct rclcpp::function_traits::function_traits<std::_Bind<void (vehicle_core::AutopilotNode::*(vehicle_core::AutopilotNode*, std::_Placeholder<1>, std::_Placeholder<2>))(...)> >[m[K’:
[6.065s] [01m[K/opt/ros/humble/include/rclcpp/rclcpp/function_traits.hpp:165:8:[m[K   required from ‘[01m[Kstruct rclcpp::function_traits::same_arguments<std::_Bind<void (vehicle_core::AutopilotNode::*(vehicle_core::AutopilotNode*, std::_Placeholder<1>, std::_Placeholder<2>))(...)>, std::function<void(std::shared_ptr<std_srvs::srv::Trigger_Request_<std::allocator<void> > >, std::shared_ptr<std_srvs::srv::Trigger_Response_<std::allocator<void> > >)> >[m[K’
[6.065s] [01m[K/opt/ros/humble/include/rclcpp/rclcpp/any_service_callback.hpp:76:10:[m[K   required from ‘[01m[Kvoid rclcpp::AnyServiceCallback<ServiceT>::set(CallbackT&&) [with CallbackT = std::_Bind<void (vehicle_core::AutopilotNode::*(vehicle_core::AutopilotNode*, std::_Placeholder<1>, std::_Placeholder<2>))(...)>; typename std::enable_if<(! rclcpp::detail::can_be_nullptr<CallbackT>::value), int>::type <anonymous> = 0; ServiceT = std_srvs::srv::Trigger][m[K’
[6.066s] [01m[K/opt/ros/humble/include/rclcpp/rclcpp/create_service.hpp:43:27:[m[K   required from ‘[01m[Ktypename rclcpp::Service<ServiceT>::SharedPtr rclcpp::create_service(std::shared_ptr<rclcpp::node_interfaces::NodeBaseInterface>, std::shared_ptr<rclcpp::node_interfaces::NodeServicesInterface>, const string&, CallbackT&&, const rmw_qos_profile_t&, rclcpp::CallbackGroup::SharedPtr) [with ServiceT = std_srvs::srv::Trigger; CallbackT = std::_Bind<void (vehicle_core::AutopilotNode::*(vehicle_core::AutopilotNode*, std::_Placeholder<1>, std::_Placeholder<2>))(...)>; typename rclcpp::Service<ServiceT>::SharedPtr = std::shared_ptr<rclcpp::Service<std_srvs::srv::Trigger> >; std::string = std::__cxx11::basic_string<char>; rmw_qos_profile_t = rmw_qos_profile_s; rclcpp::CallbackGroup::SharedPtr = std::shared_ptr<rclcpp::CallbackGroup>][m[K’
[6.066s] [01m[K/opt/ros/humble/include/rclcpp/rclcpp/node_impl.hpp:147:53:[m[K   required from ‘[01m[Ktypename rclcpp::Service<ServiceT>::SharedPtr rclcpp::Node::create_service(const string&, CallbackT&&, const rmw_qos_profile_t&, rclcpp::CallbackGroup::SharedPtr) [with ServiceT = std_srvs::srv::Trigger; CallbackT = std::_Bind<void (vehicle_core::AutopilotNode::*(vehicle_core::AutopilotNode*, std::_Placeholder<1>, std::_Placeholder<2>))(...)>; typename rclcpp::Service<ServiceT>::SharedPtr = std::shared_ptr<rclcpp::Service<std_srvs::srv::Trigger> >; std::string = std::__cxx11::basic_string<char>; rmw_qos_profile_t = rmw_qos_profile_s; rclcpp::CallbackGroup::SharedPtr = std::shared_ptr<rclcpp::CallbackGroup>][m[K’
[6.066s] [01m[K/home/avcpp/AV-CPP2025/Vehicle/src/vehicle_core/src/autopilot_node.cpp:31:60:[m[K   required from here
[6.067s] [01m[K/opt/ros/humble/include/rclcpp/rclcpp/function_traits.hpp:51:9:[m[K [01;31m[Kerror: [m[K‘[01m[Kdecltype[m[K’ cannot resolve address of overloaded function
[6.067s]    51 |   using [01;31m[Karguments[m[K = typename tuple_tail<
[6.068s]       |         [01;31m[K^~~~~~~~~[m[K
[6.068s] [01m[K/opt/ros/humble/include/rclcpp/rclcpp/function_traits.hpp:57:9:[m[K [01;31m[Kerror: [m[K‘[01m[Kdecltype[m[K’ cannot resolve address of overloaded function
[6.068s]    57 |   using [01;31m[Kargument_type[m[K = typename std::tuple_element<N, arguments>::type;
[6.069s]       |         [01;31m[K^~~~~~~~~~~~~[m[K
[6.069s] [01m[K/opt/ros/humble/include/rclcpp/rclcpp/function_traits.hpp:59:9:[m[K [01;31m[Kerror: [m[K‘[01m[Kdecltype[m[K’ cannot resolve address of overloaded function
[6.070s]    59 |   using [01;31m[Kreturn_type[m[K = typename function_traits<decltype( &FunctionT::operator())>::return_type;
[6.070s]       |         [01;31m[K^~~~~~~~~~~[m[K
[6.070s] In file included from [01m[K/opt/ros/humble/include/rclcpp/rclcpp/service.hpp:36[m[K,
[6.071s]                  from [01m[K/opt/ros/humble/include/rclcpp/rclcpp/callback_group.hpp:28[m[K,
[6.071s]                  from [01m[K/opt/ros/humble/include/rclcpp/rclcpp/any_executable.hpp:20[m[K,
[6.071s]                  from [01m[K/opt/ros/humble/include/rclcpp/rclcpp/memory_strategy.hpp:25[m[K,
[6.072s]                  from [01m[K/opt/ros/humble/include/rclcpp/rclcpp/memory_strategies.hpp:18[m[K,
[6.072s]                  from [01m[K/opt/ros/humble/include/rclcpp/rclcpp/executor_options.hpp:20[m[K,
[6.073s]                  from [01m[K/opt/ros/humble/include/rclcpp/rclcpp/executor.hpp:37[m[K,
[6.073s]                  from [01m[K/opt/ros/humble/include/rclcpp/rclcpp/executors/multi_threaded_executor.hpp:25[m[K,
[6.073s]                  from [01m[K/opt/ros/humble/include/rclcpp/rclcpp/executors.hpp:21[m[K,
[6.074s]                  from [01m[K/opt/ros/humble/include/rclcpp/rclcpp/rclcpp.hpp:155[m[K,
[6.074s]                  from [01m[K/home/avcpp/AV-CPP2025/Vehicle/src/vehicle_core/include/vehicle_core/autopilot_node.hpp:3[m[K,
[6.074s]                  from [01m[K/home/avcpp/AV-CPP2025/Vehicle/src/vehicle_core/src/autopilot_node.cpp:1[m[K:
[6.075s] /opt/ros/humble/include/rclcpp/rclcpp/any_service_callback.hpp: In instantiation of ‘[01m[Kvoid rclcpp::AnyServiceCallback<ServiceT>::set(CallbackT&&) [with CallbackT = std::_Bind<void (vehicle_core::AutopilotNode::*(vehicle_core::AutopilotNode*, std::_Placeholder<1>, std::_Placeholder<2>))(...)>; typename std::enable_if<(! rclcpp::detail::can_be_nullptr<CallbackT>::value), int>::type <anonymous> = 0; ServiceT = std_srvs::srv::Trigger][m[K’:
[6.076s] [01m[K/opt/ros/humble/include/rclcpp/rclcpp/create_service.hpp:43:27:[m[K   required from ‘[01m[Ktypename rclcpp::Service<ServiceT>::SharedPtr rclcpp::create_service(std::shared_ptr<rclcpp::node_interfaces::NodeBaseInterface>, std::shared_ptr<rclcpp::node_interfaces::NodeServicesInterface>, const string&, CallbackT&&, const rmw_qos_profile_t&, rclcpp::CallbackGroup::SharedPtr) [with ServiceT = std_srvs::srv::Trigger; CallbackT = std::_Bind<void (vehicle_core::AutopilotNode::*(vehicle_core::AutopilotNode*, std::_Placeholder<1>, std::_Placeholder<2>))(...)>; typename rclcpp::Service<ServiceT>::SharedPtr = std::shared_ptr<rclcpp::Service<std_srvs::srv::Trigger> >; std::string = std::__cxx11::basic_string<char>; rmw_qos_profile_t = rmw_qos_profile_s; rclcpp::CallbackGroup::SharedPtr = std::shared_ptr<rclcpp::CallbackGroup>][m[K’
[6.076s] [01m[K/opt/ros/humble/include/rclcpp/rclcpp/node_impl.hpp:147:53:[m[K   required from ‘[01m[Ktypename rclcpp::Service<ServiceT>::SharedPtr rclcpp::Node::create_service(const string&, CallbackT&&, const rmw_qos_profile_t&, rclcpp::CallbackGroup::SharedPtr) [with ServiceT = std_srvs::srv::Trigger; CallbackT = std::_Bind<void (vehicle_core::AutopilotNode::*(vehicle_core::AutopilotNode*, std::_Placeholder<1>, std::_Placeholder<2>))(...)>; typename rclcpp::Service<ServiceT>::SharedPtr = std::shared_ptr<rclcpp::Service<std_srvs::srv::Trigger> >; std::string = std::__cxx11::basic_string<char>; rmw_qos_profile_t = rmw_qos_profile_s; rclcpp::CallbackGroup::SharedPtr = std::shared_ptr<rclcpp::CallbackGroup>][m[K’
[6.076s] [01m[K/home/avcpp/AV-CPP2025/Vehicle/src/vehicle_core/src/autopilot_node.cpp:31:60:[m[K   required from here
[6.077s] [01m[K/opt/ros/humble/include/rclcpp/rclcpp/any_service_callback.hpp:76:10:[m[K [01;31m[Kerror: [m[K‘[01m[Kvalue[m[K’ is not a member of ‘[01m[Krclcpp::function_traits::same_arguments<std::_Bind<void (vehicle_core::AutopilotNode::*(vehicle_core::AutopilotNode*, std::_Placeholder<1>, std::_Placeholder<2>))(...)>, std::function<void(std::shared_ptr<std_srvs::srv::Trigger_Request_<std::allocator<void> > >, std::shared_ptr<std_srvs::srv::Trigger_Response_<std::allocator<void> > >)> >[m[K’
[6.077s]    76 |       >::[01;31m[Kvalue[m[K)
[6.078s]       |          [01;31m[K^~~~~[m[K
[6.078s] [01m[K/opt/ros/humble/include/rclcpp/rclcpp/any_service_callback.hpp:83:10:[m[K [01;31m[Kerror: [m[K‘[01m[Kvalue[m[K’ is not a member of ‘[01m[Krclcpp::function_traits::same_arguments<std::_Bind<void (vehicle_core::AutopilotNode::*(vehicle_core::AutopilotNode*, std::_Placeholder<1>, std::_Placeholder<2>))(...)>, std::function<void(std::shared_ptr<rmw_request_id_s>, std::shared_ptr<std_srvs::srv::Trigger_Request_<std::allocator<void> > >, std::shared_ptr<std_srvs::srv::Trigger_Response_<std::allocator<void> > >)> >[m[K’
[6.078s]    83 |       >::[01;31m[Kvalue[m[K)
[6.079s]       |          [01;31m[K^~~~~[m[K
[6.079s] [01m[K/opt/ros/humble/include/rclcpp/rclcpp/any_service_callback.hpp:90:10:[m[K [01;31m[Kerror: [m[K‘[01m[Kvalue[m[K’ is not a member of ‘[01m[Krclcpp::function_traits::same_arguments<std::_Bind<void (vehicle_core::AutopilotNode::*(vehicle_core::AutopilotNode*, std::_Placeholder<1>, std::_Placeholder<2>))(...)>, std::function<void(std::shared_ptr<rmw_request_id_s>, std::shared_ptr<std_srvs::srv::Trigger_Request_<std::allocator<void> > >)> >[m[K’
[6.079s]    90 |       >::[01;31m[Kvalue[m[K)
[6.080s]       |          [01;31m[K^~~~~[m[K
[6.080s] [01m[K/opt/ros/humble/include/rclcpp/rclcpp/any_service_callback.hpp:97:10:[m[K [01;31m[Kerror: [m[K‘[01m[Kvalue[m[K’ is not a member of ‘[01m[Krclcpp::function_traits::same_arguments<std::_Bind<void (vehicle_core::AutopilotNode::*(vehicle_core::AutopilotNode*, std::_Placeholder<1>, std::_Placeholder<2>))(...)>, std::function<void(std::shared_ptr<rclcpp::Service<std_srvs::srv::Trigger> >, std::shared_ptr<rmw_request_id_s>, std::shared_ptr<std_srvs::srv::Trigger_Request_<std::allocator<void> > >)> >[m[K’
[6.081s]    97 |       >::[01;31m[Kvalue[m[K)
[6.081s]       |          [01;31m[K^~~~~[m[K
[6.081s] [01m[K/opt/ros/humble/include/rclcpp/rclcpp/any_service_callback.hpp:103:17:[m[K [01;31m[Kerror: [m[Kno match for ‘[01m[Koperator=[m[K’ (operand types are ‘[01m[Kstd::variant<std::monostate, std::function<void(std::shared_ptr<std_srvs::srv::Trigger_Request_<std::allocator<void> > >, std::shared_ptr<std_srvs::srv::Trigger_Response_<std::allocator<void> > >)>, std::function<void(std::shared_ptr<rmw_request_id_s>, std::shared_ptr<std_srvs::srv::Trigger_Request_<std::allocator<void> > >, std::shared_ptr<std_srvs::srv::Trigger_Response_<std::allocator<void> > >)>, std::function<void(std::shared_ptr<rmw_request_id_s>, std::shared_ptr<std_srvs::srv::Trigger_Request_<std::allocator<void> > >)>, std::function<void(std::shared_ptr<rclcpp::Service<std_srvs::srv::Trigger> >, std::shared_ptr<rmw_request_id_s>, std::shared_ptr<std_srvs::srv::Trigger_Request_<std::allocator<void> > >)> >[m[K’ and ‘[01m[Kstd::_Bind<void (vehicle_core::AutopilotNode::*(vehicle_core::AutopilotNode*, std::_Placeholder<1>, std::_Placeholder<2>))(...)>[m[K’)
[6.082s]   103 |       [01;31m[Kcallback_ = std::forward<CallbackT>(callback)[m[K;
[6.082s]       |       [01;31m[K~~~~~~~~~~^~~~~~~~~~~~~~~~~~~~~~~~~~~~~~~~~~~[m[K
[6.083s] In file included from [01m[K/opt/ros/humble/include/rclcpp/rclcpp/client.hpp:28[m[K,
[6.083s]                  from [01m[K/opt/ros/humble/include/rclcpp/rclcpp/callback_group.hpp:24[m[K,
[6.083s]                  from [01m[K/opt/ros/humble/include/rclcpp/rclcpp/any_executable.hpp:20[m[K,
[6.084s]                  from [01m[K/opt/ros/humble/include/rclcpp/rclcpp/memory_strategy.hpp:25[m[K,
[6.084s]                  from [01m[K/opt/ros/humble/include/rclcpp/rclcpp/memory_strategies.hpp:18[m[K,
[6.084s]                  from [01m[K/opt/ros/humble/include/rclcpp/rclcpp/executor_options.hpp:20[m[K,
[6.085s]                  from [01m[K/opt/ros/humble/include/rclcpp/rclcpp/executor.hpp:37[m[K,
[6.085s]                  from [01m[K/opt/ros/humble/include/rclcpp/rclcpp/executors/multi_threaded_executor.hpp:25[m[K,
[6.086s]                  from [01m[K/opt/ros/humble/include/rclcpp/rclcpp/executors.hpp:21[m[K,
[6.086s]                  from [01m[K/opt/ros/humble/include/rclcpp/rclcpp/rclcpp.hpp:155[m[K,
[6.086s]                  from [01m[K/home/avcpp/AV-CPP2025/Vehicle/src/vehicle_core/include/vehicle_core/autopilot_node.hpp:3[m[K,
[6.087s]                  from [01m[K/home/avcpp/AV-CPP2025/Vehicle/src/vehicle_core/src/autopilot_node.cpp:1[m[K:
[6.087s] [01m[K/usr/include/c++/11/variant:1461:9:[m[K [01;36m[Knote: [m[Kcandidate: ‘[01m[Ktemplate<class _Tp> std::enable_if_t<((__exactly_once<std::variant<_Types>::__accepted_type<_Tp&&, typename std::enable_if<__not_self<_Tp&&>, void>::type> > && is_constructible_v<std::variant<_Types>::__accepted_type<_Tp&&, typename std::enable_if<__not_self<_Tp&&>, void>::type>, _Tp>) && is_assignable_v<std::variant<_Types>::__accepted_type<_Tp&&, typename std::enable_if<__not_self<_Tp&&>, void>::type>&, _Tp>), std::variant<_Types>&> std::variant<_Types>::operator=(_Tp&&) [with _Tp = _Tp; _Types = {std::monostate, std::function<void(std::shared_ptr<std_srvs::srv::Trigger_Request_<std::allocator<void> > >, std::shared_ptr<std_srvs::srv::Trigger_Response_<std::allocator<void> > >)>, std::function<void(std::shared_ptr<rmw_request_id_s>, std::shared_ptr<std_srvs::srv::Trigger_Request_<std::allocator<void> > >, std::shared_ptr<std_srvs::srv::Trigger_Response_<std::allocator<void> > >)>, std::function<void(std::shared_ptr<rmw_request_id_s>, std::shared_ptr<std_srvs::srv::Trigger_Request_<std::allocator<void> > >)>, std::function<void(std::shared_ptr<rclcpp::Service<std_srvs::srv::Trigger> >, std::shared_ptr<rmw_request_id_s>, std::shared_ptr<std_srvs::srv::Trigger_Request_<std::allocator<void> > >)>}][m[K’
[6.087s]  1461 |         [01;36m[Koperator[m[K=(_Tp&& __rhs)
[6.088s]       |         [01;36m[K^~~~~~~~[m[K
[6.088s] [01m[K/usr/include/c++/11/variant:1461:9:[m[K [01;36m[Knote: [m[K  template argument deduction/substitution failed:
[6.089s] /usr/include/c++/11/variant: In substitution of ‘[01m[Ktemplate<class ... _Types> template<class _Tp, class> using __accepted_type = std::variant<_Types>::__to_type<__accepted_index<_Tp> > [with _Tp = std::_Bind<void (vehicle_core::AutopilotNode::*(vehicle_core::AutopilotNode*, std::_Placeholder<1>, std::_Placeholder<2>))(...)>&&; <template-parameter-2-2> = void; _Types = {std::monostate, std::function<void(std::shared_ptr<std_srvs::srv::Trigger_Request_<std::allocator<void> > >, std::shared_ptr<std_srvs::srv::Trigger_Response_<std::allocator<void> > >)>, std::function<void(std::shared_ptr<rmw_request_id_s>, std::shared_ptr<std_srvs::srv::Trigger_Request_<std::allocator<void> > >, std::shared_ptr<std_srvs::srv::Trigger_Response_<std::allocator<void> > >)>, std::function<void(std::shared_ptr<rmw_request_id_s>, std::shared_ptr<std_srvs::srv::Trigger_Request_<std::allocator<void> > >)>, std::function<void(std::shared_ptr<rclcpp::Service<std_srvs::srv::Trigger> >, std::shared_ptr<rmw_request_id_s>, std::shared_ptr<std_srvs::srv::Trigger_Request_<std::allocator<void> > >)>}][m[K’:
[6.089s] [01m[K/usr/include/c++/11/variant:1457:14:[m[K   required by substitution of ‘[01m[Ktemplate<class _Tp> std::enable_if_t<((__exactly_once<std::variant<std::monostate, std::function<void(std::shared_ptr<std_srvs::srv::Trigger_Request_<std::allocator<void> > >, std::shared_ptr<std_srvs::srv::Trigger_Response_<std::allocator<void> > >)>, std::function<void(std::shared_ptr<rmw_request_id_s>, std::shared_ptr<std_srvs::srv::Trigger_Request_<std::allocator<void> > >, std::shared_ptr<std_srvs::srv::Trigger_Response_<std::allocator<void> > >)>, std::function<void(std::shared_ptr<rmw_request_id_s>, std::shared_ptr<std_srvs::srv::Trigger_Request_<std::allocator<void> > >)>, std::function<void(std::shared_ptr<rclcpp::Service<std_srvs::srv::Trigger> >, std::shared_ptr<rmw_request_id_s>, std::shared_ptr<std_srvs::srv::Trigger_Request_<std::allocator<void> > >)> >::__accepted_type<_Tp&&, typename std::enable_if<__not_self<_Tp&&>, void>::type> > && is_constructible_v<std::variant<std::monostate, std::function<void(std::shared_ptr<std_srvs::srv::Trigger_Request_<std::allocator<void> > >, std::shared_ptr<std_srvs::srv::Trigger_Response_<std::allocator<void> > >)>, std::function<void(std::shared_ptr<rmw_request_id_s>, std::shared_ptr<std_srvs::srv::Trigger_Request_<std::allocator<void> > >, std::shared_ptr<std_srvs::srv::Trigger_Response_<std::allocator<void> > >)>, std::function<void(std::shared_ptr<rmw_request_id_s>, std::shared_ptr<std_srvs::srv::Trigger_Request_<std::allocator<void> > >)>, std::function<void(std::shared_ptr<rclcpp::Service<std_srvs::srv::Trigger> >, std::shared_ptr<rmw_request_id_s>, std::shared_ptr<std_srvs::srv::Trigger_Request_<std::allocator<void> > >)> >::__accepted_type<_Tp&&, typename std::enable_if<__not_self<_Tp&&>, void>::type>, _Tp>) && is_assignable_v<std::variant<std::monostate, std::function<void(std::shared_ptr<std_srvs::srv::Trigger_Request_<std::allocator<void> > >, std::shared_ptr<std_srvs::srv::Trigger_Response_<std::allocator<void> > >)>, std::function<void(std::shared_ptr<rmw_request_id_s>, std::shared_ptr<std_srvs::srv::Trigger_Request_<std::allocator<void> > >, std::shared_ptr<std_srvs::srv::Trigger_Response_<std::allocator<void> > >)>, std::function<void(std::shared_ptr<rmw_request_id_s>, std::shared_ptr<std_srvs::srv::Trigger_Request_<std::allocator<void> > >)>, std::function<void(std::shared_ptr<rclcpp::Service<std_srvs::srv::Trigger> >, std::shared_ptr<rmw_request_id_s>, std::shared_ptr<std_srvs::srv::Trigger_Request_<std::allocator<void> > >)> >::__accepted_type<_Tp&&, typename std::enable_if<__not_self<_Tp&&>, void>::type>&, _Tp>), std::variant<std::monostate, std::function<void(std::shared_ptr<std_srvs::srv::Trigger_Request_<std::allocator<void> > >, std::shared_ptr<std_srvs::srv::Trigger_Response_<std::allocator<void> > >)>, std::function<void(std::shared_ptr<rmw_request_id_s>, std::shared_ptr<std_srvs::srv::Trigger_Request_<std::allocator<void> > >, std::shared_ptr<std_srvs::srv::Trigger_Response_<std::allocator<void> > >)>, std::function<void(std::shared_ptr<rmw_request_id_s>, std::shared_ptr<std_srvs::srv::Trigger_Request_<std::allocator<void> > >)>, std::function<void(std::shared_ptr<rclcpp::Service<std_srvs::srv::Trigger> >, std::shared_ptr<rmw_request_id_s>, std::shared_ptr<std_srvs::srv::Trigger_Request_<std::allocator<void> > >)> >&> std::variant<std::monostate, std::function<void(std::shared_ptr<std_srvs::srv::Trigger_Request_<std::allocator<void> > >, std::shared_ptr<std_srvs::srv::Trigger_Response_<std::allocator<void> > >)>, std::function<void(std::shared_ptr<rmw_request_id_s>, std::shared_ptr<std_srvs::srv::Trigger_Request_<std::allocator<void> > >, std::shared_ptr<std_srvs::srv::Trigger_Response_<std::allocator<void> > >)>, std::function<void(std::shared_ptr<rmw_request_id_s>, std::shared_ptr<std_srvs::srv::Trigger_Request_<std::allocator<void> > >)>, std::function<void(std::shared_ptr<rclcpp::Service<std_srvs::srv::Trigger> >, std::shared_ptr<rmw_request_id_s>, std::shared_ptr<std_srvs::srv::Trigger_Request_<std::allocator<void> > >)> >::operator=<_Tp>(_Tp&&) [with _Tp = std::_Bind<void (vehicle_core::AutopilotNode::*(vehicle_core::AutopilotNode*, std::_Placeholder<1>, std::_Placeholder<2>))(...)>][m[K’
[6.090s] [01m[K/opt/ros/humble/include/rclcpp/rclcpp/any_service_callback.hpp:103:17:[m[K   required from ‘[01m[Kvoid rclcpp::AnyServiceCallback<ServiceT>::set(CallbackT&&) [with CallbackT = std::_Bind<void (vehicle_core::AutopilotNode::*(vehicle_core::AutopilotNode*, std::_Placeholder<1>, std::_Placeholder<2>))(...)>; typename std::enable_if<(! rclcpp::detail::can_be_nullptr<CallbackT>::value), int>::type <anonymous> = 0; ServiceT = std_srvs::srv::Trigger][m[K’
[6.090s] [01m[K/opt/ros/humble/include/rclcpp/rclcpp/create_service.hpp:43:27:[m[K   required from ‘[01m[Ktypename rclcpp::Service<ServiceT>::SharedPtr rclcpp::create_service(std::shared_ptr<rclcpp::node_interfaces::NodeBaseInterface>, std::shared_ptr<rclcpp::node_interfaces::NodeServicesInterface>, const string&, CallbackT&&, const rmw_qos_profile_t&, rclcpp::CallbackGroup::SharedPtr) [with ServiceT = std_srvs::srv::Trigger; CallbackT = std::_Bind<void (vehicle_core::AutopilotNode::*(vehicle_core::AutopilotNode*, std::_Placeholder<1>, std::_Placeholder<2>))(...)>; typename rclcpp::Service<ServiceT>::SharedPtr = std::shared_ptr<rclcpp::Service<std_srvs::srv::Trigger> >; std::string = std::__cxx11::basic_string<char>; rmw_qos_profile_t = rmw_qos_profile_s; rclcpp::CallbackGroup::SharedPtr = std::shared_ptr<rclcpp::CallbackGroup>][m[K’
[6.090s] [01m[K/opt/ros/humble/include/rclcpp/rclcpp/node_impl.hpp:147:53:[m[K   required from ‘[01m[Ktypename rclcpp::Service<ServiceT>::SharedPtr rclcpp::Node::create_service(const string&, CallbackT&&, const rmw_qos_profile_t&, rclcpp::CallbackGroup::SharedPtr) [with ServiceT = std_srvs::srv::Trigger; CallbackT = std::_Bind<void (vehicle_core::AutopilotNode::*(vehicle_core::AutopilotNode*, std::_Placeholder<1>, std::_Placeholder<2>))(...)>; typename rclcpp::Service<ServiceT>::SharedPtr = std::shared_ptr<rclcpp::Service<std_srvs::srv::Trigger> >; std::string = std::__cxx11::basic_string<char>; rmw_qos_profile_t = rmw_qos_profile_s; rclcpp::CallbackGroup::SharedPtr = std::shared_ptr<rclcpp::CallbackGroup>][m[K’
[6.091s] [01m[K/home/avcpp/AV-CPP2025/Vehicle/src/vehicle_core/src/autopilot_node.cpp:31:60:[m[K   required from here
[6.091s] [01m[K/usr/include/c++/11/variant:1375:15:[m[K [01;31m[Kerror: [m[Kno type named ‘[01m[Ktype[m[K’ in ‘[01m[Kstruct std::enable_if<false, void>[m[K’
[6.091s]  1375 |         using [01;31m[K__accepted_type[m[K = __to_type<__accepted_index<_Tp>>;
[6.092s]       |               [01;31m[K^~~~~~~~~~~~~~~[m[K
[6.092s] /opt/ros/humble/include/rclcpp/rclcpp/any_service_callback.hpp: In instantiation of ‘[01m[Kvoid rclcpp::AnyServiceCallback<ServiceT>::set(CallbackT&&) [with CallbackT = std::_Bind<void (vehicle_core::AutopilotNode::*(vehicle_core::AutopilotNode*, std::_Placeholder<1>, std::_Placeholder<2>))(...)>; typename std::enable_if<(! rclcpp::detail::can_be_nullptr<CallbackT>::value), int>::type <anonymous> = 0; ServiceT = std_srvs::srv::Trigger][m[K’:
[6.093s] [01m[K/opt/ros/humble/include/rclcpp/rclcpp/create_service.hpp:43:27:[m[K   required from ‘[01m[Ktypename rclcpp::Service<ServiceT>::SharedPtr rclcpp::create_service(std::shared_ptr<rclcpp::node_interfaces::NodeBaseInterface>, std::shared_ptr<rclcpp::node_interfaces::NodeServicesInterface>, const string&, CallbackT&&, const rmw_qos_profile_t&, rclcpp::CallbackGroup::SharedPtr) [with ServiceT = std_srvs::srv::Trigger; CallbackT = std::_Bind<void (vehicle_core::AutopilotNode::*(vehicle_core::AutopilotNode*, std::_Placeholder<1>, std::_Placeholder<2>))(...)>; typename rclcpp::Service<ServiceT>::SharedPtr = std::shared_ptr<rclcpp::Service<std_srvs::srv::Trigger> >; std::string = std::__cxx11::basic_string<char>; rmw_qos_profile_t = rmw_qos_profile_s; rclcpp::CallbackGroup::SharedPtr = std::shared_ptr<rclcpp::CallbackGroup>][m[K’
[6.093s] [01m[K/opt/ros/humble/include/rclcpp/rclcpp/node_impl.hpp:147:53:[m[K   required from ‘[01m[Ktypename rclcpp::Service<ServiceT>::SharedPtr rclcpp::Node::create_service(const string&, CallbackT&&, const rmw_qos_profile_t&, rclcpp::CallbackGroup::SharedPtr) [with ServiceT = std_srvs::srv::Trigger; CallbackT = std::_Bind<void (vehicle_core::AutopilotNode::*(vehicle_core::AutopilotNode*, std::_Placeholder<1>, std::_Placeholder<2>))(...)>; typename rclcpp::Service<ServiceT>::SharedPtr = std::shared_ptr<rclcpp::Service<std_srvs::srv::Trigger> >; std::string = std::__cxx11::basic_string<char>; rmw_qos_profile_t = rmw_qos_profile_s; rclcpp::CallbackGroup::SharedPtr = std::shared_ptr<rclcpp::CallbackGroup>][m[K’
[6.093s] [01m[K/home/avcpp/AV-CPP2025/Vehicle/src/vehicle_core/src/autopilot_node.cpp:31:60:[m[K   required from here
[6.094s] [01m[K/usr/include/c++/11/variant:1398:16:[m[K [01;36m[Knote: [m[Kcandidate: ‘[01m[Kstd::variant<_Types>& std::variant<_Types>::operator=(const std::variant<_Types>&) [with _Types = {std::monostate, std::function<void(std::shared_ptr<std_srvs::srv::Trigger_Request_<std::allocator<void> > >, std::shared_ptr<std_srvs::srv::Trigger_Response_<std::allocator<void> > >)>, std::function<void(std::shared_ptr<rmw_request_id_s>, std::shared_ptr<std_srvs::srv::Trigger_Request_<std::allocator<void> > >, std::shared_ptr<std_srvs::srv::Trigger_Response_<std::allocator<void> > >)>, std::function<void(std::shared_ptr<rmw_request_id_s>, std::shared_ptr<std_srvs::srv::Trigger_Request_<std::allocator<void> > >)>, std::function<void(std::shared_ptr<rclcpp::Service<std_srvs::srv::Trigger> >, std::shared_ptr<rmw_request_id_s>, std::shared_ptr<std_srvs::srv::Trigger_Request_<std::allocator<void> > >)>}][m[K’
[6.094s]  1398 |       variant& [01;36m[Koperator[m[K=(const variant&) = default;
[6.095s]       |                [01;36m[K^~~~~~~~[m[K
[6.095s] [01m[K/usr/include/c++/11/variant:1398:26:[m[K [01;36m[Knote: [m[K  no known conversion for argument 1 from ‘[01m[Kstd::_Bind<void (vehicle_core::AutopilotNode::*(vehicle_core::AutopilotNode*, std::_Placeholder<1>, std::_Placeholder<2>))(...)>[m[K’ to ‘[01m[Kconst std::variant<std::monostate, std::function<void(std::shared_ptr<std_srvs::srv::Trigger_Request_<std::allocator<void> > >, std::shared_ptr<std_srvs::srv::Trigger_Response_<std::allocator<void> > >)>, std::function<void(std::shared_ptr<rmw_request_id_s>, std::shared_ptr<std_srvs::srv::Trigger_Request_<std::allocator<void> > >, std::shared_ptr<std_srvs::srv::Trigger_Response_<std::allocator<void> > >)>, std::function<void(std::shared_ptr<rmw_request_id_s>, std::shared_ptr<std_srvs::srv::Trigger_Request_<std::allocator<void> > >)>, std::function<void(std::shared_ptr<rclcpp::Service<std_srvs::srv::Trigger> >, std::shared_ptr<rmw_request_id_s>, std::shared_ptr<std_srvs::srv::Trigger_Request_<std::allocator<void> > >)> >&[m[K’
[6.095s]  1398 |       variant& operator=([01;36m[Kconst variant&[m[K) = default;
[6.096s]       |                          [01;36m[K^~~~~~~~~~~~~~[m[K
[6.096s] [01m[K/usr/include/c++/11/variant:1399:16:[m[K [01;36m[Knote: [m[Kcandidate: ‘[01m[Kstd::variant<_Types>& std::variant<_Types>::operator=(std::variant<_Types>&&) [with _Types = {std::monostate, std::function<void(std::shared_ptr<std_srvs::srv::Trigger_Request_<std::allocator<void> > >, std::shared_ptr<std_srvs::srv::Trigger_Response_<std::allocator<void> > >)>, std::function<void(std::shared_ptr<rmw_request_id_s>, std::shared_ptr<std_srvs::srv::Trigger_Request_<std::allocator<void> > >, std::shared_ptr<std_srvs::srv::Trigger_Response_<std::allocator<void> > >)>, std::function<void(std::shared_ptr<rmw_request_id_s>, std::shared_ptr<std_srvs::srv::Trigger_Request_<std::allocator<void> > >)>, std::function<void(std::shared_ptr<rclcpp::Service<std_srvs::srv::Trigger> >, std::shared_ptr<rmw_request_id_s>, std::shared_ptr<std_srvs::srv::Trigger_Request_<std::allocator<void> > >)>}][m[K’
[6.096s]  1399 |       variant& [01;36m[Koperator[m[K=(variant&&) = default;
[6.097s]       |                [01;36m[K^~~~~~~~[m[K
[6.097s] [01m[K/usr/include/c++/11/variant:1399:26:[m[K [01;36m[Knote: [m[K  no known conversion for argument 1 from ‘[01m[Kstd::_Bind<void (vehicle_core::AutopilotNode::*(vehicle_core::AutopilotNode*, std::_Placeholder<1>, std::_Placeholder<2>))(...)>[m[K’ to ‘[01m[Kstd::variant<std::monostate, std::function<void(std::shared_ptr<std_srvs::srv::Trigger_Request_<std::allocator<void> > >, std::shared_ptr<std_srvs::srv::Trigger_Response_<std::allocator<void> > >)>, std::function<void(std::shared_ptr<rmw_request_id_s>, std::shared_ptr<std_srvs::srv::Trigger_Request_<std::allocator<void> > >, std::shared_ptr<std_srvs::srv::Trigger_Response_<std::allocator<void> > >)>, std::function<void(std::shared_ptr<rmw_request_id_s>, std::shared_ptr<std_srvs::srv::Trigger_Request_<std::allocator<void> > >)>, std::function<void(std::shared_ptr<rclcpp::Service<std_srvs::srv::Trigger> >, std::shared_ptr<rmw_request_id_s>, std::shared_ptr<std_srvs::srv::Trigger_Request_<std::allocator<void> > >)> >&&[m[K’
[6.098s]  1399 |       variant& operator=([01;36m[Kvariant&&[m[K) = default;
[6.098s]       |                          [01;36m[K^~~~~~~~~[m[K
[11.479s] gmake[2]: *** [CMakeFiles/autopilot_node_component.dir/build.make:76: CMakeFiles/autopilot_node_component.dir/src/autopilot_node.cpp.o] Error 1
[11.480s] gmake[1]: *** [CMakeFiles/Makefile2:778: CMakeFiles/autopilot_node_component.dir/all] Error 2
[11.481s] gmake: *** [Makefile:146: all] Error 2
[11.491s] Invoked command in '/home/avcpp/AV-CPP2025/Vehicle/build/vehicle_core' returned '2': CMAKE_PREFIX_PATH=${CMAKE_PREFIX_PATH}:/opt/ros/humble /usr/bin/cmake --build /home/avcpp/AV-CPP2025/Vehicle/build/vehicle_core -- -j8 -l8
