[  0%] Built target vehicle_core__cpp
[  0%] Built target ament_cmake_python_symlink_vehicle_core
[ 10%] Built target vehicle_core__rosidl_typesupport_cpp
[ 11%] Built target vehicle_core_container
[ 22%] Built target vehicle_core__rosidl_generator_c
[ 33%] Built target vehicle_core__rosidl_typesupport_introspection_cpp
[ 44%] Built target vehicle_core__rosidl_typesupport_c
[ 54%] Built target vehicle_core__rosidl_typesupport_fastrtps_cpp
[ 65%] Built target vehicle_core__rosidl_typesupport_introspection_c
[ 76%] Built target vehicle_core__rosidl_typesupport_fastrtps_c
[ 76%] Built target vehicle_core
[ 77%] Built target tcp_server_node_component
[ 77%] Built target vehicle_core__py
[ 78%] Built target heading_calibrator_node_component
[ 79%] Built target state_manager_node_component
[ 83%] Built target i2c_bridge_node
[ 84%] Built target gt_u7_gps_node_component
[ 85%] [32mBuilding CXX object CMakeFiles/drive_arbiter_node_component.dir/src/drive_arbiter.cpp.o[0m
[ 86%] Built target gst_camera_component
running egg_info
writing vehicle_core.egg-info/PKG-INFO
writing dependency_links to vehicle_core.egg-info/dependency_links.txt
writing top-level names to vehicle_core.egg-info/top_level.txt
reading manifest file 'vehicle_core.egg-info/SOURCES.txt'
writing manifest file 'vehicle_core.egg-info/SOURCES.txt'
[ 87%] Built target autopilot_node_component
[ 97%] Built target vehicle_core__rosidl_generator_py
[ 97%] Built target ament_cmake_python_build_vehicle_core_egg
[ 98%] Built target vehicle_core__rosidl_typesupport_introspection_c__pyext
[100%] Built target vehicle_core__rosidl_typesupport_c__pyext
[100%] Built target vehicle_core__rosidl_typesupport_fastrtps_c__pyext
