[0.023s] Invoking command in '/home/avcpp/AV-CPP2025/Vehicle/build/vehicle_core': CMAKE_PREFIX_PATH=${CMAKE_PREFIX_PATH}:/opt/ros/humble /usr/bin/cmake --build /home/avcpp/AV-CPP2025/Vehicle/build/vehicle_core -- -j8 -l8
[0.205s] [  0%] Built target vehicle_core__cpp
[0.229s] [  0%] Built target ament_cmake_python_symlink_vehicle_core
[0.254s] [ 10%] Built target vehicle_core__rosidl_typesupport_cpp
[0.257s] [ 11%] Built target vehicle_core_container
[0.257s] [ 22%] Built target vehicle_core__rosidl_generator_c
[0.302s] [ 33%] Built target vehicle_core__rosidl_typesupport_introspection_cpp
[0.305s] [ 44%] Built target vehicle_core__rosidl_typesupport_c
[0.331s] [ 54%] Built target vehicle_core__rosidl_typesupport_fastrtps_cpp
[0.351s] [ 65%] Built target vehicle_core__rosidl_typesupport_introspection_c
[0.354s] [ 76%] Built target vehicle_core__rosidl_typesupport_fastrtps_c
[0.412s] [ 76%] Built target vehicle_core
[0.467s] [ 77%] Built target tcp_server_node_component
[0.479s] [ 77%] Built target vehicle_core__py
[0.481s] [ 78%] Built target heading_calibrator_node_component
[0.487s] [ 79%] Built target state_manager_node_component
[0.495s] [ 83%] Built target i2c_bridge_node
[0.523s] [ 84%] Built target gt_u7_gps_node_component
[0.524s] [ 85%] [32mBuilding CXX object CMakeFiles/drive_arbiter_node_component.dir/src/drive_arbiter.cpp.o[0m
[0.533s] [ 86%] Built target gst_camera_component
[0.535s] running egg_info
[0.536s] writing vehicle_core.egg-info/PKG-INFO
[0.537s] writing dependency_links to vehicle_core.egg-info/dependency_links.txt
[0.537s] writing top-level names to vehicle_core.egg-info/top_level.txt
[0.540s] reading manifest file 'vehicle_core.egg-info/SOURCES.txt'
[0.541s] writing manifest file 'vehicle_core.egg-info/SOURCES.txt'
[0.555s] [ 87%] Built target autopilot_node_component
[0.580s] [ 97%] Built target vehicle_core__rosidl_generator_py
[0.604s] [ 97%] Built target ament_cmake_python_build_vehicle_core_egg
[0.633s] [ 98%] Built target vehicle_core__rosidl_typesupport_introspection_c__pyext
[0.635s] [100%] Built target vehicle_core__rosidl_typesupport_c__pyext
[0.636s] [100%] Built target vehicle_core__rosidl_typesupport_fastrtps_c__pyext
[5.520s] [01m[K/home/avcpp/AV-CPP2025/Vehicle/src/vehicle_core/src/drive_arbiter.cpp:[m[K In constructor ‘[01m[Kvehicle_core::DriveArbiterNode::DriveArbiterNode(const rclcpp::NodeOptions&)[m[K’:
[5.521s] [01m[K/home/avcpp/AV-CPP2025/Vehicle/src/vehicle_core/src/drive_arbiter.cpp:47:16:[m[K [01;31m[Kerror: [m[Kno matching function for call to ‘[01m[Kbind(<unresolved overloaded function type>, vehicle_core::DriveArbiterNode*, const std::_Placeholder<1>&)[m[K’
[5.522s]    47 |       [01;31m[Kstd::bind(&DriveArbiterNode::onObstacleDetected, this, std::placeholders::_1)[m[K);
[5.522s]       |       [01;31m[K~~~~~~~~~^~~~~~~~~~~~~~~~~~~~~~~~~~~~~~~~~~~~~~~~~~~~~~~~~~~~~~~~~~~~~~~~~~~~[m[K
[5.524s] In file included from [01m[K/usr/include/c++/11/pstl/glue_algorithm_defs.h:13[m[K,
[5.525s]                  from [01m[K/usr/include/c++/11/algorithm:74[m[K,
[5.525s]                  from [01m[K/opt/ros/humble/include/rclcpp/rclcpp/executor.hpp:18[m[K,
[5.525s]                  from [01m[K/opt/ros/humble/include/rclcpp/rclcpp/executors/multi_threaded_executor.hpp:25[m[K,
[5.525s]                  from [01m[K/opt/ros/humble/include/rclcpp/rclcpp/executors.hpp:21[m[K,
[5.525s]                  from [01m[K/opt/ros/humble/include/rclcpp/rclcpp/rclcpp.hpp:155[m[K,
[5.525s]                  from [01m[K/home/avcpp/AV-CPP2025/Vehicle/src/vehicle_core/include/vehicle_core/drive_arbiter_node.hpp:11[m[K,
[5.525s]                  from [01m[K/home/avcpp/AV-CPP2025/Vehicle/src/vehicle_core/src/drive_arbiter.cpp:1[m[K:
[5.525s] [01m[K/usr/include/c++/11/functional:789:5:[m[K [01;36m[Knote: [m[Kcandidate: ‘[01m[Ktemplate<class _Func, class ... _BoundArgs> typename std::_Bind_helper<std::__is_socketlike<_Func>::value, _Func, _BoundArgs ...>::type std::bind(_Func&&, _BoundArgs&& ...)[m[K’
[5.526s]   789 |     [01;36m[Kbind[m[K(_Func&& __f, _BoundArgs&&... __args)
[5.526s]       |     [01;36m[K^~~~[m[K
[5.526s] [01m[K/usr/include/c++/11/functional:789:5:[m[K [01;36m[Knote: [m[K  template argument deduction/substitution failed:
[5.526s] [01m[K/home/avcpp/AV-CPP2025/Vehicle/src/vehicle_core/src/drive_arbiter.cpp:47:16:[m[K [01;36m[Knote: [m[K  couldn’t deduce template parameter ‘[01m[K_Func[m[K’
[5.526s]    47 |       [01;36m[Kstd::bind(&DriveArbiterNode::onObstacleDetected, this, std::placeholders::_1)[m[K);
[5.526s]       |       [01;36m[K~~~~~~~~~^~~~~~~~~~~~~~~~~~~~~~~~~~~~~~~~~~~~~~~~~~~~~~~~~~~~~~~~~~~~~~~~~~~~[m[K
[5.526s] In file included from [01m[K/usr/include/c++/11/pstl/glue_algorithm_defs.h:13[m[K,
[5.526s]                  from [01m[K/usr/include/c++/11/algorithm:74[m[K,
[5.526s]                  from [01m[K/opt/ros/humble/include/rclcpp/rclcpp/executor.hpp:18[m[K,
[5.526s]                  from [01m[K/opt/ros/humble/include/rclcpp/rclcpp/executors/multi_threaded_executor.hpp:25[m[K,
[5.526s]                  from [01m[K/opt/ros/humble/include/rclcpp/rclcpp/executors.hpp:21[m[K,
[5.526s]                  from [01m[K/opt/ros/humble/include/rclcpp/rclcpp/rclcpp.hpp:155[m[K,
[5.527s]                  from [01m[K/home/avcpp/AV-CPP2025/Vehicle/src/vehicle_core/include/vehicle_core/drive_arbiter_node.hpp:11[m[K,
[5.527s]                  from [01m[K/home/avcpp/AV-CPP2025/Vehicle/src/vehicle_core/src/drive_arbiter.cpp:1[m[K:
[5.527s] [01m[K/usr/include/c++/11/functional:813:5:[m[K [01;36m[Knote: [m[Kcandidate: ‘[01m[Ktemplate<class _Result, class _Func, class ... _BoundArgs> typename std::_Bindres_helper<_Result, _Func, _BoundArgs>::type std::bind(_Func&&, _BoundArgs&& ...)[m[K’
[5.527s]   813 |     [01;36m[Kbind[m[K(_Func&& __f, _BoundArgs&&... __args)
[5.527s]       |     [01;36m[K^~~~[m[K
[5.527s] [01m[K/usr/include/c++/11/functional:813:5:[m[K [01;36m[Knote: [m[K  template argument deduction/substitution failed:
[5.527s] [01m[K/home/avcpp/AV-CPP2025/Vehicle/src/vehicle_core/src/drive_arbiter.cpp:47:16:[m[K [01;36m[Knote: [m[K  couldn’t deduce template parameter ‘[01m[K_Result[m[K’
[5.527s]    47 |       [01;36m[Kstd::bind(&DriveArbiterNode::onObstacleDetected, this, std::placeholders::_1)[m[K);
[5.527s]       |       [01;36m[K~~~~~~~~~^~~~~~~~~~~~~~~~~~~~~~~~~~~~~~~~~~~~~~~~~~~~~~~~~~~~~~~~~~~~~~~~~~~~[m[K
[5.527s] [01m[K/home/avcpp/AV-CPP2025/Vehicle/src/vehicle_core/src/drive_arbiter.cpp:51:36:[m[K [01;31m[Kerror: [m[K‘[01m[KonObstacleDistance[m[K’ is not a member of ‘[01m[Kvehicle_core::DriveArbiterNode[m[K’
[5.527s]    51 |       std::bind(&DriveArbiterNode::[01;31m[KonObstacleDistance[m[K, this, std::placeholders::_1));
[5.527s]       |                                    [01;31m[K^~~~~~~~~~~~~~~~~~[m[K
[5.578s] [01m[K/home/avcpp/AV-CPP2025/Vehicle/src/vehicle_core/src/drive_arbiter.cpp:[m[K At global scope:
[5.578s] [01m[K/home/avcpp/AV-CPP2025/Vehicle/src/vehicle_core/src/drive_arbiter.cpp:174:6:[m[K [01;31m[Kerror: [m[Kno declaration matches ‘[01m[Kvoid vehicle_core::DriveArbiterNode::onObstacleDistance(std_msgs::msg::Float32_<std::allocator<void> >::SharedPtr)[m[K’
[5.578s]   174 | void [01;31m[KDriveArbiterNode[m[K::onObstacleDistance(const std_msgs::msg::Float32::SharedPtr msg) {
[5.578s]       |      [01;31m[K^~~~~~~~~~~~~~~~[m[K
[5.578s] [01m[K/home/avcpp/AV-CPP2025/Vehicle/src/vehicle_core/src/drive_arbiter.cpp:174:6:[m[K [01;36m[Knote: [m[Kno functions named ‘[01m[Kvoid vehicle_core::DriveArbiterNode::onObstacleDistance(std_msgs::msg::Float32_<std::allocator<void> >::SharedPtr)[m[K’
[5.578s] In file included from [01m[K/home/avcpp/AV-CPP2025/Vehicle/src/vehicle_core/src/drive_arbiter.cpp:1[m[K:
[5.578s] [01m[K/home/avcpp/AV-CPP2025/Vehicle/src/vehicle_core/include/vehicle_core/drive_arbiter_node.hpp:28:7:[m[K [01;36m[Knote: [m[K‘[01m[Kclass vehicle_core::DriveArbiterNode[m[K’ defined here
[5.578s]    28 | class [01;36m[KDriveArbiterNode[m[K final : public rclcpp::Node {
[5.579s]       |       [01;36m[K^~~~~~~~~~~~~~~~[m[K
[5.604s] [01m[K/home/avcpp/AV-CPP2025/Vehicle/src/vehicle_core/src/drive_arbiter.cpp:[m[K In member function ‘[01m[Kvoid vehicle_core::DriveArbiterNode::maybePublish()[m[K’:
[5.604s] [01m[K/home/avcpp/AV-CPP2025/Vehicle/src/vehicle_core/src/drive_arbiter.cpp:326:9:[m[K [01;31m[Kerror: [m[K‘[01m[Kclosest_object_distance_[m[K’ was not declared in this scope; did you mean ‘[01m[Kclosest_object_distance[m[K’?
[5.604s]   326 |     if ([01;31m[Kclosest_object_distance_[m[K <= warning_zone_ && out.target_speed_mmps > 0) {
[5.604s]       |         [01;31m[K^~~~~~~~~~~~~~~~~~~~~~~~[m[K
[5.605s]       |         [32m[Kclosest_object_distance[m[K
[5.617s] [01m[K/home/avcpp/AV-CPP2025/Vehicle/src/vehicle_core/src/drive_arbiter.cpp:350:9:[m[K [01;31m[Kerror: [m[K‘[01m[Kclosest_object_distance_[m[K’ was not declared in this scope; did you mean ‘[01m[Kclosest_object_distance[m[K’?
[5.618s]   350 |     if ([01;31m[Kclosest_object_distance_[m[K <= warning_zone_ && out.target_speed_mmps > 0) {
[5.618s]       |         [01;31m[K^~~~~~~~~~~~~~~~~~~~~~~~[m[K
[5.618s]       |         [32m[Kclosest_object_distance[m[K
[18.642s] gmake[2]: *** [CMakeFiles/drive_arbiter_node_component.dir/build.make:76: CMakeFiles/drive_arbiter_node_component.dir/src/drive_arbiter.cpp.o] Error 1
[18.643s] gmake[1]: *** [CMakeFiles/Makefile2:666: CMakeFiles/drive_arbiter_node_component.dir/all] Error 2
[18.644s] gmake: *** [Makefile:146: all] Error 2
[18.649s] Invoked command in '/home/avcpp/AV-CPP2025/Vehicle/build/vehicle_core' returned '2': CMAKE_PREFIX_PATH=${CMAKE_PREFIX_PATH}:/opt/ros/humble /usr/bin/cmake --build /home/avcpp/AV-CPP2025/Vehicle/build/vehicle_core -- -j8 -l8
