[0.166s] DEBUG:colcon:Command line arguments: ['/usr/bin/colcon', 'build']
[0.167s] DEBUG:colcon:Parsed command line arguments: Namespace(log_base=None, log_level=None, verb_name='build', build_base='build', install_base='install', merge_install=False, symlink_install=False, test_result_base=None, continue_on_error=False, executor='parallel', parallel_workers=8, event_handlers=None, ignore_user_meta=False, metas=['./colcon.meta'], base_paths=['.'], packages_ignore=None, packages_ignore_regex=None, paths=None, packages_up_to=None, packages_up_to_regex=None, packages_above=None, packages_above_and_dependencies=None, packages_above_depth=None, packages_select_by_dep=None, packages_skip_by_dep=None, packages_skip_up_to=None, packages_select_build_failed=False, packages_skip_build_finished=False, packages_select_test_failures=False, packages_skip_test_passed=False, packages_select=None, packages_skip=None, packages_select_regex=None, packages_skip_regex=None, packages_start=None, packages_end=None, cmake_args=None, cmake_target=None, cmake_target_skip_unavailable=False, cmake_clean_cache=False, cmake_clean_first=False, cmake_force_configure=False, ament_cmake_args=None, catkin_cmake_args=None, catkin_skip_building_tests=False, mixin_files=None, mixin=None, verb_parser=<colcon_mixin.mixin.mixin_argument.MixinArgumentDecorator object at 0x7f80336b00>, verb_extension=<colcon_core.verb.build.BuildVerb object at 0x7f804e3610>, main=<bound method BuildVerb.main of <colcon_core.verb.build.BuildVerb object at 0x7f804e3610>>, mixin_verb=('build',))
[0.523s] Level 1:colcon.colcon_core.package_discovery:discover_packages(colcon_meta) check parameters
[0.524s] Level 1:colcon.colcon_core.package_discovery:discover_packages(recursive) check parameters
[0.524s] Level 1:colcon.colcon_core.package_discovery:discover_packages(ignore) check parameters
[0.524s] Level 1:colcon.colcon_core.package_discovery:discover_packages(path) check parameters
[0.524s] Level 1:colcon.colcon_core.package_discovery:discover_packages(colcon_meta) discover
[0.524s] Level 1:colcon.colcon_core.package_discovery:discover_packages(recursive) discover
[0.524s] INFO:colcon.colcon_core.package_discovery:Crawling recursively for packages in '/home/avcpp/AV-CPP2025/Vehicle'
[0.524s] Level 1:colcon.colcon_core.package_identification:_identify(.) by extensions ['ignore', 'ignore_ament_install']
[0.524s] Level 1:colcon.colcon_core.package_identification:_identify(.) by extension 'ignore'
[0.524s] Level 1:colcon.colcon_core.package_identification:_identify(.) by extension 'ignore_ament_install'
[0.524s] Level 1:colcon.colcon_core.package_identification:_identify(.) by extensions ['colcon_pkg']
[0.524s] Level 1:colcon.colcon_core.package_identification:_identify(.) by extension 'colcon_pkg'
[0.524s] Level 1:colcon.colcon_core.package_identification:_identify(.) by extensions ['colcon_meta']
[0.525s] Level 1:colcon.colcon_core.package_identification:_identify(.) by extension 'colcon_meta'
[0.525s] Level 1:colcon.colcon_core.package_identification:_identify(.) by extensions ['ros']
[0.525s] Level 1:colcon.colcon_core.package_identification:_identify(.) by extension 'ros'
[0.544s] Level 1:colcon.colcon_core.package_identification:_identify(.) by extensions ['cmake', 'python']
[0.544s] Level 1:colcon.colcon_core.package_identification:_identify(.) by extension 'cmake'
[0.544s] Level 1:colcon.colcon_core.package_identification:_identify(.) by extension 'python'
[0.544s] Level 1:colcon.colcon_core.package_identification:_identify(.) by extensions ['python_setup_py']
[0.544s] Level 1:colcon.colcon_core.package_identification:_identify(.) by extension 'python_setup_py'
[0.545s] Level 1:colcon.colcon_core.package_identification:_identify(build) by extensions ['ignore', 'ignore_ament_install']
[0.545s] Level 1:colcon.colcon_core.package_identification:_identify(build) by extension 'ignore'
[0.545s] Level 1:colcon.colcon_core.package_identification:_identify(build) ignored
[0.545s] Level 1:colcon.colcon_core.package_identification:_identify(install) by extensions ['ignore', 'ignore_ament_install']
[0.545s] Level 1:colcon.colcon_core.package_identification:_identify(install) by extension 'ignore'
[0.545s] Level 1:colcon.colcon_core.package_identification:_identify(install) ignored
[0.545s] Level 1:colcon.colcon_core.package_identification:_identify(log) by extensions ['ignore', 'ignore_ament_install']
[0.545s] Level 1:colcon.colcon_core.package_identification:_identify(log) by extension 'ignore'
[0.545s] Level 1:colcon.colcon_core.package_identification:_identify(log) ignored
[0.545s] Level 1:colcon.colcon_core.package_identification:_identify(src) by extensions ['ignore', 'ignore_ament_install']
[0.545s] Level 1:colcon.colcon_core.package_identification:_identify(src) by extension 'ignore'
[0.545s] Level 1:colcon.colcon_core.package_identification:_identify(src) by extension 'ignore_ament_install'
[0.546s] Level 1:colcon.colcon_core.package_identification:_identify(src) by extensions ['colcon_pkg']
[0.546s] Level 1:colcon.colcon_core.package_identification:_identify(src) by extension 'colcon_pkg'
[0.546s] Level 1:colcon.colcon_core.package_identification:_identify(src) by extensions ['colcon_meta']
[0.546s] Level 1:colcon.colcon_core.package_identification:_identify(src) by extension 'colcon_meta'
[0.546s] Level 1:colcon.colcon_core.package_identification:_identify(src) by extensions ['ros']
[0.546s] Level 1:colcon.colcon_core.package_identification:_identify(src) by extension 'ros'
[0.546s] Level 1:colcon.colcon_core.package_identification:_identify(src) by extensions ['cmake', 'python']
[0.546s] Level 1:colcon.colcon_core.package_identification:_identify(src) by extension 'cmake'
[0.546s] Level 1:colcon.colcon_core.package_identification:_identify(src) by extension 'python'
[0.546s] Level 1:colcon.colcon_core.package_identification:_identify(src) by extensions ['python_setup_py']
[0.546s] Level 1:colcon.colcon_core.package_identification:_identify(src) by extension 'python_setup_py'
[0.546s] Level 1:colcon.colcon_core.package_identification:_identify(src/computer_vision) by extensions ['ignore', 'ignore_ament_install']
[0.546s] Level 1:colcon.colcon_core.package_identification:_identify(src/computer_vision) by extension 'ignore'
[0.546s] Level 1:colcon.colcon_core.package_identification:_identify(src/computer_vision) by extension 'ignore_ament_install'
[0.546s] Level 1:colcon.colcon_core.package_identification:_identify(src/computer_vision) by extensions ['colcon_pkg']
[0.546s] Level 1:colcon.colcon_core.package_identification:_identify(src/computer_vision) by extension 'colcon_pkg'
[0.546s] Level 1:colcon.colcon_core.package_identification:_identify(src/computer_vision) by extensions ['colcon_meta']
[0.546s] Level 1:colcon.colcon_core.package_identification:_identify(src/computer_vision) by extension 'colcon_meta'
[0.546s] Level 1:colcon.colcon_core.package_identification:_identify(src/computer_vision) by extensions ['ros']
[0.546s] Level 1:colcon.colcon_core.package_identification:_identify(src/computer_vision) by extension 'ros'
[0.550s] DEBUG:colcon.colcon_core.package_identification:Package 'src/computer_vision' with type 'ros.ament_cmake' and name 'computer_vision'
[0.550s] Level 1:colcon.colcon_core.package_identification:_identify(src/object_detector) by extensions ['ignore', 'ignore_ament_install']
[0.550s] Level 1:colcon.colcon_core.package_identification:_identify(src/object_detector) by extension 'ignore'
[0.551s] Level 1:colcon.colcon_core.package_identification:_identify(src/object_detector) by extension 'ignore_ament_install'
[0.551s] Level 1:colcon.colcon_core.package_identification:_identify(src/object_detector) by extensions ['colcon_pkg']
[0.551s] Level 1:colcon.colcon_core.package_identification:_identify(src/object_detector) by extension 'colcon_pkg'
[0.551s] Level 1:colcon.colcon_core.package_identification:_identify(src/object_detector) by extensions ['colcon_meta']
[0.551s] Level 1:colcon.colcon_core.package_identification:_identify(src/object_detector) by extension 'colcon_meta'
[0.551s] Level 1:colcon.colcon_core.package_identification:_identify(src/object_detector) by extensions ['ros']
[0.551s] Level 1:colcon.colcon_core.package_identification:_identify(src/object_detector) by extension 'ros'
[0.552s] DEBUG:colcon.colcon_core.package_identification:Package 'src/object_detector' with type 'ros.ament_cmake' and name 'object_detector'
[0.552s] Level 1:colcon.colcon_core.package_identification:_identify(src/vehicle_core) by extensions ['ignore', 'ignore_ament_install']
[0.552s] Level 1:colcon.colcon_core.package_identification:_identify(src/vehicle_core) by extension 'ignore'
[0.552s] Level 1:colcon.colcon_core.package_identification:_identify(src/vehicle_core) by extension 'ignore_ament_install'
[0.552s] Level 1:colcon.colcon_core.package_identification:_identify(src/vehicle_core) by extensions ['colcon_pkg']
[0.552s] Level 1:colcon.colcon_core.package_identification:_identify(src/vehicle_core) by extension 'colcon_pkg'
[0.552s] Level 1:colcon.colcon_core.package_identification:_identify(src/vehicle_core) by extensions ['colcon_meta']
[0.552s] Level 1:colcon.colcon_core.package_identification:_identify(src/vehicle_core) by extension 'colcon_meta'
[0.552s] Level 1:colcon.colcon_core.package_identification:_identify(src/vehicle_core) by extensions ['ros']
[0.552s] Level 1:colcon.colcon_core.package_identification:_identify(src/vehicle_core) by extension 'ros'
[0.555s] DEBUG:colcon.colcon_core.package_identification:Package 'src/vehicle_core' with type 'ros.ament_cmake' and name 'vehicle_core'
[0.555s] Level 1:colcon.colcon_core.package_discovery:discover_packages(recursive) using defaults
[0.555s] Level 1:colcon.colcon_core.package_discovery:discover_packages(ignore) discover
[0.555s] Level 1:colcon.colcon_core.package_discovery:discover_packages(ignore) using defaults
[0.555s] Level 1:colcon.colcon_core.package_discovery:discover_packages(path) discover
[0.555s] Level 1:colcon.colcon_core.package_discovery:discover_packages(path) using defaults
[0.585s] Level 5:colcon.colcon_core.verb:set package 'computer_vision' build argument 'cmake_args' from command line to 'None'
[0.585s] Level 5:colcon.colcon_core.verb:set package 'computer_vision' build argument 'cmake_target' from command line to 'None'
[0.585s] Level 5:colcon.colcon_core.verb:set package 'computer_vision' build argument 'cmake_target_skip_unavailable' from command line to 'False'
[0.585s] Level 5:colcon.colcon_core.verb:set package 'computer_vision' build argument 'cmake_clean_cache' from command line to 'False'
[0.585s] Level 5:colcon.colcon_core.verb:set package 'computer_vision' build argument 'cmake_clean_first' from command line to 'False'
[0.585s] Level 5:colcon.colcon_core.verb:set package 'computer_vision' build argument 'cmake_force_configure' from command line to 'False'
[0.585s] Level 5:colcon.colcon_core.verb:set package 'computer_vision' build argument 'ament_cmake_args' from command line to 'None'
[0.585s] Level 5:colcon.colcon_core.verb:set package 'computer_vision' build argument 'catkin_cmake_args' from command line to 'None'
[0.585s] Level 5:colcon.colcon_core.verb:set package 'computer_vision' build argument 'catkin_skip_building_tests' from command line to 'False'
[0.585s] DEBUG:colcon.colcon_core.verb:Building package 'computer_vision' with the following arguments: {'ament_cmake_args': None, 'build_base': '/home/avcpp/AV-CPP2025/Vehicle/build/computer_vision', 'catkin_cmake_args': None, 'catkin_skip_building_tests': False, 'cmake_args': None, 'cmake_clean_cache': False, 'cmake_clean_first': False, 'cmake_force_configure': False, 'cmake_target': None, 'cmake_target_skip_unavailable': False, 'install_base': '/home/avcpp/AV-CPP2025/Vehicle/install/computer_vision', 'merge_install': False, 'path': '/home/avcpp/AV-CPP2025/Vehicle/src/computer_vision', 'symlink_install': False, 'test_result_base': None}
[0.586s] Level 5:colcon.colcon_core.verb:set package 'object_detector' build argument 'cmake_args' from command line to 'None'
[0.586s] Level 5:colcon.colcon_core.verb:set package 'object_detector' build argument 'cmake_target' from command line to 'None'
[0.586s] Level 5:colcon.colcon_core.verb:set package 'object_detector' build argument 'cmake_target_skip_unavailable' from command line to 'False'
[0.586s] Level 5:colcon.colcon_core.verb:set package 'object_detector' build argument 'cmake_clean_cache' from command line to 'False'
[0.586s] Level 5:colcon.colcon_core.verb:set package 'object_detector' build argument 'cmake_clean_first' from command line to 'False'
[0.586s] Level 5:colcon.colcon_core.verb:set package 'object_detector' build argument 'cmake_force_configure' from command line to 'False'
[0.586s] Level 5:colcon.colcon_core.verb:set package 'object_detector' build argument 'ament_cmake_args' from command line to 'None'
[0.586s] Level 5:colcon.colcon_core.verb:set package 'object_detector' build argument 'catkin_cmake_args' from command line to 'None'
[0.586s] Level 5:colcon.colcon_core.verb:set package 'object_detector' build argument 'catkin_skip_building_tests' from command line to 'False'
[0.586s] DEBUG:colcon.colcon_core.verb:Building package 'object_detector' with the following arguments: {'ament_cmake_args': None, 'build_base': '/home/avcpp/AV-CPP2025/Vehicle/build/object_detector', 'catkin_cmake_args': None, 'catkin_skip_building_tests': False, 'cmake_args': None, 'cmake_clean_cache': False, 'cmake_clean_first': False, 'cmake_force_configure': False, 'cmake_target': None, 'cmake_target_skip_unavailable': False, 'install_base': '/home/avcpp/AV-CPP2025/Vehicle/install/object_detector', 'merge_install': False, 'path': '/home/avcpp/AV-CPP2025/Vehicle/src/object_detector', 'symlink_install': False, 'test_result_base': None}
[0.586s] Level 5:colcon.colcon_core.verb:set package 'vehicle_core' build argument 'cmake_args' from command line to 'None'
[0.586s] Level 5:colcon.colcon_core.verb:set package 'vehicle_core' build argument 'cmake_target' from command line to 'None'
[0.586s] Level 5:colcon.colcon_core.verb:set package 'vehicle_core' build argument 'cmake_target_skip_unavailable' from command line to 'False'
[0.586s] Level 5:colcon.colcon_core.verb:set package 'vehicle_core' build argument 'cmake_clean_cache' from command line to 'False'
[0.586s] Level 5:colcon.colcon_core.verb:set package 'vehicle_core' build argument 'cmake_clean_first' from command line to 'False'
[0.586s] Level 5:colcon.colcon_core.verb:set package 'vehicle_core' build argument 'cmake_force_configure' from command line to 'False'
[0.586s] Level 5:colcon.colcon_core.verb:set package 'vehicle_core' build argument 'ament_cmake_args' from command line to 'None'
[0.586s] Level 5:colcon.colcon_core.verb:set package 'vehicle_core' build argument 'catkin_cmake_args' from command line to 'None'
[0.587s] Level 5:colcon.colcon_core.verb:set package 'vehicle_core' build argument 'catkin_skip_building_tests' from command line to 'False'
[0.587s] DEBUG:colcon.colcon_core.verb:Building package 'vehicle_core' with the following arguments: {'ament_cmake_args': None, 'build_base': '/home/avcpp/AV-CPP2025/Vehicle/build/vehicle_core', 'catkin_cmake_args': None, 'catkin_skip_building_tests': False, 'cmake_args': None, 'cmake_clean_cache': False, 'cmake_clean_first': False, 'cmake_force_configure': False, 'cmake_target': None, 'cmake_target_skip_unavailable': False, 'install_base': '/home/avcpp/AV-CPP2025/Vehicle/install/vehicle_core', 'merge_install': False, 'path': '/home/avcpp/AV-CPP2025/Vehicle/src/vehicle_core', 'symlink_install': False, 'test_result_base': None}
[0.587s] INFO:colcon.colcon_core.executor:Executing jobs using 'parallel' executor
[0.589s] DEBUG:colcon.colcon_parallel_executor.executor.parallel:run_until_complete
[0.590s] INFO:colcon.colcon_ros.task.ament_cmake.build:Building ROS package in '/home/avcpp/AV-CPP2025/Vehicle/src/computer_vision' with build type 'ament_cmake'
[0.590s] INFO:colcon.colcon_cmake.task.cmake.build:Building CMake package in '/home/avcpp/AV-CPP2025/Vehicle/src/computer_vision'
[0.593s] INFO:colcon.colcon_core.plugin_system:Skipping extension 'colcon_core.shell.bat': Not used on non-Windows systems
[0.594s] INFO:colcon.colcon_core.shell:Skip shell extension 'powershell' for command environment: Not usable outside of PowerShell
[0.594s] DEBUG:colcon.colcon_core.shell:Skip shell extension 'dsv' for command environment
[0.600s] INFO:colcon.colcon_ros.task.ament_cmake.build:Building ROS package in '/home/avcpp/AV-CPP2025/Vehicle/src/object_detector' with build type 'ament_cmake'
[0.600s] INFO:colcon.colcon_cmake.task.cmake.build:Building CMake package in '/home/avcpp/AV-CPP2025/Vehicle/src/object_detector'
[0.601s] INFO:colcon.colcon_core.shell:Skip shell extension 'powershell' for command environment: Not usable outside of PowerShell
[0.601s] DEBUG:colcon.colcon_core.shell:Skip shell extension 'dsv' for command environment
[0.605s] INFO:colcon.colcon_ros.task.ament_cmake.build:Building ROS package in '/home/avcpp/AV-CPP2025/Vehicle/src/vehicle_core' with build type 'ament_cmake'
[0.605s] INFO:colcon.colcon_cmake.task.cmake.build:Building CMake package in '/home/avcpp/AV-CPP2025/Vehicle/src/vehicle_core'
[0.606s] INFO:colcon.colcon_core.shell:Skip shell extension 'powershell' for command environment: Not usable outside of PowerShell
[0.606s] DEBUG:colcon.colcon_core.shell:Skip shell extension 'dsv' for command environment
[0.625s] DEBUG:colcon.colcon_core.event_handler.log_command:Invoking command in '/home/avcpp/AV-CPP2025/Vehicle/build/computer_vision': CMAKE_PREFIX_PATH=/opt/ros/humble /usr/bin/cmake /home/avcpp/AV-CPP2025/Vehicle/src/computer_vision -DCMAKE_INSTALL_PREFIX=/home/avcpp/AV-CPP2025/Vehicle/install/computer_vision
[0.628s] DEBUG:colcon.colcon_core.event_handler.log_command:Invoking command in '/home/avcpp/AV-CPP2025/Vehicle/build/object_detector': CMAKE_PREFIX_PATH=/opt/ros/humble /usr/bin/cmake /home/avcpp/AV-CPP2025/Vehicle/src/object_detector -DCMAKE_INSTALL_PREFIX=/home/avcpp/AV-CPP2025/Vehicle/install/object_detector
[0.635s] DEBUG:colcon.colcon_core.event_handler.log_command:Invoking command in '/home/avcpp/AV-CPP2025/Vehicle/build/vehicle_core': CMAKE_PREFIX_PATH=/opt/ros/humble /usr/bin/cmake /home/avcpp/AV-CPP2025/Vehicle/src/vehicle_core -DCMAKE_INSTALL_PREFIX=/home/avcpp/AV-CPP2025/Vehicle/install/vehicle_core
[3.306s] DEBUG:colcon.colcon_core.event_handler.log_command:Invoked command in '/home/avcpp/AV-CPP2025/Vehicle/build/object_detector' returned '0': CMAKE_PREFIX_PATH=/opt/ros/humble /usr/bin/cmake /home/avcpp/AV-CPP2025/Vehicle/src/object_detector -DCMAKE_INSTALL_PREFIX=/home/avcpp/AV-CPP2025/Vehicle/install/object_detector
[3.311s] DEBUG:colcon.colcon_core.event_handler.log_command:Invoking command in '/home/avcpp/AV-CPP2025/Vehicle/build/object_detector': CMAKE_PREFIX_PATH=/opt/ros/humble /usr/bin/cmake --build /home/avcpp/AV-CPP2025/Vehicle/build/object_detector -- -j8 -l8
[3.398s] DEBUG:colcon.colcon_core.event_handler.log_command:Invoked command in '/home/avcpp/AV-CPP2025/Vehicle/build/object_detector' returned '0': CMAKE_PREFIX_PATH=/opt/ros/humble /usr/bin/cmake --build /home/avcpp/AV-CPP2025/Vehicle/build/object_detector -- -j8 -l8
[3.438s] DEBUG:colcon.colcon_core.event_handler.log_command:Invoking command in '/home/avcpp/AV-CPP2025/Vehicle/build/object_detector': CMAKE_PREFIX_PATH=/opt/ros/humble /usr/bin/cmake --install /home/avcpp/AV-CPP2025/Vehicle/build/object_detector
[3.472s] Level 1:colcon.colcon_core.environment:create_environment_scripts_only(object_detector)
[3.474s] DEBUG:colcon.colcon_core.event_handler.log_command:Invoked command in '/home/avcpp/AV-CPP2025/Vehicle/build/object_detector' returned '0': CMAKE_PREFIX_PATH=/opt/ros/humble /usr/bin/cmake --install /home/avcpp/AV-CPP2025/Vehicle/build/object_detector
[3.482s] Level 1:colcon.colcon_core.environment:checking '/home/avcpp/AV-CPP2025/Vehicle/install/object_detector' for CMake module files
[3.483s] Level 1:colcon.colcon_core.environment:checking '/home/avcpp/AV-CPP2025/Vehicle/install/object_detector' for CMake config files
[3.483s] Level 1:colcon.colcon_core.shell:create_environment_hook('object_detector', 'cmake_prefix_path')
[3.484s] INFO:colcon.colcon_core.shell:Creating environment hook '/home/avcpp/AV-CPP2025/Vehicle/install/object_detector/share/object_detector/hook/cmake_prefix_path.ps1'
[3.485s] INFO:colcon.colcon_core.shell:Creating environment descriptor '/home/avcpp/AV-CPP2025/Vehicle/install/object_detector/share/object_detector/hook/cmake_prefix_path.dsv'
[3.486s] INFO:colcon.colcon_core.shell:Creating environment hook '/home/avcpp/AV-CPP2025/Vehicle/install/object_detector/share/object_detector/hook/cmake_prefix_path.sh'
[3.488s] Level 1:colcon.colcon_core.environment:checking '/home/avcpp/AV-CPP2025/Vehicle/install/object_detector/lib'
[3.488s] Level 1:colcon.colcon_core.environment:checking '/home/avcpp/AV-CPP2025/Vehicle/install/object_detector/bin'
[3.488s] Level 1:colcon.colcon_core.environment:checking '/home/avcpp/AV-CPP2025/Vehicle/install/object_detector/lib/pkgconfig/object_detector.pc'
[3.490s] Level 1:colcon.colcon_core.environment:checking '/home/avcpp/AV-CPP2025/Vehicle/install/object_detector/lib/python3.10/site-packages'
[3.490s] Level 1:colcon.colcon_core.environment:checking '/home/avcpp/AV-CPP2025/Vehicle/install/object_detector/bin'
[3.491s] INFO:colcon.colcon_core.shell:Creating package script '/home/avcpp/AV-CPP2025/Vehicle/install/object_detector/share/object_detector/package.ps1'
[3.493s] INFO:colcon.colcon_core.shell:Creating package descriptor '/home/avcpp/AV-CPP2025/Vehicle/install/object_detector/share/object_detector/package.dsv'
[3.494s] INFO:colcon.colcon_core.shell:Creating package script '/home/avcpp/AV-CPP2025/Vehicle/install/object_detector/share/object_detector/package.sh'
[3.497s] INFO:colcon.colcon_core.shell:Creating package script '/home/avcpp/AV-CPP2025/Vehicle/install/object_detector/share/object_detector/package.bash'
[3.500s] INFO:colcon.colcon_core.shell:Creating package script '/home/avcpp/AV-CPP2025/Vehicle/install/object_detector/share/object_detector/package.zsh'
[3.503s] Level 1:colcon.colcon_core.environment:create_file_with_runtime_dependencies(/home/avcpp/AV-CPP2025/Vehicle/install/object_detector/share/colcon-core/packages/object_detector)
[3.504s] Level 1:colcon.colcon_core.environment:create_environment_scripts_only(object_detector)
[3.505s] Level 1:colcon.colcon_core.environment:checking '/home/avcpp/AV-CPP2025/Vehicle/install/object_detector' for CMake module files
[3.506s] Level 1:colcon.colcon_core.environment:checking '/home/avcpp/AV-CPP2025/Vehicle/install/object_detector' for CMake config files
[3.506s] Level 1:colcon.colcon_core.shell:create_environment_hook('object_detector', 'cmake_prefix_path')
[3.507s] INFO:colcon.colcon_core.shell:Creating environment hook '/home/avcpp/AV-CPP2025/Vehicle/install/object_detector/share/object_detector/hook/cmake_prefix_path.ps1'
[3.508s] INFO:colcon.colcon_core.shell:Creating environment descriptor '/home/avcpp/AV-CPP2025/Vehicle/install/object_detector/share/object_detector/hook/cmake_prefix_path.dsv'
[3.509s] INFO:colcon.colcon_core.shell:Creating environment hook '/home/avcpp/AV-CPP2025/Vehicle/install/object_detector/share/object_detector/hook/cmake_prefix_path.sh'
[3.510s] Level 1:colcon.colcon_core.environment:checking '/home/avcpp/AV-CPP2025/Vehicle/install/object_detector/lib'
[3.511s] Level 1:colcon.colcon_core.environment:checking '/home/avcpp/AV-CPP2025/Vehicle/install/object_detector/bin'
[3.511s] Level 1:colcon.colcon_core.environment:checking '/home/avcpp/AV-CPP2025/Vehicle/install/object_detector/lib/pkgconfig/object_detector.pc'
[3.511s] Level 1:colcon.colcon_core.environment:checking '/home/avcpp/AV-CPP2025/Vehicle/install/object_detector/lib/python3.10/site-packages'
[3.512s] Level 1:colcon.colcon_core.environment:checking '/home/avcpp/AV-CPP2025/Vehicle/install/object_detector/bin'
[3.512s] INFO:colcon.colcon_core.shell:Creating package script '/home/avcpp/AV-CPP2025/Vehicle/install/object_detector/share/object_detector/package.ps1'
[3.513s] INFO:colcon.colcon_core.shell:Creating package descriptor '/home/avcpp/AV-CPP2025/Vehicle/install/object_detector/share/object_detector/package.dsv'
[3.514s] INFO:colcon.colcon_core.shell:Creating package script '/home/avcpp/AV-CPP2025/Vehicle/install/object_detector/share/object_detector/package.sh'
[3.515s] INFO:colcon.colcon_core.shell:Creating package script '/home/avcpp/AV-CPP2025/Vehicle/install/object_detector/share/object_detector/package.bash'
[3.516s] INFO:colcon.colcon_core.shell:Creating package script '/home/avcpp/AV-CPP2025/Vehicle/install/object_detector/share/object_detector/package.zsh'
[3.517s] Level 1:colcon.colcon_core.environment:create_file_with_runtime_dependencies(/home/avcpp/AV-CPP2025/Vehicle/install/object_detector/share/colcon-core/packages/object_detector)
[4.160s] DEBUG:colcon.colcon_core.event_handler.log_command:Invoked command in '/home/avcpp/AV-CPP2025/Vehicle/build/computer_vision' returned '0': CMAKE_PREFIX_PATH=/opt/ros/humble /usr/bin/cmake /home/avcpp/AV-CPP2025/Vehicle/src/computer_vision -DCMAKE_INSTALL_PREFIX=/home/avcpp/AV-CPP2025/Vehicle/install/computer_vision
[4.162s] DEBUG:colcon.colcon_core.event_handler.log_command:Invoking command in '/home/avcpp/AV-CPP2025/Vehicle/build/computer_vision': CMAKE_PREFIX_PATH=/opt/ros/humble /usr/bin/cmake --build /home/avcpp/AV-CPP2025/Vehicle/build/computer_vision -- -j8 -l8
[7.126s] DEBUG:colcon.colcon_core.event_handler.log_command:Invoked command in '/home/avcpp/AV-CPP2025/Vehicle/build/vehicle_core' returned '0': CMAKE_PREFIX_PATH=/opt/ros/humble /usr/bin/cmake /home/avcpp/AV-CPP2025/Vehicle/src/vehicle_core -DCMAKE_INSTALL_PREFIX=/home/avcpp/AV-CPP2025/Vehicle/install/vehicle_core
[7.135s] DEBUG:colcon.colcon_core.event_handler.log_command:Invoking command in '/home/avcpp/AV-CPP2025/Vehicle/build/vehicle_core': CMAKE_PREFIX_PATH=/opt/ros/humble /usr/bin/cmake --build /home/avcpp/AV-CPP2025/Vehicle/build/vehicle_core -- -j8 -l8
[35.660s] DEBUG:colcon.colcon_core.event_handler.log_command:Invoked command in '/home/avcpp/AV-CPP2025/Vehicle/build/computer_vision' returned '0': CMAKE_PREFIX_PATH=/opt/ros/humble /usr/bin/cmake --build /home/avcpp/AV-CPP2025/Vehicle/build/computer_vision -- -j8 -l8
[35.661s] DEBUG:colcon.colcon_core.event_handler.log_command:Invoking command in '/home/avcpp/AV-CPP2025/Vehicle/build/computer_vision': CMAKE_PREFIX_PATH=/opt/ros/humble /usr/bin/cmake --install /home/avcpp/AV-CPP2025/Vehicle/build/computer_vision
[35.867s] Level 1:colcon.colcon_core.environment:create_environment_scripts_only(computer_vision)
[35.868s] Level 1:colcon.colcon_core.environment:checking '/home/avcpp/AV-CPP2025/Vehicle/install/computer_vision' for CMake module files
[35.868s] Level 1:colcon.colcon_core.environment:checking '/home/avcpp/AV-CPP2025/Vehicle/install/computer_vision' for CMake config files
[35.869s] Level 1:colcon.colcon_core.shell:create_environment_hook('computer_vision', 'cmake_prefix_path')
[35.869s] INFO:colcon.colcon_core.shell:Creating environment hook '/home/avcpp/AV-CPP2025/Vehicle/install/computer_vision/share/computer_vision/hook/cmake_prefix_path.ps1'
[35.871s] DEBUG:colcon.colcon_core.event_handler.log_command:Invoked command in '/home/avcpp/AV-CPP2025/Vehicle/build/computer_vision' returned '0': CMAKE_PREFIX_PATH=/opt/ros/humble /usr/bin/cmake --install /home/avcpp/AV-CPP2025/Vehicle/build/computer_vision
[35.872s] INFO:colcon.colcon_core.shell:Creating environment descriptor '/home/avcpp/AV-CPP2025/Vehicle/install/computer_vision/share/computer_vision/hook/cmake_prefix_path.dsv'
[35.873s] INFO:colcon.colcon_core.shell:Creating environment hook '/home/avcpp/AV-CPP2025/Vehicle/install/computer_vision/share/computer_vision/hook/cmake_prefix_path.sh'
[35.875s] Level 1:colcon.colcon_core.environment:checking '/home/avcpp/AV-CPP2025/Vehicle/install/computer_vision/lib'
[35.875s] Level 1:colcon.colcon_core.shell:create_environment_hook('computer_vision', 'ld_library_path_lib')
[35.876s] INFO:colcon.colcon_core.shell:Creating environment hook '/home/avcpp/AV-CPP2025/Vehicle/install/computer_vision/share/computer_vision/hook/ld_library_path_lib.ps1'
[35.877s] INFO:colcon.colcon_core.shell:Creating environment descriptor '/home/avcpp/AV-CPP2025/Vehicle/install/computer_vision/share/computer_vision/hook/ld_library_path_lib.dsv'
[35.878s] INFO:colcon.colcon_core.shell:Creating environment hook '/home/avcpp/AV-CPP2025/Vehicle/install/computer_vision/share/computer_vision/hook/ld_library_path_lib.sh'
[35.880s] Level 1:colcon.colcon_core.environment:checking '/home/avcpp/AV-CPP2025/Vehicle/install/computer_vision/bin'
[35.880s] Level 1:colcon.colcon_core.environment:checking '/home/avcpp/AV-CPP2025/Vehicle/install/computer_vision/lib/pkgconfig/computer_vision.pc'
[35.880s] Level 1:colcon.colcon_core.environment:checking '/home/avcpp/AV-CPP2025/Vehicle/install/computer_vision/lib/python3.10/site-packages'
[35.880s] Level 1:colcon.colcon_core.environment:checking '/home/avcpp/AV-CPP2025/Vehicle/install/computer_vision/bin'
[35.881s] INFO:colcon.colcon_core.shell:Creating package script '/home/avcpp/AV-CPP2025/Vehicle/install/computer_vision/share/computer_vision/package.ps1'
[35.883s] INFO:colcon.colcon_core.shell:Creating package descriptor '/home/avcpp/AV-CPP2025/Vehicle/install/computer_vision/share/computer_vision/package.dsv'
[35.890s] INFO:colcon.colcon_core.shell:Creating package script '/home/avcpp/AV-CPP2025/Vehicle/install/computer_vision/share/computer_vision/package.sh'
[35.891s] INFO:colcon.colcon_core.shell:Creating package script '/home/avcpp/AV-CPP2025/Vehicle/install/computer_vision/share/computer_vision/package.bash'
[35.893s] INFO:colcon.colcon_core.shell:Creating package script '/home/avcpp/AV-CPP2025/Vehicle/install/computer_vision/share/computer_vision/package.zsh'
[35.894s] Level 1:colcon.colcon_core.environment:create_file_with_runtime_dependencies(/home/avcpp/AV-CPP2025/Vehicle/install/computer_vision/share/colcon-core/packages/computer_vision)
[35.896s] Level 1:colcon.colcon_core.environment:create_environment_scripts_only(computer_vision)
[35.896s] Level 1:colcon.colcon_core.environment:checking '/home/avcpp/AV-CPP2025/Vehicle/install/computer_vision' for CMake module files
[35.897s] Level 1:colcon.colcon_core.environment:checking '/home/avcpp/AV-CPP2025/Vehicle/install/computer_vision' for CMake config files
[35.897s] Level 1:colcon.colcon_core.shell:create_environment_hook('computer_vision', 'cmake_prefix_path')
[35.898s] INFO:colcon.colcon_core.shell:Creating environment hook '/home/avcpp/AV-CPP2025/Vehicle/install/computer_vision/share/computer_vision/hook/cmake_prefix_path.ps1'
[35.913s] INFO:colcon.colcon_core.shell:Creating environment descriptor '/home/avcpp/AV-CPP2025/Vehicle/install/computer_vision/share/computer_vision/hook/cmake_prefix_path.dsv'
[35.915s] INFO:colcon.colcon_core.shell:Creating environment hook '/home/avcpp/AV-CPP2025/Vehicle/install/computer_vision/share/computer_vision/hook/cmake_prefix_path.sh'
[35.917s] Level 1:colcon.colcon_core.environment:checking '/home/avcpp/AV-CPP2025/Vehicle/install/computer_vision/lib'
[35.917s] Level 1:colcon.colcon_core.shell:create_environment_hook('computer_vision', 'ld_library_path_lib')
[35.917s] INFO:colcon.colcon_core.shell:Creating environment hook '/home/avcpp/AV-CPP2025/Vehicle/install/computer_vision/share/computer_vision/hook/ld_library_path_lib.ps1'
[35.919s] INFO:colcon.colcon_core.shell:Creating environment descriptor '/home/avcpp/AV-CPP2025/Vehicle/install/computer_vision/share/computer_vision/hook/ld_library_path_lib.dsv'
[35.920s] INFO:colcon.colcon_core.shell:Creating environment hook '/home/avcpp/AV-CPP2025/Vehicle/install/computer_vision/share/computer_vision/hook/ld_library_path_lib.sh'
[35.921s] Level 1:colcon.colcon_core.environment:checking '/home/avcpp/AV-CPP2025/Vehicle/install/computer_vision/bin'
[35.921s] Level 1:colcon.colcon_core.environment:checking '/home/avcpp/AV-CPP2025/Vehicle/install/computer_vision/lib/pkgconfig/computer_vision.pc'
[35.922s] Level 1:colcon.colcon_core.environment:checking '/home/avcpp/AV-CPP2025/Vehicle/install/computer_vision/lib/python3.10/site-packages'
[35.922s] Level 1:colcon.colcon_core.environment:checking '/home/avcpp/AV-CPP2025/Vehicle/install/computer_vision/bin'
[35.922s] INFO:colcon.colcon_core.shell:Creating package script '/home/avcpp/AV-CPP2025/Vehicle/install/computer_vision/share/computer_vision/package.ps1'
[35.924s] INFO:colcon.colcon_core.shell:Creating package descriptor '/home/avcpp/AV-CPP2025/Vehicle/install/computer_vision/share/computer_vision/package.dsv'
[35.926s] INFO:colcon.colcon_core.shell:Creating package script '/home/avcpp/AV-CPP2025/Vehicle/install/computer_vision/share/computer_vision/package.sh'
[35.927s] INFO:colcon.colcon_core.shell:Creating package script '/home/avcpp/AV-CPP2025/Vehicle/install/computer_vision/share/computer_vision/package.bash'
[35.928s] INFO:colcon.colcon_core.shell:Creating package script '/home/avcpp/AV-CPP2025/Vehicle/install/computer_vision/share/computer_vision/package.zsh'
[35.937s] Level 1:colcon.colcon_core.environment:create_file_with_runtime_dependencies(/home/avcpp/AV-CPP2025/Vehicle/install/computer_vision/share/colcon-core/packages/computer_vision)
[93.058s] DEBUG:colcon.colcon_core.event_handler.log_command:Invoked command in '/home/avcpp/AV-CPP2025/Vehicle/build/vehicle_core' returned '2': CMAKE_PREFIX_PATH=/opt/ros/humble /usr/bin/cmake --build /home/avcpp/AV-CPP2025/Vehicle/build/vehicle_core -- -j8 -l8
[93.060s] Level 1:colcon.colcon_core.environment:create_environment_scripts_only(vehicle_core)
[93.060s] Level 1:colcon.colcon_core.environment:checking '/home/avcpp/AV-CPP2025/Vehicle/install/vehicle_core' for CMake module files
[93.061s] Level 1:colcon.colcon_core.environment:checking '/home/avcpp/AV-CPP2025/Vehicle/install/vehicle_core' for CMake config files
[93.061s] Level 1:colcon.colcon_core.environment:checking '/home/avcpp/AV-CPP2025/Vehicle/install/vehicle_core/bin'
[93.062s] Level 1:colcon.colcon_core.environment:checking '/home/avcpp/AV-CPP2025/Vehicle/install/vehicle_core/lib/pkgconfig/vehicle_core.pc'
[93.062s] Level 1:colcon.colcon_core.environment:checking '/home/avcpp/AV-CPP2025/Vehicle/install/vehicle_core/lib/python3.10/site-packages'
[93.062s] Level 1:colcon.colcon_core.environment:checking '/home/avcpp/AV-CPP2025/Vehicle/install/vehicle_core/bin'
[93.063s] INFO:colcon.colcon_core.shell:Creating package script '/home/avcpp/AV-CPP2025/Vehicle/install/vehicle_core/share/vehicle_core/package.ps1'
[93.065s] INFO:colcon.colcon_core.shell:Creating package descriptor '/home/avcpp/AV-CPP2025/Vehicle/install/vehicle_core/share/vehicle_core/package.dsv'
[93.067s] INFO:colcon.colcon_core.shell:Creating package script '/home/avcpp/AV-CPP2025/Vehicle/install/vehicle_core/share/vehicle_core/package.sh'
[93.068s] INFO:colcon.colcon_core.shell:Creating package script '/home/avcpp/AV-CPP2025/Vehicle/install/vehicle_core/share/vehicle_core/package.bash'
[93.069s] INFO:colcon.colcon_core.shell:Creating package script '/home/avcpp/AV-CPP2025/Vehicle/install/vehicle_core/share/vehicle_core/package.zsh'
[93.070s] Level 1:colcon.colcon_core.environment:create_file_with_runtime_dependencies(/home/avcpp/AV-CPP2025/Vehicle/install/vehicle_core/share/colcon-core/packages/vehicle_core)
[93.081s] DEBUG:colcon.colcon_parallel_executor.executor.parallel:closing loop
[93.082s] DEBUG:colcon.colcon_parallel_executor.executor.parallel:loop closed
[93.082s] DEBUG:colcon.colcon_parallel_executor.executor.parallel:run_until_complete finished with '2'
[93.082s] DEBUG:colcon.colcon_core.event_reactor:joining thread
[93.108s] INFO:colcon.colcon_core.plugin_system:Skipping extension 'colcon_notification.desktop_notification.notify_send': Could not find 'notify-send'
[93.109s] INFO:colcon.colcon_core.plugin_system:Skipping extension 'colcon_notification.desktop_notification.terminal_notifier': Not used on non-Darwin systems
[93.110s] INFO:colcon.colcon_core.plugin_system:Skipping extension 'colcon_notification.desktop_notification.win32': Not used on non-Windows systems
[93.110s] INFO:colcon.colcon_notification.desktop_notification:Sending desktop notification using 'notify2'
[93.113s] DEBUG:colcon.colcon_notification.desktop_notification.notify2:Failed to initialize notify2: org.freedesktop.DBus.Error.ServiceUnknown: The name org.freedesktop.Notifications was not provided by any .service files
[93.113s] DEBUG:colcon.colcon_core.event_reactor:joined thread
[93.115s] INFO:colcon.colcon_core.shell:Creating prefix script '/home/avcpp/AV-CPP2025/Vehicle/install/local_setup.ps1'
[93.118s] INFO:colcon.colcon_core.shell:Creating prefix util module '/home/avcpp/AV-CPP2025/Vehicle/install/_local_setup_util_ps1.py'
[93.123s] INFO:colcon.colcon_core.shell:Creating prefix chain script '/home/avcpp/AV-CPP2025/Vehicle/install/setup.ps1'
[93.126s] INFO:colcon.colcon_core.shell:Creating prefix script '/home/avcpp/AV-CPP2025/Vehicle/install/local_setup.sh'
[93.127s] INFO:colcon.colcon_core.shell:Creating prefix util module '/home/avcpp/AV-CPP2025/Vehicle/install/_local_setup_util_sh.py'
[93.129s] INFO:colcon.colcon_core.shell:Creating prefix chain script '/home/avcpp/AV-CPP2025/Vehicle/install/setup.sh'
[93.131s] INFO:colcon.colcon_core.shell:Creating prefix script '/home/avcpp/AV-CPP2025/Vehicle/install/local_setup.bash'
[93.132s] INFO:colcon.colcon_core.shell:Creating prefix chain script '/home/avcpp/AV-CPP2025/Vehicle/install/setup.bash'
[93.133s] INFO:colcon.colcon_core.shell:Creating prefix script '/home/avcpp/AV-CPP2025/Vehicle/install/local_setup.zsh'
[93.134s] INFO:colcon.colcon_core.shell:Creating prefix chain script '/home/avcpp/AV-CPP2025/Vehicle/install/setup.zsh'
