[0.026s] Invoking command in '/home/avcpp/AV-CPP2025/Vehicle/build/vehicle_core': CMAKE_PREFIX_PATH=${CMAKE_PREFIX_PATH}:/opt/ros/humble /usr/bin/cmake --build /home/avcpp/AV-CPP2025/Vehicle/build/vehicle_core -- -j8 -l8
[0.224s] [  0%] Built target vehicle_core__cpp
[0.225s] [ 11%] Built target vehicle_core__rosidl_generator_c
[0.226s] [ 11%] Built target ament_cmake_python_symlink_vehicle_core
[0.256s] [ 12%] Built target vehicle_core_container
[0.279s] [ 23%] Built target vehicle_core__rosidl_typesupport_introspection_c
[0.289s] [ 34%] Built target vehicle_core__rosidl_typesupport_c
[0.298s] [ 45%] Built target vehicle_core__rosidl_typesupport_fastrtps_c
[0.310s] [ 56%] Built target vehicle_core__rosidl_typesupport_introspection_cpp
[0.321s] [ 66%] Built target vehicle_core__rosidl_typesupport_fastrtps_cpp
[0.332s] [ 76%] Built target vehicle_core__rosidl_typesupport_cpp
[0.394s] [ 76%] Built target vehicle_core
[0.438s] [ 77%] Built target gt_u7_gps_node_component
[0.442s] [35m[1mConsolidate compiler generated dependencies of target i2c_bridge_node[0m
[0.463s] [ 77%] Built target vehicle_core__py
[0.472s] [ 78%] Built target heading_calibrator_node_component
[0.483s] [ 80%] Built target tcp_server_node_component
[0.484s] [ 80%] [32mBuilding CXX object CMakeFiles/i2c_bridge_node.dir/src/i2c_bridge_node.cpp.o[0m
[0.489s] [ 82%] Built target autopilot_node_component
[0.489s] [ 82%] [32mBuilding CXX object CMakeFiles/i2c_bridge_node.dir/src/Devices/DriveSubsys.cpp.o[0m
[0.495s] [ 83%] Built target state_manager_node_component
[0.501s] [ 84%] Built target drive_arbiter_node_component
[0.539s] running egg_info
[0.540s] writing vehicle_core.egg-info/PKG-INFO
[0.541s] writing dependency_links to vehicle_core.egg-info/dependency_links.txt
[0.541s] writing top-level names to vehicle_core.egg-info/top_level.txt
[0.543s] reading manifest file 'vehicle_core.egg-info/SOURCES.txt'
[0.545s] writing manifest file 'vehicle_core.egg-info/SOURCES.txt'
[0.563s] [ 85%] Built target gst_camera_component
[0.597s] [ 95%] Built target vehicle_core__rosidl_generator_py
[0.620s] [ 95%] Built target ament_cmake_python_build_vehicle_core_egg
[0.627s] [ 96%] Built target vehicle_core__rosidl_typesupport_introspection_c__pyext
[0.651s] [ 98%] Built target vehicle_core__rosidl_typesupport_fastrtps_c__pyext
[0.652s] [ 98%] Built target vehicle_core__rosidl_typesupport_c__pyext
[1.249s] [01m[K/home/avcpp/AV-CPP2025/Vehicle/src/vehicle_core/src/Devices/DriveSubsys.cpp:[m[K In member function ‘[01m[Kvoid DriveSubsys::startLogging(const string&)[m[K’:
[1.250s] [01m[K/home/avcpp/AV-CPP2025/Vehicle/src/vehicle_core/src/Devices/DriveSubsys.cpp:52:9:[m[K [01;31m[Kerror: [m[K‘[01m[Kclock[m[K’ is not a class, namespace, or enumeration
[1.251s]    52 |   t0_ = [01;31m[Kclock[m[K::now();
[1.251s]       |         [01;31m[K^~~~~[m[K
[1.252s] [01m[K/home/avcpp/AV-CPP2025/Vehicle/src/vehicle_core/src/Devices/DriveSubsys.cpp:[m[K In member function ‘[01m[Kvoid DriveSubsys::logSample(const DriveStatusWire&)[m[K’:
[1.252s] [01m[K/home/avcpp/AV-CPP2025/Vehicle/src/vehicle_core/src/Devices/DriveSubsys.cpp:70:15:[m[K [01;31m[Kerror: [m[K‘[01m[Kclock[m[K’ is not a class, namespace, or enumeration
[1.253s]    70 |   auto now  = [01;31m[Kclock[m[K::now();
[1.253s]       |               [01;31m[K^~~~~[m[K
[1.379s] gmake[2]: *** [CMakeFiles/i2c_bridge_node.dir/build.make:146: CMakeFiles/i2c_bridge_node.dir/src/Devices/DriveSubsys.cpp.o] Error 1
[1.380s] gmake[2]: *** Waiting for unfinished jobs....
[5.290s] [01m[K/home/avcpp/AV-CPP2025/Vehicle/src/vehicle_core/src/i2c_bridge_node.cpp:[m[K In constructor ‘[01m[Kvehicle_core::I2cBridgeNode::I2cBridgeNode(const rclcpp::NodeOptions&)[m[K’:
[5.290s] [01m[K/home/avcpp/AV-CPP2025/Vehicle/src/vehicle_core/src/i2c_bridge_node.cpp:44:41:[m[K [01;35m[Kwarning: [m[Ksuggest braces around empty body in an ‘[01m[Kif[m[K’ statement [[01;35m[K]8;;https://gcc.gnu.org/onlinedocs/gcc/Warning-Options.html#index-Wempty-body-Wempty-body]8;;[m[K]
[5.291s]    44 |   if (!drive.open(i2cBus1, addr_drive_))[01;35m[K;[m[K
[5.291s]       |                                         [01;35m[K^[m[K
[5.291s] [01m[K/home/avcpp/AV-CPP2025/Vehicle/src/vehicle_core/src/i2c_bridge_node.cpp:44:3:[m[K [01;35m[Kwarning: [m[Kthis ‘[01m[Kif[m[K’ clause does not guard... [[01;35m[K]8;;https://gcc.gnu.org/onlinedocs/gcc/Warning-Options.html#index-Wmisleading-indentation-Wmisleading-indentation]8;;[m[K]
[5.292s]    44 |   [01;35m[Kif[m[K (!drive.open(i2cBus1, addr_drive_));
[5.292s]       |   [01;35m[K^~[m[K
[5.292s] [01m[K/home/avcpp/AV-CPP2025/Vehicle/src/vehicle_core/src/i2c_bridge_node.cpp:45:5:[m[K [01;36m[Knote: [m[K...this statement, but the latter is misleadingly indented as if it were guarded by the ‘[01m[Kif[m[K’
[5.293s]    45 |     [01;36m[Kthrow[m[K std::runtime_error("Failed to open drive");
[5.293s]       |     [01;36m[K^~~~~[m[K
[20.369s] gmake[1]: *** [CMakeFiles/Makefile2:750: CMakeFiles/i2c_bridge_node.dir/all] Error 2
[20.370s] gmake: *** [Makefile:146: all] Error 2
[20.375s] Invoked command in '/home/avcpp/AV-CPP2025/Vehicle/build/vehicle_core' returned '2': CMAKE_PREFIX_PATH=${CMAKE_PREFIX_PATH}:/opt/ros/humble /usr/bin/cmake --build /home/avcpp/AV-CPP2025/Vehicle/build/vehicle_core -- -j8 -l8
