[  1%] Built target vehicle_core__cpp
[  1%] Built target ament_cmake_python_symlink_vehicle_core
[  2%] Built target vehicle_core_container
[ 13%] Built target vehicle_core__rosidl_generator_c
[ 24%] Built target vehicle_core__rosidl_typesupport_cpp
[ 35%] Built target vehicle_core__rosidl_typesupport_fastrtps_cpp
[ 46%] Built target vehicle_core__rosidl_typesupport_introspection_cpp
[ 57%] Built target vehicle_core__rosidl_typesupport_introspection_c
[ 68%] Built target vehicle_core__rosidl_typesupport_c
[ 79%] Built target vehicle_core__rosidl_typesupport_fastrtps_c
[ 79%] Built target vehicle_core
[ 80%] Built target gt_u7_gps_node_component
[ 82%] Built target tcp_server_node_component
[ 82%] Built target drive_arbiter_node_component
[35m[1mConsolidate compiler generated dependencies of target autopilot_node_component[0m
[ 83%] Built target heading_calibrator_node_component
[ 83%] Built target vehicle_core__py
[ 83%] Built target i2c_bridge_node
[ 84%] Built target state_manager_node_component
[ 84%] [32mBuilding CXX object CMakeFiles/autopilot_node_component.dir/src/KmlPathLoader.cpp.o[0m
[ 85%] Built target gst_camera_component
[ 96%] Built target vehicle_core__rosidl_generator_py
[ 97%] Built target vehicle_core__rosidl_typesupport_introspection_c__pyext
[ 98%] Built target vehicle_core__rosidl_typesupport_c__pyext
[ 99%] Built target vehicle_core__rosidl_typesupport_fastrtps_c__pyext
running egg_info
writing vehicle_core.egg-info/PKG-INFO
writing dependency_links to vehicle_core.egg-info/dependency_links.txt
writing top-level names to vehicle_core.egg-info/top_level.txt
reading manifest file 'vehicle_core.egg-info/SOURCES.txt'
writing manifest file 'vehicle_core.egg-info/SOURCES.txt'
[ 99%] Built target ament_cmake_python_build_vehicle_core_egg
