-- Found ament_cmake: 1.3.12 (/opt/ros/humble/share/ament_cmake/cmake)
-- Override CMake install command with custom implementation using symlinks instead of copying resources
-- Found rclcpp: 16.0.15 (/opt/ros/humble/share/rclcpp/cmake)
-- Found rosidl_generator_c: 3.1.7 (/opt/ros/humble/share/rosidl_generator_c/cmake)
-- Found rosidl_adapter: 3.1.7 (/opt/ros/humble/share/rosidl_adapter/cmake)
-- Found rosidl_generator_cpp: 3.1.7 (/opt/ros/humble/share/rosidl_generator_cpp/cmake)
-- Using all available rosidl_typesupport_c: rosidl_typesupport_fastrtps_c;rosidl_typesupport_introspection_c
-- Using all available rosidl_typesupport_cpp: rosidl_typesupport_fastrtps_cpp;rosidl_typesupport_introspection_cpp
-- Found rmw_implementation_cmake: 6.1.2 (/opt/ros/humble/share/rmw_implementation_cmake/cmake)
-- Found rmw_fastrtps_cpp: 6.2.8 (/opt/ros/humble/share/rmw_fastrtps_cpp/cmake)
-- Using RMW implementation 'rmw_fastrtps_cpp' as default
-- Found rclcpp_components: 16.0.15 (/opt/ros/humble/share/rclcpp_components/cmake)
-- Found std_srvs: 4.9.0 (/opt/ros/humble/share/std_srvs/cmake)
-- Found rosidl_default_generators: 1.2.0 (/opt/ros/humble/share/rosidl_default_generators/cmake)
-- Found geometry_msgs: 4.9.0 (/opt/ros/humble/share/geometry_msgs/cmake)
-- Found nav_msgs: 4.9.0 (/opt/ros/humble/share/nav_msgs/cmake)
-- Found sensor_msgs: 4.9.0 (/opt/ros/humble/share/sensor_msgs/cmake)
-- Found tf2: 0.25.16 (/opt/ros/humble/share/tf2/cmake)
-- Found cv_bridge: 3.2.1 (/opt/ros/humble/share/cv_bridge/cmake)
-- Found robot_localization: 3.5.4 (/opt/ros/humble/share/robot_localization/cmake)
-- Found ament_cmake_ros: 0.10.0 (/opt/ros/humble/share/ament_cmake_ros/cmake)
-- Using all available rosidl_typesupport_c: rosidl_typesupport_fastrtps_c;rosidl_typesupport_introspection_c
-- Using all available rosidl_typesupport_cpp: rosidl_typesupport_fastrtps_cpp;rosidl_typesupport_introspection_cpp
-- Found python_cmake_module: 0.10.0 (/opt/ros/humble/share/python_cmake_module/cmake)
-- Using PYTHON_EXECUTABLE: /usr/bin/python3
-- Using PYTHON_INCLUDE_DIRS: /usr/include/python3.10
-- Using PYTHON_LIBRARIES: /usr/lib/aarch64-linux-gnu/libpython3.10.so
[0mCMake Deprecation Warning at /opt/ros/humble/share/rosidl_cmake/cmake/rosidl_target_interfaces.cmake:32 (message):
  Use rosidl_get_typesupport_target() and target_link_libraries() instead of
  rosidl_target_interfaces()
Call Stack (most recent call first):
  CMakeLists.txt:145 (rosidl_target_interfaces)

[0m
[0mCMake Deprecation Warning at /opt/ros/humble/share/rosidl_cmake/cmake/rosidl_target_interfaces.cmake:32 (message):
  Use rosidl_get_typesupport_target() and target_link_libraries() instead of
  rosidl_target_interfaces()
Call Stack (most recent call first):
  CMakeLists.txt:160 (rosidl_target_interfaces)

[0m
[0mCMake Deprecation Warning at /opt/ros/humble/share/rosidl_cmake/cmake/rosidl_target_interfaces.cmake:32 (message):
  Use rosidl_get_typesupport_target() and target_link_libraries() instead of
  rosidl_target_interfaces()
Call Stack (most recent call first):
  CMakeLists.txt:175 (rosidl_target_interfaces)

[0m
[0mCMake Deprecation Warning at /opt/ros/humble/share/rosidl_cmake/cmake/rosidl_target_interfaces.cmake:32 (message):
  Use rosidl_get_typesupport_target() and target_link_libraries() instead of
  rosidl_target_interfaces()
Call Stack (most recent call first):
  CMakeLists.txt:196 (rosidl_target_interfaces)

[0m
[0mCMake Deprecation Warning at /opt/ros/humble/share/rosidl_cmake/cmake/rosidl_target_interfaces.cmake:32 (message):
  Use rosidl_get_typesupport_target() and target_link_libraries() instead of
  rosidl_target_interfaces()
Call Stack (most recent call first):
  CMakeLists.txt:215 (rosidl_target_interfaces)

[0m
[0mCMake Deprecation Warning at /opt/ros/humble/share/rosidl_cmake/cmake/rosidl_target_interfaces.cmake:32 (message):
  Use rosidl_get_typesupport_target() and target_link_libraries() instead of
  rosidl_target_interfaces()
Call Stack (most recent call first):
  CMakeLists.txt:241 (rosidl_target_interfaces)

[0m
[0mCMake Deprecation Warning at /opt/ros/humble/share/rosidl_cmake/cmake/rosidl_target_interfaces.cmake:32 (message):
  Use rosidl_get_typesupport_target() and target_link_libraries() instead of
  rosidl_target_interfaces()
Call Stack (most recent call first):
  CMakeLists.txt:262 (rosidl_target_interfaces)

[0m
[0mCMake Deprecation Warning at /opt/ros/humble/share/rosidl_cmake/cmake/rosidl_target_interfaces.cmake:32 (message):
  Use rosidl_get_typesupport_target() and target_link_libraries() instead of
  rosidl_target_interfaces()
Call Stack (most recent call first):
  CMakeLists.txt:287 (rosidl_target_interfaces)

[0m
-- Configuring done
-- Generating done
-- Build files have been written to: /home/avcpp/AV-CPP2025/Vehicle/build/vehicle_core
[35m[1mConsolidate compiler generated dependencies of target vehicle_core_container[0m
[35m[1mConsolidate compiler generated dependencies of target vehicle_core__rosidl_generator_c[0m
[  0%] Built target vehicle_core__cpp
[ 11%] Built target vehicle_core__rosidl_generator_c
[ 11%] Built target ament_cmake_python_symlink_vehicle_core
[35m[1mConsolidate compiler generated dependencies of target vehicle_core__rosidl_typesupport_introspection_cpp[0m
[ 12%] Built target vehicle_core_container
[35m[1mConsolidate compiler generated dependencies of target vehicle_core__rosidl_typesupport_fastrtps_cpp[0m
[35m[1mConsolidate compiler generated dependencies of target vehicle_core__rosidl_typesupport_c[0m
[35m[1mConsolidate compiler generated dependencies of target vehicle_core__rosidl_typesupport_cpp[0m
[35m[1mConsolidate compiler generated dependencies of target vehicle_core__rosidl_typesupport_introspection_c[0m
[35m[1mConsolidate compiler generated dependencies of target vehicle_core__rosidl_typesupport_fastrtps_c[0m
[ 23%] Built target vehicle_core__rosidl_typesupport_c
[ 34%] Built target vehicle_core__rosidl_typesupport_introspection_cpp
[ 62%] Built target vehicle_core__rosidl_typesupport_fastrtps_cpp
[ 65%] Built target vehicle_core__rosidl_typesupport_cpp
[ 65%] Built target vehicle_core__rosidl_typesupport_introspection_c
[ 76%] Built target vehicle_core__rosidl_typesupport_fastrtps_c
[ 76%] Built target vehicle_core
[35m[1mConsolidate compiler generated dependencies of target state_manager_node_component[0m
[35m[1mConsolidate compiler generated dependencies of target gt_u7_gps_node_component[0m
[35m[1mConsolidate compiler generated dependencies of target i2c_bridge_node[0m
[35m[1mConsolidate compiler generated dependencies of target heading_calibrator_node_component[0m
[35m[1mConsolidate compiler generated dependencies of target tcp_server_node_component[0m
[35m[1mConsolidate compiler generated dependencies of target drive_arbiter_node_component[0m
[ 77%] Built target state_manager_node_component
[ 77%] [32mBuilding CXX object CMakeFiles/gt_u7_gps_node_component.dir/src/gt_u7_gps_node.cpp.o[0m
[ 77%] Built target vehicle_core__py
[ 78%] Built target drive_arbiter_node_component
[35m[1mConsolidate compiler generated dependencies of target autopilot_node_component[0m
[ 78%] [32mBuilding CXX object CMakeFiles/i2c_bridge_node.dir/src/Devices/I2C/I2CBus.cpp.o[0m
[ 79%] [32mBuilding CXX object CMakeFiles/i2c_bridge_node.dir/src/i2c_bridge_node.cpp.o[0m
[35m[1mConsolidate compiler generated dependencies of target gst_camera_component[0m
[ 80%] Built target heading_calibrator_node_component
[ 81%] Built target tcp_server_node_component
[35m[1mConsolidate compiler generated dependencies of target vehicle_core__rosidl_generator_py[0m
[ 82%] [32mBuilding CXX object CMakeFiles/i2c_bridge_node.dir/src/Devices/I2C/I2CBusRegistry.cpp.o[0m
[ 83%] Built target gst_camera_component
[ 84%] Built target autopilot_node_component
[ 84%] [32mBuilding CXX object CMakeFiles/i2c_bridge_node.dir/src/Devices/BNO055.cpp.o[0m
[ 94%] Built target vehicle_core__rosidl_generator_py
[ 94%] [32mBuilding CXX object CMakeFiles/i2c_bridge_node.dir/src/Devices/I2C/I2CDevice.cpp.o[0m
[35m[1mConsolidate compiler generated dependencies of target vehicle_core__rosidl_typesupport_fastrtps_c__pyext[0m
running egg_info
writing vehicle_core.egg-info/PKG-INFO
writing dependency_links to vehicle_core.egg-info/dependency_links.txt
writing top-level names to vehicle_core.egg-info/top_level.txt
[ 95%] Built target vehicle_core__rosidl_typesupport_fastrtps_c__pyext
[35m[1mConsolidate compiler generated dependencies of target vehicle_core__rosidl_typesupport_introspection_c__pyext[0m
reading manifest file 'vehicle_core.egg-info/SOURCES.txt'
writing manifest file 'vehicle_core.egg-info/SOURCES.txt'
[ 96%] Built target vehicle_core__rosidl_typesupport_introspection_c__pyext
[35m[1mConsolidate compiler generated dependencies of target vehicle_core__rosidl_typesupport_c__pyext[0m
[ 96%] Built target ament_cmake_python_build_vehicle_core_egg
[ 97%] Built target vehicle_core__rosidl_typesupport_c__pyext
[ 98%] [32mBuilding CXX object CMakeFiles/i2c_bridge_node.dir/src/Devices/DriveSubsys.cpp.o[0m
[ 98%] [32mBuilding CXX object CMakeFiles/i2c_bridge_node.dir/src/Devices/LightingSubsys.cpp.o[0m
[01m[K/home/avcpp/AV-CPP2025/Vehicle/src/vehicle_core/src/Devices/LightingSubsys.cpp:1:10:[m[K [01;31m[Kfatal error: [m[KLightingSubsys.hpp: No such file or directory
    1 | #include [01;31m[K"LightingSubsys.hpp"[m[K
      |          [01;31m[K^~~~~~~~~~~~~~~~~~~~[m[K
compilation terminated.
gmake[2]: *** [CMakeFiles/i2c_bridge_node.dir/build.make:160: CMakeFiles/i2c_bridge_node.dir/src/Devices/LightingSubsys.cpp.o] Error 1
gmake[2]: *** Waiting for unfinished jobs....
[ 99%] [32mBuilding CXX object CMakeFiles/gt_u7_gps_node_component.dir/src/Devices/GtU7Gps.cpp.o[0m
In file included from [01m[K/home/avcpp/AV-CPP2025/Vehicle/src/vehicle_core/src/Devices/I2C/I2CBusRegistry.cpp:1[m[K:
[01m[K/home/avcpp/AV-CPP2025/Vehicle/src/vehicle_core/include/vehicle_core/Devices/I2C/I2CBusRegistry.hpp:14:29:[m[K [01;31m[Kerror: [m[Kexpected ‘[01m[K;[m[K’ at end of member declaration
   14 |     std::shared_ptr<I2CBus> [01;31m[Kg_[m[K
      |                             [01;31m[K^~[m[K
      |                               [32m[K;[m[K
[01m[K/home/avcpp/AV-CPP2025/Vehicle/src/vehicle_core/src/Devices/I2C/I2CBusRegistry.cpp:3:17:[m[K [01;31m[Kerror: [m[Kextra qualification ‘[01m[KI2CBusRegistry::[m[K’ on member ‘[01m[KgetInstance[m[K’ [[01;31m[K]8;;https://gcc.gnu.org/onlinedocs/gcc/Warning-Options.html#index-fpermissive-fpermissive]8;;[m[K]
    3 | I2CBusRegistry& [01;31m[KI2CBusRegistry[m[K::getInstance() {
      |                 [01;31m[K^~~~~~~~~~~~~~[m[K
[01m[K/home/avcpp/AV-CPP2025/Vehicle/src/vehicle_core/src/Devices/I2C/I2CBusRegistry.cpp:3:17:[m[K [01;31m[Kerror: [m[K‘[01m[KI2CBusRegistry& I2CBusRegistry::getInstance()[m[K’ cannot be overloaded with ‘[01m[Kstatic I2CBusRegistry& I2CBusRegistry::getInstance()[m[K’
In file included from [01m[K/home/avcpp/AV-CPP2025/Vehicle/src/vehicle_core/src/Devices/I2C/I2CBusRegistry.cpp:1[m[K:
[01m[K/home/avcpp/AV-CPP2025/Vehicle/src/vehicle_core/include/vehicle_core/Devices/I2C/I2CBusRegistry.hpp:12:28:[m[K [01;36m[Knote: [m[Kprevious declaration ‘[01m[Kstatic I2CBusRegistry& I2CBusRegistry::getInstance()[m[K’
   12 |     static I2CBusRegistry& [01;36m[KgetInstance[m[K();
      |                            [01;36m[K^~~~~~~~~~~[m[K
[01m[K/home/avcpp/AV-CPP2025/Vehicle/src/vehicle_core/src/Devices/I2C/I2CBusRegistry.cpp:8:25:[m[K [01;31m[Kerror: [m[Kextra qualification ‘[01m[KI2CBusRegistry::[m[K’ on member ‘[01m[KgetOrOpen[m[K’ [[01;31m[K]8;;https://gcc.gnu.org/onlinedocs/gcc/Warning-Options.html#index-fpermissive-fpermissive]8;;[m[K]
    8 | std::shared_ptr<I2CBus> [01;31m[KI2CBusRegistry[m[K::getOrOpen(const std::string& path,
      |                         [01;31m[K^~~~~~~~~~~~~~[m[K
[01m[K/home/avcpp/AV-CPP2025/Vehicle/src/vehicle_core/src/Devices/I2C/I2CBusRegistry.cpp:31:2:[m[K [01;31m[Kerror: [m[Kexpected ‘[01m[K}[m[K’ at end of input
   31 | }
      |  [01;31m[K^[m[K
In file included from [01m[K/home/avcpp/AV-CPP2025/Vehicle/src/vehicle_core/src/Devices/I2C/I2CBusRegistry.cpp:1[m[K:
[01m[K/home/avcpp/AV-CPP2025/Vehicle/src/vehicle_core/include/vehicle_core/Devices/I2C/I2CBusRegistry.hpp:10:22:[m[K [01;36m[Knote: [m[Kto match this ‘[01m[K{[m[K’
   10 | class I2CBusRegistry [01;36m[K{[m[K
      |                      [01;36m[K^[m[K
[01m[K/home/avcpp/AV-CPP2025/Vehicle/src/vehicle_core/src/Devices/I2C/I2CBusRegistry.cpp:[m[K In member function ‘[01m[Kstd::shared_ptr<I2CBus> I2CBusRegistry::getOrOpen(const string&, std::string*)[m[K’:
[01m[K/home/avcpp/AV-CPP2025/Vehicle/src/vehicle_core/src/Devices/I2C/I2CBusRegistry.cpp:11:36:[m[K [01;31m[Kerror: [m[K‘[01m[Kmut_[m[K’ was not declared in this scope
   11 |     std::lock_guard<std::mutex> lk([01;31m[Kmut_[m[K);
      |                                    [01;31m[K^~~~[m[K
[01m[K/home/avcpp/AV-CPP2025/Vehicle/src/vehicle_core/src/Devices/I2C/I2CBusRegistry.cpp:14:15:[m[K [01;31m[Kerror: [m[K‘[01m[Kbuses_[m[K’ was not declared in this scope
   14 |     auto it = [01;31m[Kbuses_[m[K.find(path);
      |               [01;31m[K^~~~~~[m[K
[01m[K/home/avcpp/AV-CPP2025/Vehicle/src/vehicle_core/src/Devices/I2C/I2CBusRegistry.cpp:[m[K At global scope:
[01m[K/home/avcpp/AV-CPP2025/Vehicle/src/vehicle_core/src/Devices/I2C/I2CBusRegistry.cpp:31:2:[m[K [01;31m[Kerror: [m[Kexpected unqualified-id at end of input
   31 | }
      |  [01;31m[K^[m[K
gmake[2]: *** [CMakeFiles/i2c_bridge_node.dir/build.make:104: CMakeFiles/i2c_bridge_node.dir/src/Devices/I2C/I2CBusRegistry.cpp.o] Error 1
In file included from [01m[K/home/avcpp/AV-CPP2025/Vehicle/src/vehicle_core/src/i2c_bridge_node.cpp:11[m[K:
[01m[K/home/avcpp/AV-CPP2025/Vehicle/src/vehicle_core/include/vehicle_core/Devices/I2C/I2CBusRegistry.hpp:14:29:[m[K [01;31m[Kerror: [m[Kexpected ‘[01m[K;[m[K’ at end of member declaration
   14 |     std::shared_ptr<I2CBus> [01;31m[Kg_[m[K
      |                             [01;31m[K^~[m[K
      |                               [32m[K;[m[K
[01m[K/home/avcpp/AV-CPP2025/Vehicle/src/vehicle_core/src/i2c_bridge_node.cpp:13:15:[m[K [01;31m[Kerror: [m[Kusing-declaration for non-member at class scope
   13 | using rclcpp::[01;31m[KQoS[m[K;
      |               [01;31m[K^~~[m[K
[01m[K/home/avcpp/AV-CPP2025/Vehicle/src/vehicle_core/src/i2c_bridge_node.cpp:14:15:[m[K [01;31m[Kerror: [m[Kusing-declaration for non-member at class scope
   14 | using rclcpp::[01;31m[KKeepLast[m[K;
      |               [01;31m[K^~~~~~~~[m[K
[01m[K/home/avcpp/AV-CPP2025/Vehicle/src/vehicle_core/src/i2c_bridge_node.cpp:15:15:[m[K [01;31m[Kerror: [m[Kusing-declaration for non-member at class scope
   15 | using rclcpp::[01;31m[KSensorDataQoS[m[K;
      |               [01;31m[K^~~~~~~~~~~~~[m[K
[01m[K/home/avcpp/AV-CPP2025/Vehicle/src/vehicle_core/src/i2c_bridge_node.cpp:17:1:[m[K [01;31m[Kerror: [m[Kexpected unqualified-id before ‘[01m[Knamespace[m[K’
   17 | [01;31m[Knamespace[m[K vehicle_core {
      | [01;31m[K^~~~~~~~~[m[K
In file included from [01m[K/opt/ros/humble/include/class_loader/class_loader/class_loader.hpp:50[m[K,
                 from [01m[K/opt/ros/humble/include/rclcpp_components/rclcpp_components/register_node_macro.hpp:18[m[K,
                 from [01m[K/home/avcpp/AV-CPP2025/Vehicle/src/vehicle_core/src/i2c_bridge_node.cpp:461[m[K:
[01m[K/usr/include/console_bridge/console.h:82:1:[m[K [01;31m[Kerror: [m[Kexpected unqualified-id before ‘[01m[Knamespace[m[K’
   82 | [01;31m[Knamespace[m[K console_bridge
      | [01;31m[K^~~~~~~~~[m[K
In file included from [01m[K/opt/ros/humble/include/class_loader/class_loader/class_loader_core.hpp:56[m[K,
                 from [01m[K/opt/ros/humble/include/class_loader/class_loader/class_loader.hpp:55[m[K,
                 from [01m[K/opt/ros/humble/include/rclcpp_components/rclcpp_components/register_node_macro.hpp:18[m[K,
                 from [01m[K/home/avcpp/AV-CPP2025/Vehicle/src/vehicle_core/src/i2c_bridge_node.cpp:461[m[K:
[01m[K/opt/ros/humble/include/class_loader/class_loader/exceptions.hpp:40:1:[m[K [01;31m[Kerror: [m[Kexpected unqualified-id before ‘[01m[Knamespace[m[K’
   40 | [01;31m[Knamespace[m[K class_loader
      | [01;31m[K^~~~~~~~~[m[K
In file included from [01m[K/opt/ros/humble/include/class_loader/class_loader/class_loader_core.hpp:57[m[K,
                 from [01m[K/opt/ros/humble/include/class_loader/class_loader/class_loader.hpp:55[m[K,
                 from [01m[K/opt/ros/humble/include/rclcpp_components/rclcpp_components/register_node_macro.hpp:18[m[K,
                 from [01m[K/home/avcpp/AV-CPP2025/Vehicle/src/vehicle_core/src/i2c_bridge_node.cpp:461[m[K:
[01m[K/opt/ros/humble/include/class_loader/class_loader/meta_object.hpp:43:1:[m[K [01;31m[Kerror: [m[Kexpected unqualified-id before ‘[01m[Knamespace[m[K’
   43 | [01;31m[Knamespace[m[K class_loader
      | [01;31m[K^~~~~~~~~[m[K
In file included from [01m[K/opt/ros/humble/include/class_loader/class_loader/class_loader.hpp:55[m[K,
                 from [01m[K/opt/ros/humble/include/rclcpp_components/rclcpp_components/register_node_macro.hpp:18[m[K,
                 from [01m[K/home/avcpp/AV-CPP2025/Vehicle/src/vehicle_core/src/i2c_bridge_node.cpp:461[m[K:
[01m[K/opt/ros/humble/include/class_loader/class_loader/class_loader_core.hpp:67:1:[m[K [01;31m[Kerror: [m[Kexpected unqualified-id before ‘[01m[Knamespace[m[K’
   67 | [01;31m[Knamespace[m[K class_loader
      | [01;31m[K^~~~~~~~~[m[K
In file included from [01m[K/opt/ros/humble/include/rclcpp_components/rclcpp_components/register_node_macro.hpp:18[m[K,
                 from [01m[K/home/avcpp/AV-CPP2025/Vehicle/src/vehicle_core/src/i2c_bridge_node.cpp:461[m[K:
[01m[K/opt/ros/humble/include/class_loader/class_loader/class_loader.hpp:59:1:[m[K [01;31m[Kerror: [m[Kexpected unqualified-id before ‘[01m[Knamespace[m[K’
   59 | [01;31m[Knamespace[m[K class_loader
      | [01;31m[K^~~~~~~~~[m[K
In file included from [01m[K/opt/ros/humble/include/rclcpp_components/rclcpp_components/node_factory.hpp:19[m[K,
                 from [01m[K/opt/ros/humble/include/rclcpp_components/rclcpp_components/node_factory_template.hpp:21[m[K,
                 from [01m[K/opt/ros/humble/include/rclcpp_components/rclcpp_components/register_node_macro.hpp:19[m[K,
                 from [01m[K/home/avcpp/AV-CPP2025/Vehicle/src/vehicle_core/src/i2c_bridge_node.cpp:461[m[K:
[01m[K/opt/ros/humble/include/rclcpp_components/rclcpp_components/node_instance_wrapper.hpp:23:1:[m[K [01;31m[Kerror: [m[Kexpected unqualified-id before ‘[01m[Knamespace[m[K’
   23 | [01;31m[Knamespace[m[K rclcpp_components
      | [01;31m[K^~~~~~~~~[m[K
In file included from [01m[K/opt/ros/humble/include/rclcpp_components/rclcpp_components/node_factory_template.hpp:21[m[K,
                 from [01m[K/opt/ros/humble/include/rclcpp_components/rclcpp_components/register_node_macro.hpp:19[m[K,
                 from [01m[K/home/avcpp/AV-CPP2025/Vehicle/src/vehicle_core/src/i2c_bridge_node.cpp:461[m[K:
[01m[K/opt/ros/humble/include/rclcpp_components/rclcpp_components/node_factory.hpp:21:1:[m[K [01;31m[Kerror: [m[Kexpected unqualified-id before ‘[01m[Knamespace[m[K’
   21 | [01;31m[Knamespace[m[K rclcpp_components
      | [01;31m[K^~~~~~~~~[m[K
In file included from [01m[K/opt/ros/humble/include/rclcpp_components/rclcpp_components/register_node_macro.hpp:19[m[K,
                 from [01m[K/home/avcpp/AV-CPP2025/Vehicle/src/vehicle_core/src/i2c_bridge_node.cpp:461[m[K:
[01m[K/opt/ros/humble/include/rclcpp_components/rclcpp_components/node_factory_template.hpp:23:1:[m[K [01;31m[Kerror: [m[Kexpected unqualified-id before ‘[01m[Knamespace[m[K’
   23 | [01;31m[Knamespace[m[K rclcpp_components
      | [01;31m[K^~~~~~~~~[m[K
In file included from [01m[K/opt/ros/humble/include/class_loader/class_loader/class_loader.hpp:56[m[K,
                 from [01m[K/opt/ros/humble/include/rclcpp_components/rclcpp_components/register_node_macro.hpp:18[m[K,
                 from [01m[K/home/avcpp/AV-CPP2025/Vehicle/src/vehicle_core/src/i2c_bridge_node.cpp:461[m[K:
[01m[K/home/avcpp/AV-CPP2025/Vehicle/src/vehicle_core/src/i2c_bridge_node.cpp:462:1:[m[K [01;31m[Kerror: [m[Kexpected unqualified-id before ‘[01m[Knamespace[m[K’
  462 | [01;31m[KRCLCPP_COMPONENTS_REGISTER_NODE[m[K(vehicle_core::I2cBridgeNode)
      | [01;31m[K^~~~~~~~~~~~~~~~~~~~~~~~~~~~~~~[m[K
[01m[K/home/avcpp/AV-CPP2025/Vehicle/src/vehicle_core/src/i2c_bridge_node.cpp:462:1:[m[K [01;31m[Kerror: [m[Kexpected ‘[01m[K}[m[K’ at end of input
  462 | [01;31m[KRCLCPP_COMPONENTS_REGISTER_NODE[m[K(vehicle_core::I2cBridgeNode)
      | [01;31m[K^~~~~~~~~~~~~~~~~~~~~~~~~~~~~~~[m[K
In file included from [01m[K/home/avcpp/AV-CPP2025/Vehicle/src/vehicle_core/src/i2c_bridge_node.cpp:11[m[K:
[01m[K/home/avcpp/AV-CPP2025/Vehicle/src/vehicle_core/include/vehicle_core/Devices/I2C/I2CBusRegistry.hpp:10:22:[m[K [01;36m[Knote: [m[Kto match this ‘[01m[K{[m[K’
   10 | class I2CBusRegistry [01;36m[K{[m[K
      |                      [01;36m[K^[m[K
In file included from [01m[K/opt/ros/humble/include/class_loader/class_loader/class_loader.hpp:56[m[K,
                 from [01m[K/opt/ros/humble/include/rclcpp_components/rclcpp_components/register_node_macro.hpp:18[m[K,
                 from [01m[K/home/avcpp/AV-CPP2025/Vehicle/src/vehicle_core/src/i2c_bridge_node.cpp:461[m[K:
[01m[K/home/avcpp/AV-CPP2025/Vehicle/src/vehicle_core/src/i2c_bridge_node.cpp:462:1:[m[K [01;31m[Kerror: [m[Kexpected unqualified-id at end of input
  462 | [01;31m[KRCLCPP_COMPONENTS_REGISTER_NODE[m[K(vehicle_core::I2cBridgeNode)
      | [01;31m[K^~~~~~~~~~~~~~~~~~~~~~~~~~~~~~~[m[K
gmake[2]: *** [CMakeFiles/i2c_bridge_node.dir/build.make:76: CMakeFiles/i2c_bridge_node.dir/src/i2c_bridge_node.cpp.o] Error 1
gmake[1]: *** [CMakeFiles/Makefile2:750: CMakeFiles/i2c_bridge_node.dir/all] Error 2
gmake[1]: *** Waiting for unfinished jobs....
[ 99%] [32m[1mLinking CXX shared library libgt_u7_gps_node_component.so[0m
[ 99%] Built target gt_u7_gps_node_component
gmake: *** [Makefile:146: all] Error 2
