[0.033s] Invoking command in '/home/avcpp/AV-CPP2025/Vehicle/build/vehicle_core': CMAKE_PREFIX_PATH=${CMAKE_PREFIX_PATH}:/opt/ros/humble /usr/bin/cmake --build /home/avcpp/AV-CPP2025/Vehicle/build/vehicle_core -- -j8 -l8
[0.159s] -- Found ament_cmake: 1.3.12 (/opt/ros/humble/share/ament_cmake/cmake)
[0.439s] -- Override CMake install command with custom implementation using symlinks instead of copying resources
[0.449s] -- Found rclcpp: 16.0.15 (/opt/ros/humble/share/rclcpp/cmake)
[0.487s] -- Found rosidl_generator_c: 3.1.7 (/opt/ros/humble/share/rosidl_generator_c/cmake)
[0.490s] -- Found rosidl_adapter: 3.1.7 (/opt/ros/humble/share/rosidl_adapter/cmake)
[0.497s] -- Found rosidl_generator_cpp: 3.1.7 (/opt/ros/humble/share/rosidl_generator_cpp/cmake)
[0.511s] -- Using all available rosidl_typesupport_c: rosidl_typesupport_fastrtps_c;rosidl_typesupport_introspection_c
[0.528s] -- Using all available rosidl_typesupport_cpp: rosidl_typesupport_fastrtps_cpp;rosidl_typesupport_introspection_cpp
[0.573s] -- Found rmw_implementation_cmake: 6.1.2 (/opt/ros/humble/share/rmw_implementation_cmake/cmake)
[0.574s] -- Found rmw_fastrtps_cpp: 6.2.8 (/opt/ros/humble/share/rmw_fastrtps_cpp/cmake)
[0.731s] -- Using RMW implementation 'rmw_fastrtps_cpp' as default
[0.803s] -- Found rclcpp_components: 16.0.15 (/opt/ros/humble/share/rclcpp_components/cmake)
[0.829s] -- Found std_srvs: 4.9.0 (/opt/ros/humble/share/std_srvs/cmake)
[0.841s] -- Found rosidl_default_generators: 1.2.0 (/opt/ros/humble/share/rosidl_default_generators/cmake)
[0.850s] -- Found geometry_msgs: 4.9.0 (/opt/ros/humble/share/geometry_msgs/cmake)
[0.868s] -- Found nav_msgs: 4.9.0 (/opt/ros/humble/share/nav_msgs/cmake)
[0.893s] -- Found sensor_msgs: 4.9.0 (/opt/ros/humble/share/sensor_msgs/cmake)
[0.918s] -- Found tf2: 0.25.16 (/opt/ros/humble/share/tf2/cmake)
[0.923s] -- Found cv_bridge: 3.2.1 (/opt/ros/humble/share/cv_bridge/cmake)
[0.936s] -- Found robot_localization: 3.5.4 (/opt/ros/humble/share/robot_localization/cmake)
[1.768s] -- Found ament_cmake_ros: 0.10.0 (/opt/ros/humble/share/ament_cmake_ros/cmake)
[2.653s] -- Using all available rosidl_typesupport_c: rosidl_typesupport_fastrtps_c;rosidl_typesupport_introspection_c
[2.995s] -- Using all available rosidl_typesupport_cpp: rosidl_typesupport_fastrtps_cpp;rosidl_typesupport_introspection_cpp
[3.037s] -- Found python_cmake_module: 0.10.0 (/opt/ros/humble/share/python_cmake_module/cmake)
[3.075s] -- Using PYTHON_EXECUTABLE: /usr/bin/python3
[3.076s] -- Using PYTHON_INCLUDE_DIRS: /usr/include/python3.10
[3.076s] -- Using PYTHON_LIBRARIES: /usr/lib/aarch64-linux-gnu/libpython3.10.so
[3.128s] [0mCMake Deprecation Warning at /opt/ros/humble/share/rosidl_cmake/cmake/rosidl_target_interfaces.cmake:32 (message):
[3.129s]   Use rosidl_get_typesupport_target() and target_link_libraries() instead of
[3.129s]   rosidl_target_interfaces()
[3.129s] Call Stack (most recent call first):
[3.129s]   CMakeLists.txt:145 (rosidl_target_interfaces)
[3.130s] 
[3.130s] [0m
[3.133s] [0mCMake Deprecation Warning at /opt/ros/humble/share/rosidl_cmake/cmake/rosidl_target_interfaces.cmake:32 (message):
[3.133s]   Use rosidl_get_typesupport_target() and target_link_libraries() instead of
[3.134s]   rosidl_target_interfaces()
[3.134s] Call Stack (most recent call first):
[3.134s]   CMakeLists.txt:160 (rosidl_target_interfaces)
[3.134s] 
[3.135s] [0m
[3.135s] [0mCMake Deprecation Warning at /opt/ros/humble/share/rosidl_cmake/cmake/rosidl_target_interfaces.cmake:32 (message):
[3.135s]   Use rosidl_get_typesupport_target() and target_link_libraries() instead of
[3.136s]   rosidl_target_interfaces()
[3.136s] Call Stack (most recent call first):
[3.136s]   CMakeLists.txt:175 (rosidl_target_interfaces)
[3.137s] 
[3.137s] [0m
[3.137s] [0mCMake Deprecation Warning at /opt/ros/humble/share/rosidl_cmake/cmake/rosidl_target_interfaces.cmake:32 (message):
[3.137s]   Use rosidl_get_typesupport_target() and target_link_libraries() instead of
[3.138s]   rosidl_target_interfaces()
[3.138s] Call Stack (most recent call first):
[3.138s]   CMakeLists.txt:196 (rosidl_target_interfaces)
[3.138s] 
[3.139s] [0m
[3.139s] [0mCMake Deprecation Warning at /opt/ros/humble/share/rosidl_cmake/cmake/rosidl_target_interfaces.cmake:32 (message):
[3.140s]   Use rosidl_get_typesupport_target() and target_link_libraries() instead of
[3.140s]   rosidl_target_interfaces()
[3.140s] Call Stack (most recent call first):
[3.141s]   CMakeLists.txt:215 (rosidl_target_interfaces)
[3.141s] 
[3.141s] [0m
[3.142s] [0mCMake Deprecation Warning at /opt/ros/humble/share/rosidl_cmake/cmake/rosidl_target_interfaces.cmake:32 (message):
[3.142s]   Use rosidl_get_typesupport_target() and target_link_libraries() instead of
[3.143s]   rosidl_target_interfaces()
[3.143s] Call Stack (most recent call first):
[3.143s]   CMakeLists.txt:241 (rosidl_target_interfaces)
[3.144s] 
[3.144s] [0m
[3.147s] [0mCMake Deprecation Warning at /opt/ros/humble/share/rosidl_cmake/cmake/rosidl_target_interfaces.cmake:32 (message):
[3.147s]   Use rosidl_get_typesupport_target() and target_link_libraries() instead of
[3.148s]   rosidl_target_interfaces()
[3.148s] Call Stack (most recent call first):
[3.148s]   CMakeLists.txt:262 (rosidl_target_interfaces)
[3.149s] 
[3.149s] [0m
[3.149s] [0mCMake Deprecation Warning at /opt/ros/humble/share/rosidl_cmake/cmake/rosidl_target_interfaces.cmake:32 (message):
[3.150s]   Use rosidl_get_typesupport_target() and target_link_libraries() instead of
[3.150s]   rosidl_target_interfaces()
[3.151s] Call Stack (most recent call first):
[3.151s]   CMakeLists.txt:287 (rosidl_target_interfaces)
[3.151s] 
[3.152s] [0m
[3.160s] -- Configuring done
[3.335s] -- Generating done
[3.385s] -- Build files have been written to: /home/avcpp/AV-CPP2025/Vehicle/build/vehicle_core
[3.504s] [35m[1mConsolidate compiler generated dependencies of target vehicle_core_container[0m
[3.504s] [35m[1mConsolidate compiler generated dependencies of target vehicle_core__rosidl_generator_c[0m
[3.531s] [  0%] Built target vehicle_core__cpp
[3.548s] [ 11%] Built target vehicle_core__rosidl_generator_c
[3.556s] [ 11%] Built target ament_cmake_python_symlink_vehicle_core
[3.561s] [35m[1mConsolidate compiler generated dependencies of target vehicle_core__rosidl_typesupport_introspection_cpp[0m
[3.563s] [ 12%] Built target vehicle_core_container
[3.571s] [35m[1mConsolidate compiler generated dependencies of target vehicle_core__rosidl_typesupport_fastrtps_cpp[0m
[3.583s] [35m[1mConsolidate compiler generated dependencies of target vehicle_core__rosidl_typesupport_c[0m
[3.592s] [35m[1mConsolidate compiler generated dependencies of target vehicle_core__rosidl_typesupport_cpp[0m
[3.610s] [35m[1mConsolidate compiler generated dependencies of target vehicle_core__rosidl_typesupport_introspection_c[0m
[3.626s] [35m[1mConsolidate compiler generated dependencies of target vehicle_core__rosidl_typesupport_fastrtps_c[0m
[3.638s] [ 23%] Built target vehicle_core__rosidl_typesupport_c
[3.638s] [ 34%] Built target vehicle_core__rosidl_typesupport_introspection_cpp
[3.670s] [ 62%] Built target vehicle_core__rosidl_typesupport_fastrtps_cpp
[3.670s] [ 65%] Built target vehicle_core__rosidl_typesupport_cpp
[3.671s] [ 65%] Built target vehicle_core__rosidl_typesupport_introspection_c
[3.678s] [ 76%] Built target vehicle_core__rosidl_typesupport_fastrtps_c
[3.736s] [ 76%] Built target vehicle_core
[3.753s] [35m[1mConsolidate compiler generated dependencies of target state_manager_node_component[0m
[3.759s] [35m[1mConsolidate compiler generated dependencies of target gt_u7_gps_node_component[0m
[3.773s] [35m[1mConsolidate compiler generated dependencies of target i2c_bridge_node[0m
[3.777s] [35m[1mConsolidate compiler generated dependencies of target heading_calibrator_node_component[0m
[3.777s] [35m[1mConsolidate compiler generated dependencies of target tcp_server_node_component[0m
[3.787s] [35m[1mConsolidate compiler generated dependencies of target drive_arbiter_node_component[0m
[3.797s] [ 77%] Built target state_manager_node_component
[3.800s] [ 77%] [32mBuilding CXX object CMakeFiles/gt_u7_gps_node_component.dir/src/gt_u7_gps_node.cpp.o[0m
[3.818s] [ 77%] Built target vehicle_core__py
[3.836s] [ 78%] Built target drive_arbiter_node_component
[3.843s] [35m[1mConsolidate compiler generated dependencies of target autopilot_node_component[0m
[3.844s] [ 78%] [32mBuilding CXX object CMakeFiles/i2c_bridge_node.dir/src/Devices/I2C/I2CBus.cpp.o[0m
[3.850s] [ 79%] [32mBuilding CXX object CMakeFiles/i2c_bridge_node.dir/src/i2c_bridge_node.cpp.o[0m
[3.859s] [35m[1mConsolidate compiler generated dependencies of target gst_camera_component[0m
[3.860s] [ 80%] Built target heading_calibrator_node_component
[3.862s] [ 81%] Built target tcp_server_node_component
[3.885s] [35m[1mConsolidate compiler generated dependencies of target vehicle_core__rosidl_generator_py[0m
[3.890s] [ 82%] [32mBuilding CXX object CMakeFiles/i2c_bridge_node.dir/src/Devices/I2C/I2CBusRegistry.cpp.o[0m
[3.909s] [ 83%] Built target gst_camera_component
[3.925s] [ 84%] Built target autopilot_node_component
[3.938s] [ 84%] [32mBuilding CXX object CMakeFiles/i2c_bridge_node.dir/src/Devices/BNO055.cpp.o[0m
[3.942s] [ 94%] Built target vehicle_core__rosidl_generator_py
[3.948s] [ 94%] [32mBuilding CXX object CMakeFiles/i2c_bridge_node.dir/src/Devices/I2C/I2CDevice.cpp.o[0m
[3.957s] [35m[1mConsolidate compiler generated dependencies of target vehicle_core__rosidl_typesupport_fastrtps_c__pyext[0m
[3.978s] running egg_info
[3.999s] writing vehicle_core.egg-info/PKG-INFO
[4.001s] writing dependency_links to vehicle_core.egg-info/dependency_links.txt
[4.001s] writing top-level names to vehicle_core.egg-info/top_level.txt
[4.013s] [ 95%] Built target vehicle_core__rosidl_typesupport_fastrtps_c__pyext
[4.084s] [35m[1mConsolidate compiler generated dependencies of target vehicle_core__rosidl_typesupport_introspection_c__pyext[0m
[4.097s] reading manifest file 'vehicle_core.egg-info/SOURCES.txt'
[4.101s] writing manifest file 'vehicle_core.egg-info/SOURCES.txt'
[4.159s] [ 96%] Built target vehicle_core__rosidl_typesupport_introspection_c__pyext
[4.222s] [35m[1mConsolidate compiler generated dependencies of target vehicle_core__rosidl_typesupport_c__pyext[0m
[4.247s] [ 96%] Built target ament_cmake_python_build_vehicle_core_egg
[4.259s] [ 97%] Built target vehicle_core__rosidl_typesupport_c__pyext
[4.270s] [ 98%] [32mBuilding CXX object CMakeFiles/i2c_bridge_node.dir/src/Devices/DriveSubsys.cpp.o[0m
[4.283s] [ 98%] [32mBuilding CXX object CMakeFiles/i2c_bridge_node.dir/src/Devices/LightingSubsys.cpp.o[0m
[4.323s] [01m[K/home/avcpp/AV-CPP2025/Vehicle/src/vehicle_core/src/Devices/LightingSubsys.cpp:1:10:[m[K [01;31m[Kfatal error: [m[KLightingSubsys.hpp: No such file or directory
[4.323s]     1 | #include [01;31m[K"LightingSubsys.hpp"[m[K
[4.323s]       |          [01;31m[K^~~~~~~~~~~~~~~~~~~~[m[K
[4.337s] compilation terminated.
[4.339s] gmake[2]: *** [CMakeFiles/i2c_bridge_node.dir/build.make:160: CMakeFiles/i2c_bridge_node.dir/src/Devices/LightingSubsys.cpp.o] Error 1
[4.339s] gmake[2]: *** Waiting for unfinished jobs....
[4.389s] [ 99%] [32mBuilding CXX object CMakeFiles/gt_u7_gps_node_component.dir/src/Devices/GtU7Gps.cpp.o[0m
[5.480s] In file included from [01m[K/home/avcpp/AV-CPP2025/Vehicle/src/vehicle_core/src/Devices/I2C/I2CBusRegistry.cpp:1[m[K:
[5.481s] [01m[K/home/avcpp/AV-CPP2025/Vehicle/src/vehicle_core/include/vehicle_core/Devices/I2C/I2CBusRegistry.hpp:14:29:[m[K [01;31m[Kerror: [m[Kexpected ‘[01m[K;[m[K’ at end of member declaration
[5.482s]    14 |     std::shared_ptr<I2CBus> [01;31m[Kg_[m[K
[5.483s]       |                             [01;31m[K^~[m[K
[5.483s]       |                               [32m[K;[m[K
[5.484s] [01m[K/home/avcpp/AV-CPP2025/Vehicle/src/vehicle_core/src/Devices/I2C/I2CBusRegistry.cpp:3:17:[m[K [01;31m[Kerror: [m[Kextra qualification ‘[01m[KI2CBusRegistry::[m[K’ on member ‘[01m[KgetInstance[m[K’ [[01;31m[K]8;;https://gcc.gnu.org/onlinedocs/gcc/Warning-Options.html#index-fpermissive-fpermissive]8;;[m[K]
[5.484s]     3 | I2CBusRegistry& [01;31m[KI2CBusRegistry[m[K::getInstance() {
[5.485s]       |                 [01;31m[K^~~~~~~~~~~~~~[m[K
[5.486s] [01m[K/home/avcpp/AV-CPP2025/Vehicle/src/vehicle_core/src/Devices/I2C/I2CBusRegistry.cpp:3:17:[m[K [01;31m[Kerror: [m[K‘[01m[KI2CBusRegistry& I2CBusRegistry::getInstance()[m[K’ cannot be overloaded with ‘[01m[Kstatic I2CBusRegistry& I2CBusRegistry::getInstance()[m[K’
[5.486s] In file included from [01m[K/home/avcpp/AV-CPP2025/Vehicle/src/vehicle_core/src/Devices/I2C/I2CBusRegistry.cpp:1[m[K:
[5.487s] [01m[K/home/avcpp/AV-CPP2025/Vehicle/src/vehicle_core/include/vehicle_core/Devices/I2C/I2CBusRegistry.hpp:12:28:[m[K [01;36m[Knote: [m[Kprevious declaration ‘[01m[Kstatic I2CBusRegistry& I2CBusRegistry::getInstance()[m[K’
[5.488s]    12 |     static I2CBusRegistry& [01;36m[KgetInstance[m[K();
[5.488s]       |                            [01;36m[K^~~~~~~~~~~[m[K
[5.489s] [01m[K/home/avcpp/AV-CPP2025/Vehicle/src/vehicle_core/src/Devices/I2C/I2CBusRegistry.cpp:8:25:[m[K [01;31m[Kerror: [m[Kextra qualification ‘[01m[KI2CBusRegistry::[m[K’ on member ‘[01m[KgetOrOpen[m[K’ [[01;31m[K]8;;https://gcc.gnu.org/onlinedocs/gcc/Warning-Options.html#index-fpermissive-fpermissive]8;;[m[K]
[5.489s]     8 | std::shared_ptr<I2CBus> [01;31m[KI2CBusRegistry[m[K::getOrOpen(const std::string& path,
[5.490s]       |                         [01;31m[K^~~~~~~~~~~~~~[m[K
[5.490s] [01m[K/home/avcpp/AV-CPP2025/Vehicle/src/vehicle_core/src/Devices/I2C/I2CBusRegistry.cpp:31:2:[m[K [01;31m[Kerror: [m[Kexpected ‘[01m[K}[m[K’ at end of input
[5.491s]    31 | }
[5.491s]       |  [01;31m[K^[m[K
[5.492s] In file included from [01m[K/home/avcpp/AV-CPP2025/Vehicle/src/vehicle_core/src/Devices/I2C/I2CBusRegistry.cpp:1[m[K:
[5.492s] [01m[K/home/avcpp/AV-CPP2025/Vehicle/src/vehicle_core/include/vehicle_core/Devices/I2C/I2CBusRegistry.hpp:10:22:[m[K [01;36m[Knote: [m[Kto match this ‘[01m[K{[m[K’
[5.493s]    10 | class I2CBusRegistry [01;36m[K{[m[K
[5.493s]       |                      [01;36m[K^[m[K
[5.494s] [01m[K/home/avcpp/AV-CPP2025/Vehicle/src/vehicle_core/src/Devices/I2C/I2CBusRegistry.cpp:[m[K In member function ‘[01m[Kstd::shared_ptr<I2CBus> I2CBusRegistry::getOrOpen(const string&, std::string*)[m[K’:
[5.494s] [01m[K/home/avcpp/AV-CPP2025/Vehicle/src/vehicle_core/src/Devices/I2C/I2CBusRegistry.cpp:11:36:[m[K [01;31m[Kerror: [m[K‘[01m[Kmut_[m[K’ was not declared in this scope
[5.495s]    11 |     std::lock_guard<std::mutex> lk([01;31m[Kmut_[m[K);
[5.495s]       |                                    [01;31m[K^~~~[m[K
[5.495s] [01m[K/home/avcpp/AV-CPP2025/Vehicle/src/vehicle_core/src/Devices/I2C/I2CBusRegistry.cpp:14:15:[m[K [01;31m[Kerror: [m[K‘[01m[Kbuses_[m[K’ was not declared in this scope
[5.496s]    14 |     auto it = [01;31m[Kbuses_[m[K.find(path);
[5.496s]       |               [01;31m[K^~~~~~[m[K
[5.496s] [01m[K/home/avcpp/AV-CPP2025/Vehicle/src/vehicle_core/src/Devices/I2C/I2CBusRegistry.cpp:[m[K At global scope:
[5.497s] [01m[K/home/avcpp/AV-CPP2025/Vehicle/src/vehicle_core/src/Devices/I2C/I2CBusRegistry.cpp:31:2:[m[K [01;31m[Kerror: [m[Kexpected unqualified-id at end of input
[5.497s]    31 | }
[5.497s]       |  [01;31m[K^[m[K
[5.566s] gmake[2]: *** [CMakeFiles/i2c_bridge_node.dir/build.make:104: CMakeFiles/i2c_bridge_node.dir/src/Devices/I2C/I2CBusRegistry.cpp.o] Error 1
[9.593s] In file included from [01m[K/home/avcpp/AV-CPP2025/Vehicle/src/vehicle_core/src/i2c_bridge_node.cpp:11[m[K:
[9.594s] [01m[K/home/avcpp/AV-CPP2025/Vehicle/src/vehicle_core/include/vehicle_core/Devices/I2C/I2CBusRegistry.hpp:14:29:[m[K [01;31m[Kerror: [m[Kexpected ‘[01m[K;[m[K’ at end of member declaration
[9.594s]    14 |     std::shared_ptr<I2CBus> [01;31m[Kg_[m[K
[9.595s]       |                             [01;31m[K^~[m[K
[9.595s]       |                               [32m[K;[m[K
[9.595s] [01m[K/home/avcpp/AV-CPP2025/Vehicle/src/vehicle_core/src/i2c_bridge_node.cpp:13:15:[m[K [01;31m[Kerror: [m[Kusing-declaration for non-member at class scope
[9.596s]    13 | using rclcpp::[01;31m[KQoS[m[K;
[9.596s]       |               [01;31m[K^~~[m[K
[9.596s] [01m[K/home/avcpp/AV-CPP2025/Vehicle/src/vehicle_core/src/i2c_bridge_node.cpp:14:15:[m[K [01;31m[Kerror: [m[Kusing-declaration for non-member at class scope
[9.597s]    14 | using rclcpp::[01;31m[KKeepLast[m[K;
[9.597s]       |               [01;31m[K^~~~~~~~[m[K
[9.597s] [01m[K/home/avcpp/AV-CPP2025/Vehicle/src/vehicle_core/src/i2c_bridge_node.cpp:15:15:[m[K [01;31m[Kerror: [m[Kusing-declaration for non-member at class scope
[9.598s]    15 | using rclcpp::[01;31m[KSensorDataQoS[m[K;
[9.598s]       |               [01;31m[K^~~~~~~~~~~~~[m[K
[9.598s] [01m[K/home/avcpp/AV-CPP2025/Vehicle/src/vehicle_core/src/i2c_bridge_node.cpp:17:1:[m[K [01;31m[Kerror: [m[Kexpected unqualified-id before ‘[01m[Knamespace[m[K’
[9.599s]    17 | [01;31m[Knamespace[m[K vehicle_core {
[9.599s]       | [01;31m[K^~~~~~~~~[m[K
[9.599s] In file included from [01m[K/opt/ros/humble/include/class_loader/class_loader/class_loader.hpp:50[m[K,
[9.600s]                  from [01m[K/opt/ros/humble/include/rclcpp_components/rclcpp_components/register_node_macro.hpp:18[m[K,
[9.600s]                  from [01m[K/home/avcpp/AV-CPP2025/Vehicle/src/vehicle_core/src/i2c_bridge_node.cpp:461[m[K:
[9.601s] [01m[K/usr/include/console_bridge/console.h:82:1:[m[K [01;31m[Kerror: [m[Kexpected unqualified-id before ‘[01m[Knamespace[m[K’
[9.601s]    82 | [01;31m[Knamespace[m[K console_bridge
[9.601s]       | [01;31m[K^~~~~~~~~[m[K
[9.602s] In file included from [01m[K/opt/ros/humble/include/class_loader/class_loader/class_loader_core.hpp:56[m[K,
[9.602s]                  from [01m[K/opt/ros/humble/include/class_loader/class_loader/class_loader.hpp:55[m[K,
[9.602s]                  from [01m[K/opt/ros/humble/include/rclcpp_components/rclcpp_components/register_node_macro.hpp:18[m[K,
[9.603s]                  from [01m[K/home/avcpp/AV-CPP2025/Vehicle/src/vehicle_core/src/i2c_bridge_node.cpp:461[m[K:
[9.603s] [01m[K/opt/ros/humble/include/class_loader/class_loader/exceptions.hpp:40:1:[m[K [01;31m[Kerror: [m[Kexpected unqualified-id before ‘[01m[Knamespace[m[K’
[9.603s]    40 | [01;31m[Knamespace[m[K class_loader
[9.604s]       | [01;31m[K^~~~~~~~~[m[K
[9.604s] In file included from [01m[K/opt/ros/humble/include/class_loader/class_loader/class_loader_core.hpp:57[m[K,
[9.604s]                  from [01m[K/opt/ros/humble/include/class_loader/class_loader/class_loader.hpp:55[m[K,
[9.605s]                  from [01m[K/opt/ros/humble/include/rclcpp_components/rclcpp_components/register_node_macro.hpp:18[m[K,
[9.605s]                  from [01m[K/home/avcpp/AV-CPP2025/Vehicle/src/vehicle_core/src/i2c_bridge_node.cpp:461[m[K:
[9.605s] [01m[K/opt/ros/humble/include/class_loader/class_loader/meta_object.hpp:43:1:[m[K [01;31m[Kerror: [m[Kexpected unqualified-id before ‘[01m[Knamespace[m[K’
[9.606s]    43 | [01;31m[Knamespace[m[K class_loader
[9.606s]       | [01;31m[K^~~~~~~~~[m[K
[9.606s] In file included from [01m[K/opt/ros/humble/include/class_loader/class_loader/class_loader.hpp:55[m[K,
[9.607s]                  from [01m[K/opt/ros/humble/include/rclcpp_components/rclcpp_components/register_node_macro.hpp:18[m[K,
[9.607s]                  from [01m[K/home/avcpp/AV-CPP2025/Vehicle/src/vehicle_core/src/i2c_bridge_node.cpp:461[m[K:
[9.607s] [01m[K/opt/ros/humble/include/class_loader/class_loader/class_loader_core.hpp:67:1:[m[K [01;31m[Kerror: [m[Kexpected unqualified-id before ‘[01m[Knamespace[m[K’
[9.608s]    67 | [01;31m[Knamespace[m[K class_loader
[9.608s]       | [01;31m[K^~~~~~~~~[m[K
[9.609s] In file included from [01m[K/opt/ros/humble/include/rclcpp_components/rclcpp_components/register_node_macro.hpp:18[m[K,
[9.609s]                  from [01m[K/home/avcpp/AV-CPP2025/Vehicle/src/vehicle_core/src/i2c_bridge_node.cpp:461[m[K:
[9.609s] [01m[K/opt/ros/humble/include/class_loader/class_loader/class_loader.hpp:59:1:[m[K [01;31m[Kerror: [m[Kexpected unqualified-id before ‘[01m[Knamespace[m[K’
[9.610s]    59 | [01;31m[Knamespace[m[K class_loader
[9.610s]       | [01;31m[K^~~~~~~~~[m[K
[9.610s] In file included from [01m[K/opt/ros/humble/include/rclcpp_components/rclcpp_components/node_factory.hpp:19[m[K,
[9.611s]                  from [01m[K/opt/ros/humble/include/rclcpp_components/rclcpp_components/node_factory_template.hpp:21[m[K,
[9.611s]                  from [01m[K/opt/ros/humble/include/rclcpp_components/rclcpp_components/register_node_macro.hpp:19[m[K,
[9.611s]                  from [01m[K/home/avcpp/AV-CPP2025/Vehicle/src/vehicle_core/src/i2c_bridge_node.cpp:461[m[K:
[9.612s] [01m[K/opt/ros/humble/include/rclcpp_components/rclcpp_components/node_instance_wrapper.hpp:23:1:[m[K [01;31m[Kerror: [m[Kexpected unqualified-id before ‘[01m[Knamespace[m[K’
[9.612s]    23 | [01;31m[Knamespace[m[K rclcpp_components
[9.612s]       | [01;31m[K^~~~~~~~~[m[K
[9.613s] In file included from [01m[K/opt/ros/humble/include/rclcpp_components/rclcpp_components/node_factory_template.hpp:21[m[K,
[9.613s]                  from [01m[K/opt/ros/humble/include/rclcpp_components/rclcpp_components/register_node_macro.hpp:19[m[K,
[9.613s]                  from [01m[K/home/avcpp/AV-CPP2025/Vehicle/src/vehicle_core/src/i2c_bridge_node.cpp:461[m[K:
[9.614s] [01m[K/opt/ros/humble/include/rclcpp_components/rclcpp_components/node_factory.hpp:21:1:[m[K [01;31m[Kerror: [m[Kexpected unqualified-id before ‘[01m[Knamespace[m[K’
[9.614s]    21 | [01;31m[Knamespace[m[K rclcpp_components
[9.614s]       | [01;31m[K^~~~~~~~~[m[K
[9.615s] In file included from [01m[K/opt/ros/humble/include/rclcpp_components/rclcpp_components/register_node_macro.hpp:19[m[K,
[9.615s]                  from [01m[K/home/avcpp/AV-CPP2025/Vehicle/src/vehicle_core/src/i2c_bridge_node.cpp:461[m[K:
[9.615s] [01m[K/opt/ros/humble/include/rclcpp_components/rclcpp_components/node_factory_template.hpp:23:1:[m[K [01;31m[Kerror: [m[Kexpected unqualified-id before ‘[01m[Knamespace[m[K’
[9.616s]    23 | [01;31m[Knamespace[m[K rclcpp_components
[9.616s]       | [01;31m[K^~~~~~~~~[m[K
[9.617s] In file included from [01m[K/opt/ros/humble/include/class_loader/class_loader/class_loader.hpp:56[m[K,
[9.617s]                  from [01m[K/opt/ros/humble/include/rclcpp_components/rclcpp_components/register_node_macro.hpp:18[m[K,
[9.617s]                  from [01m[K/home/avcpp/AV-CPP2025/Vehicle/src/vehicle_core/src/i2c_bridge_node.cpp:461[m[K:
[9.618s] [01m[K/home/avcpp/AV-CPP2025/Vehicle/src/vehicle_core/src/i2c_bridge_node.cpp:462:1:[m[K [01;31m[Kerror: [m[Kexpected unqualified-id before ‘[01m[Knamespace[m[K’
[9.618s]   462 | [01;31m[KRCLCPP_COMPONENTS_REGISTER_NODE[m[K(vehicle_core::I2cBridgeNode)
[9.618s]       | [01;31m[K^~~~~~~~~~~~~~~~~~~~~~~~~~~~~~~[m[K
[9.619s] [01m[K/home/avcpp/AV-CPP2025/Vehicle/src/vehicle_core/src/i2c_bridge_node.cpp:462:1:[m[K [01;31m[Kerror: [m[Kexpected ‘[01m[K}[m[K’ at end of input
[9.619s]   462 | [01;31m[KRCLCPP_COMPONENTS_REGISTER_NODE[m[K(vehicle_core::I2cBridgeNode)
[9.619s]       | [01;31m[K^~~~~~~~~~~~~~~~~~~~~~~~~~~~~~~[m[K
[9.620s] In file included from [01m[K/home/avcpp/AV-CPP2025/Vehicle/src/vehicle_core/src/i2c_bridge_node.cpp:11[m[K:
[9.620s] [01m[K/home/avcpp/AV-CPP2025/Vehicle/src/vehicle_core/include/vehicle_core/Devices/I2C/I2CBusRegistry.hpp:10:22:[m[K [01;36m[Knote: [m[Kto match this ‘[01m[K{[m[K’
[9.620s]    10 | class I2CBusRegistry [01;36m[K{[m[K
[9.621s]       |                      [01;36m[K^[m[K
[9.621s] In file included from [01m[K/opt/ros/humble/include/class_loader/class_loader/class_loader.hpp:56[m[K,
[9.621s]                  from [01m[K/opt/ros/humble/include/rclcpp_components/rclcpp_components/register_node_macro.hpp:18[m[K,
[9.622s]                  from [01m[K/home/avcpp/AV-CPP2025/Vehicle/src/vehicle_core/src/i2c_bridge_node.cpp:461[m[K:
[9.622s] [01m[K/home/avcpp/AV-CPP2025/Vehicle/src/vehicle_core/src/i2c_bridge_node.cpp:462:1:[m[K [01;31m[Kerror: [m[Kexpected unqualified-id at end of input
[9.622s]   462 | [01;31m[KRCLCPP_COMPONENTS_REGISTER_NODE[m[K(vehicle_core::I2cBridgeNode)
[9.623s]       | [01;31m[K^~~~~~~~~~~~~~~~~~~~~~~~~~~~~~~[m[K
[10.441s] gmake[2]: *** [CMakeFiles/i2c_bridge_node.dir/build.make:76: CMakeFiles/i2c_bridge_node.dir/src/i2c_bridge_node.cpp.o] Error 1
[10.441s] gmake[1]: *** [CMakeFiles/Makefile2:750: CMakeFiles/i2c_bridge_node.dir/all] Error 2
[10.442s] gmake[1]: *** Waiting for unfinished jobs....
[12.871s] [ 99%] [32m[1mLinking CXX shared library libgt_u7_gps_node_component.so[0m
[13.423s] [ 99%] Built target gt_u7_gps_node_component
[13.425s] gmake: *** [Makefile:146: all] Error 2
[13.430s] Invoked command in '/home/avcpp/AV-CPP2025/Vehicle/build/vehicle_core' returned '2': CMAKE_PREFIX_PATH=${CMAKE_PREFIX_PATH}:/opt/ros/humble /usr/bin/cmake --build /home/avcpp/AV-CPP2025/Vehicle/build/vehicle_core -- -j8 -l8
