[0.023s] Invoking command in '/home/avcpp/AV-CPP2025/Vehicle/build/vehicle_core': CMAKE_PREFIX_PATH=${CMAKE_PREFIX_PATH}:/opt/ros/humble /usr/bin/cmake --build /home/avcpp/AV-CPP2025/Vehicle/build/vehicle_core -- -j8 -l8
[0.211s] [  0%] Built target vehicle_core__cpp
[0.212s] [  1%] Built target vehicle_core_container
[0.219s] [ 12%] Built target vehicle_core__rosidl_generator_c
[0.239s] [ 12%] Built target ament_cmake_python_symlink_vehicle_core
[0.272s] [ 32%] Built target vehicle_core__rosidl_typesupport_fastrtps_cpp
[0.273s] [ 33%] Built target vehicle_core__rosidl_typesupport_c
[0.282s] [ 44%] Built target vehicle_core__rosidl_typesupport_introspection_cpp
[0.294s] [ 55%] Built target vehicle_core__rosidl_typesupport_introspection_c
[0.315s] [ 65%] Built target vehicle_core__rosidl_typesupport_cpp
[0.332s] [ 76%] Built target vehicle_core__rosidl_typesupport_fastrtps_c
[0.400s] [ 76%] Built target vehicle_core
[0.431s] [35m[1mConsolidate compiler generated dependencies of target drive_arbiter_node_component[0m
[0.470s] [ 76%] Built target vehicle_core__py
[0.484s] [ 77%] Built target state_manager_node_component
[0.484s] [ 78%] Built target gt_u7_gps_node_component
[0.503s] [ 79%] Built target tcp_server_node_component
[0.504s] [ 80%] [32mBuilding CXX object CMakeFiles/drive_arbiter_node_component.dir/src/drive_arbiter.cpp.o[0m
[0.506s] [ 81%] Built target heading_calibrator_node_component
[0.507s] [ 85%] Built target i2c_bridge_node
[0.541s] [ 86%] Built target autopilot_node_component
[0.553s] [ 96%] Built target vehicle_core__rosidl_generator_py
[0.561s] [ 97%] Built target gst_camera_component
[0.590s] running egg_info
[0.591s] writing vehicle_core.egg-info/PKG-INFO
[0.592s] writing dependency_links to vehicle_core.egg-info/dependency_links.txt
[0.592s] writing top-level names to vehicle_core.egg-info/top_level.txt
[0.595s] [ 98%] Built target vehicle_core__rosidl_typesupport_introspection_c__pyext
[0.596s] reading manifest file 'vehicle_core.egg-info/SOURCES.txt'
[0.596s] writing manifest file 'vehicle_core.egg-info/SOURCES.txt'
[0.610s] [ 99%] Built target vehicle_core__rosidl_typesupport_c__pyext
[0.626s] [100%] Built target vehicle_core__rosidl_typesupport_fastrtps_c__pyext
[0.681s] [100%] Built target ament_cmake_python_build_vehicle_core_egg
[5.779s] [01m[K/home/avcpp/AV-CPP2025/Vehicle/src/vehicle_core/src/drive_arbiter.cpp:[m[K In constructor ‘[01m[Kvehicle_core::DriveArbiterNode::DriveArbiterNode(const rclcpp::NodeOptions&)[m[K’:
[5.780s] [01m[K/home/avcpp/AV-CPP2025/Vehicle/src/vehicle_core/src/drive_arbiter.cpp:47:16:[m[K [01;31m[Kerror: [m[Kno matching function for call to ‘[01m[Kbind(<unresolved overloaded function type>, vehicle_core::DriveArbiterNode*, const std::_Placeholder<1>&)[m[K’
[5.780s]    47 |       [01;31m[Kstd::bind(&DriveArbiterNode::onObstacleDetected, this, std::placeholders::_1)[m[K);
[5.780s]       |       [01;31m[K~~~~~~~~~^~~~~~~~~~~~~~~~~~~~~~~~~~~~~~~~~~~~~~~~~~~~~~~~~~~~~~~~~~~~~~~~~~~~[m[K
[5.781s] In file included from [01m[K/usr/include/c++/11/pstl/glue_algorithm_defs.h:13[m[K,
[5.781s]                  from [01m[K/usr/include/c++/11/algorithm:74[m[K,
[5.781s]                  from [01m[K/opt/ros/humble/include/rclcpp/rclcpp/executor.hpp:18[m[K,
[5.782s]                  from [01m[K/opt/ros/humble/include/rclcpp/rclcpp/executors/multi_threaded_executor.hpp:25[m[K,
[5.782s]                  from [01m[K/opt/ros/humble/include/rclcpp/rclcpp/executors.hpp:21[m[K,
[5.782s]                  from [01m[K/opt/ros/humble/include/rclcpp/rclcpp/rclcpp.hpp:155[m[K,
[5.783s]                  from [01m[K/home/avcpp/AV-CPP2025/Vehicle/src/vehicle_core/include/vehicle_core/drive_arbiter_node.hpp:11[m[K,
[5.783s]                  from [01m[K/home/avcpp/AV-CPP2025/Vehicle/src/vehicle_core/src/drive_arbiter.cpp:1[m[K:
[5.783s] [01m[K/usr/include/c++/11/functional:789:5:[m[K [01;36m[Knote: [m[Kcandidate: ‘[01m[Ktemplate<class _Func, class ... _BoundArgs> typename std::_Bind_helper<std::__is_socketlike<_Func>::value, _Func, _BoundArgs ...>::type std::bind(_Func&&, _BoundArgs&& ...)[m[K’
[5.784s]   789 |     [01;36m[Kbind[m[K(_Func&& __f, _BoundArgs&&... __args)
[5.784s]       |     [01;36m[K^~~~[m[K
[5.785s] [01m[K/usr/include/c++/11/functional:789:5:[m[K [01;36m[Knote: [m[K  template argument deduction/substitution failed:
[5.785s] [01m[K/home/avcpp/AV-CPP2025/Vehicle/src/vehicle_core/src/drive_arbiter.cpp:47:16:[m[K [01;36m[Knote: [m[K  couldn’t deduce template parameter ‘[01m[K_Func[m[K’
[5.785s]    47 |       [01;36m[Kstd::bind(&DriveArbiterNode::onObstacleDetected, this, std::placeholders::_1)[m[K);
[5.786s]       |       [01;36m[K~~~~~~~~~^~~~~~~~~~~~~~~~~~~~~~~~~~~~~~~~~~~~~~~~~~~~~~~~~~~~~~~~~~~~~~~~~~~~[m[K
[5.786s] In file included from [01m[K/usr/include/c++/11/pstl/glue_algorithm_defs.h:13[m[K,
[5.786s]                  from [01m[K/usr/include/c++/11/algorithm:74[m[K,
[5.787s]                  from [01m[K/opt/ros/humble/include/rclcpp/rclcpp/executor.hpp:18[m[K,
[5.787s]                  from [01m[K/opt/ros/humble/include/rclcpp/rclcpp/executors/multi_threaded_executor.hpp:25[m[K,
[5.787s]                  from [01m[K/opt/ros/humble/include/rclcpp/rclcpp/executors.hpp:21[m[K,
[5.788s]                  from [01m[K/opt/ros/humble/include/rclcpp/rclcpp/rclcpp.hpp:155[m[K,
[5.788s]                  from [01m[K/home/avcpp/AV-CPP2025/Vehicle/src/vehicle_core/include/vehicle_core/drive_arbiter_node.hpp:11[m[K,
[5.788s]                  from [01m[K/home/avcpp/AV-CPP2025/Vehicle/src/vehicle_core/src/drive_arbiter.cpp:1[m[K:
[5.789s] [01m[K/usr/include/c++/11/functional:813:5:[m[K [01;36m[Knote: [m[Kcandidate: ‘[01m[Ktemplate<class _Result, class _Func, class ... _BoundArgs> typename std::_Bindres_helper<_Result, _Func, _BoundArgs>::type std::bind(_Func&&, _BoundArgs&& ...)[m[K’
[5.789s]   813 |     [01;36m[Kbind[m[K(_Func&& __f, _BoundArgs&&... __args)
[5.790s]       |     [01;36m[K^~~~[m[K
[5.790s] [01m[K/usr/include/c++/11/functional:813:5:[m[K [01;36m[Knote: [m[K  template argument deduction/substitution failed:
[5.790s] [01m[K/home/avcpp/AV-CPP2025/Vehicle/src/vehicle_core/src/drive_arbiter.cpp:47:16:[m[K [01;36m[Knote: [m[K  couldn’t deduce template parameter ‘[01m[K_Result[m[K’
[5.791s]    47 |       [01;36m[Kstd::bind(&DriveArbiterNode::onObstacleDetected, this, std::placeholders::_1)[m[K);
[5.791s]       |       [01;36m[K~~~~~~~~~^~~~~~~~~~~~~~~~~~~~~~~~~~~~~~~~~~~~~~~~~~~~~~~~~~~~~~~~~~~~~~~~~~~~[m[K
[5.791s] [01m[K/home/avcpp/AV-CPP2025/Vehicle/src/vehicle_core/src/drive_arbiter.cpp:51:36:[m[K [01;31m[Kerror: [m[K‘[01m[KonObstacleDistance[m[K’ is not a member of ‘[01m[Kvehicle_core::DriveArbiterNode[m[K’
[5.792s]    51 |       std::bind(&DriveArbiterNode::[01;31m[KonObstacleDistance[m[K, this, std::placeholders::_1));
[5.792s]       |                                    [01;31m[K^~~~~~~~~~~~~~~~~~[m[K
[5.825s] [01m[K/home/avcpp/AV-CPP2025/Vehicle/src/vehicle_core/src/drive_arbiter.cpp:[m[K At global scope:
[5.826s] [01m[K/home/avcpp/AV-CPP2025/Vehicle/src/vehicle_core/src/drive_arbiter.cpp:174:6:[m[K [01;31m[Kerror: [m[Kno declaration matches ‘[01m[Kvoid vehicle_core::DriveArbiterNode::onObstacleDistance(std_msgs::msg::Float32_<std::allocator<void> >::SharedPtr)[m[K’
[5.826s]   174 | void [01;31m[KDriveArbiterNode[m[K::onObstacleDistance(const std_msgs::msg::Float32::SharedPtr msg) {
[5.826s]       |      [01;31m[K^~~~~~~~~~~~~~~~[m[K
[5.827s] [01m[K/home/avcpp/AV-CPP2025/Vehicle/src/vehicle_core/src/drive_arbiter.cpp:174:6:[m[K [01;36m[Knote: [m[Kno functions named ‘[01m[Kvoid vehicle_core::DriveArbiterNode::onObstacleDistance(std_msgs::msg::Float32_<std::allocator<void> >::SharedPtr)[m[K’
[5.827s] In file included from [01m[K/home/avcpp/AV-CPP2025/Vehicle/src/vehicle_core/src/drive_arbiter.cpp:1[m[K:
[5.828s] [01m[K/home/avcpp/AV-CPP2025/Vehicle/src/vehicle_core/include/vehicle_core/drive_arbiter_node.hpp:28:7:[m[K [01;36m[Knote: [m[K‘[01m[Kclass vehicle_core::DriveArbiterNode[m[K’ defined here
[5.828s]    28 | class [01;36m[KDriveArbiterNode[m[K final : public rclcpp::Node {
[5.828s]       |       [01;36m[K^~~~~~~~~~~~~~~~[m[K
[5.844s] [01m[K/home/avcpp/AV-CPP2025/Vehicle/src/vehicle_core/src/drive_arbiter.cpp:[m[K In member function ‘[01m[Kvoid vehicle_core::DriveArbiterNode::maybePublish()[m[K’:
[5.845s] [01m[K/home/avcpp/AV-CPP2025/Vehicle/src/vehicle_core/src/drive_arbiter.cpp:326:9:[m[K [01;31m[Kerror: [m[K‘[01m[Kclosest_object_distance_[m[K’ was not declared in this scope; did you mean ‘[01m[Kclosest_object_distance[m[K’?
[5.845s]   326 |     if ([01;31m[Kclosest_object_distance_[m[K <= warning_zone_ && out.target_speed_mmps > 0) {
[5.845s]       |         [01;31m[K^~~~~~~~~~~~~~~~~~~~~~~~[m[K
[5.846s]       |         [32m[Kclosest_object_distance[m[K
[5.856s] [01m[K/home/avcpp/AV-CPP2025/Vehicle/src/vehicle_core/src/drive_arbiter.cpp:350:9:[m[K [01;31m[Kerror: [m[K‘[01m[Kclosest_object_distance_[m[K’ was not declared in this scope; did you mean ‘[01m[Kclosest_object_distance[m[K’?
[5.857s]   350 |     if ([01;31m[Kclosest_object_distance_[m[K <= warning_zone_ && out.target_speed_mmps > 0) {
[5.857s]       |         [01;31m[K^~~~~~~~~~~~~~~~~~~~~~~~[m[K
[5.858s]       |         [32m[Kclosest_object_distance[m[K
[18.706s] gmake[2]: *** [CMakeFiles/drive_arbiter_node_component.dir/build.make:76: CMakeFiles/drive_arbiter_node_component.dir/src/drive_arbiter.cpp.o] Error 1
[18.707s] gmake[1]: *** [CMakeFiles/Makefile2:666: CMakeFiles/drive_arbiter_node_component.dir/all] Error 2
[18.707s] gmake: *** [Makefile:146: all] Error 2
[18.712s] Invoked command in '/home/avcpp/AV-CPP2025/Vehicle/build/vehicle_core' returned '2': CMAKE_PREFIX_PATH=${CMAKE_PREFIX_PATH}:/opt/ros/humble /usr/bin/cmake --build /home/avcpp/AV-CPP2025/Vehicle/build/vehicle_core -- -j8 -l8
