running egg_info
writing build/av_cpp2025/av_cpp2025.egg-info/PKG-INFO
writing dependency_links to build/av_cpp2025/av_cpp2025.egg-info/dependency_links.txt
writing entry points to build/av_cpp2025/av_cpp2025.egg-info/entry_points.txt
writing requirements to build/av_cpp2025/av_cpp2025.egg-info/requires.txt
writing top-level names to build/av_cpp2025/av_cpp2025.egg-info/top_level.txt
reading manifest file 'build/av_cpp2025/av_cpp2025.egg-info/SOURCES.txt'
writing manifest file 'build/av_cpp2025/av_cpp2025.egg-info/SOURCES.txt'
running build
running build_py
copying av_cpp2025/__init__.py -> /home/avcpp/AV-CPP2025/build/av_cpp2025/build/lib/av_cpp2025
running install
running install_lib
copying /home/avcpp/AV-CPP2025/build/av_cpp2025/build/lib/av_cpp2025/__init__.py -> /home/avcpp/AV-CPP2025/install/av_cpp2025/lib/python3.10/site-packages/av_cpp2025
byte-compiling /home/avcpp/AV-CPP2025/install/av_cpp2025/lib/python3.10/site-packages/av_cpp2025/__init__.py to __init__.cpython-310.pyc
running install_data
copying resource/av_cpp2025 -> /home/avcpp/AV-CPP2025/install/av_cpp2025/share/ament_index/resource_index/packages
copying package.xml -> /home/avcpp/AV-CPP2025/install/av_cpp2025/share/av_cpp2025
running install_egg_info
Copying build/av_cpp2025/av_cpp2025.egg-info to /home/avcpp/AV-CPP2025/install/av_cpp2025/lib/python3.10/site-packages/av_cpp2025-0.0.0-py3.10.egg-info
running install_scripts
Installing d300_custom_driver script to /home/avcpp/AV-CPP2025/install/av_cpp2025/bin
writing list of installed files to '/home/avcpp/AV-CPP2025/build/av_cpp2025/install.log'
