[0.996s] Invoking command in '/home/avcpp/AV-CPP2025': PYTHONPATH=/home/avcpp/AV-CPP2025/build/av_cpp2025/prefix_override:/usr/lib/python3/dist-packages/colcon_core/task/python/colcon_distutils_commands:/home/avcpp/AV-CPP2025/install/av_cpp2025/lib/python3.10/site-packages:${PYTHONPATH} VIRTUAL_ENV_PROMPT=(.venv) /usr/bin/python3 -W ignore:setup.py install is deprecated -W ignore:easy_install command is deprecated setup.py egg_info --egg-base build/av_cpp2025 build --build-base /home/avcpp/AV-CPP2025/build/av_cpp2025/build install --record /home/avcpp/AV-CPP2025/build/av_cpp2025/install.log --single-version-externally-managed install_data
[1.327s] running egg_info
[1.328s] writing build/av_cpp2025/av_cpp2025.egg-info/PKG-INFO
[1.329s] writing dependency_links to build/av_cpp2025/av_cpp2025.egg-info/dependency_links.txt
[1.329s] writing entry points to build/av_cpp2025/av_cpp2025.egg-info/entry_points.txt
[1.330s] writing requirements to build/av_cpp2025/av_cpp2025.egg-info/requires.txt
[1.330s] writing top-level names to build/av_cpp2025/av_cpp2025.egg-info/top_level.txt
[1.331s] reading manifest file 'build/av_cpp2025/av_cpp2025.egg-info/SOURCES.txt'
[1.333s] writing manifest file 'build/av_cpp2025/av_cpp2025.egg-info/SOURCES.txt'
[1.333s] running build
[1.333s] running build_py
[1.334s] copying av_cpp2025/__init__.py -> /home/avcpp/AV-CPP2025/build/av_cpp2025/build/lib/av_cpp2025
[1.334s] running install
[1.335s] running install_lib
[1.335s] copying /home/avcpp/AV-CPP2025/build/av_cpp2025/build/lib/av_cpp2025/__init__.py -> /home/avcpp/AV-CPP2025/install/av_cpp2025/lib/python3.10/site-packages/av_cpp2025
[1.336s] byte-compiling /home/avcpp/AV-CPP2025/install/av_cpp2025/lib/python3.10/site-packages/av_cpp2025/__init__.py to __init__.cpython-310.pyc
[1.336s] running install_data
[1.337s] copying resource/av_cpp2025 -> /home/avcpp/AV-CPP2025/install/av_cpp2025/share/ament_index/resource_index/packages
[1.337s] copying package.xml -> /home/avcpp/AV-CPP2025/install/av_cpp2025/share/av_cpp2025
[1.338s] running install_egg_info
[1.340s] Copying build/av_cpp2025/av_cpp2025.egg-info to /home/avcpp/AV-CPP2025/install/av_cpp2025/lib/python3.10/site-packages/av_cpp2025-0.0.0-py3.10.egg-info
[1.341s] running install_scripts
[1.379s] Installing d300_custom_driver script to /home/avcpp/AV-CPP2025/install/av_cpp2025/bin
[1.379s] writing list of installed files to '/home/avcpp/AV-CPP2025/build/av_cpp2025/install.log'
[1.478s] Invoked command in '/home/avcpp/AV-CPP2025' returned '0': PYTHONPATH=/home/avcpp/AV-CPP2025/build/av_cpp2025/prefix_override:/usr/lib/python3/dist-packages/colcon_core/task/python/colcon_distutils_commands:/home/avcpp/AV-CPP2025/install/av_cpp2025/lib/python3.10/site-packages:${PYTHONPATH} VIRTUAL_ENV_PROMPT=(.venv) /usr/bin/python3 -W ignore:setup.py install is deprecated -W ignore:easy_install command is deprecated setup.py egg_info --egg-base build/av_cpp2025 build --build-base /home/avcpp/AV-CPP2025/build/av_cpp2025/build install --record /home/avcpp/AV-CPP2025/build/av_cpp2025/install.log --single-version-externally-managed install_data
