[0.026s] Invoking command in '/home/avcpp/AV-CPP2025/Vehicle/build/vehicle_core': CMAKE_PREFIX_PATH=${CMAKE_PREFIX_PATH}:/opt/ros/humble /usr/bin/cmake /home/avcpp/AV-CPP2025/Vehicle/src/vehicle_core -DAMENT_CMAKE_SYMLINK_INSTALL=1 -DCMAKE_INSTALL_PREFIX=/home/avcpp/AV-CPP2025/Vehicle/install/vehicle_core
[0.061s] -- Found ament_cmake: 1.3.12 (/opt/ros/humble/share/ament_cmake/cmake)
[0.332s] -- Override CMake install command with custom implementation using symlinks instead of copying resources
[0.350s] -- Found rclcpp: 16.0.15 (/opt/ros/humble/share/rclcpp/cmake)
[0.387s] -- Found rosidl_generator_c: 3.1.7 (/opt/ros/humble/share/rosidl_generator_c/cmake)
[0.390s] -- Found rosidl_adapter: 3.1.7 (/opt/ros/humble/share/rosidl_adapter/cmake)
[0.399s] -- Found rosidl_generator_cpp: 3.1.7 (/opt/ros/humble/share/rosidl_generator_cpp/cmake)
[0.413s] -- Using all available rosidl_typesupport_c: rosidl_typesupport_fastrtps_c;rosidl_typesupport_introspection_c
[0.430s] -- Using all available rosidl_typesupport_cpp: rosidl_typesupport_fastrtps_cpp;rosidl_typesupport_introspection_cpp
[0.474s] -- Found rmw_implementation_cmake: 6.1.2 (/opt/ros/humble/share/rmw_implementation_cmake/cmake)
[0.475s] -- Found rmw_fastrtps_cpp: 6.2.8 (/opt/ros/humble/share/rmw_fastrtps_cpp/cmake)
[0.646s] -- Using RMW implementation 'rmw_fastrtps_cpp' as default
[0.723s] -- Found rclcpp_components: 16.0.15 (/opt/ros/humble/share/rclcpp_components/cmake)
[0.750s] -- Found std_srvs: 4.9.0 (/opt/ros/humble/share/std_srvs/cmake)
[0.763s] -- Found rosidl_default_generators: 1.2.0 (/opt/ros/humble/share/rosidl_default_generators/cmake)
[0.772s] -- Found geometry_msgs: 4.9.0 (/opt/ros/humble/share/geometry_msgs/cmake)
[0.791s] -- Found nav_msgs: 4.9.0 (/opt/ros/humble/share/nav_msgs/cmake)
[0.817s] -- Found sensor_msgs: 4.9.0 (/opt/ros/humble/share/sensor_msgs/cmake)
[0.844s] -- Found tf2: 0.25.16 (/opt/ros/humble/share/tf2/cmake)
[0.848s] -- Found cv_bridge: 3.2.1 (/opt/ros/humble/share/cv_bridge/cmake)
[0.862s] -- Found robot_localization: 3.5.4 (/opt/ros/humble/share/robot_localization/cmake)
[1.128s] [31mCMake Error at /opt/ros/humble/share/rosidl_adapter/cmake/rosidl_adapt_interfaces.cmake:59 (message):
[1.128s]   execute_process(/home/avcpp/.venv/bin/python3 -m rosidl_adapter
[1.128s]   --package-name vehicle_core --arguments-file
[1.128s]   /home/avcpp/AV-CPP2025/Vehicle/build/vehicle_core/rosidl_adapter__arguments__vehicle_core.json
[1.129s]   --output-dir
[1.129s]   /home/avcpp/AV-CPP2025/Vehicle/build/vehicle_core/rosidl_adapter/vehicle_core
[1.129s]   --output-file
[1.129s]   /home/avcpp/AV-CPP2025/Vehicle/build/vehicle_core/rosidl_adapter/vehicle_core.idls)
[1.129s]   returned error code 1:
[1.129s] 
[1.129s]   Traceback (most recent call last):
[1.129s] 
[1.129s]     File "/usr/lib/python3.10/runpy.py", line 196, in _run_module_as_main
[1.129s]       return _run_code(code, main_globals, None,
[1.129s]     File "/usr/lib/python3.10/runpy.py", line 86, in _run_code
[1.129s]       exec(code, run_globals)
[1.129s]     File "/opt/ros/humble/local/lib/python3.10/dist-packages/rosidl_adapter/__main__.py", line 19, in <module>
[1.130s]       sys.exit(main())
[1.130s]     File "/opt/ros/humble/local/lib/python3.10/dist-packages/rosidl_adapter/main.py", line 53, in main
[1.130s]       abs_idl_file = convert_to_idl(
[1.130s]     File "/opt/ros/humble/local/lib/python3.10/dist-packages/rosidl_adapter/__init__.py", line 18, in convert_to_idl
[1.130s]       from rosidl_adapter.msg import convert_msg_to_idl
[1.130s]     File "/opt/ros/humble/local/lib/python3.10/dist-packages/rosidl_adapter/msg/__init__.py", line 16, in <module>
[1.130s]       from rosidl_adapter.resource import expand_template
[1.130s]     File "/opt/ros/humble/local/lib/python3.10/dist-packages/rosidl_adapter/resource/__init__.py", line 19, in <module>
[1.130s]       import em
[1.130s] 
[1.130s]   ModuleNotFoundError: No module named 'em'
[1.130s] 
[1.130s] Call Stack (most recent call first):
[1.130s]   /opt/ros/humble/share/rosidl_cmake/cmake/rosidl_generate_interfaces.cmake:130 (rosidl_adapt_interfaces)
[1.131s]   CMakeLists.txt:69 (rosidl_generate_interfaces)
[1.131s] 
[1.131s] [0m
[1.131s] -- Configuring incomplete, errors occurred!
[1.131s] See also "/home/avcpp/AV-CPP2025/Vehicle/build/vehicle_core/CMakeFiles/CMakeOutput.log".
[1.160s] Invoked command in '/home/avcpp/AV-CPP2025/Vehicle/build/vehicle_core' returned '1': CMAKE_PREFIX_PATH=${CMAKE_PREFIX_PATH}:/opt/ros/humble /usr/bin/cmake /home/avcpp/AV-CPP2025/Vehicle/src/vehicle_core -DAMENT_CMAKE_SYMLINK_INSTALL=1 -DCMAKE_INSTALL_PREFIX=/home/avcpp/AV-CPP2025/Vehicle/install/vehicle_core
