[0.023s] Invoking command in '/home/avcpp/AV-CPP2025/Vehicle/build/vehicle_core': CMAKE_PREFIX_PATH=${CMAKE_PREFIX_PATH}:/opt/ros/humble /usr/bin/cmake /home/avcpp/AV-CPP2025/Vehicle/src/vehicle_core -DAMENT_CMAKE_SYMLINK_INSTALL=1 -DCMAKE_INSTALL_PREFIX=/home/avcpp/AV-CPP2025/Vehicle/install/vehicle_core
[0.049s] -- Found ament_cmake: 1.3.12 (/opt/ros/humble/share/ament_cmake/cmake)
[0.307s] -- Override CMake install command with custom implementation using symlinks instead of copying resources
[0.326s] -- Found rclcpp: 16.0.15 (/opt/ros/humble/share/rclcpp/cmake)
[0.361s] -- Found rosidl_generator_c: 3.1.7 (/opt/ros/humble/share/rosidl_generator_c/cmake)
[0.364s] -- Found rosidl_adapter: 3.1.7 (/opt/ros/humble/share/rosidl_adapter/cmake)
[0.372s] -- Found rosidl_generator_cpp: 3.1.7 (/opt/ros/humble/share/rosidl_generator_cpp/cmake)
[0.384s] -- Using all available rosidl_typesupport_c: rosidl_typesupport_fastrtps_c;rosidl_typesupport_introspection_c
[0.401s] -- Using all available rosidl_typesupport_cpp: rosidl_typesupport_fastrtps_cpp;rosidl_typesupport_introspection_cpp
[0.444s] -- Found rmw_implementation_cmake: 6.1.2 (/opt/ros/humble/share/rmw_implementation_cmake/cmake)
[0.445s] -- Found rmw_fastrtps_cpp: 6.2.8 (/opt/ros/humble/share/rmw_fastrtps_cpp/cmake)
[0.603s] -- Using RMW implementation 'rmw_fastrtps_cpp' as default
[0.676s] -- Found rclcpp_components: 16.0.15 (/opt/ros/humble/share/rclcpp_components/cmake)
[0.701s] -- Found std_srvs: 4.9.0 (/opt/ros/humble/share/std_srvs/cmake)
[0.713s] -- Found rosidl_default_generators: 1.2.0 (/opt/ros/humble/share/rosidl_default_generators/cmake)
[0.722s] -- Found geometry_msgs: 4.9.0 (/opt/ros/humble/share/geometry_msgs/cmake)
[0.741s] -- Found nav_msgs: 4.9.0 (/opt/ros/humble/share/nav_msgs/cmake)
[0.766s] -- Found sensor_msgs: 4.9.0 (/opt/ros/humble/share/sensor_msgs/cmake)
[0.791s] -- Found tf2: 0.25.16 (/opt/ros/humble/share/tf2/cmake)
[0.795s] -- Found cv_bridge: 3.2.1 (/opt/ros/humble/share/cv_bridge/cmake)
[0.809s] -- Found robot_localization: 3.5.4 (/opt/ros/humble/share/robot_localization/cmake)
[0.917s] -- Found PkgConfig: /usr/bin/pkg-config (found version "0.29.2") 
[0.922s] -- Checking for modules 'gstreamer-1.0;gstreamer-app-1.0;gobject-2.0;glib-2.0'
[0.987s] --   Found gstreamer-1.0, version 1.20.3
[1.006s] --   Found gstreamer-app-1.0, version 1.20.1
[1.026s] --   Found gobject-2.0, version 2.72.4
[1.043s] --   Found glib-2.0, version 2.72.4
[1.931s] -- Found ament_cmake_ros: 0.10.0 (/opt/ros/humble/share/ament_cmake_ros/cmake)
[2.823s] -- Using all available rosidl_typesupport_c: rosidl_typesupport_fastrtps_c;rosidl_typesupport_introspection_c
[3.183s] -- Using all available rosidl_typesupport_cpp: rosidl_typesupport_fastrtps_cpp;rosidl_typesupport_introspection_cpp
[3.244s] -- Found PythonInterp: /usr/bin/python3 (found suitable version "3.10.12", minimum required is "3.6") 
[3.249s] -- Found python_cmake_module: 0.10.0 (/opt/ros/humble/share/python_cmake_module/cmake)
[3.325s] -- Found PythonLibs: /usr/lib/aarch64-linux-gnu/libpython3.10.so (found suitable version "3.10.12", minimum required is "3.5") 
[3.326s] -- Using PYTHON_EXECUTABLE: /usr/bin/python3
[3.327s] -- Using PYTHON_INCLUDE_DIRS: /usr/include/python3.10
[3.327s] -- Using PYTHON_LIBRARIES: /usr/lib/aarch64-linux-gnu/libpython3.10.so
[3.379s] -- Found PythonExtra: .so  
[3.502s] [0mCMake Deprecation Warning at /opt/ros/humble/share/rosidl_cmake/cmake/rosidl_target_interfaces.cmake:32 (message):
[3.502s]   Use rosidl_get_typesupport_target() and target_link_libraries() instead of
[3.503s]   rosidl_target_interfaces()
[3.503s] Call Stack (most recent call first):
[3.504s]   CMakeLists.txt:145 (rosidl_target_interfaces)
[3.504s] 
[3.504s] [0m
[3.507s] [0mCMake Deprecation Warning at /opt/ros/humble/share/rosidl_cmake/cmake/rosidl_target_interfaces.cmake:32 (message):
[3.507s]   Use rosidl_get_typesupport_target() and target_link_libraries() instead of
[3.507s]   rosidl_target_interfaces()
[3.508s] Call Stack (most recent call first):
[3.508s]   CMakeLists.txt:160 (rosidl_target_interfaces)
[3.509s] 
[3.509s] [0m
[3.510s] [0mCMake Deprecation Warning at /opt/ros/humble/share/rosidl_cmake/cmake/rosidl_target_interfaces.cmake:32 (message):
[3.510s]   Use rosidl_get_typesupport_target() and target_link_libraries() instead of
[3.511s]   rosidl_target_interfaces()
[3.511s] Call Stack (most recent call first):
[3.511s]   CMakeLists.txt:175 (rosidl_target_interfaces)
[3.512s] 
[3.512s] [0m
[3.513s] [0mCMake Deprecation Warning at /opt/ros/humble/share/rosidl_cmake/cmake/rosidl_target_interfaces.cmake:32 (message):
[3.513s]   Use rosidl_get_typesupport_target() and target_link_libraries() instead of
[3.513s]   rosidl_target_interfaces()
[3.514s] Call Stack (most recent call first):
[3.514s]   CMakeLists.txt:193 (rosidl_target_interfaces)
[3.514s] 
[3.515s] [0m
[3.515s] [0mCMake Deprecation Warning at /opt/ros/humble/share/rosidl_cmake/cmake/rosidl_target_interfaces.cmake:32 (message):
[3.516s]   Use rosidl_get_typesupport_target() and target_link_libraries() instead of
[3.516s]   rosidl_target_interfaces()
[3.517s] Call Stack (most recent call first):
[3.517s]   CMakeLists.txt:212 (rosidl_target_interfaces)
[3.517s] 
[3.518s] [0m
[3.518s] [0mCMake Deprecation Warning at /opt/ros/humble/share/rosidl_cmake/cmake/rosidl_target_interfaces.cmake:32 (message):
[3.518s]   Use rosidl_get_typesupport_target() and target_link_libraries() instead of
[3.519s]   rosidl_target_interfaces()
[3.519s] Call Stack (most recent call first):
[3.520s]   CMakeLists.txt:230 (rosidl_target_interfaces)
[3.520s] 
[3.520s] [0m
[3.521s] [0mCMake Deprecation Warning at /opt/ros/humble/share/rosidl_cmake/cmake/rosidl_target_interfaces.cmake:32 (message):
[3.521s]   Use rosidl_get_typesupport_target() and target_link_libraries() instead of
[3.522s]   rosidl_target_interfaces()
[3.522s] Call Stack (most recent call first):
[3.522s]   CMakeLists.txt:250 (rosidl_target_interfaces)
[3.523s] 
[3.523s] [0m
[3.524s] [0mCMake Deprecation Warning at /opt/ros/humble/share/rosidl_cmake/cmake/rosidl_target_interfaces.cmake:32 (message):
[3.524s]   Use rosidl_get_typesupport_target() and target_link_libraries() instead of
[3.524s]   rosidl_target_interfaces()
[3.525s] Call Stack (most recent call first):
[3.525s]   CMakeLists.txt:275 (rosidl_target_interfaces)
[3.525s] 
[3.526s] [0m
[3.539s] -- Configuring done
[3.557s] [31mCMake Error at CMakeLists.txt:241 (add_library):
[3.557s]   Cannot find source file:
[3.557s] 
[3.558s]     src/kml_path_loader.cpp
[3.558s] 
[3.559s]   Tried extensions .c .C .c++ .cc .cpp .cxx .cu .mpp .m .M .mm .ixx .cppm .h
[3.559s]   .hh .h++ .hm .hpp .hxx .in .txx .f .F .for .f77 .f90 .f95 .f03 .hip .ispc
[3.559s] 
[3.560s] [0m
[3.575s] [31mCMake Error at CMakeLists.txt:241 (add_library):
[3.575s]   No SOURCES given to target: autopilot_node_component
[3.575s] 
[3.576s] [0m
[3.576s] [0mCMake Generate step failed.  Build files cannot be regenerated correctly.[0m
[3.612s] Invoked command in '/home/avcpp/AV-CPP2025/Vehicle/build/vehicle_core' returned '1': CMAKE_PREFIX_PATH=${CMAKE_PREFIX_PATH}:/opt/ros/humble /usr/bin/cmake /home/avcpp/AV-CPP2025/Vehicle/src/vehicle_core -DAMENT_CMAKE_SYMLINK_INSTALL=1 -DCMAKE_INSTALL_PREFIX=/home/avcpp/AV-CPP2025/Vehicle/install/vehicle_core
