[0.036s] Invoking command in '/home/avcpp/AV-CPP2025/Vehicle/build/computer_vision': CMAKE_PREFIX_PATH=/opt/ros/humble /usr/bin/cmake --build /home/avcpp/AV-CPP2025/Vehicle/build/computer_vision -- -j8 -l8
[0.236s] [35m[1mConsolidate compiler generated dependencies of target computer_vision_node[0m
[0.321s] [100%] Built target computer_vision_node
[0.366s] Invoked command in '/home/avcpp/AV-CPP2025/Vehicle/build/computer_vision' returned '0': CMAKE_PREFIX_PATH=/opt/ros/humble /usr/bin/cmake --build /home/avcpp/AV-CPP2025/Vehicle/build/computer_vision -- -j8 -l8
[0.372s] Invoking command in '/home/avcpp/AV-CPP2025/Vehicle/build/computer_vision': CMAKE_PREFIX_PATH=/opt/ros/humble /usr/bin/cmake --install /home/avcpp/AV-CPP2025/Vehicle/build/computer_vision
[0.410s] -- Install configuration: ""
[0.410s] -- Up-to-date: /home/avcpp/AV-CPP2025/Vehicle/install/computer_vision/lib/libcomputer_vision_node.so
[0.410s] -- Up-to-date: /home/avcpp/AV-CPP2025/Vehicle/install/computer_vision/include
[0.410s] -- Up-to-date: /home/avcpp/AV-CPP2025/Vehicle/install/computer_vision/include/computer_vision
[0.410s] -- Up-to-date: /home/avcpp/AV-CPP2025/Vehicle/install/computer_vision/include/computer_vision/computer_vision.hpp
[0.410s] -- Up-to-date: /home/avcpp/AV-CPP2025/Vehicle/install/computer_vision/share/ament_index/resource_index/package_run_dependencies/computer_vision
[0.411s] -- Up-to-date: /home/avcpp/AV-CPP2025/Vehicle/install/computer_vision/share/ament_index/resource_index/parent_prefix_path/computer_vision
[0.411s] -- Up-to-date: /home/avcpp/AV-CPP2025/Vehicle/install/computer_vision/share/computer_vision/environment/ament_prefix_path.sh
[0.411s] -- Up-to-date: /home/avcpp/AV-CPP2025/Vehicle/install/computer_vision/share/computer_vision/environment/ament_prefix_path.dsv
[0.411s] -- Up-to-date: /home/avcpp/AV-CPP2025/Vehicle/install/computer_vision/share/computer_vision/environment/path.sh
[0.411s] -- Up-to-date: /home/avcpp/AV-CPP2025/Vehicle/install/computer_vision/share/computer_vision/environment/path.dsv
[0.411s] -- Up-to-date: /home/avcpp/AV-CPP2025/Vehicle/install/computer_vision/share/computer_vision/local_setup.bash
[0.411s] -- Up-to-date: /home/avcpp/AV-CPP2025/Vehicle/install/computer_vision/share/computer_vision/local_setup.sh
[0.411s] -- Up-to-date: /home/avcpp/AV-CPP2025/Vehicle/install/computer_vision/share/computer_vision/local_setup.zsh
[0.411s] -- Up-to-date: /home/avcpp/AV-CPP2025/Vehicle/install/computer_vision/share/computer_vision/local_setup.dsv
[0.411s] -- Installing: /home/avcpp/AV-CPP2025/Vehicle/install/computer_vision/share/computer_vision/package.dsv
[0.411s] -- Up-to-date: /home/avcpp/AV-CPP2025/Vehicle/install/computer_vision/share/ament_index/resource_index/packages/computer_vision
[0.411s] -- Up-to-date: /home/avcpp/AV-CPP2025/Vehicle/install/computer_vision/share/ament_index/resource_index/rclcpp_components/computer_vision
[0.411s] -- Up-to-date: /home/avcpp/AV-CPP2025/Vehicle/install/computer_vision/share/computer_vision/cmake/computer_visionConfig.cmake
[0.412s] -- Up-to-date: /home/avcpp/AV-CPP2025/Vehicle/install/computer_vision/share/computer_vision/cmake/computer_visionConfig-version.cmake
[0.412s] -- Up-to-date: /home/avcpp/AV-CPP2025/Vehicle/install/computer_vision/share/computer_vision/package.xml
[0.416s] Invoked command in '/home/avcpp/AV-CPP2025/Vehicle/build/computer_vision' returned '0': CMAKE_PREFIX_PATH=/opt/ros/humble /usr/bin/cmake --install /home/avcpp/AV-CPP2025/Vehicle/build/computer_vision
