[  0%] Built target vehicle_core__cpp
[ 11%] Built target vehicle_core__rosidl_generator_c
[ 12%] Built target vehicle_core_container
[ 22%] Built target vehicle_core__rosidl_typesupport_cpp
[ 22%] Built target ament_cmake_python_symlink_vehicle_core
[ 33%] Built target vehicle_core__rosidl_typesupport_introspection_cpp
[ 43%] Built target vehicle_core__rosidl_typesupport_fastrtps_cpp
[ 65%] Built target vehicle_core__rosidl_typesupport_fastrtps_c
[ 65%] Built target vehicle_core__rosidl_typesupport_c
[ 76%] Built target vehicle_core__rosidl_typesupport_introspection_c
[ 76%] Built target vehicle_core
[35m[1mConsolidate compiler generated dependencies of target i2c_bridge_node[0m
[ 77%] Built target heading_calibrator_node_component
[ 77%] Built target vehicle_core__py
[ 78%] Built target gt_u7_gps_node_component
[ 79%] Built target tcp_server_node_component
[ 80%] Built target drive_arbiter_node_component
[ 82%] Built target state_manager_node_component
[ 82%] [32mBuilding CXX object CMakeFiles/i2c_bridge_node.dir/src/i2c_bridge_node.cpp.o[0m
[ 83%] [32mBuilding CXX object CMakeFiles/i2c_bridge_node.dir/src/Devices/DriveSubsys.cpp.o[0m
[ 84%] Built target gst_camera_component
[ 94%] Built target vehicle_core__rosidl_generator_py
[ 95%] Built target autopilot_node_component
running egg_info
writing vehicle_core.egg-info/PKG-INFO
writing dependency_links to vehicle_core.egg-info/dependency_links.txt
writing top-level names to vehicle_core.egg-info/top_level.txt
reading manifest file 'vehicle_core.egg-info/SOURCES.txt'
[ 96%] Built target vehicle_core__rosidl_typesupport_c__pyext
writing manifest file 'vehicle_core.egg-info/SOURCES.txt'
[ 97%] Built target vehicle_core__rosidl_typesupport_introspection_c__pyext
[ 98%] Built target vehicle_core__rosidl_typesupport_fastrtps_c__pyext
[ 98%] Built target ament_cmake_python_build_vehicle_core_egg
