[0.023s] Invoking command in '/home/avcpp/AV-CPP2025/Vehicle/build/vehicle_core': CMAKE_PREFIX_PATH=${CMAKE_PREFIX_PATH}:/opt/ros/humble /usr/bin/cmake --build /home/avcpp/AV-CPP2025/Vehicle/build/vehicle_core -- -j8 -l8
[0.231s] [  0%] Built target vehicle_core__cpp
[0.263s] [ 11%] Built target vehicle_core__rosidl_generator_c
[0.273s] [ 12%] Built target vehicle_core_container
[0.295s] [ 22%] Built target vehicle_core__rosidl_typesupport_cpp
[0.300s] [ 22%] Built target ament_cmake_python_symlink_vehicle_core
[0.314s] [ 33%] Built target vehicle_core__rosidl_typesupport_introspection_cpp
[0.321s] [ 43%] Built target vehicle_core__rosidl_typesupport_fastrtps_cpp
[0.330s] [ 65%] Built target vehicle_core__rosidl_typesupport_fastrtps_c
[0.330s] [ 65%] Built target vehicle_core__rosidl_typesupport_c
[0.346s] [ 76%] Built target vehicle_core__rosidl_typesupport_introspection_c
[0.418s] [ 76%] Built target vehicle_core
[0.464s] [35m[1mConsolidate compiler generated dependencies of target i2c_bridge_node[0m
[0.496s] [ 77%] Built target heading_calibrator_node_component
[0.498s] [ 77%] Built target vehicle_core__py
[0.499s] [ 78%] Built target gt_u7_gps_node_component
[0.510s] [ 79%] Built target tcp_server_node_component
[0.511s] [ 80%] Built target drive_arbiter_node_component
[0.522s] [ 82%] Built target state_manager_node_component
[0.523s] [ 82%] [32mBuilding CXX object CMakeFiles/i2c_bridge_node.dir/src/i2c_bridge_node.cpp.o[0m
[0.525s] [ 83%] [32mBuilding CXX object CMakeFiles/i2c_bridge_node.dir/src/Devices/DriveSubsys.cpp.o[0m
[0.590s] [ 84%] Built target gst_camera_component
[0.592s] [ 94%] Built target vehicle_core__rosidl_generator_py
[0.599s] [ 95%] Built target autopilot_node_component
[0.649s] running egg_info
[0.650s] writing vehicle_core.egg-info/PKG-INFO
[0.651s] writing dependency_links to vehicle_core.egg-info/dependency_links.txt
[0.652s] writing top-level names to vehicle_core.egg-info/top_level.txt
[0.658s] reading manifest file 'vehicle_core.egg-info/SOURCES.txt'
[0.664s] [ 96%] Built target vehicle_core__rosidl_typesupport_c__pyext
[0.665s] writing manifest file 'vehicle_core.egg-info/SOURCES.txt'
[0.666s] [ 97%] Built target vehicle_core__rosidl_typesupport_introspection_c__pyext
[0.671s] [ 98%] Built target vehicle_core__rosidl_typesupport_fastrtps_c__pyext
[0.743s] [ 98%] Built target ament_cmake_python_build_vehicle_core_egg
[1.260s] In file included from [01m[K/home/avcpp/AV-CPP2025/Vehicle/src/vehicle_core/src/Devices/DriveSubsys.cpp:1[m[K:
[1.261s] [01m[K/home/avcpp/AV-CPP2025/Vehicle/src/vehicle_core/include/vehicle_core/Devices/DriveSubsys.hpp:50:3:[m[K [01;31m[Kerror: [m[K‘[01m[Kclock[m[K’ does not name a type; did you mean ‘[01m[Kflock[m[K’?
[1.262s]    50 |   [01;31m[Kclock[m[K::time_point  t0_{};
[1.262s]       |   [01;31m[K^~~~~[m[K
[1.263s]       |   [32m[Kflock[m[K
[1.275s] [01m[K/home/avcpp/AV-CPP2025/Vehicle/src/vehicle_core/src/Devices/DriveSubsys.cpp:[m[K In member function ‘[01m[Kvoid DriveSubsys::startLogging(const string&)[m[K’:
[1.276s] [01m[K/home/avcpp/AV-CPP2025/Vehicle/src/vehicle_core/src/Devices/DriveSubsys.cpp:52:3:[m[K [01;31m[Kerror: [m[K‘[01m[Kt0_[m[K’ was not declared in this scope
[1.277s]    52 |   [01;31m[Kt0_[m[K = clock::now();
[1.277s]       |   [01;31m[K^~~[m[K
[1.278s] [01m[K/home/avcpp/AV-CPP2025/Vehicle/src/vehicle_core/src/Devices/DriveSubsys.cpp:52:9:[m[K [01;31m[Kerror: [m[K‘[01m[Kclock[m[K’ is not a class, namespace, or enumeration
[1.278s]    52 |   t0_ = [01;31m[Kclock[m[K::now();
[1.278s]       |         [01;31m[K^~~~~[m[K
[1.279s] [01m[K/home/avcpp/AV-CPP2025/Vehicle/src/vehicle_core/src/Devices/DriveSubsys.cpp:[m[K In member function ‘[01m[Kvoid DriveSubsys::logSample(const DriveStatusWire&)[m[K’:
[1.279s] [01m[K/home/avcpp/AV-CPP2025/Vehicle/src/vehicle_core/src/Devices/DriveSubsys.cpp:70:15:[m[K [01;31m[Kerror: [m[K‘[01m[Kclock[m[K’ is not a class, namespace, or enumeration
[1.280s]    70 |   auto now  = [01;31m[Kclock[m[K::now();
[1.280s]       |               [01;31m[K^~~~~[m[K
[1.284s] [01m[K/home/avcpp/AV-CPP2025/Vehicle/src/vehicle_core/src/Devices/DriveSubsys.cpp:71:53:[m[K [01;31m[Kerror: [m[K‘[01m[Kt0_[m[K’ was not declared in this scope
[1.285s]    71 |   double t  = duration_cast<duration<double>>(now - [01;31m[Kt0_[m[K).count();
[1.285s]       |                                                     [01;31m[K^~~[m[K
[1.412s] gmake[2]: *** [CMakeFiles/i2c_bridge_node.dir/build.make:146: CMakeFiles/i2c_bridge_node.dir/src/Devices/DriveSubsys.cpp.o] Error 1
[1.413s] gmake[2]: *** Waiting for unfinished jobs....
[5.054s] In file included from [01m[K/home/avcpp/AV-CPP2025/Vehicle/src/vehicle_core/include/vehicle_core/i2c_bridge_node.hpp:26[m[K,
[5.055s]                  from [01m[K/home/avcpp/AV-CPP2025/Vehicle/src/vehicle_core/src/i2c_bridge_node.cpp:1[m[K:
[5.055s] [01m[K/home/avcpp/AV-CPP2025/Vehicle/src/vehicle_core/include/vehicle_core/Devices/DriveSubsys.hpp:50:3:[m[K [01;31m[Kerror: [m[K‘[01m[Kclock[m[K’ does not name a type; did you mean ‘[01m[Kflock[m[K’?
[5.056s]    50 |   [01;31m[Kclock[m[K::time_point  t0_{};
[5.056s]       |   [01;31m[K^~~~~[m[K
[5.056s]       |   [32m[Kflock[m[K
[5.466s] [01m[K/home/avcpp/AV-CPP2025/Vehicle/src/vehicle_core/src/i2c_bridge_node.cpp:[m[K In constructor ‘[01m[Kvehicle_core::I2cBridgeNode::I2cBridgeNode(const rclcpp::NodeOptions&)[m[K’:
[5.467s] [01m[K/home/avcpp/AV-CPP2025/Vehicle/src/vehicle_core/src/i2c_bridge_node.cpp:44:41:[m[K [01;35m[Kwarning: [m[Ksuggest braces around empty body in an ‘[01m[Kif[m[K’ statement [[01;35m[K]8;;https://gcc.gnu.org/onlinedocs/gcc/Warning-Options.html#index-Wempty-body-Wempty-body]8;;[m[K]
[5.467s]    44 |   if (!drive.open(i2cBus1, addr_drive_))[01;35m[K;[m[K
[5.467s]       |                                         [01;35m[K^[m[K
[5.468s] [01m[K/home/avcpp/AV-CPP2025/Vehicle/src/vehicle_core/src/i2c_bridge_node.cpp:44:3:[m[K [01;35m[Kwarning: [m[Kthis ‘[01m[Kif[m[K’ clause does not guard... [[01;35m[K]8;;https://gcc.gnu.org/onlinedocs/gcc/Warning-Options.html#index-Wmisleading-indentation-Wmisleading-indentation]8;;[m[K]
[5.468s]    44 |   [01;35m[Kif[m[K (!drive.open(i2cBus1, addr_drive_));
[5.469s]       |   [01;35m[K^~[m[K
[5.469s] [01m[K/home/avcpp/AV-CPP2025/Vehicle/src/vehicle_core/src/i2c_bridge_node.cpp:45:5:[m[K [01;36m[Knote: [m[K...this statement, but the latter is misleadingly indented as if it were guarded by the ‘[01m[Kif[m[K’
[5.469s]    45 |     [01;36m[Kthrow[m[K std::runtime_error("Failed to open drive");
[5.470s]       |     [01;36m[K^~~~~[m[K
[18.899s] gmake[2]: *** [CMakeFiles/i2c_bridge_node.dir/build.make:76: CMakeFiles/i2c_bridge_node.dir/src/i2c_bridge_node.cpp.o] Error 1
[18.900s] gmake[1]: *** [CMakeFiles/Makefile2:750: CMakeFiles/i2c_bridge_node.dir/all] Error 2
[18.901s] gmake: *** [Makefile:146: all] Error 2
[18.910s] Invoked command in '/home/avcpp/AV-CPP2025/Vehicle/build/vehicle_core' returned '2': CMAKE_PREFIX_PATH=${CMAKE_PREFIX_PATH}:/opt/ros/humble /usr/bin/cmake --build /home/avcpp/AV-CPP2025/Vehicle/build/vehicle_core -- -j8 -l8
