[0.160s] DEBUG:colcon:Command line arguments: ['/usr/bin/colcon', 'build', '--packages-select', 'av_cpp2025']
[0.161s] DEBUG:colcon:Parsed command line arguments: Namespace(log_base=None, log_level=None, verb_name='build', build_base='build', install_base='install', merge_install=False, symlink_install=False, test_result_base=None, continue_on_error=False, executor='parallel', parallel_workers=8, event_handlers=None, ignore_user_meta=False, metas=['./colcon.meta'], base_paths=['.'], packages_ignore=None, packages_ignore_regex=None, paths=None, packages_up_to=None, packages_up_to_regex=None, packages_above=None, packages_above_and_dependencies=None, packages_above_depth=None, packages_select_by_dep=None, packages_skip_by_dep=None, packages_skip_up_to=None, packages_select_build_failed=False, packages_skip_build_finished=False, packages_select_test_failures=False, packages_skip_test_passed=False, packages_select=['av_cpp2025'], packages_skip=None, packages_select_regex=None, packages_skip_regex=None, packages_start=None, packages_end=None, cmake_args=None, cmake_target=None, cmake_target_skip_unavailable=False, cmake_clean_cache=False, cmake_clean_first=False, cmake_force_configure=False, ament_cmake_args=None, catkin_cmake_args=None, catkin_skip_building_tests=False, mixin_files=None, mixin=None, verb_parser=<colcon_mixin.mixin.mixin_argument.MixinArgumentDecorator object at 0x7fbac19ba0>, verb_extension=<colcon_core.verb.build.BuildVerb object at 0x7fbad93250>, main=<bound method BuildVerb.main of <colcon_core.verb.build.BuildVerb object at 0x7fbad93250>>, mixin_verb=('build',))
[0.377s] Level 1:colcon.colcon_core.package_discovery:discover_packages(colcon_meta) check parameters
[0.378s] Level 1:colcon.colcon_core.package_discovery:discover_packages(recursive) check parameters
[0.378s] Level 1:colcon.colcon_core.package_discovery:discover_packages(ignore) check parameters
[0.378s] Level 1:colcon.colcon_core.package_discovery:discover_packages(path) check parameters
[0.378s] Level 1:colcon.colcon_core.package_discovery:discover_packages(colcon_meta) discover
[0.378s] Level 1:colcon.colcon_core.package_discovery:discover_packages(recursive) discover
[0.378s] INFO:colcon.colcon_core.package_discovery:Crawling recursively for packages in '/home/avcpp/AV-CPP2025'
[0.378s] Level 1:colcon.colcon_core.package_identification:_identify(.) by extensions ['ignore', 'ignore_ament_install']
[0.378s] Level 1:colcon.colcon_core.package_identification:_identify(.) by extension 'ignore'
[0.379s] Level 1:colcon.colcon_core.package_identification:_identify(.) by extension 'ignore_ament_install'
[0.379s] Level 1:colcon.colcon_core.package_identification:_identify(.) by extensions ['colcon_pkg']
[0.379s] Level 1:colcon.colcon_core.package_identification:_identify(.) by extension 'colcon_pkg'
[0.379s] Level 1:colcon.colcon_core.package_identification:_identify(.) by extensions ['colcon_meta']
[0.379s] Level 1:colcon.colcon_core.package_identification:_identify(.) by extension 'colcon_meta'
[0.379s] Level 1:colcon.colcon_core.package_identification:_identify(.) by extensions ['ros']
[0.379s] Level 1:colcon.colcon_core.package_identification:_identify(.) by extension 'ros'
[0.402s] DEBUG:colcon.colcon_core.package_identification:Package '.' with type 'ros.ament_python' and name 'av_cpp2025'
[0.402s] Level 1:colcon.colcon_core.package_discovery:discover_packages(recursive) using defaults
[0.402s] Level 1:colcon.colcon_core.package_discovery:discover_packages(ignore) discover
[0.402s] Level 1:colcon.colcon_core.package_discovery:discover_packages(ignore) using defaults
[0.402s] Level 1:colcon.colcon_core.package_discovery:discover_packages(path) discover
[0.402s] Level 1:colcon.colcon_core.package_discovery:discover_packages(path) using defaults
[0.475s] Level 5:colcon.colcon_core.verb:set package 'av_cpp2025' build argument 'cmake_args' from command line to 'None'
[0.476s] Level 5:colcon.colcon_core.verb:set package 'av_cpp2025' build argument 'cmake_target' from command line to 'None'
[0.476s] Level 5:colcon.colcon_core.verb:set package 'av_cpp2025' build argument 'cmake_target_skip_unavailable' from command line to 'False'
[0.476s] Level 5:colcon.colcon_core.verb:set package 'av_cpp2025' build argument 'cmake_clean_cache' from command line to 'False'
[0.476s] Level 5:colcon.colcon_core.verb:set package 'av_cpp2025' build argument 'cmake_clean_first' from command line to 'False'
[0.476s] Level 5:colcon.colcon_core.verb:set package 'av_cpp2025' build argument 'cmake_force_configure' from command line to 'False'
[0.476s] Level 5:colcon.colcon_core.verb:set package 'av_cpp2025' build argument 'ament_cmake_args' from command line to 'None'
[0.476s] Level 5:colcon.colcon_core.verb:set package 'av_cpp2025' build argument 'catkin_cmake_args' from command line to 'None'
[0.476s] Level 5:colcon.colcon_core.verb:set package 'av_cpp2025' build argument 'catkin_skip_building_tests' from command line to 'False'
[0.476s] DEBUG:colcon.colcon_core.verb:Building package 'av_cpp2025' with the following arguments: {'ament_cmake_args': None, 'build_base': '/home/avcpp/AV-CPP2025/build/av_cpp2025', 'catkin_cmake_args': None, 'catkin_skip_building_tests': False, 'cmake_args': None, 'cmake_clean_cache': False, 'cmake_clean_first': False, 'cmake_force_configure': False, 'cmake_target': None, 'cmake_target_skip_unavailable': False, 'install_base': '/home/avcpp/AV-CPP2025/install/av_cpp2025', 'merge_install': False, 'path': '/home/avcpp/AV-CPP2025', 'symlink_install': False, 'test_result_base': None}
[0.476s] INFO:colcon.colcon_core.executor:Executing jobs using 'parallel' executor
[0.479s] DEBUG:colcon.colcon_parallel_executor.executor.parallel:run_until_complete
[0.479s] INFO:colcon.colcon_ros.task.ament_python.build:Building ROS package in '/home/avcpp/AV-CPP2025' with build type 'ament_python'
[0.479s] Level 1:colcon.colcon_core.shell:create_environment_hook('av_cpp2025', 'ament_prefix_path')
[0.483s] INFO:colcon.colcon_core.plugin_system:Skipping extension 'colcon_core.shell.bat': Not used on non-Windows systems
[0.483s] INFO:colcon.colcon_core.shell:Creating environment hook '/home/avcpp/AV-CPP2025/install/av_cpp2025/share/av_cpp2025/hook/ament_prefix_path.ps1'
[0.485s] INFO:colcon.colcon_core.shell:Creating environment descriptor '/home/avcpp/AV-CPP2025/install/av_cpp2025/share/av_cpp2025/hook/ament_prefix_path.dsv'
[0.485s] INFO:colcon.colcon_core.shell:Creating environment hook '/home/avcpp/AV-CPP2025/install/av_cpp2025/share/av_cpp2025/hook/ament_prefix_path.sh'
[0.487s] INFO:colcon.colcon_core.shell:Skip shell extension 'powershell' for command environment: Not usable outside of PowerShell
[0.487s] DEBUG:colcon.colcon_core.shell:Skip shell extension 'dsv' for command environment
[0.880s] INFO:colcon.colcon_core.task.python.build:Building Python package in '/home/avcpp/AV-CPP2025'
[0.881s] INFO:colcon.colcon_core.shell:Skip shell extension 'powershell' for command environment: Not usable outside of PowerShell
[0.882s] DEBUG:colcon.colcon_core.shell:Skip shell extension 'dsv' for command environment
[1.477s] DEBUG:colcon.colcon_core.event_handler.log_command:Invoking command in '/home/avcpp/AV-CPP2025': PYTHONPATH=/home/avcpp/AV-CPP2025/build/av_cpp2025/prefix_override:/usr/lib/python3/dist-packages/colcon_core/task/python/colcon_distutils_commands:/home/avcpp/AV-CPP2025/install/av_cpp2025/lib/python3.10/site-packages:${PYTHONPATH} VIRTUAL_ENV_PROMPT=(.venv) /usr/bin/python3 -W ignore:setup.py install is deprecated -W ignore:easy_install command is deprecated setup.py egg_info --egg-base build/av_cpp2025 build --build-base /home/avcpp/AV-CPP2025/build/av_cpp2025/build install --record /home/avcpp/AV-CPP2025/build/av_cpp2025/install.log --single-version-externally-managed install_data
[1.960s] DEBUG:colcon.colcon_core.event_handler.log_command:Invoked command in '/home/avcpp/AV-CPP2025' returned '0': PYTHONPATH=/home/avcpp/AV-CPP2025/build/av_cpp2025/prefix_override:/usr/lib/python3/dist-packages/colcon_core/task/python/colcon_distutils_commands:/home/avcpp/AV-CPP2025/install/av_cpp2025/lib/python3.10/site-packages:${PYTHONPATH} VIRTUAL_ENV_PROMPT=(.venv) /usr/bin/python3 -W ignore:setup.py install is deprecated -W ignore:easy_install command is deprecated setup.py egg_info --egg-base build/av_cpp2025 build --build-base /home/avcpp/AV-CPP2025/build/av_cpp2025/build install --record /home/avcpp/AV-CPP2025/build/av_cpp2025/install.log --single-version-externally-managed install_data
[1.977s] Level 1:colcon.colcon_core.environment:checking '/home/avcpp/AV-CPP2025/install/av_cpp2025' for CMake module files
[1.979s] Level 1:colcon.colcon_core.environment:checking '/home/avcpp/AV-CPP2025/install/av_cpp2025' for CMake config files
[1.981s] Level 1:colcon.colcon_core.environment:checking '/home/avcpp/AV-CPP2025/install/av_cpp2025/lib'
[1.982s] Level 1:colcon.colcon_core.environment:checking '/home/avcpp/AV-CPP2025/install/av_cpp2025/bin'
[1.982s] Level 1:colcon.colcon_core.shell:create_environment_hook('av_cpp2025', 'path')
[1.984s] INFO:colcon.colcon_core.shell:Creating environment hook '/home/avcpp/AV-CPP2025/install/av_cpp2025/share/av_cpp2025/hook/path.ps1'
[1.986s] INFO:colcon.colcon_core.shell:Creating environment descriptor '/home/avcpp/AV-CPP2025/install/av_cpp2025/share/av_cpp2025/hook/path.dsv'
[1.987s] INFO:colcon.colcon_core.shell:Creating environment hook '/home/avcpp/AV-CPP2025/install/av_cpp2025/share/av_cpp2025/hook/path.sh'
[1.989s] Level 1:colcon.colcon_core.environment:checking '/home/avcpp/AV-CPP2025/install/av_cpp2025/lib/pkgconfig/av_cpp2025.pc'
[1.991s] Level 1:colcon.colcon_core.environment:checking '/home/avcpp/AV-CPP2025/install/av_cpp2025/lib/python3.10/site-packages'
[1.991s] Level 1:colcon.colcon_core.shell:create_environment_hook('av_cpp2025', 'pythonpath')
[1.992s] INFO:colcon.colcon_core.shell:Creating environment hook '/home/avcpp/AV-CPP2025/install/av_cpp2025/share/av_cpp2025/hook/pythonpath.ps1'
[1.994s] INFO:colcon.colcon_core.shell:Creating environment descriptor '/home/avcpp/AV-CPP2025/install/av_cpp2025/share/av_cpp2025/hook/pythonpath.dsv'
[1.995s] INFO:colcon.colcon_core.shell:Creating environment hook '/home/avcpp/AV-CPP2025/install/av_cpp2025/share/av_cpp2025/hook/pythonpath.sh'
[1.997s] Level 1:colcon.colcon_core.environment:checking '/home/avcpp/AV-CPP2025/install/av_cpp2025/bin'
[1.998s] Level 1:colcon.colcon_core.shell:create_environment_hook('av_cpp2025', 'pythonscriptspath')
[1.999s] INFO:colcon.colcon_core.shell:Creating environment hook '/home/avcpp/AV-CPP2025/install/av_cpp2025/share/av_cpp2025/hook/pythonscriptspath.ps1'
[2.000s] INFO:colcon.colcon_core.shell:Creating environment descriptor '/home/avcpp/AV-CPP2025/install/av_cpp2025/share/av_cpp2025/hook/pythonscriptspath.dsv'
[2.001s] INFO:colcon.colcon_core.shell:Creating environment hook '/home/avcpp/AV-CPP2025/install/av_cpp2025/share/av_cpp2025/hook/pythonscriptspath.sh'
[2.003s] Level 1:colcon.colcon_core.environment:create_environment_scripts_only(av_cpp2025)
[2.005s] INFO:colcon.colcon_core.shell:Creating package script '/home/avcpp/AV-CPP2025/install/av_cpp2025/share/av_cpp2025/package.ps1'
[2.010s] INFO:colcon.colcon_core.shell:Creating package descriptor '/home/avcpp/AV-CPP2025/install/av_cpp2025/share/av_cpp2025/package.dsv'
[2.013s] INFO:colcon.colcon_core.shell:Creating package script '/home/avcpp/AV-CPP2025/install/av_cpp2025/share/av_cpp2025/package.sh'
[2.017s] INFO:colcon.colcon_core.shell:Creating package script '/home/avcpp/AV-CPP2025/install/av_cpp2025/share/av_cpp2025/package.bash'
[2.020s] INFO:colcon.colcon_core.shell:Creating package script '/home/avcpp/AV-CPP2025/install/av_cpp2025/share/av_cpp2025/package.zsh'
[2.023s] Level 1:colcon.colcon_core.environment:create_file_with_runtime_dependencies(/home/avcpp/AV-CPP2025/install/av_cpp2025/share/colcon-core/packages/av_cpp2025)
[2.025s] DEBUG:colcon.colcon_parallel_executor.executor.parallel:closing loop
[2.026s] DEBUG:colcon.colcon_parallel_executor.executor.parallel:loop closed
[2.026s] DEBUG:colcon.colcon_parallel_executor.executor.parallel:run_until_complete finished with '0'
[2.027s] DEBUG:colcon.colcon_core.event_reactor:joining thread
[2.049s] INFO:colcon.colcon_core.plugin_system:Skipping extension 'colcon_notification.desktop_notification.notify_send': Could not find 'notify-send'
[2.050s] INFO:colcon.colcon_core.plugin_system:Skipping extension 'colcon_notification.desktop_notification.terminal_notifier': Not used on non-Darwin systems
[2.050s] INFO:colcon.colcon_core.plugin_system:Skipping extension 'colcon_notification.desktop_notification.win32': Not used on non-Windows systems
[2.050s] INFO:colcon.colcon_notification.desktop_notification:Sending desktop notification using 'notify2'
[2.052s] DEBUG:colcon.colcon_notification.desktop_notification.notify2:Failed to initialize notify2: org.freedesktop.DBus.Error.ServiceUnknown: The name org.freedesktop.Notifications was not provided by any .service files
[2.052s] DEBUG:colcon.colcon_core.event_reactor:joined thread
[2.054s] INFO:colcon.colcon_core.shell:Creating prefix script '/home/avcpp/AV-CPP2025/install/local_setup.ps1'
[2.059s] INFO:colcon.colcon_core.shell:Creating prefix util module '/home/avcpp/AV-CPP2025/install/_local_setup_util_ps1.py'
[2.067s] INFO:colcon.colcon_core.shell:Creating prefix chain script '/home/avcpp/AV-CPP2025/install/setup.ps1'
[2.072s] INFO:colcon.colcon_core.shell:Creating prefix script '/home/avcpp/AV-CPP2025/install/local_setup.sh'
[2.075s] INFO:colcon.colcon_core.shell:Creating prefix util module '/home/avcpp/AV-CPP2025/install/_local_setup_util_sh.py'
[2.077s] INFO:colcon.colcon_core.shell:Creating prefix chain script '/home/avcpp/AV-CPP2025/install/setup.sh'
[2.082s] INFO:colcon.colcon_core.shell:Creating prefix script '/home/avcpp/AV-CPP2025/install/local_setup.bash'
[2.084s] INFO:colcon.colcon_core.shell:Creating prefix chain script '/home/avcpp/AV-CPP2025/install/setup.bash'
[2.088s] INFO:colcon.colcon_core.shell:Creating prefix script '/home/avcpp/AV-CPP2025/install/local_setup.zsh'
[2.089s] INFO:colcon.colcon_core.shell:Creating prefix chain script '/home/avcpp/AV-CPP2025/install/setup.zsh'
