[0.261s] DEBUG:colcon:Command line arguments: ['/usr/bin/colcon', 'build', '--symlink-install']
[0.262s] DEBUG:colcon:Parsed command line arguments: Namespace(log_base=None, log_level=None, verb_name='build', build_base='build', install_base='install', merge_install=False, symlink_install=True, test_result_base=None, continue_on_error=False, executor='parallel', parallel_workers=8, event_handlers=None, ignore_user_meta=False, metas=['./colcon.meta'], base_paths=['.'], packages_ignore=None, packages_ignore_regex=None, paths=None, packages_up_to=None, packages_up_to_regex=None, packages_above=None, packages_above_and_dependencies=None, packages_above_depth=None, packages_select_by_dep=None, packages_skip_by_dep=None, packages_skip_up_to=None, packages_select_build_failed=False, packages_skip_build_finished=False, packages_select_test_failures=False, packages_skip_test_passed=False, packages_select=None, packages_skip=None, packages_select_regex=None, packages_skip_regex=None, packages_start=None, packages_end=None, cmake_args=None, cmake_target=None, cmake_target_skip_unavailable=False, cmake_clean_cache=False, cmake_clean_first=False, cmake_force_configure=False, ament_cmake_args=None, catkin_cmake_args=None, catkin_skip_building_tests=False, mixin_files=None, mixin=None, verb_parser=<colcon_mixin.mixin.mixin_argument.MixinArgumentDecorator object at 0x7fb62c5870>, verb_extension=<colcon_core.verb.build.BuildVerb object at 0x7fb6442f20>, main=<bound method BuildVerb.main of <colcon_core.verb.build.BuildVerb object at 0x7fb6442f20>>, mixin_verb=('build',))
[0.611s] Level 1:colcon.colcon_core.package_discovery:discover_packages(colcon_meta) check parameters
[0.612s] Level 1:colcon.colcon_core.package_discovery:discover_packages(recursive) check parameters
[0.612s] Level 1:colcon.colcon_core.package_discovery:discover_packages(ignore) check parameters
[0.612s] Level 1:colcon.colcon_core.package_discovery:discover_packages(path) check parameters
[0.612s] Level 1:colcon.colcon_core.package_discovery:discover_packages(colcon_meta) discover
[0.612s] Level 1:colcon.colcon_core.package_discovery:discover_packages(recursive) discover
[0.612s] INFO:colcon.colcon_core.package_discovery:Crawling recursively for packages in '/home/avcpp/AV-CPP2025/Vehicle'
[0.612s] Level 1:colcon.colcon_core.package_identification:_identify(.) by extensions ['ignore', 'ignore_ament_install']
[0.613s] Level 1:colcon.colcon_core.package_identification:_identify(.) by extension 'ignore'
[0.613s] Level 1:colcon.colcon_core.package_identification:_identify(.) by extension 'ignore_ament_install'
[0.613s] Level 1:colcon.colcon_core.package_identification:_identify(.) by extensions ['colcon_pkg']
[0.613s] Level 1:colcon.colcon_core.package_identification:_identify(.) by extension 'colcon_pkg'
[0.613s] Level 1:colcon.colcon_core.package_identification:_identify(.) by extensions ['colcon_meta']
[0.613s] Level 1:colcon.colcon_core.package_identification:_identify(.) by extension 'colcon_meta'
[0.613s] Level 1:colcon.colcon_core.package_identification:_identify(.) by extensions ['ros']
[0.613s] Level 1:colcon.colcon_core.package_identification:_identify(.) by extension 'ros'
[0.641s] Level 1:colcon.colcon_core.package_identification:_identify(.) by extensions ['cmake', 'python']
[0.641s] Level 1:colcon.colcon_core.package_identification:_identify(.) by extension 'cmake'
[0.642s] Level 1:colcon.colcon_core.package_identification:_identify(.) by extension 'python'
[0.642s] Level 1:colcon.colcon_core.package_identification:_identify(.) by extensions ['python_setup_py']
[0.642s] Level 1:colcon.colcon_core.package_identification:_identify(.) by extension 'python_setup_py'
[0.642s] Level 1:colcon.colcon_core.package_identification:_identify(build) by extensions ['ignore', 'ignore_ament_install']
[0.642s] Level 1:colcon.colcon_core.package_identification:_identify(build) by extension 'ignore'
[0.642s] Level 1:colcon.colcon_core.package_identification:_identify(build) ignored
[0.642s] Level 1:colcon.colcon_core.package_identification:_identify(install) by extensions ['ignore', 'ignore_ament_install']
[0.643s] Level 1:colcon.colcon_core.package_identification:_identify(install) by extension 'ignore'
[0.643s] Level 1:colcon.colcon_core.package_identification:_identify(install) ignored
[0.643s] Level 1:colcon.colcon_core.package_identification:_identify(log) by extensions ['ignore', 'ignore_ament_install']
[0.643s] Level 1:colcon.colcon_core.package_identification:_identify(log) by extension 'ignore'
[0.643s] Level 1:colcon.colcon_core.package_identification:_identify(log) ignored
[0.643s] Level 1:colcon.colcon_core.package_identification:_identify(src) by extensions ['ignore', 'ignore_ament_install']
[0.643s] Level 1:colcon.colcon_core.package_identification:_identify(src) by extension 'ignore'
[0.643s] Level 1:colcon.colcon_core.package_identification:_identify(src) by extension 'ignore_ament_install'
[0.643s] Level 1:colcon.colcon_core.package_identification:_identify(src) by extensions ['colcon_pkg']
[0.643s] Level 1:colcon.colcon_core.package_identification:_identify(src) by extension 'colcon_pkg'
[0.643s] Level 1:colcon.colcon_core.package_identification:_identify(src) by extensions ['colcon_meta']
[0.643s] Level 1:colcon.colcon_core.package_identification:_identify(src) by extension 'colcon_meta'
[0.643s] Level 1:colcon.colcon_core.package_identification:_identify(src) by extensions ['ros']
[0.643s] Level 1:colcon.colcon_core.package_identification:_identify(src) by extension 'ros'
[0.644s] Level 1:colcon.colcon_core.package_identification:_identify(src) by extensions ['cmake', 'python']
[0.644s] Level 1:colcon.colcon_core.package_identification:_identify(src) by extension 'cmake'
[0.644s] Level 1:colcon.colcon_core.package_identification:_identify(src) by extension 'python'
[0.644s] Level 1:colcon.colcon_core.package_identification:_identify(src) by extensions ['python_setup_py']
[0.644s] Level 1:colcon.colcon_core.package_identification:_identify(src) by extension 'python_setup_py'
[0.644s] Level 1:colcon.colcon_core.package_identification:_identify(src/vehicle_core) by extensions ['ignore', 'ignore_ament_install']
[0.644s] Level 1:colcon.colcon_core.package_identification:_identify(src/vehicle_core) by extension 'ignore'
[0.644s] Level 1:colcon.colcon_core.package_identification:_identify(src/vehicle_core) by extension 'ignore_ament_install'
[0.644s] Level 1:colcon.colcon_core.package_identification:_identify(src/vehicle_core) by extensions ['colcon_pkg']
[0.644s] Level 1:colcon.colcon_core.package_identification:_identify(src/vehicle_core) by extension 'colcon_pkg'
[0.644s] Level 1:colcon.colcon_core.package_identification:_identify(src/vehicle_core) by extensions ['colcon_meta']
[0.644s] Level 1:colcon.colcon_core.package_identification:_identify(src/vehicle_core) by extension 'colcon_meta'
[0.644s] Level 1:colcon.colcon_core.package_identification:_identify(src/vehicle_core) by extensions ['ros']
[0.644s] Level 1:colcon.colcon_core.package_identification:_identify(src/vehicle_core) by extension 'ros'
[0.651s] DEBUG:colcon.colcon_core.package_identification:Package 'src/vehicle_core' with type 'ros.ament_cmake' and name 'vehicle_core'
[0.651s] Level 1:colcon.colcon_core.package_discovery:discover_packages(recursive) using defaults
[0.651s] Level 1:colcon.colcon_core.package_discovery:discover_packages(ignore) discover
[0.652s] Level 1:colcon.colcon_core.package_discovery:discover_packages(ignore) using defaults
[0.652s] Level 1:colcon.colcon_core.package_discovery:discover_packages(path) discover
[0.652s] Level 1:colcon.colcon_core.package_discovery:discover_packages(path) using defaults
[0.690s] Level 5:colcon.colcon_core.verb:set package 'vehicle_core' build argument 'cmake_args' from command line to 'None'
[0.690s] Level 5:colcon.colcon_core.verb:set package 'vehicle_core' build argument 'cmake_target' from command line to 'None'
[0.690s] Level 5:colcon.colcon_core.verb:set package 'vehicle_core' build argument 'cmake_target_skip_unavailable' from command line to 'False'
[0.691s] Level 5:colcon.colcon_core.verb:set package 'vehicle_core' build argument 'cmake_clean_cache' from command line to 'False'
[0.691s] Level 5:colcon.colcon_core.verb:set package 'vehicle_core' build argument 'cmake_clean_first' from command line to 'False'
[0.691s] Level 5:colcon.colcon_core.verb:set package 'vehicle_core' build argument 'cmake_force_configure' from command line to 'False'
[0.691s] Level 5:colcon.colcon_core.verb:set package 'vehicle_core' build argument 'ament_cmake_args' from command line to 'None'
[0.691s] Level 5:colcon.colcon_core.verb:set package 'vehicle_core' build argument 'catkin_cmake_args' from command line to 'None'
[0.691s] Level 5:colcon.colcon_core.verb:set package 'vehicle_core' build argument 'catkin_skip_building_tests' from command line to 'False'
[0.691s] DEBUG:colcon.colcon_core.verb:Building package 'vehicle_core' with the following arguments: {'ament_cmake_args': None, 'build_base': '/home/avcpp/AV-CPP2025/Vehicle/build/vehicle_core', 'catkin_cmake_args': None, 'catkin_skip_building_tests': False, 'cmake_args': None, 'cmake_clean_cache': False, 'cmake_clean_first': False, 'cmake_force_configure': False, 'cmake_target': None, 'cmake_target_skip_unavailable': False, 'install_base': '/home/avcpp/AV-CPP2025/Vehicle/install/vehicle_core', 'merge_install': False, 'path': '/home/avcpp/AV-CPP2025/Vehicle/src/vehicle_core', 'symlink_install': True, 'test_result_base': None}
[0.691s] INFO:colcon.colcon_core.executor:Executing jobs using 'parallel' executor
[0.697s] DEBUG:colcon.colcon_parallel_executor.executor.parallel:run_until_complete
[0.698s] INFO:colcon.colcon_ros.task.ament_cmake.build:Building ROS package in '/home/avcpp/AV-CPP2025/Vehicle/src/vehicle_core' with build type 'ament_cmake'
[0.698s] INFO:colcon.colcon_cmake.task.cmake.build:Building CMake package in '/home/avcpp/AV-CPP2025/Vehicle/src/vehicle_core'
[0.705s] INFO:colcon.colcon_core.plugin_system:Skipping extension 'colcon_core.shell.bat': Not used on non-Windows systems
[0.705s] INFO:colcon.colcon_core.shell:Skip shell extension 'powershell' for command environment: Not usable outside of PowerShell
[0.705s] DEBUG:colcon.colcon_core.shell:Skip shell extension 'dsv' for command environment
[0.773s] DEBUG:colcon.colcon_core.event_handler.log_command:Invoking command in '/home/avcpp/AV-CPP2025/Vehicle/build/vehicle_core': CMAKE_PREFIX_PATH=${CMAKE_PREFIX_PATH}:/opt/ros/humble /usr/bin/cmake --build /home/avcpp/AV-CPP2025/Vehicle/build/vehicle_core -- -j8 -l8
[35.501s] DEBUG:colcon.colcon_core.event_handler.log_command:Invoked command in '/home/avcpp/AV-CPP2025/Vehicle/build/vehicle_core' returned '0': CMAKE_PREFIX_PATH=${CMAKE_PREFIX_PATH}:/opt/ros/humble /usr/bin/cmake --build /home/avcpp/AV-CPP2025/Vehicle/build/vehicle_core -- -j8 -l8
[35.535s] DEBUG:colcon.colcon_core.event_handler.log_command:Invoking command in '/home/avcpp/AV-CPP2025/Vehicle/build/vehicle_core': CMAKE_PREFIX_PATH=${CMAKE_PREFIX_PATH}:/opt/ros/humble /usr/bin/cmake --install /home/avcpp/AV-CPP2025/Vehicle/build/vehicle_core
[35.736s] Level 1:colcon.colcon_core.environment:create_environment_scripts_only(vehicle_core)
[35.739s] DEBUG:colcon.colcon_core.event_handler.log_command:Invoked command in '/home/avcpp/AV-CPP2025/Vehicle/build/vehicle_core' returned '0': CMAKE_PREFIX_PATH=${CMAKE_PREFIX_PATH}:/opt/ros/humble /usr/bin/cmake --install /home/avcpp/AV-CPP2025/Vehicle/build/vehicle_core
[35.753s] Level 1:colcon.colcon_core.environment:checking '/home/avcpp/AV-CPP2025/Vehicle/install/vehicle_core' for CMake module files
[35.756s] Level 1:colcon.colcon_core.environment:checking '/home/avcpp/AV-CPP2025/Vehicle/install/vehicle_core' for CMake config files
[35.761s] Level 1:colcon.colcon_core.shell:create_environment_hook('vehicle_core', 'cmake_prefix_path')
[35.762s] INFO:colcon.colcon_core.shell:Creating environment hook '/home/avcpp/AV-CPP2025/Vehicle/install/vehicle_core/share/vehicle_core/hook/cmake_prefix_path.ps1'
[35.765s] INFO:colcon.colcon_core.shell:Creating environment descriptor '/home/avcpp/AV-CPP2025/Vehicle/install/vehicle_core/share/vehicle_core/hook/cmake_prefix_path.dsv'
[35.767s] INFO:colcon.colcon_core.shell:Creating environment hook '/home/avcpp/AV-CPP2025/Vehicle/install/vehicle_core/share/vehicle_core/hook/cmake_prefix_path.sh'
[35.770s] Level 1:colcon.colcon_core.environment:checking '/home/avcpp/AV-CPP2025/Vehicle/install/vehicle_core/lib'
[35.770s] Level 1:colcon.colcon_core.shell:create_environment_hook('vehicle_core', 'ld_library_path_lib')
[35.770s] INFO:colcon.colcon_core.shell:Creating environment hook '/home/avcpp/AV-CPP2025/Vehicle/install/vehicle_core/share/vehicle_core/hook/ld_library_path_lib.ps1'
[35.771s] INFO:colcon.colcon_core.shell:Creating environment descriptor '/home/avcpp/AV-CPP2025/Vehicle/install/vehicle_core/share/vehicle_core/hook/ld_library_path_lib.dsv'
[35.771s] INFO:colcon.colcon_core.shell:Creating environment hook '/home/avcpp/AV-CPP2025/Vehicle/install/vehicle_core/share/vehicle_core/hook/ld_library_path_lib.sh'
[35.772s] Level 1:colcon.colcon_core.environment:checking '/home/avcpp/AV-CPP2025/Vehicle/install/vehicle_core/bin'
[35.772s] Level 1:colcon.colcon_core.environment:checking '/home/avcpp/AV-CPP2025/Vehicle/install/vehicle_core/lib/pkgconfig/vehicle_core.pc'
[35.775s] Level 1:colcon.colcon_core.environment:checking '/home/avcpp/AV-CPP2025/Vehicle/install/vehicle_core/lib/python3.10/site-packages'
[35.776s] Level 1:colcon.colcon_core.environment:checking '/home/avcpp/AV-CPP2025/Vehicle/install/vehicle_core/bin'
[35.776s] INFO:colcon.colcon_core.shell:Creating package script '/home/avcpp/AV-CPP2025/Vehicle/install/vehicle_core/share/vehicle_core/package.ps1'
[35.778s] INFO:colcon.colcon_core.shell:Creating package descriptor '/home/avcpp/AV-CPP2025/Vehicle/install/vehicle_core/share/vehicle_core/package.dsv'
[35.779s] INFO:colcon.colcon_core.shell:Creating package script '/home/avcpp/AV-CPP2025/Vehicle/install/vehicle_core/share/vehicle_core/package.sh'
[35.781s] INFO:colcon.colcon_core.shell:Creating package script '/home/avcpp/AV-CPP2025/Vehicle/install/vehicle_core/share/vehicle_core/package.bash'
[35.782s] INFO:colcon.colcon_core.shell:Creating package script '/home/avcpp/AV-CPP2025/Vehicle/install/vehicle_core/share/vehicle_core/package.zsh'
[35.783s] Level 1:colcon.colcon_core.environment:create_file_with_runtime_dependencies(/home/avcpp/AV-CPP2025/Vehicle/install/vehicle_core/share/colcon-core/packages/vehicle_core)
[35.785s] Level 1:colcon.colcon_core.environment:create_environment_scripts_only(vehicle_core)
[35.785s] Level 1:colcon.colcon_core.environment:checking '/home/avcpp/AV-CPP2025/Vehicle/install/vehicle_core' for CMake module files
[35.786s] Level 1:colcon.colcon_core.environment:checking '/home/avcpp/AV-CPP2025/Vehicle/install/vehicle_core' for CMake config files
[35.788s] Level 1:colcon.colcon_core.shell:create_environment_hook('vehicle_core', 'cmake_prefix_path')
[35.788s] INFO:colcon.colcon_core.shell:Creating environment hook '/home/avcpp/AV-CPP2025/Vehicle/install/vehicle_core/share/vehicle_core/hook/cmake_prefix_path.ps1'
[35.789s] INFO:colcon.colcon_core.shell:Creating environment descriptor '/home/avcpp/AV-CPP2025/Vehicle/install/vehicle_core/share/vehicle_core/hook/cmake_prefix_path.dsv'
[35.789s] INFO:colcon.colcon_core.shell:Creating environment hook '/home/avcpp/AV-CPP2025/Vehicle/install/vehicle_core/share/vehicle_core/hook/cmake_prefix_path.sh'
[35.790s] Level 1:colcon.colcon_core.environment:checking '/home/avcpp/AV-CPP2025/Vehicle/install/vehicle_core/lib'
[35.790s] Level 1:colcon.colcon_core.shell:create_environment_hook('vehicle_core', 'ld_library_path_lib')
[35.790s] INFO:colcon.colcon_core.shell:Creating environment hook '/home/avcpp/AV-CPP2025/Vehicle/install/vehicle_core/share/vehicle_core/hook/ld_library_path_lib.ps1'
[35.790s] INFO:colcon.colcon_core.shell:Creating environment descriptor '/home/avcpp/AV-CPP2025/Vehicle/install/vehicle_core/share/vehicle_core/hook/ld_library_path_lib.dsv'
[35.791s] INFO:colcon.colcon_core.shell:Creating environment hook '/home/avcpp/AV-CPP2025/Vehicle/install/vehicle_core/share/vehicle_core/hook/ld_library_path_lib.sh'
[35.791s] Level 1:colcon.colcon_core.environment:checking '/home/avcpp/AV-CPP2025/Vehicle/install/vehicle_core/bin'
[35.791s] Level 1:colcon.colcon_core.environment:checking '/home/avcpp/AV-CPP2025/Vehicle/install/vehicle_core/lib/pkgconfig/vehicle_core.pc'
[35.792s] Level 1:colcon.colcon_core.environment:checking '/home/avcpp/AV-CPP2025/Vehicle/install/vehicle_core/lib/python3.10/site-packages'
[35.792s] Level 1:colcon.colcon_core.environment:checking '/home/avcpp/AV-CPP2025/Vehicle/install/vehicle_core/bin'
[35.793s] INFO:colcon.colcon_core.shell:Creating package script '/home/avcpp/AV-CPP2025/Vehicle/install/vehicle_core/share/vehicle_core/package.ps1'
[35.793s] INFO:colcon.colcon_core.shell:Creating package descriptor '/home/avcpp/AV-CPP2025/Vehicle/install/vehicle_core/share/vehicle_core/package.dsv'
[35.794s] INFO:colcon.colcon_core.shell:Creating package script '/home/avcpp/AV-CPP2025/Vehicle/install/vehicle_core/share/vehicle_core/package.sh'
[35.795s] INFO:colcon.colcon_core.shell:Creating package script '/home/avcpp/AV-CPP2025/Vehicle/install/vehicle_core/share/vehicle_core/package.bash'
[35.795s] INFO:colcon.colcon_core.shell:Creating package script '/home/avcpp/AV-CPP2025/Vehicle/install/vehicle_core/share/vehicle_core/package.zsh'
[35.795s] Level 1:colcon.colcon_core.environment:create_file_with_runtime_dependencies(/home/avcpp/AV-CPP2025/Vehicle/install/vehicle_core/share/colcon-core/packages/vehicle_core)
[35.796s] DEBUG:colcon.colcon_parallel_executor.executor.parallel:closing loop
[35.796s] DEBUG:colcon.colcon_parallel_executor.executor.parallel:loop closed
[35.796s] DEBUG:colcon.colcon_parallel_executor.executor.parallel:run_until_complete finished with '0'
[35.797s] DEBUG:colcon.colcon_core.event_reactor:joining thread
[35.813s] INFO:colcon.colcon_core.plugin_system:Skipping extension 'colcon_notification.desktop_notification.notify_send': Could not find 'notify-send'
[35.813s] INFO:colcon.colcon_core.plugin_system:Skipping extension 'colcon_notification.desktop_notification.terminal_notifier': Not used on non-Darwin systems
[35.813s] INFO:colcon.colcon_core.plugin_system:Skipping extension 'colcon_notification.desktop_notification.win32': Not used on non-Windows systems
[35.813s] INFO:colcon.colcon_notification.desktop_notification:Sending desktop notification using 'notify2'
[35.875s] DEBUG:colcon.colcon_notification.desktop_notification.notify2:Failed to initialize notify2: org.freedesktop.DBus.Error.ServiceUnknown: The name org.freedesktop.Notifications was not provided by any .service files
[35.876s] DEBUG:colcon.colcon_core.event_reactor:joined thread
[35.877s] INFO:colcon.colcon_core.shell:Creating prefix script '/home/avcpp/AV-CPP2025/Vehicle/install/local_setup.ps1'
[35.881s] INFO:colcon.colcon_core.shell:Creating prefix util module '/home/avcpp/AV-CPP2025/Vehicle/install/_local_setup_util_ps1.py'
[35.888s] INFO:colcon.colcon_core.shell:Creating prefix chain script '/home/avcpp/AV-CPP2025/Vehicle/install/setup.ps1'
[35.892s] INFO:colcon.colcon_core.shell:Creating prefix script '/home/avcpp/AV-CPP2025/Vehicle/install/local_setup.sh'
[35.895s] INFO:colcon.colcon_core.shell:Creating prefix util module '/home/avcpp/AV-CPP2025/Vehicle/install/_local_setup_util_sh.py'
[35.897s] INFO:colcon.colcon_core.shell:Creating prefix chain script '/home/avcpp/AV-CPP2025/Vehicle/install/setup.sh'
[35.898s] INFO:colcon.colcon_core.shell:Creating prefix script '/home/avcpp/AV-CPP2025/Vehicle/install/local_setup.bash'
[35.899s] INFO:colcon.colcon_core.shell:Creating prefix chain script '/home/avcpp/AV-CPP2025/Vehicle/install/setup.bash'
[35.901s] INFO:colcon.colcon_core.shell:Creating prefix script '/home/avcpp/AV-CPP2025/Vehicle/install/local_setup.zsh'
[35.902s] INFO:colcon.colcon_core.shell:Creating prefix chain script '/home/avcpp/AV-CPP2025/Vehicle/install/setup.zsh'
