[01m[K/home/avcpp/AV-CPP2025/Vehicle/src/vehicle_core/src/drive_arbiter.cpp:[m[K In lambda function:
[01m[K/home/avcpp/AV-CPP2025/Vehicle/src/vehicle_core/src/drive_arbiter.cpp:56:15:[m[K [01;31m[Kerror: [m[K‘[01m[Kclass vehicle_core::DriveArbiterNode[m[K’ has no member named ‘[01m[KonObstacleDistance[m[K’; did you mean ‘[01m[KonObstacleDetected[m[K’?
   56 |         this->[01;31m[KonObstacleDistance[m[K(msg);
      |               [01;31m[K^~~~~~~~~~~~~~~~~~[m[K
      |               [32m[KonObstacleDetected[m[K
[01m[K/home/avcpp/AV-CPP2025/Vehicle/src/vehicle_core/src/drive_arbiter.cpp:[m[K At global scope:
[01m[K/home/avcpp/AV-CPP2025/Vehicle/src/vehicle_core/src/drive_arbiter.cpp:179:6:[m[K [01;31m[Kerror: [m[Kno declaration matches ‘[01m[Kvoid vehicle_core::DriveArbiterNode::onObstacleDistance(std_msgs::msg::Float32_<std::allocator<void> >::SharedPtr)[m[K’
  179 | void [01;31m[KDriveArbiterNode[m[K::onObstacleDistance(const std_msgs::msg::Float32::SharedPtr msg) {
      |      [01;31m[K^~~~~~~~~~~~~~~~[m[K
[01m[K/home/avcpp/AV-CPP2025/Vehicle/src/vehicle_core/src/drive_arbiter.cpp:179:6:[m[K [01;36m[Knote: [m[Kno functions named ‘[01m[Kvoid vehicle_core::DriveArbiterNode::onObstacleDistance(std_msgs::msg::Float32_<std::allocator<void> >::SharedPtr)[m[K’
In file included from [01m[K/home/avcpp/AV-CPP2025/Vehicle/src/vehicle_core/src/drive_arbiter.cpp:1[m[K:
[01m[K/home/avcpp/AV-CPP2025/Vehicle/src/vehicle_core/include/vehicle_core/drive_arbiter_node.hpp:28:7:[m[K [01;36m[Knote: [m[K‘[01m[Kclass vehicle_core::DriveArbiterNode[m[K’ defined here
   28 | class [01;36m[KDriveArbiterNode[m[K final : public rclcpp::Node {
      |       [01;36m[K^~~~~~~~~~~~~~~~[m[K
[01m[K/home/avcpp/AV-CPP2025/Vehicle/src/vehicle_core/src/drive_arbiter.cpp:[m[K In member function ‘[01m[Kvoid vehicle_core::DriveArbiterNode::maybePublish()[m[K’:
[01m[K/home/avcpp/AV-CPP2025/Vehicle/src/vehicle_core/src/drive_arbiter.cpp:331:9:[m[K [01;31m[Kerror: [m[K‘[01m[Kclosest_object_distance_[m[K’ was not declared in this scope; did you mean ‘[01m[Kclosest_object_distance[m[K’?
  331 |     if ([01;31m[Kclosest_object_distance_[m[K <= warning_zone_ && out.target_speed_mmps > 0) {
      |         [01;31m[K^~~~~~~~~~~~~~~~~~~~~~~~[m[K
      |         [32m[Kclosest_object_distance[m[K
[01m[K/home/avcpp/AV-CPP2025/Vehicle/src/vehicle_core/src/drive_arbiter.cpp:355:9:[m[K [01;31m[Kerror: [m[K‘[01m[Kclosest_object_distance_[m[K’ was not declared in this scope; did you mean ‘[01m[Kclosest_object_distance[m[K’?
  355 |     if ([01;31m[Kclosest_object_distance_[m[K <= warning_zone_ && out.target_speed_mmps > 0) {
      |         [01;31m[K^~~~~~~~~~~~~~~~~~~~~~~~[m[K
      |         [32m[Kclosest_object_distance[m[K
gmake[2]: *** [CMakeFiles/drive_arbiter_node_component.dir/build.make:76: CMakeFiles/drive_arbiter_node_component.dir/src/drive_arbiter.cpp.o] Error 1
gmake[1]: *** [CMakeFiles/Makefile2:666: CMakeFiles/drive_arbiter_node_component.dir/all] Error 2
gmake: *** [Makefile:146: all] Error 2
