[  1%] Built target vehicle_core_container
[ 12%] Built target vehicle_core__rosidl_generator_c
[ 12%] Built target vehicle_core__cpp
[ 12%] Built target ament_cmake_python_symlink_vehicle_core
[ 22%] Built target vehicle_core__rosidl_typesupport_fastrtps_cpp
[ 33%] Built target vehicle_core__rosidl_typesupport_introspection_c
[ 43%] Built target vehicle_core__rosidl_typesupport_cpp
[ 54%] Built target vehicle_core__rosidl_typesupport_fastrtps_c
[ 65%] Built target vehicle_core__rosidl_typesupport_c
[ 76%] Built target vehicle_core__rosidl_typesupport_introspection_cpp
[ 76%] Built target vehicle_core
[35m[1mConsolidate compiler generated dependencies of target drive_arbiter_node_component[0m
[ 80%] Built target i2c_bridge_node
[ 81%] Built target tcp_server_node_component
[ 82%] [32mBuilding CXX object CMakeFiles/drive_arbiter_node_component.dir/src/drive_arbiter.cpp.o[0m
[ 82%] Built target vehicle_core__py
[ 84%] Built target state_manager_node_component
[ 84%] Built target gt_u7_gps_node_component
[ 85%] Built target heading_calibrator_node_component
[ 95%] Built target vehicle_core__rosidl_generator_py
[ 96%] Built target gst_camera_component
[ 97%] Built target autopilot_node_component
running egg_info
[ 98%] Built target vehicle_core__rosidl_typesupport_c__pyext
writing vehicle_core.egg-info/PKG-INFO
writing dependency_links to vehicle_core.egg-info/dependency_links.txt
writing top-level names to vehicle_core.egg-info/top_level.txt
reading manifest file 'vehicle_core.egg-info/SOURCES.txt'
writing manifest file 'vehicle_core.egg-info/SOURCES.txt'
[ 99%] Built target vehicle_core__rosidl_typesupport_introspection_c__pyext
[100%] Built target vehicle_core__rosidl_typesupport_fastrtps_c__pyext
[100%] Built target ament_cmake_python_build_vehicle_core_egg
[01m[K/home/avcpp/AV-CPP2025/Vehicle/src/vehicle_core/src/drive_arbiter.cpp:[m[K In lambda function:
[01m[K/home/avcpp/AV-CPP2025/Vehicle/src/vehicle_core/src/drive_arbiter.cpp:56:15:[m[K [01;31m[Kerror: [m[K‘[01m[Kclass vehicle_core::DriveArbiterNode[m[K’ has no member named ‘[01m[KonObstacleDistance[m[K’; did you mean ‘[01m[KonObstacleDetected[m[K’?
   56 |         this->[01;31m[KonObstacleDistance[m[K(msg);
      |               [01;31m[K^~~~~~~~~~~~~~~~~~[m[K
      |               [32m[KonObstacleDetected[m[K
[01m[K/home/avcpp/AV-CPP2025/Vehicle/src/vehicle_core/src/drive_arbiter.cpp:[m[K At global scope:
[01m[K/home/avcpp/AV-CPP2025/Vehicle/src/vehicle_core/src/drive_arbiter.cpp:179:6:[m[K [01;31m[Kerror: [m[Kno declaration matches ‘[01m[Kvoid vehicle_core::DriveArbiterNode::onObstacleDistance(std_msgs::msg::Float32_<std::allocator<void> >::SharedPtr)[m[K’
  179 | void [01;31m[KDriveArbiterNode[m[K::onObstacleDistance(const std_msgs::msg::Float32::SharedPtr msg) {
      |      [01;31m[K^~~~~~~~~~~~~~~~[m[K
[01m[K/home/avcpp/AV-CPP2025/Vehicle/src/vehicle_core/src/drive_arbiter.cpp:179:6:[m[K [01;36m[Knote: [m[Kno functions named ‘[01m[Kvoid vehicle_core::DriveArbiterNode::onObstacleDistance(std_msgs::msg::Float32_<std::allocator<void> >::SharedPtr)[m[K’
In file included from [01m[K/home/avcpp/AV-CPP2025/Vehicle/src/vehicle_core/src/drive_arbiter.cpp:1[m[K:
[01m[K/home/avcpp/AV-CPP2025/Vehicle/src/vehicle_core/include/vehicle_core/drive_arbiter_node.hpp:28:7:[m[K [01;36m[Knote: [m[K‘[01m[Kclass vehicle_core::DriveArbiterNode[m[K’ defined here
   28 | class [01;36m[KDriveArbiterNode[m[K final : public rclcpp::Node {
      |       [01;36m[K^~~~~~~~~~~~~~~~[m[K
[01m[K/home/avcpp/AV-CPP2025/Vehicle/src/vehicle_core/src/drive_arbiter.cpp:[m[K In member function ‘[01m[Kvoid vehicle_core::DriveArbiterNode::maybePublish()[m[K’:
[01m[K/home/avcpp/AV-CPP2025/Vehicle/src/vehicle_core/src/drive_arbiter.cpp:331:9:[m[K [01;31m[Kerror: [m[K‘[01m[Kclosest_object_distance_[m[K’ was not declared in this scope; did you mean ‘[01m[Kclosest_object_distance[m[K’?
  331 |     if ([01;31m[Kclosest_object_distance_[m[K <= warning_zone_ && out.target_speed_mmps > 0) {
      |         [01;31m[K^~~~~~~~~~~~~~~~~~~~~~~~[m[K
      |         [32m[Kclosest_object_distance[m[K
[01m[K/home/avcpp/AV-CPP2025/Vehicle/src/vehicle_core/src/drive_arbiter.cpp:355:9:[m[K [01;31m[Kerror: [m[K‘[01m[Kclosest_object_distance_[m[K’ was not declared in this scope; did you mean ‘[01m[Kclosest_object_distance[m[K’?
  355 |     if ([01;31m[Kclosest_object_distance_[m[K <= warning_zone_ && out.target_speed_mmps > 0) {
      |         [01;31m[K^~~~~~~~~~~~~~~~~~~~~~~~[m[K
      |         [32m[Kclosest_object_distance[m[K
gmake[2]: *** [CMakeFiles/drive_arbiter_node_component.dir/build.make:76: CMakeFiles/drive_arbiter_node_component.dir/src/drive_arbiter.cpp.o] Error 1
gmake[1]: *** [CMakeFiles/Makefile2:666: CMakeFiles/drive_arbiter_node_component.dir/all] Error 2
gmake: *** [Makefile:146: all] Error 2
