[  1%] Built target vehicle_core_container
[ 12%] Built target vehicle_core__rosidl_generator_c
[ 12%] Built target vehicle_core__cpp
[ 12%] Built target ament_cmake_python_symlink_vehicle_core
[ 22%] Built target vehicle_core__rosidl_typesupport_fastrtps_cpp
[ 33%] Built target vehicle_core__rosidl_typesupport_introspection_c
[ 43%] Built target vehicle_core__rosidl_typesupport_cpp
[ 54%] Built target vehicle_core__rosidl_typesupport_fastrtps_c
[ 65%] Built target vehicle_core__rosidl_typesupport_c
[ 76%] Built target vehicle_core__rosidl_typesupport_introspection_cpp
[ 76%] Built target vehicle_core
[35m[1mConsolidate compiler generated dependencies of target drive_arbiter_node_component[0m
[ 80%] Built target i2c_bridge_node
[ 81%] Built target tcp_server_node_component
[ 82%] [32mBuilding CXX object CMakeFiles/drive_arbiter_node_component.dir/src/drive_arbiter.cpp.o[0m
[ 82%] Built target vehicle_core__py
[ 84%] Built target state_manager_node_component
[ 84%] Built target gt_u7_gps_node_component
[ 85%] Built target heading_calibrator_node_component
[ 95%] Built target vehicle_core__rosidl_generator_py
[ 96%] Built target gst_camera_component
[ 97%] Built target autopilot_node_component
running egg_info
[ 98%] Built target vehicle_core__rosidl_typesupport_c__pyext
writing vehicle_core.egg-info/PKG-INFO
writing dependency_links to vehicle_core.egg-info/dependency_links.txt
writing top-level names to vehicle_core.egg-info/top_level.txt
reading manifest file 'vehicle_core.egg-info/SOURCES.txt'
writing manifest file 'vehicle_core.egg-info/SOURCES.txt'
[ 99%] Built target vehicle_core__rosidl_typesupport_introspection_c__pyext
[100%] Built target vehicle_core__rosidl_typesupport_fastrtps_c__pyext
[100%] Built target ament_cmake_python_build_vehicle_core_egg
