[0.025s] Invoking command in '/home/avcpp/AV-CPP2025/Vehicle/build/vehicle_core': CMAKE_PREFIX_PATH=${CMAKE_PREFIX_PATH}:/opt/ros/humble /usr/bin/cmake --build /home/avcpp/AV-CPP2025/Vehicle/build/vehicle_core -- -j8 -l8
[0.235s] [  1%] Built target vehicle_core_container
[0.241s] [ 12%] Built target vehicle_core__rosidl_generator_c
[0.246s] [ 12%] Built target vehicle_core__cpp
[0.247s] [ 12%] Built target ament_cmake_python_symlink_vehicle_core
[0.298s] [ 22%] Built target vehicle_core__rosidl_typesupport_fastrtps_cpp
[0.302s] [ 33%] Built target vehicle_core__rosidl_typesupport_introspection_c
[0.310s] [ 43%] Built target vehicle_core__rosidl_typesupport_cpp
[0.318s] [ 54%] Built target vehicle_core__rosidl_typesupport_fastrtps_c
[0.323s] [ 65%] Built target vehicle_core__rosidl_typesupport_c
[0.325s] [ 76%] Built target vehicle_core__rosidl_typesupport_introspection_cpp
[0.374s] [ 76%] Built target vehicle_core
[0.413s] [35m[1mConsolidate compiler generated dependencies of target drive_arbiter_node_component[0m
[0.437s] [ 80%] Built target i2c_bridge_node
[0.441s] [ 81%] Built target tcp_server_node_component
[0.443s] [ 82%] [32mBuilding CXX object CMakeFiles/drive_arbiter_node_component.dir/src/drive_arbiter.cpp.o[0m
[0.453s] [ 82%] Built target vehicle_core__py
[0.456s] [ 84%] Built target state_manager_node_component
[0.457s] [ 84%] Built target gt_u7_gps_node_component
[0.471s] [ 85%] Built target heading_calibrator_node_component
[0.514s] [ 95%] Built target vehicle_core__rosidl_generator_py
[0.520s] [ 96%] Built target gst_camera_component
[0.532s] [ 97%] Built target autopilot_node_component
[0.555s] running egg_info
[0.556s] [ 98%] Built target vehicle_core__rosidl_typesupport_c__pyext
[0.556s] writing vehicle_core.egg-info/PKG-INFO
[0.557s] writing dependency_links to vehicle_core.egg-info/dependency_links.txt
[0.557s] writing top-level names to vehicle_core.egg-info/top_level.txt
[0.560s] reading manifest file 'vehicle_core.egg-info/SOURCES.txt'
[0.562s] writing manifest file 'vehicle_core.egg-info/SOURCES.txt'
[0.567s] [ 99%] Built target vehicle_core__rosidl_typesupport_introspection_c__pyext
[0.583s] [100%] Built target vehicle_core__rosidl_typesupport_fastrtps_c__pyext
[0.644s] [100%] Built target ament_cmake_python_build_vehicle_core_egg
[5.290s] [01m[K/home/avcpp/AV-CPP2025/Vehicle/src/vehicle_core/src/drive_arbiter.cpp:[m[K In lambda function:
[5.290s] [01m[K/home/avcpp/AV-CPP2025/Vehicle/src/vehicle_core/src/drive_arbiter.cpp:56:15:[m[K [01;31m[Kerror: [m[K‘[01m[Kclass vehicle_core::DriveArbiterNode[m[K’ has no member named ‘[01m[KonObstacleDistance[m[K’; did you mean ‘[01m[KonObstacleDetected[m[K’?
[5.291s]    56 |         this->[01;31m[KonObstacleDistance[m[K(msg);
[5.291s]       |               [01;31m[K^~~~~~~~~~~~~~~~~~[m[K
[5.291s]       |               [32m[KonObstacleDetected[m[K
[5.330s] [01m[K/home/avcpp/AV-CPP2025/Vehicle/src/vehicle_core/src/drive_arbiter.cpp:[m[K At global scope:
[5.331s] [01m[K/home/avcpp/AV-CPP2025/Vehicle/src/vehicle_core/src/drive_arbiter.cpp:179:6:[m[K [01;31m[Kerror: [m[Kno declaration matches ‘[01m[Kvoid vehicle_core::DriveArbiterNode::onObstacleDistance(std_msgs::msg::Float32_<std::allocator<void> >::SharedPtr)[m[K’
[5.331s]   179 | void [01;31m[KDriveArbiterNode[m[K::onObstacleDistance(const std_msgs::msg::Float32::SharedPtr msg) {
[5.332s]       |      [01;31m[K^~~~~~~~~~~~~~~~[m[K
[5.332s] [01m[K/home/avcpp/AV-CPP2025/Vehicle/src/vehicle_core/src/drive_arbiter.cpp:179:6:[m[K [01;36m[Knote: [m[Kno functions named ‘[01m[Kvoid vehicle_core::DriveArbiterNode::onObstacleDistance(std_msgs::msg::Float32_<std::allocator<void> >::SharedPtr)[m[K’
[5.332s] In file included from [01m[K/home/avcpp/AV-CPP2025/Vehicle/src/vehicle_core/src/drive_arbiter.cpp:1[m[K:
[5.333s] [01m[K/home/avcpp/AV-CPP2025/Vehicle/src/vehicle_core/include/vehicle_core/drive_arbiter_node.hpp:28:7:[m[K [01;36m[Knote: [m[K‘[01m[Kclass vehicle_core::DriveArbiterNode[m[K’ defined here
[5.333s]    28 | class [01;36m[KDriveArbiterNode[m[K final : public rclcpp::Node {
[5.333s]       |       [01;36m[K^~~~~~~~~~~~~~~~[m[K
[5.349s] [01m[K/home/avcpp/AV-CPP2025/Vehicle/src/vehicle_core/src/drive_arbiter.cpp:[m[K In member function ‘[01m[Kvoid vehicle_core::DriveArbiterNode::maybePublish()[m[K’:
[5.350s] [01m[K/home/avcpp/AV-CPP2025/Vehicle/src/vehicle_core/src/drive_arbiter.cpp:331:9:[m[K [01;31m[Kerror: [m[K‘[01m[Kclosest_object_distance_[m[K’ was not declared in this scope; did you mean ‘[01m[Kclosest_object_distance[m[K’?
[5.350s]   331 |     if ([01;31m[Kclosest_object_distance_[m[K <= warning_zone_ && out.target_speed_mmps > 0) {
[5.350s]       |         [01;31m[K^~~~~~~~~~~~~~~~~~~~~~~~[m[K
[5.351s]       |         [32m[Kclosest_object_distance[m[K
[5.361s] [01m[K/home/avcpp/AV-CPP2025/Vehicle/src/vehicle_core/src/drive_arbiter.cpp:355:9:[m[K [01;31m[Kerror: [m[K‘[01m[Kclosest_object_distance_[m[K’ was not declared in this scope; did you mean ‘[01m[Kclosest_object_distance[m[K’?
[5.362s]   355 |     if ([01;31m[Kclosest_object_distance_[m[K <= warning_zone_ && out.target_speed_mmps > 0) {
[5.362s]       |         [01;31m[K^~~~~~~~~~~~~~~~~~~~~~~~[m[K
[5.363s]       |         [32m[Kclosest_object_distance[m[K
[21.075s] gmake[2]: *** [CMakeFiles/drive_arbiter_node_component.dir/build.make:76: CMakeFiles/drive_arbiter_node_component.dir/src/drive_arbiter.cpp.o] Error 1
[21.075s] gmake[1]: *** [CMakeFiles/Makefile2:666: CMakeFiles/drive_arbiter_node_component.dir/all] Error 2
[21.076s] gmake: *** [Makefile:146: all] Error 2
[21.082s] Invoked command in '/home/avcpp/AV-CPP2025/Vehicle/build/vehicle_core' returned '2': CMAKE_PREFIX_PATH=${CMAKE_PREFIX_PATH}:/opt/ros/humble /usr/bin/cmake --build /home/avcpp/AV-CPP2025/Vehicle/build/vehicle_core -- -j8 -l8
