[35m[1mConsolidate compiler generated dependencies of target computer_vision_node[0m
[100%] Built target computer_vision_node
-- Install configuration: ""
-- Up-to-date: /home/avcpp/AV-CPP2025/Vehicle/install/computer_vision/lib/libcomputer_vision_node.so
-- Up-to-date: /home/avcpp/AV-CPP2025/Vehicle/install/computer_vision/include
-- Up-to-date: /home/avcpp/AV-CPP2025/Vehicle/install/computer_vision/include/computer_vision
-- Up-to-date: /home/avcpp/AV-CPP2025/Vehicle/install/computer_vision/include/computer_vision/computer_vision.hpp
-- Up-to-date: /home/avcpp/AV-CPP2025/Vehicle/install/computer_vision/share/ament_index/resource_index/package_run_dependencies/computer_vision
-- Up-to-date: /home/avcpp/AV-CPP2025/Vehicle/install/computer_vision/share/ament_index/resource_index/parent_prefix_path/computer_vision
-- Up-to-date: /home/avcpp/AV-CPP2025/Vehicle/install/computer_vision/share/computer_vision/environment/ament_prefix_path.sh
-- Up-to-date: /home/avcpp/AV-CPP2025/Vehicle/install/computer_vision/share/computer_vision/environment/ament_prefix_path.dsv
-- Up-to-date: /home/avcpp/AV-CPP2025/Vehicle/install/computer_vision/share/computer_vision/environment/path.sh
-- Up-to-date: /home/avcpp/AV-CPP2025/Vehicle/install/computer_vision/share/computer_vision/environment/path.dsv
-- Up-to-date: /home/avcpp/AV-CPP2025/Vehicle/install/computer_vision/share/computer_vision/local_setup.bash
-- Up-to-date: /home/avcpp/AV-CPP2025/Vehicle/install/computer_vision/share/computer_vision/local_setup.sh
-- Up-to-date: /home/avcpp/AV-CPP2025/Vehicle/install/computer_vision/share/computer_vision/local_setup.zsh
-- Up-to-date: /home/avcpp/AV-CPP2025/Vehicle/install/computer_vision/share/computer_vision/local_setup.dsv
-- Installing: /home/avcpp/AV-CPP2025/Vehicle/install/computer_vision/share/computer_vision/package.dsv
-- Up-to-date: /home/avcpp/AV-CPP2025/Vehicle/install/computer_vision/share/ament_index/resource_index/packages/computer_vision
-- Up-to-date: /home/avcpp/AV-CPP2025/Vehicle/install/computer_vision/share/ament_index/resource_index/rclcpp_components/computer_vision
-- Up-to-date: /home/avcpp/AV-CPP2025/Vehicle/install/computer_vision/share/computer_vision/cmake/computer_visionConfig.cmake
-- Up-to-date: /home/avcpp/AV-CPP2025/Vehicle/install/computer_vision/share/computer_vision/cmake/computer_visionConfig-version.cmake
-- Up-to-date: /home/avcpp/AV-CPP2025/Vehicle/install/computer_vision/share/computer_vision/package.xml
