[0.029s] Invoking command in '/home/avcpp/AV-CPP2025/Vehicle/build/vehicle_core': CMAKE_PREFIX_PATH=/opt/ros/humble /usr/bin/cmake --build /home/avcpp/AV-CPP2025/Vehicle/build/vehicle_core -- -j8 -l8
[0.228s] [35m[1mConsolidate compiler generated dependencies of target vehicle_core__rosidl_generator_c[0m
[0.230s] [35m[1mConsolidate compiler generated dependencies of target vehicle_core_container[0m
[0.236s] [35m[1mConsolidate compiler generated dependencies of target rtsp_streamer_node[0m
[0.252s] [  0%] Built target ament_cmake_python_copy_vehicle_core
[0.256s] [  1%] Built target vehicle_core__cpp
[0.282s] [ 12%] Built target vehicle_core__rosidl_generator_c
[0.290s] [ 13%] Built target rtsp_streamer_node
[0.293s] [ 14%] Built target vehicle_core_container
[0.296s] [35m[1mConsolidate compiler generated dependencies of target vehicle_core__rosidl_typesupport_cpp[0m
[0.311s] [35m[1mConsolidate compiler generated dependencies of target vehicle_core__rosidl_typesupport_introspection_cpp[0m
[0.312s] [35m[1mConsolidate compiler generated dependencies of target vehicle_core__rosidl_typesupport_introspection_c[0m
[0.326s] [35m[1mConsolidate compiler generated dependencies of target vehicle_core__rosidl_typesupport_fastrtps_cpp[0m
[0.339s] [35m[1mConsolidate compiler generated dependencies of target vehicle_core__rosidl_typesupport_fastrtps_c[0m
[0.350s] [35m[1mConsolidate compiler generated dependencies of target vehicle_core__rosidl_typesupport_c[0m
[0.378s] [ 24%] Built target vehicle_core__rosidl_typesupport_introspection_c
[0.387s] [ 35%] Built target vehicle_core__rosidl_typesupport_introspection_cpp
[0.388s] [ 46%] Built target vehicle_core__rosidl_typesupport_cpp
[0.388s] [ 57%] Built target vehicle_core__rosidl_typesupport_fastrtps_cpp
[0.411s] [ 67%] Built target vehicle_core__rosidl_typesupport_fastrtps_c
[0.425s] [ 77%] Built target vehicle_core__rosidl_typesupport_c
[0.497s] [ 77%] Built target vehicle_core
[0.519s] [35m[1mConsolidate compiler generated dependencies of target tcp_server_node_component[0m
[0.531s] [35m[1mConsolidate compiler generated dependencies of target heading_calibrator_node_component[0m
[0.533s] [35m[1mConsolidate compiler generated dependencies of target gt_u7_gps_node_component[0m
[0.535s] [35m[1mConsolidate compiler generated dependencies of target drive_arbiter_node_component[0m
[0.542s] [35m[1mConsolidate compiler generated dependencies of target state_manager_node_component[0m
[0.545s] [35m[1mConsolidate compiler generated dependencies of target i2c_bridge_node[0m
[0.563s] [ 78%] [32mBuilding CXX object CMakeFiles/tcp_server_node_component.dir/src/tcp_server_node.cpp.o[0m
[0.585s] [ 79%] Built target gt_u7_gps_node_component
[0.589s] [ 79%] Built target vehicle_core__py
[0.605s] [ 80%] Built target heading_calibrator_node_component
[0.610s] [ 81%] Built target drive_arbiter_node_component
[0.624s] [35m[1mConsolidate compiler generated dependencies of target autopilot_node_component[0m
[0.631s] [ 82%] Built target state_manager_node_component
[0.632s] [ 85%] Built target i2c_bridge_node
[0.652s] [35m[1mConsolidate compiler generated dependencies of target gst_camera_component[0m
[0.654s] [ 85%] [32mBuilding C object CMakeFiles/vehicle_core__rosidl_generator_py.dir/rosidl_generator_py/vehicle_core/msg/_drive_target_s.c.o[0m
[0.662s] [ 86%] [32mBuilding C object CMakeFiles/vehicle_core__rosidl_generator_py.dir/rosidl_generator_py/vehicle_core/msg/_lights_command_s.c.o[0m
[0.665s] [ 87%] [32mBuilding C object CMakeFiles/vehicle_core__rosidl_generator_py.dir/rosidl_generator_py/vehicle_core/msg/_internal_drive_command_s.c.o[0m
[0.683s] [ 87%] [32mBuilding C object CMakeFiles/vehicle_core__rosidl_generator_py.dir/rosidl_generator_py/vehicle_core/msg/_manual_drive_command_s.c.o[0m
[0.689s] [ 88%] Built target autopilot_node_component
[0.707s] [ 88%] [32mBuilding C object CMakeFiles/vehicle_core__rosidl_generator_py.dir/rosidl_generator_py/vehicle_core/msg/_max_speed_s.c.o[0m
[0.730s] [ 89%] Built target gst_camera_component
[0.762s] [ 89%] [32mBuilding C object CMakeFiles/vehicle_core__rosidl_generator_py.dir/rosidl_generator_py/vehicle_core/msg/_autopilot_command_s.c.o[0m
[0.892s] running egg_info
[0.941s] writing vehicle_core.egg-info/PKG-INFO
[0.942s] writing dependency_links to vehicle_core.egg-info/dependency_links.txt
[0.943s] writing top-level names to vehicle_core.egg-info/top_level.txt
[1.062s] reading manifest file 'vehicle_core.egg-info/SOURCES.txt'
[1.066s] writing manifest file 'vehicle_core.egg-info/SOURCES.txt'
[1.151s] [ 90%] [32mBuilding C object CMakeFiles/vehicle_core__rosidl_generator_py.dir/rosidl_generator_py/vehicle_core/msg/_drive_status_s.c.o[0m
[1.153s] [ 91%] [32mBuilding C object CMakeFiles/vehicle_core__rosidl_generator_py.dir/rosidl_generator_py/vehicle_core/msg/_telemetry_data_s.c.o[0m
[1.153s] [ 91%] [32mBuilding C object CMakeFiles/vehicle_core__rosidl_generator_py.dir/rosidl_generator_py/vehicle_core/msg/_general_status_s.c.o[0m
[1.162s] [ 92%] [32mBuilding C object CMakeFiles/vehicle_core__rosidl_generator_py.dir/rosidl_generator_py/vehicle_core/msg/_lights_status_s.c.o[0m
[1.175s] [ 92%] [32mBuilding C object CMakeFiles/vehicle_core__rosidl_generator_py.dir/rosidl_generator_py/vehicle_core/msg/_autopilot_status_s.c.o[0m
[1.208s] [ 92%] [32mBuilding C object CMakeFiles/vehicle_core__rosidl_generator_py.dir/rosidl_generator_py/vehicle_core/msg/_error_s.c.o[0m
[1.253s] [ 92%] Built target ament_cmake_python_build_vehicle_core_egg
[1.275s] [ 92%] [32mBuilding C object CMakeFiles/vehicle_core__rosidl_generator_py.dir/rosidl_generator_py/vehicle_core/msg/_server_init_s.c.o[0m
[1.357s] [ 93%] [32mBuilding C object CMakeFiles/vehicle_core__rosidl_generator_py.dir/rosidl_generator_py/vehicle_core/msg/_autopilot_config_s.c.o[0m
[1.452s] [ 93%] [32mBuilding C object CMakeFiles/vehicle_core__rosidl_generator_py.dir/rosidl_generator_py/vehicle_core/msg/_perception_profile_s.c.o[0m
[1.472s] [ 94%] [32mBuilding C object CMakeFiles/vehicle_core__rosidl_generator_py.dir/rosidl_generator_py/vehicle_core/msg/_state_mode_s.c.o[0m
[1.492s] [ 94%] [32mBuilding C object CMakeFiles/vehicle_core__rosidl_generator_py.dir/rosidl_generator_py/vehicle_core/msg/_state_event_s.c.o[0m
[1.528s] [ 95%] [32mBuilding C object CMakeFiles/vehicle_core__rosidl_generator_py.dir/rosidl_generator_py/vehicle_core/msg/_drive_feedback_s.c.o[0m
[1.572s] [ 96%] [32mBuilding C object CMakeFiles/vehicle_core__rosidl_generator_py.dir/rosidl_generator_py/vehicle_core/srv/_request_internal_control_s.c.o[0m
[1.573s] [ 96%] [32mBuilding C object CMakeFiles/vehicle_core__rosidl_generator_py.dir/rosidl_generator_py/vehicle_core/msg/_imu_status_s.c.o[0m
[1.604s] [ 96%] [32mBuilding C object CMakeFiles/vehicle_core__rosidl_generator_py.dir/rosidl_generator_py/vehicle_core/srv/_release_internal_control_s.c.o[0m
[1.647s] [ 96%] [32mBuilding C object CMakeFiles/vehicle_core__rosidl_generator_py.dir/rosidl_generator_py/vehicle_core/srv/_set_autopilot_profile_s.c.o[0m
[1.832s] [ 97%] [32m[1mLinking C shared library rosidl_generator_py/vehicle_core/libvehicle_core__rosidl_generator_py.so[0m
[1.948s] [ 97%] Built target vehicle_core__rosidl_generator_py
[2.022s] [ 98%] [32mBuilding C object CMakeFiles/vehicle_core__rosidl_typesupport_fastrtps_c__pyext.dir/rosidl_generator_py/vehicle_core/_vehicle_core_s.ep.rosidl_typesupport_fastrtps_c.c.o[0m
[2.025s] [100%] [32mBuilding C object CMakeFiles/vehicle_core__rosidl_typesupport_c__pyext.dir/rosidl_generator_py/vehicle_core/_vehicle_core_s.ep.rosidl_typesupport_c.c.o[0m
[2.025s] [100%] [32mBuilding C object CMakeFiles/vehicle_core__rosidl_typesupport_introspection_c__pyext.dir/rosidl_generator_py/vehicle_core/_vehicle_core_s.ep.rosidl_typesupport_introspection_c.c.o[0m
[2.393s] [100%] [32m[1mLinking C shared library rosidl_generator_py/vehicle_core/vehicle_core_s__rosidl_typesupport_introspection_c.cpython-310-aarch64-linux-gnu.so[0m
[2.393s] [100%] [32m[1mLinking C shared library rosidl_generator_py/vehicle_core/vehicle_core_s__rosidl_typesupport_fastrtps_c.cpython-310-aarch64-linux-gnu.so[0m
[2.406s] [100%] [32m[1mLinking C shared library rosidl_generator_py/vehicle_core/vehicle_core_s__rosidl_typesupport_c.cpython-310-aarch64-linux-gnu.so[0m
[2.514s] [100%] Built target vehicle_core__rosidl_typesupport_c__pyext
[2.522s] [100%] Built target vehicle_core__rosidl_typesupport_introspection_c__pyext
[2.531s] [100%] Built target vehicle_core__rosidl_typesupport_fastrtps_c__pyext
[6.516s] [01m[K/home/avcpp/AV-CPP2025/Vehicle/src/vehicle_core/src/tcp_server_node.cpp:[m[K In constructor ‘[01m[Kvehicle_core::TcpServerNode::TcpServerNode(const rclcpp::NodeOptions&)[m[K’:
[6.517s] [01m[K/home/avcpp/AV-CPP2025/Vehicle/src/vehicle_core/src/tcp_server_node.cpp:34:61:[m[K [01;31m[Kerror: [m[K‘[01m[KPORT[m[K’ was not declared in this scope
[6.517s]    34 |   port_              = this->declare_parameter<int>("port", [01;31m[KPORT[m[K);
[6.518s]       |                                                             [01;31m[K^~~~[m[K
[23.680s] gmake[2]: *** [CMakeFiles/tcp_server_node_component.dir/build.make:76: CMakeFiles/tcp_server_node_component.dir/src/tcp_server_node.cpp.o] Error 1
[23.681s] gmake[1]: *** [CMakeFiles/Makefile2:724: CMakeFiles/tcp_server_node_component.dir/all] Error 2
[23.682s] gmake: *** [Makefile:146: all] Error 2
[23.689s] Invoked command in '/home/avcpp/AV-CPP2025/Vehicle/build/vehicle_core' returned '2': CMAKE_PREFIX_PATH=/opt/ros/humble /usr/bin/cmake --build /home/avcpp/AV-CPP2025/Vehicle/build/vehicle_core -- -j8 -l8
