[0.021s] Invoking command in '/home/avcpp/AV-CPP2025/Vehicle/build/object_detector': CMAKE_PREFIX_PATH=${CMAKE_PREFIX_PATH}:/opt/ros/humble /usr/bin/cmake --build /home/avcpp/AV-CPP2025/Vehicle/build/object_detector -- -j8 -l8
[0.078s] -- Found ament_cmake: 1.3.12 (/opt/ros/humble/share/ament_cmake/cmake)
[0.380s] -- Override CMake install command with custom implementation using symlinks instead of copying resources
[0.409s] -- Found rclpy: 3.3.17 (/opt/ros/humble/share/rclpy/cmake)
[0.410s] -- Found std_msgs: 4.9.0 (/opt/ros/humble/share/std_msgs/cmake)
[0.469s] -- Found rosidl_generator_c: 3.1.7 (/opt/ros/humble/share/rosidl_generator_c/cmake)
[0.472s] -- Found rosidl_adapter: 3.1.7 (/opt/ros/humble/share/rosidl_adapter/cmake)
[0.479s] -- Found rosidl_generator_cpp: 3.1.7 (/opt/ros/humble/share/rosidl_generator_cpp/cmake)
[0.491s] -- Using all available rosidl_typesupport_c: rosidl_typesupport_fastrtps_c;rosidl_typesupport_introspection_c
[0.507s] -- Using all available rosidl_typesupport_cpp: rosidl_typesupport_fastrtps_cpp;rosidl_typesupport_introspection_cpp
[0.539s] -- Found sensor_msgs: 4.9.0 (/opt/ros/humble/share/sensor_msgs/cmake)
[0.580s] -- Found visualization_msgs: 4.9.0 (/opt/ros/humble/share/visualization_msgs/cmake)
[0.610s] -- Found ament_lint_auto: 0.12.14 (/opt/ros/humble/share/ament_lint_auto/cmake)
[0.767s] -- Added test 'flake8' to check Python code syntax and style conventions
[0.768s] -- Added test 'lint_cmake' to check CMake code style
[0.768s] -- Added test 'pep257' to check Python code against some of the docstring style conventions in PEP 257
[0.769s] -- Added test 'xmllint' to check XML markup files
[0.770s] -- Configuring done
[0.775s] -- Generating done
[0.778s] -- Build files have been written to: /home/avcpp/AV-CPP2025/Vehicle/build/object_detector
[0.831s] Invoked command in '/home/avcpp/AV-CPP2025/Vehicle/build/object_detector' returned '0': CMAKE_PREFIX_PATH=${CMAKE_PREFIX_PATH}:/opt/ros/humble /usr/bin/cmake --build /home/avcpp/AV-CPP2025/Vehicle/build/object_detector -- -j8 -l8
[0.855s] Invoking command in '/home/avcpp/AV-CPP2025/Vehicle/build/object_detector': CMAKE_PREFIX_PATH=${CMAKE_PREFIX_PATH}:/opt/ros/humble /usr/bin/cmake --install /home/avcpp/AV-CPP2025/Vehicle/build/object_detector
[0.869s] -- Install configuration: ""
[0.870s] -- Execute custom install script
[0.870s] -- Symlinking: /home/avcpp/AV-CPP2025/Vehicle/install/object_detector/lib/object_detector/object_detector.py
[0.901s] -- Symlinking: /home/avcpp/AV-CPP2025/Vehicle/install/object_detector/share/ament_index/resource_index/package_run_dependencies/object_detector
[0.919s] -- Symlinking: /home/avcpp/AV-CPP2025/Vehicle/install/object_detector/share/ament_index/resource_index/parent_prefix_path/object_detector
[0.953s] -- Symlinking: /home/avcpp/AV-CPP2025/Vehicle/install/object_detector/share/object_detector/environment/ament_prefix_path.sh
[0.972s] -- Symlinking: /home/avcpp/AV-CPP2025/Vehicle/install/object_detector/share/object_detector/environment/ament_prefix_path.dsv
[1.002s] -- Symlinking: /home/avcpp/AV-CPP2025/Vehicle/install/object_detector/share/object_detector/environment/path.sh
[1.019s] -- Symlinking: /home/avcpp/AV-CPP2025/Vehicle/install/object_detector/share/object_detector/environment/path.dsv
[1.037s] -- Symlinking: /home/avcpp/AV-CPP2025/Vehicle/install/object_detector/share/object_detector/local_setup.bash
[1.057s] -- Symlinking: /home/avcpp/AV-CPP2025/Vehicle/install/object_detector/share/object_detector/local_setup.sh
[1.072s] -- Symlinking: /home/avcpp/AV-CPP2025/Vehicle/install/object_detector/share/object_detector/local_setup.zsh
[1.105s] -- Symlinking: /home/avcpp/AV-CPP2025/Vehicle/install/object_detector/share/object_detector/local_setup.dsv
[1.126s] -- Symlinking: /home/avcpp/AV-CPP2025/Vehicle/install/object_detector/share/object_detector/package.dsv
[1.153s] -- Symlinking: /home/avcpp/AV-CPP2025/Vehicle/install/object_detector/share/ament_index/resource_index/packages/object_detector
[1.167s] -- Symlinking: /home/avcpp/AV-CPP2025/Vehicle/install/object_detector/share/object_detector/cmake/object_detectorConfig.cmake
[1.202s] -- Symlinking: /home/avcpp/AV-CPP2025/Vehicle/install/object_detector/share/object_detector/cmake/object_detectorConfig-version.cmake
[1.233s] -- Symlinking: /home/avcpp/AV-CPP2025/Vehicle/install/object_detector/share/object_detector/package.xml
[1.280s] Invoked command in '/home/avcpp/AV-CPP2025/Vehicle/build/object_detector' returned '0': CMAKE_PREFIX_PATH=${CMAKE_PREFIX_PATH}:/opt/ros/humble /usr/bin/cmake --install /home/avcpp/AV-CPP2025/Vehicle/build/object_detector
