/home/avcpp/AV-CPP2025/Autopilot/install/opi_vision/lib/python3.10/site-packages/opi_vision/mjpeg_server.py
/home/avcpp/AV-CPP2025/Autopilot/install/opi_vision/lib/python3.10/site-packages/opi_vision/yolo_annotate.py
/home/avcpp/AV-CPP2025/Autopilot/install/opi_vision/lib/python3.10/site-packages/opi_vision/image_rate.py
/home/avcpp/AV-CPP2025/Autopilot/install/opi_vision/lib/python3.10/site-packages/opi_vision/__init__.py
/home/avcpp/AV-CPP2025/Autopilot/install/opi_vision/lib/python3.10/site-packages/opi_vision/__pycache__/mjpeg_server.cpython-310.pyc
/home/avcpp/AV-CPP2025/Autopilot/install/opi_vision/lib/python3.10/site-packages/opi_vision/__pycache__/yolo_annotate.cpython-310.pyc
/home/avcpp/AV-CPP2025/Autopilot/install/opi_vision/lib/python3.10/site-packages/opi_vision/__pycache__/image_rate.cpython-310.pyc
/home/avcpp/AV-CPP2025/Autopilot/install/opi_vision/lib/python3.10/site-packages/opi_vision/__pycache__/__init__.cpython-310.pyc
/home/avcpp/AV-CPP2025/Autopilot/install/opi_vision/share/ament_index/resource_index/packages/opi_vision
/home/avcpp/AV-CPP2025/Autopilot/install/opi_vision/share/opi_vision/package.xml
/home/avcpp/AV-CPP2025/Autopilot/install/opi_vision/share/opi_vision/launch/bringup.launch.py
/home/avcpp/AV-CPP2025/Autopilot/install/opi_vision/share/opi_vision/launch/camera_only.launch.py
/home/avcpp/AV-CPP2025/Autopilot/install/opi_vision/lib/python3.10/site-packages/opi_vision-0.1.0-py3.10.egg-info/top_level.txt
/home/avcpp/AV-CPP2025/Autopilot/install/opi_vision/lib/python3.10/site-packages/opi_vision-0.1.0-py3.10.egg-info/zip-safe
/home/avcpp/AV-CPP2025/Autopilot/install/opi_vision/lib/python3.10/site-packages/opi_vision-0.1.0-py3.10.egg-info/requires.txt
/home/avcpp/AV-CPP2025/Autopilot/install/opi_vision/lib/python3.10/site-packages/opi_vision-0.1.0-py3.10.egg-info/SOURCES.txt
/home/avcpp/AV-CPP2025/Autopilot/install/opi_vision/lib/python3.10/site-packages/opi_vision-0.1.0-py3.10.egg-info/entry_points.txt
/home/avcpp/AV-CPP2025/Autopilot/install/opi_vision/lib/python3.10/site-packages/opi_vision-0.1.0-py3.10.egg-info/PKG-INFO
/home/avcpp/AV-CPP2025/Autopilot/install/opi_vision/lib/python3.10/site-packages/opi_vision-0.1.0-py3.10.egg-info/dependency_links.txt
/home/avcpp/AV-CPP2025/Autopilot/install/opi_vision/lib/opi_vision/image_rate
/home/avcpp/AV-CPP2025/Autopilot/install/opi_vision/lib/opi_vision/mjpeg_server
/home/avcpp/AV-CPP2025/Autopilot/install/opi_vision/lib/opi_vision/yolo_annotate
