running develop
Removing /home/avcpp/AV-CPP2025/Autopilot/install/opi_vision/lib/python3.10/site-packages/opi-vision.egg-link (link to .)
running egg_info
writing ../../build/opi_vision/opi_vision.egg-info/PKG-INFO
writing dependency_links to ../../build/opi_vision/opi_vision.egg-info/dependency_links.txt
writing entry points to ../../build/opi_vision/opi_vision.egg-info/entry_points.txt
writing requirements to ../../build/opi_vision/opi_vision.egg-info/requires.txt
writing top-level names to ../../build/opi_vision/opi_vision.egg-info/top_level.txt
reading manifest file '../../build/opi_vision/opi_vision.egg-info/SOURCES.txt'
writing manifest file '../../build/opi_vision/opi_vision.egg-info/SOURCES.txt'
running build
running build_py
creating /home/avcpp/AV-CPP2025/Autopilot/build/opi_vision/build
creating /home/avcpp/AV-CPP2025/Autopilot/build/opi_vision/build/lib
creating /home/avcpp/AV-CPP2025/Autopilot/build/opi_vision/build/lib/opi_vision
copying opi_vision/mjpeg_server.py -> /home/avcpp/AV-CPP2025/Autopilot/build/opi_vision/build/lib/opi_vision
copying opi_vision/yolo_annotate.py -> /home/avcpp/AV-CPP2025/Autopilot/build/opi_vision/build/lib/opi_vision
copying opi_vision/image_rate.py -> /home/avcpp/AV-CPP2025/Autopilot/build/opi_vision/build/lib/opi_vision
copying opi_vision/__init__.py -> /home/avcpp/AV-CPP2025/Autopilot/build/opi_vision/build/lib/opi_vision
running install
running install_lib
creating /home/avcpp/AV-CPP2025/Autopilot/install/opi_vision/lib/python3.10/site-packages/opi_vision
copying /home/avcpp/AV-CPP2025/Autopilot/build/opi_vision/build/lib/opi_vision/mjpeg_server.py -> /home/avcpp/AV-CPP2025/Autopilot/install/opi_vision/lib/python3.10/site-packages/opi_vision
copying /home/avcpp/AV-CPP2025/Autopilot/build/opi_vision/build/lib/opi_vision/yolo_annotate.py -> /home/avcpp/AV-CPP2025/Autopilot/install/opi_vision/lib/python3.10/site-packages/opi_vision
copying /home/avcpp/AV-CPP2025/Autopilot/build/opi_vision/build/lib/opi_vision/image_rate.py -> /home/avcpp/AV-CPP2025/Autopilot/install/opi_vision/lib/python3.10/site-packages/opi_vision
copying /home/avcpp/AV-CPP2025/Autopilot/build/opi_vision/build/lib/opi_vision/__init__.py -> /home/avcpp/AV-CPP2025/Autopilot/install/opi_vision/lib/python3.10/site-packages/opi_vision
byte-compiling /home/avcpp/AV-CPP2025/Autopilot/install/opi_vision/lib/python3.10/site-packages/opi_vision/mjpeg_server.py to mjpeg_server.cpython-310.pyc
byte-compiling /home/avcpp/AV-CPP2025/Autopilot/install/opi_vision/lib/python3.10/site-packages/opi_vision/yolo_annotate.py to yolo_annotate.cpython-310.pyc
byte-compiling /home/avcpp/AV-CPP2025/Autopilot/install/opi_vision/lib/python3.10/site-packages/opi_vision/image_rate.py to image_rate.cpython-310.pyc
byte-compiling /home/avcpp/AV-CPP2025/Autopilot/install/opi_vision/lib/python3.10/site-packages/opi_vision/__init__.py to __init__.cpython-310.pyc
running install_data
copying resource/opi_vision -> /home/avcpp/AV-CPP2025/Autopilot/install/opi_vision/share/ament_index/resource_index/packages
copying package.xml -> /home/avcpp/AV-CPP2025/Autopilot/install/opi_vision/share/opi_vision
copying launch/bringup.launch.py -> /home/avcpp/AV-CPP2025/Autopilot/install/opi_vision/share/opi_vision/launch
copying launch/camera_only.launch.py -> /home/avcpp/AV-CPP2025/Autopilot/install/opi_vision/share/opi_vision/launch
running install_egg_info
Copying ../../build/opi_vision/opi_vision.egg-info to /home/avcpp/AV-CPP2025/Autopilot/install/opi_vision/lib/python3.10/site-packages/opi_vision-0.1.0-py3.10.egg-info
running install_scripts
Installing image_rate script to /home/avcpp/AV-CPP2025/Autopilot/install/opi_vision/lib/opi_vision
Installing mjpeg_server script to /home/avcpp/AV-CPP2025/Autopilot/install/opi_vision/lib/opi_vision
Installing yolo_annotate script to /home/avcpp/AV-CPP2025/Autopilot/install/opi_vision/lib/opi_vision
writing list of installed files to '/home/avcpp/AV-CPP2025/Autopilot/build/opi_vision/install.log'
