[1.081s] Invoking command in '/home/avcpp/AV-CPP2025/Autopilot/build/opi_vision': PYTHONPATH=/home/avcpp/AV-CPP2025/Autopilot/build/opi_vision/prefix_override:/usr/lib/python3/dist-packages/colcon_core/task/python/colcon_distutils_commands:/home/avcpp/AV-CPP2025/Autopilot/install/opi_vision/lib/python3.10/site-packages:${PYTHONPATH} VIRTUAL_ENV_PROMPT=(.venv) /usr/bin/python3 -W ignore:setup.py install is deprecated -W ignore:easy_install command is deprecated setup.py develop --uninstall --editable --build-directory /home/avcpp/AV-CPP2025/Autopilot/build/opi_vision/build
[1.377s] running develop
[1.505s] Removing /home/avcpp/AV-CPP2025/Autopilot/install/opi_vision/lib/python3.10/site-packages/opi-vision.egg-link (link to .)
[1.606s] Invoked command in '/home/avcpp/AV-CPP2025/Autopilot/build/opi_vision' returned '0': PYTHONPATH=/home/avcpp/AV-CPP2025/Autopilot/build/opi_vision/prefix_override:/usr/lib/python3/dist-packages/colcon_core/task/python/colcon_distutils_commands:/home/avcpp/AV-CPP2025/Autopilot/install/opi_vision/lib/python3.10/site-packages:${PYTHONPATH} VIRTUAL_ENV_PROMPT=(.venv) /usr/bin/python3 -W ignore:setup.py install is deprecated -W ignore:easy_install command is deprecated setup.py develop --uninstall --editable --build-directory /home/avcpp/AV-CPP2025/Autopilot/build/opi_vision/build
[1.609s] Invoking command in '/home/avcpp/AV-CPP2025/Autopilot/src/opi_vision': PYTHONPATH=/home/avcpp/AV-CPP2025/Autopilot/build/opi_vision/prefix_override:/usr/lib/python3/dist-packages/colcon_core/task/python/colcon_distutils_commands:/home/avcpp/AV-CPP2025/Autopilot/install/opi_vision/lib/python3.10/site-packages:${PYTHONPATH} VIRTUAL_ENV_PROMPT=(.venv) /usr/bin/python3 -W ignore:setup.py install is deprecated -W ignore:easy_install command is deprecated setup.py egg_info --egg-base ../../build/opi_vision build --build-base /home/avcpp/AV-CPP2025/Autopilot/build/opi_vision/build install --record /home/avcpp/AV-CPP2025/Autopilot/build/opi_vision/install.log --single-version-externally-managed install_data --force
[1.871s] running egg_info
[1.872s] writing ../../build/opi_vision/opi_vision.egg-info/PKG-INFO
[1.873s] writing dependency_links to ../../build/opi_vision/opi_vision.egg-info/dependency_links.txt
[1.874s] writing entry points to ../../build/opi_vision/opi_vision.egg-info/entry_points.txt
[1.874s] writing requirements to ../../build/opi_vision/opi_vision.egg-info/requires.txt
[1.874s] writing top-level names to ../../build/opi_vision/opi_vision.egg-info/top_level.txt
[1.876s] reading manifest file '../../build/opi_vision/opi_vision.egg-info/SOURCES.txt'
[1.879s] writing manifest file '../../build/opi_vision/opi_vision.egg-info/SOURCES.txt'
[1.879s] running build
[1.880s] running build_py
[1.880s] creating /home/avcpp/AV-CPP2025/Autopilot/build/opi_vision/build
[1.881s] creating /home/avcpp/AV-CPP2025/Autopilot/build/opi_vision/build/lib
[1.881s] creating /home/avcpp/AV-CPP2025/Autopilot/build/opi_vision/build/lib/opi_vision
[1.881s] copying opi_vision/mjpeg_server.py -> /home/avcpp/AV-CPP2025/Autopilot/build/opi_vision/build/lib/opi_vision
[1.881s] copying opi_vision/yolo_annotate.py -> /home/avcpp/AV-CPP2025/Autopilot/build/opi_vision/build/lib/opi_vision
[1.882s] copying opi_vision/image_rate.py -> /home/avcpp/AV-CPP2025/Autopilot/build/opi_vision/build/lib/opi_vision
[1.882s] copying opi_vision/__init__.py -> /home/avcpp/AV-CPP2025/Autopilot/build/opi_vision/build/lib/opi_vision
[1.882s] running install
[1.882s] running install_lib
[1.883s] creating /home/avcpp/AV-CPP2025/Autopilot/install/opi_vision/lib/python3.10/site-packages/opi_vision
[1.883s] copying /home/avcpp/AV-CPP2025/Autopilot/build/opi_vision/build/lib/opi_vision/mjpeg_server.py -> /home/avcpp/AV-CPP2025/Autopilot/install/opi_vision/lib/python3.10/site-packages/opi_vision
[1.883s] copying /home/avcpp/AV-CPP2025/Autopilot/build/opi_vision/build/lib/opi_vision/yolo_annotate.py -> /home/avcpp/AV-CPP2025/Autopilot/install/opi_vision/lib/python3.10/site-packages/opi_vision
[1.883s] copying /home/avcpp/AV-CPP2025/Autopilot/build/opi_vision/build/lib/opi_vision/image_rate.py -> /home/avcpp/AV-CPP2025/Autopilot/install/opi_vision/lib/python3.10/site-packages/opi_vision
[1.883s] copying /home/avcpp/AV-CPP2025/Autopilot/build/opi_vision/build/lib/opi_vision/__init__.py -> /home/avcpp/AV-CPP2025/Autopilot/install/opi_vision/lib/python3.10/site-packages/opi_vision
[1.883s] byte-compiling /home/avcpp/AV-CPP2025/Autopilot/install/opi_vision/lib/python3.10/site-packages/opi_vision/mjpeg_server.py to mjpeg_server.cpython-310.pyc
[1.884s] byte-compiling /home/avcpp/AV-CPP2025/Autopilot/install/opi_vision/lib/python3.10/site-packages/opi_vision/yolo_annotate.py to yolo_annotate.cpython-310.pyc
[1.885s] byte-compiling /home/avcpp/AV-CPP2025/Autopilot/install/opi_vision/lib/python3.10/site-packages/opi_vision/image_rate.py to image_rate.cpython-310.pyc
[1.886s] byte-compiling /home/avcpp/AV-CPP2025/Autopilot/install/opi_vision/lib/python3.10/site-packages/opi_vision/__init__.py to __init__.cpython-310.pyc
[1.886s] running install_data
[1.886s] copying resource/opi_vision -> /home/avcpp/AV-CPP2025/Autopilot/install/opi_vision/share/ament_index/resource_index/packages
[1.887s] copying package.xml -> /home/avcpp/AV-CPP2025/Autopilot/install/opi_vision/share/opi_vision
[1.887s] copying launch/bringup.launch.py -> /home/avcpp/AV-CPP2025/Autopilot/install/opi_vision/share/opi_vision/launch
[1.887s] copying launch/camera_only.launch.py -> /home/avcpp/AV-CPP2025/Autopilot/install/opi_vision/share/opi_vision/launch
[1.887s] running install_egg_info
[1.890s] Copying ../../build/opi_vision/opi_vision.egg-info to /home/avcpp/AV-CPP2025/Autopilot/install/opi_vision/lib/python3.10/site-packages/opi_vision-0.1.0-py3.10.egg-info
[1.892s] running install_scripts
[1.924s] Installing image_rate script to /home/avcpp/AV-CPP2025/Autopilot/install/opi_vision/lib/opi_vision
[1.924s] Installing mjpeg_server script to /home/avcpp/AV-CPP2025/Autopilot/install/opi_vision/lib/opi_vision
[1.924s] Installing yolo_annotate script to /home/avcpp/AV-CPP2025/Autopilot/install/opi_vision/lib/opi_vision
[1.925s] writing list of installed files to '/home/avcpp/AV-CPP2025/Autopilot/build/opi_vision/install.log'
[2.016s] Invoked command in '/home/avcpp/AV-CPP2025/Autopilot/src/opi_vision' returned '0': PYTHONPATH=/home/avcpp/AV-CPP2025/Autopilot/build/opi_vision/prefix_override:/usr/lib/python3/dist-packages/colcon_core/task/python/colcon_distutils_commands:/home/avcpp/AV-CPP2025/Autopilot/install/opi_vision/lib/python3.10/site-packages:${PYTHONPATH} VIRTUAL_ENV_PROMPT=(.venv) /usr/bin/python3 -W ignore:setup.py install is deprecated -W ignore:easy_install command is deprecated setup.py egg_info --egg-base ../../build/opi_vision build --build-base /home/avcpp/AV-CPP2025/Autopilot/build/opi_vision/build install --record /home/avcpp/AV-CPP2025/Autopilot/build/opi_vision/install.log --single-version-externally-managed install_data --force
