[0.234s] DEBUG:colcon:Command line arguments: ['/usr/bin/colcon', 'build', '--symlink-install']
[0.235s] DEBUG:colcon:Parsed command line arguments: Namespace(log_base=None, log_level=None, verb_name='build', build_base='build', install_base='install', merge_install=False, symlink_install=True, test_result_base=None, continue_on_error=False, executor='parallel', parallel_workers=8, event_handlers=None, ignore_user_meta=False, metas=['./colcon.meta'], base_paths=['.'], packages_ignore=None, packages_ignore_regex=None, paths=None, packages_up_to=None, packages_up_to_regex=None, packages_above=None, packages_above_and_dependencies=None, packages_above_depth=None, packages_select_by_dep=None, packages_skip_by_dep=None, packages_skip_up_to=None, packages_select_build_failed=False, packages_skip_build_finished=False, packages_select_test_failures=False, packages_skip_test_passed=False, packages_select=None, packages_skip=None, packages_select_regex=None, packages_skip_regex=None, packages_start=None, packages_end=None, cmake_args=None, cmake_target=None, cmake_target_skip_unavailable=False, cmake_clean_cache=False, cmake_clean_first=False, cmake_force_configure=False, ament_cmake_args=None, catkin_cmake_args=None, catkin_skip_building_tests=False, mixin_files=None, mixin=None, verb_parser=<colcon_mixin.mixin.mixin_argument.MixinArgumentDecorator object at 0x7f94566ad0>, verb_extension=<colcon_core.verb.build.BuildVerb object at 0x7f94713fd0>, main=<bound method BuildVerb.main of <colcon_core.verb.build.BuildVerb object at 0x7f94713fd0>>, mixin_verb=('build',))
[0.346s] Level 1:colcon.colcon_core.package_discovery:discover_packages(colcon_meta) check parameters
[0.346s] Level 1:colcon.colcon_core.package_discovery:discover_packages(recursive) check parameters
[0.346s] Level 1:colcon.colcon_core.package_discovery:discover_packages(ignore) check parameters
[0.346s] Level 1:colcon.colcon_core.package_discovery:discover_packages(path) check parameters
[0.346s] Level 1:colcon.colcon_core.package_discovery:discover_packages(colcon_meta) discover
[0.347s] Level 1:colcon.colcon_core.package_discovery:discover_packages(recursive) discover
[0.347s] INFO:colcon.colcon_core.package_discovery:Crawling recursively for packages in '/home/avcpp/AV-CPP2025/Vehicle'
[0.347s] Level 1:colcon.colcon_core.package_identification:_identify(.) by extensions ['ignore', 'ignore_ament_install']
[0.347s] Level 1:colcon.colcon_core.package_identification:_identify(.) by extension 'ignore'
[0.347s] Level 1:colcon.colcon_core.package_identification:_identify(.) by extension 'ignore_ament_install'
[0.347s] Level 1:colcon.colcon_core.package_identification:_identify(.) by extensions ['colcon_pkg']
[0.347s] Level 1:colcon.colcon_core.package_identification:_identify(.) by extension 'colcon_pkg'
[0.347s] Level 1:colcon.colcon_core.package_identification:_identify(.) by extensions ['colcon_meta']
[0.347s] Level 1:colcon.colcon_core.package_identification:_identify(.) by extension 'colcon_meta'
[0.348s] Level 1:colcon.colcon_core.package_identification:_identify(.) by extensions ['ros']
[0.348s] Level 1:colcon.colcon_core.package_identification:_identify(.) by extension 'ros'
[0.380s] Level 1:colcon.colcon_core.package_identification:_identify(.) by extensions ['cmake', 'python']
[0.381s] Level 1:colcon.colcon_core.package_identification:_identify(.) by extension 'cmake'
[0.381s] Level 1:colcon.colcon_core.package_identification:_identify(.) by extension 'python'
[0.381s] Level 1:colcon.colcon_core.package_identification:_identify(.) by extensions ['python_setup_py']
[0.381s] Level 1:colcon.colcon_core.package_identification:_identify(.) by extension 'python_setup_py'
[0.381s] Level 1:colcon.colcon_core.package_identification:_identify(build) by extensions ['ignore', 'ignore_ament_install']
[0.381s] Level 1:colcon.colcon_core.package_identification:_identify(build) by extension 'ignore'
[0.382s] Level 1:colcon.colcon_core.package_identification:_identify(build) ignored
[0.382s] Level 1:colcon.colcon_core.package_identification:_identify(install) by extensions ['ignore', 'ignore_ament_install']
[0.382s] Level 1:colcon.colcon_core.package_identification:_identify(install) by extension 'ignore'
[0.382s] Level 1:colcon.colcon_core.package_identification:_identify(install) ignored
[0.382s] Level 1:colcon.colcon_core.package_identification:_identify(log) by extensions ['ignore', 'ignore_ament_install']
[0.382s] Level 1:colcon.colcon_core.package_identification:_identify(log) by extension 'ignore'
[0.382s] Level 1:colcon.colcon_core.package_identification:_identify(log) ignored
[0.382s] Level 1:colcon.colcon_core.package_identification:_identify(src) by extensions ['ignore', 'ignore_ament_install']
[0.382s] Level 1:colcon.colcon_core.package_identification:_identify(src) by extension 'ignore'
[0.383s] Level 1:colcon.colcon_core.package_identification:_identify(src) by extension 'ignore_ament_install'
[0.383s] Level 1:colcon.colcon_core.package_identification:_identify(src) by extensions ['colcon_pkg']
[0.383s] Level 1:colcon.colcon_core.package_identification:_identify(src) by extension 'colcon_pkg'
[0.383s] Level 1:colcon.colcon_core.package_identification:_identify(src) by extensions ['colcon_meta']
[0.383s] Level 1:colcon.colcon_core.package_identification:_identify(src) by extension 'colcon_meta'
[0.383s] Level 1:colcon.colcon_core.package_identification:_identify(src) by extensions ['ros']
[0.383s] Level 1:colcon.colcon_core.package_identification:_identify(src) by extension 'ros'
[0.383s] Level 1:colcon.colcon_core.package_identification:_identify(src) by extensions ['cmake', 'python']
[0.383s] Level 1:colcon.colcon_core.package_identification:_identify(src) by extension 'cmake'
[0.383s] Level 1:colcon.colcon_core.package_identification:_identify(src) by extension 'python'
[0.383s] Level 1:colcon.colcon_core.package_identification:_identify(src) by extensions ['python_setup_py']
[0.383s] Level 1:colcon.colcon_core.package_identification:_identify(src) by extension 'python_setup_py'
[0.383s] Level 1:colcon.colcon_core.package_identification:_identify(src/vehicle_core) by extensions ['ignore', 'ignore_ament_install']
[0.383s] Level 1:colcon.colcon_core.package_identification:_identify(src/vehicle_core) by extension 'ignore'
[0.383s] Level 1:colcon.colcon_core.package_identification:_identify(src/vehicle_core) by extension 'ignore_ament_install'
[0.384s] Level 1:colcon.colcon_core.package_identification:_identify(src/vehicle_core) by extensions ['colcon_pkg']
[0.384s] Level 1:colcon.colcon_core.package_identification:_identify(src/vehicle_core) by extension 'colcon_pkg'
[0.384s] Level 1:colcon.colcon_core.package_identification:_identify(src/vehicle_core) by extensions ['colcon_meta']
[0.384s] Level 1:colcon.colcon_core.package_identification:_identify(src/vehicle_core) by extension 'colcon_meta'
[0.384s] Level 1:colcon.colcon_core.package_identification:_identify(src/vehicle_core) by extensions ['ros']
[0.384s] Level 1:colcon.colcon_core.package_identification:_identify(src/vehicle_core) by extension 'ros'
[0.404s] DEBUG:colcon.colcon_core.package_identification:Package 'src/vehicle_core' with type 'ros.ament_cmake' and name 'vehicle_core'
[0.405s] Level 1:colcon.colcon_core.package_discovery:discover_packages(recursive) using defaults
[0.405s] Level 1:colcon.colcon_core.package_discovery:discover_packages(ignore) discover
[0.405s] Level 1:colcon.colcon_core.package_discovery:discover_packages(ignore) using defaults
[0.405s] Level 1:colcon.colcon_core.package_discovery:discover_packages(path) discover
[0.405s] Level 1:colcon.colcon_core.package_discovery:discover_packages(path) using defaults
[0.455s] Level 5:colcon.colcon_core.verb:set package 'vehicle_core' build argument 'cmake_args' from command line to 'None'
[0.455s] Level 5:colcon.colcon_core.verb:set package 'vehicle_core' build argument 'cmake_target' from command line to 'None'
[0.455s] Level 5:colcon.colcon_core.verb:set package 'vehicle_core' build argument 'cmake_target_skip_unavailable' from command line to 'False'
[0.455s] Level 5:colcon.colcon_core.verb:set package 'vehicle_core' build argument 'cmake_clean_cache' from command line to 'False'
[0.455s] Level 5:colcon.colcon_core.verb:set package 'vehicle_core' build argument 'cmake_clean_first' from command line to 'False'
[0.455s] Level 5:colcon.colcon_core.verb:set package 'vehicle_core' build argument 'cmake_force_configure' from command line to 'False'
[0.456s] Level 5:colcon.colcon_core.verb:set package 'vehicle_core' build argument 'ament_cmake_args' from command line to 'None'
[0.456s] Level 5:colcon.colcon_core.verb:set package 'vehicle_core' build argument 'catkin_cmake_args' from command line to 'None'
[0.456s] Level 5:colcon.colcon_core.verb:set package 'vehicle_core' build argument 'catkin_skip_building_tests' from command line to 'False'
[0.456s] DEBUG:colcon.colcon_core.verb:Building package 'vehicle_core' with the following arguments: {'ament_cmake_args': None, 'build_base': '/home/avcpp/AV-CPP2025/Vehicle/build/vehicle_core', 'catkin_cmake_args': None, 'catkin_skip_building_tests': False, 'cmake_args': None, 'cmake_clean_cache': False, 'cmake_clean_first': False, 'cmake_force_configure': False, 'cmake_target': None, 'cmake_target_skip_unavailable': False, 'install_base': '/home/avcpp/AV-CPP2025/Vehicle/install/vehicle_core', 'merge_install': False, 'path': '/home/avcpp/AV-CPP2025/Vehicle/src/vehicle_core', 'symlink_install': True, 'test_result_base': None}
[0.456s] INFO:colcon.colcon_core.executor:Executing jobs using 'parallel' executor
[0.458s] DEBUG:colcon.colcon_parallel_executor.executor.parallel:run_until_complete
[0.459s] INFO:colcon.colcon_ros.task.ament_cmake.build:Building ROS package in '/home/avcpp/AV-CPP2025/Vehicle/src/vehicle_core' with build type 'ament_cmake'
[0.459s] INFO:colcon.colcon_cmake.task.cmake.build:Building CMake package in '/home/avcpp/AV-CPP2025/Vehicle/src/vehicle_core'
[0.465s] INFO:colcon.colcon_core.plugin_system:Skipping extension 'colcon_core.shell.bat': Not used on non-Windows systems
[0.467s] INFO:colcon.colcon_core.shell:Skip shell extension 'powershell' for command environment: Not usable outside of PowerShell
[0.467s] DEBUG:colcon.colcon_core.shell:Skip shell extension 'dsv' for command environment
[0.502s] DEBUG:colcon.colcon_core.event_handler.log_command:Invoking command in '/home/avcpp/AV-CPP2025/Vehicle/build/vehicle_core': CMAKE_PREFIX_PATH=${CMAKE_PREFIX_PATH}:/opt/ros/humble /usr/bin/cmake --build /home/avcpp/AV-CPP2025/Vehicle/build/vehicle_core -- -j8 -l8
[41.156s] DEBUG:colcon.colcon_core.event_handler.log_command:Invoked command in '/home/avcpp/AV-CPP2025/Vehicle/build/vehicle_core' returned '0': CMAKE_PREFIX_PATH=${CMAKE_PREFIX_PATH}:/opt/ros/humble /usr/bin/cmake --build /home/avcpp/AV-CPP2025/Vehicle/build/vehicle_core -- -j8 -l8
[41.206s] DEBUG:colcon.colcon_core.event_handler.log_command:Invoking command in '/home/avcpp/AV-CPP2025/Vehicle/build/vehicle_core': CMAKE_PREFIX_PATH=${CMAKE_PREFIX_PATH}:/opt/ros/humble /usr/bin/cmake --install /home/avcpp/AV-CPP2025/Vehicle/build/vehicle_core
[41.452s] Level 1:colcon.colcon_core.environment:create_environment_scripts_only(vehicle_core)
[41.454s] DEBUG:colcon.colcon_core.event_handler.log_command:Invoked command in '/home/avcpp/AV-CPP2025/Vehicle/build/vehicle_core' returned '0': CMAKE_PREFIX_PATH=${CMAKE_PREFIX_PATH}:/opt/ros/humble /usr/bin/cmake --install /home/avcpp/AV-CPP2025/Vehicle/build/vehicle_core
[41.465s] Level 1:colcon.colcon_core.environment:checking '/home/avcpp/AV-CPP2025/Vehicle/install/vehicle_core' for CMake module files
[41.469s] Level 1:colcon.colcon_core.environment:checking '/home/avcpp/AV-CPP2025/Vehicle/install/vehicle_core' for CMake config files
[41.475s] Level 1:colcon.colcon_core.shell:create_environment_hook('vehicle_core', 'cmake_prefix_path')
[41.476s] INFO:colcon.colcon_core.shell:Creating environment hook '/home/avcpp/AV-CPP2025/Vehicle/install/vehicle_core/share/vehicle_core/hook/cmake_prefix_path.ps1'
[41.479s] INFO:colcon.colcon_core.shell:Creating environment descriptor '/home/avcpp/AV-CPP2025/Vehicle/install/vehicle_core/share/vehicle_core/hook/cmake_prefix_path.dsv'
[41.481s] INFO:colcon.colcon_core.shell:Creating environment hook '/home/avcpp/AV-CPP2025/Vehicle/install/vehicle_core/share/vehicle_core/hook/cmake_prefix_path.sh'
[41.486s] Level 1:colcon.colcon_core.environment:checking '/home/avcpp/AV-CPP2025/Vehicle/install/vehicle_core/lib'
[41.486s] Level 1:colcon.colcon_core.shell:create_environment_hook('vehicle_core', 'ld_library_path_lib')
[41.488s] INFO:colcon.colcon_core.shell:Creating environment hook '/home/avcpp/AV-CPP2025/Vehicle/install/vehicle_core/share/vehicle_core/hook/ld_library_path_lib.ps1'
[41.489s] INFO:colcon.colcon_core.shell:Creating environment descriptor '/home/avcpp/AV-CPP2025/Vehicle/install/vehicle_core/share/vehicle_core/hook/ld_library_path_lib.dsv'
[41.491s] INFO:colcon.colcon_core.shell:Creating environment hook '/home/avcpp/AV-CPP2025/Vehicle/install/vehicle_core/share/vehicle_core/hook/ld_library_path_lib.sh'
[41.492s] Level 1:colcon.colcon_core.environment:checking '/home/avcpp/AV-CPP2025/Vehicle/install/vehicle_core/bin'
[41.492s] Level 1:colcon.colcon_core.environment:checking '/home/avcpp/AV-CPP2025/Vehicle/install/vehicle_core/lib/pkgconfig/vehicle_core.pc'
[41.497s] Level 1:colcon.colcon_core.environment:checking '/home/avcpp/AV-CPP2025/Vehicle/install/vehicle_core/lib/python3.10/site-packages'
[41.498s] Level 1:colcon.colcon_core.environment:checking '/home/avcpp/AV-CPP2025/Vehicle/install/vehicle_core/bin'
[41.499s] INFO:colcon.colcon_core.shell:Creating package script '/home/avcpp/AV-CPP2025/Vehicle/install/vehicle_core/share/vehicle_core/package.ps1'
[41.503s] INFO:colcon.colcon_core.shell:Creating package descriptor '/home/avcpp/AV-CPP2025/Vehicle/install/vehicle_core/share/vehicle_core/package.dsv'
[41.506s] INFO:colcon.colcon_core.shell:Creating package script '/home/avcpp/AV-CPP2025/Vehicle/install/vehicle_core/share/vehicle_core/package.sh'
[41.510s] INFO:colcon.colcon_core.shell:Creating package script '/home/avcpp/AV-CPP2025/Vehicle/install/vehicle_core/share/vehicle_core/package.bash'
[41.513s] INFO:colcon.colcon_core.shell:Creating package script '/home/avcpp/AV-CPP2025/Vehicle/install/vehicle_core/share/vehicle_core/package.zsh'
[41.517s] Level 1:colcon.colcon_core.environment:create_file_with_runtime_dependencies(/home/avcpp/AV-CPP2025/Vehicle/install/vehicle_core/share/colcon-core/packages/vehicle_core)
[41.520s] Level 1:colcon.colcon_core.environment:create_environment_scripts_only(vehicle_core)
[41.521s] Level 1:colcon.colcon_core.environment:checking '/home/avcpp/AV-CPP2025/Vehicle/install/vehicle_core' for CMake module files
[41.524s] Level 1:colcon.colcon_core.environment:checking '/home/avcpp/AV-CPP2025/Vehicle/install/vehicle_core' for CMake config files
[41.531s] Level 1:colcon.colcon_core.shell:create_environment_hook('vehicle_core', 'cmake_prefix_path')
[41.532s] INFO:colcon.colcon_core.shell:Creating environment hook '/home/avcpp/AV-CPP2025/Vehicle/install/vehicle_core/share/vehicle_core/hook/cmake_prefix_path.ps1'
[41.534s] INFO:colcon.colcon_core.shell:Creating environment descriptor '/home/avcpp/AV-CPP2025/Vehicle/install/vehicle_core/share/vehicle_core/hook/cmake_prefix_path.dsv'
[41.536s] INFO:colcon.colcon_core.shell:Creating environment hook '/home/avcpp/AV-CPP2025/Vehicle/install/vehicle_core/share/vehicle_core/hook/cmake_prefix_path.sh'
[41.539s] Level 1:colcon.colcon_core.environment:checking '/home/avcpp/AV-CPP2025/Vehicle/install/vehicle_core/lib'
[41.540s] Level 1:colcon.colcon_core.shell:create_environment_hook('vehicle_core', 'ld_library_path_lib')
[41.541s] INFO:colcon.colcon_core.shell:Creating environment hook '/home/avcpp/AV-CPP2025/Vehicle/install/vehicle_core/share/vehicle_core/hook/ld_library_path_lib.ps1'
[41.544s] INFO:colcon.colcon_core.shell:Creating environment descriptor '/home/avcpp/AV-CPP2025/Vehicle/install/vehicle_core/share/vehicle_core/hook/ld_library_path_lib.dsv'
[41.544s] INFO:colcon.colcon_core.shell:Creating environment hook '/home/avcpp/AV-CPP2025/Vehicle/install/vehicle_core/share/vehicle_core/hook/ld_library_path_lib.sh'
[41.545s] Level 1:colcon.colcon_core.environment:checking '/home/avcpp/AV-CPP2025/Vehicle/install/vehicle_core/bin'
[41.545s] Level 1:colcon.colcon_core.environment:checking '/home/avcpp/AV-CPP2025/Vehicle/install/vehicle_core/lib/pkgconfig/vehicle_core.pc'
[41.545s] Level 1:colcon.colcon_core.environment:checking '/home/avcpp/AV-CPP2025/Vehicle/install/vehicle_core/lib/python3.10/site-packages'
[41.546s] Level 1:colcon.colcon_core.environment:checking '/home/avcpp/AV-CPP2025/Vehicle/install/vehicle_core/bin'
[41.546s] INFO:colcon.colcon_core.shell:Creating package script '/home/avcpp/AV-CPP2025/Vehicle/install/vehicle_core/share/vehicle_core/package.ps1'
[41.547s] INFO:colcon.colcon_core.shell:Creating package descriptor '/home/avcpp/AV-CPP2025/Vehicle/install/vehicle_core/share/vehicle_core/package.dsv'
[41.548s] INFO:colcon.colcon_core.shell:Creating package script '/home/avcpp/AV-CPP2025/Vehicle/install/vehicle_core/share/vehicle_core/package.sh'
[41.548s] INFO:colcon.colcon_core.shell:Creating package script '/home/avcpp/AV-CPP2025/Vehicle/install/vehicle_core/share/vehicle_core/package.bash'
[41.549s] INFO:colcon.colcon_core.shell:Creating package script '/home/avcpp/AV-CPP2025/Vehicle/install/vehicle_core/share/vehicle_core/package.zsh'
[41.550s] Level 1:colcon.colcon_core.environment:create_file_with_runtime_dependencies(/home/avcpp/AV-CPP2025/Vehicle/install/vehicle_core/share/colcon-core/packages/vehicle_core)
[41.550s] DEBUG:colcon.colcon_parallel_executor.executor.parallel:closing loop
[41.551s] DEBUG:colcon.colcon_parallel_executor.executor.parallel:loop closed
[41.551s] DEBUG:colcon.colcon_parallel_executor.executor.parallel:run_until_complete finished with '0'
[41.551s] DEBUG:colcon.colcon_core.event_reactor:joining thread
[41.572s] INFO:colcon.colcon_core.plugin_system:Skipping extension 'colcon_notification.desktop_notification.notify_send': Could not find 'notify-send'
[41.573s] INFO:colcon.colcon_core.plugin_system:Skipping extension 'colcon_notification.desktop_notification.terminal_notifier': Not used on non-Darwin systems
[41.573s] INFO:colcon.colcon_core.plugin_system:Skipping extension 'colcon_notification.desktop_notification.win32': Not used on non-Windows systems
[41.574s] INFO:colcon.colcon_notification.desktop_notification:Sending desktop notification using 'notify2'
[41.617s] DEBUG:colcon.colcon_notification.desktop_notification.notify2:Failed to initialize notify2: org.freedesktop.DBus.Error.ServiceUnknown: The name org.freedesktop.Notifications was not provided by any .service files
[41.617s] DEBUG:colcon.colcon_core.event_reactor:joined thread
[41.618s] INFO:colcon.colcon_core.shell:Creating prefix script '/home/avcpp/AV-CPP2025/Vehicle/install/local_setup.ps1'
[41.620s] INFO:colcon.colcon_core.shell:Creating prefix util module '/home/avcpp/AV-CPP2025/Vehicle/install/_local_setup_util_ps1.py'
[41.624s] INFO:colcon.colcon_core.shell:Creating prefix chain script '/home/avcpp/AV-CPP2025/Vehicle/install/setup.ps1'
[41.626s] INFO:colcon.colcon_core.shell:Creating prefix script '/home/avcpp/AV-CPP2025/Vehicle/install/local_setup.sh'
[41.628s] INFO:colcon.colcon_core.shell:Creating prefix util module '/home/avcpp/AV-CPP2025/Vehicle/install/_local_setup_util_sh.py'
[41.629s] INFO:colcon.colcon_core.shell:Creating prefix chain script '/home/avcpp/AV-CPP2025/Vehicle/install/setup.sh'
[41.632s] INFO:colcon.colcon_core.shell:Creating prefix script '/home/avcpp/AV-CPP2025/Vehicle/install/local_setup.bash'
[41.633s] INFO:colcon.colcon_core.shell:Creating prefix chain script '/home/avcpp/AV-CPP2025/Vehicle/install/setup.bash'
[41.635s] INFO:colcon.colcon_core.shell:Creating prefix script '/home/avcpp/AV-CPP2025/Vehicle/install/local_setup.zsh'
[41.637s] INFO:colcon.colcon_core.shell:Creating prefix chain script '/home/avcpp/AV-CPP2025/Vehicle/install/setup.zsh'
