[0.133s] DEBUG:colcon:Command line arguments: ['/usr/bin/colcon', 'build', '--symlink-install']
[0.133s] DEBUG:colcon:Parsed command line arguments: Namespace(log_base=None, log_level=None, verb_name='build', build_base='build', install_base='install', merge_install=False, symlink_install=True, test_result_base=None, continue_on_error=False, executor='parallel', parallel_workers=8, event_handlers=None, ignore_user_meta=False, metas=['./colcon.meta'], base_paths=['.'], packages_ignore=None, packages_ignore_regex=None, paths=None, packages_up_to=None, packages_up_to_regex=None, packages_above=None, packages_above_and_dependencies=None, packages_above_depth=None, packages_select_by_dep=None, packages_skip_by_dep=None, packages_skip_up_to=None, packages_select_build_failed=False, packages_skip_build_finished=False, packages_select_test_failures=False, packages_skip_test_passed=False, packages_select=None, packages_skip=None, packages_select_regex=None, packages_skip_regex=None, packages_start=None, packages_end=None, cmake_args=None, cmake_target=None, cmake_target_skip_unavailable=False, cmake_clean_cache=False, cmake_clean_first=False, cmake_force_configure=False, ament_cmake_args=None, catkin_cmake_args=None, catkin_skip_building_tests=False, mixin_files=None, mixin=None, verb_parser=<colcon_mixin.mixin.mixin_argument.MixinArgumentDecorator object at 0x7fae445930>, verb_extension=<colcon_core.verb.build.BuildVerb object at 0x7fae5c2fe0>, main=<bound method BuildVerb.main of <colcon_core.verb.build.BuildVerb object at 0x7fae5c2fe0>>, mixin_verb=('build',))
[0.311s] Level 1:colcon.colcon_core.package_discovery:discover_packages(colcon_meta) check parameters
[0.311s] Level 1:colcon.colcon_core.package_discovery:discover_packages(recursive) check parameters
[0.311s] Level 1:colcon.colcon_core.package_discovery:discover_packages(ignore) check parameters
[0.311s] Level 1:colcon.colcon_core.package_discovery:discover_packages(path) check parameters
[0.311s] Level 1:colcon.colcon_core.package_discovery:discover_packages(colcon_meta) discover
[0.311s] Level 1:colcon.colcon_core.package_discovery:discover_packages(recursive) discover
[0.311s] INFO:colcon.colcon_core.package_discovery:Crawling recursively for packages in '/home/avcpp/AV-CPP2025/Vehicle'
[0.311s] Level 1:colcon.colcon_core.package_identification:_identify(.) by extensions ['ignore', 'ignore_ament_install']
[0.312s] Level 1:colcon.colcon_core.package_identification:_identify(.) by extension 'ignore'
[0.312s] Level 1:colcon.colcon_core.package_identification:_identify(.) by extension 'ignore_ament_install'
[0.312s] Level 1:colcon.colcon_core.package_identification:_identify(.) by extensions ['colcon_pkg']
[0.312s] Level 1:colcon.colcon_core.package_identification:_identify(.) by extension 'colcon_pkg'
[0.312s] Level 1:colcon.colcon_core.package_identification:_identify(.) by extensions ['colcon_meta']
[0.312s] Level 1:colcon.colcon_core.package_identification:_identify(.) by extension 'colcon_meta'
[0.312s] Level 1:colcon.colcon_core.package_identification:_identify(.) by extensions ['ros']
[0.312s] Level 1:colcon.colcon_core.package_identification:_identify(.) by extension 'ros'
[0.327s] Level 1:colcon.colcon_core.package_identification:_identify(.) by extensions ['cmake', 'python']
[0.327s] Level 1:colcon.colcon_core.package_identification:_identify(.) by extension 'cmake'
[0.327s] Level 1:colcon.colcon_core.package_identification:_identify(.) by extension 'python'
[0.327s] Level 1:colcon.colcon_core.package_identification:_identify(.) by extensions ['python_setup_py']
[0.327s] Level 1:colcon.colcon_core.package_identification:_identify(.) by extension 'python_setup_py'
[0.328s] Level 1:colcon.colcon_core.package_identification:_identify(build) by extensions ['ignore', 'ignore_ament_install']
[0.328s] Level 1:colcon.colcon_core.package_identification:_identify(build) by extension 'ignore'
[0.328s] Level 1:colcon.colcon_core.package_identification:_identify(build) ignored
[0.328s] Level 1:colcon.colcon_core.package_identification:_identify(install) by extensions ['ignore', 'ignore_ament_install']
[0.328s] Level 1:colcon.colcon_core.package_identification:_identify(install) by extension 'ignore'
[0.328s] Level 1:colcon.colcon_core.package_identification:_identify(install) ignored
[0.328s] Level 1:colcon.colcon_core.package_identification:_identify(log) by extensions ['ignore', 'ignore_ament_install']
[0.328s] Level 1:colcon.colcon_core.package_identification:_identify(log) by extension 'ignore'
[0.328s] Level 1:colcon.colcon_core.package_identification:_identify(log) ignored
[0.328s] Level 1:colcon.colcon_core.package_identification:_identify(src) by extensions ['ignore', 'ignore_ament_install']
[0.328s] Level 1:colcon.colcon_core.package_identification:_identify(src) by extension 'ignore'
[0.328s] Level 1:colcon.colcon_core.package_identification:_identify(src) by extension 'ignore_ament_install'
[0.329s] Level 1:colcon.colcon_core.package_identification:_identify(src) by extensions ['colcon_pkg']
[0.329s] Level 1:colcon.colcon_core.package_identification:_identify(src) by extension 'colcon_pkg'
[0.329s] Level 1:colcon.colcon_core.package_identification:_identify(src) by extensions ['colcon_meta']
[0.329s] Level 1:colcon.colcon_core.package_identification:_identify(src) by extension 'colcon_meta'
[0.329s] Level 1:colcon.colcon_core.package_identification:_identify(src) by extensions ['ros']
[0.329s] Level 1:colcon.colcon_core.package_identification:_identify(src) by extension 'ros'
[0.329s] Level 1:colcon.colcon_core.package_identification:_identify(src) by extensions ['cmake', 'python']
[0.329s] Level 1:colcon.colcon_core.package_identification:_identify(src) by extension 'cmake'
[0.329s] Level 1:colcon.colcon_core.package_identification:_identify(src) by extension 'python'
[0.329s] Level 1:colcon.colcon_core.package_identification:_identify(src) by extensions ['python_setup_py']
[0.329s] Level 1:colcon.colcon_core.package_identification:_identify(src) by extension 'python_setup_py'
[0.329s] Level 1:colcon.colcon_core.package_identification:_identify(src/vehicle_core) by extensions ['ignore', 'ignore_ament_install']
[0.329s] Level 1:colcon.colcon_core.package_identification:_identify(src/vehicle_core) by extension 'ignore'
[0.329s] Level 1:colcon.colcon_core.package_identification:_identify(src/vehicle_core) by extension 'ignore_ament_install'
[0.329s] Level 1:colcon.colcon_core.package_identification:_identify(src/vehicle_core) by extensions ['colcon_pkg']
[0.329s] Level 1:colcon.colcon_core.package_identification:_identify(src/vehicle_core) by extension 'colcon_pkg'
[0.329s] Level 1:colcon.colcon_core.package_identification:_identify(src/vehicle_core) by extensions ['colcon_meta']
[0.329s] Level 1:colcon.colcon_core.package_identification:_identify(src/vehicle_core) by extension 'colcon_meta'
[0.329s] Level 1:colcon.colcon_core.package_identification:_identify(src/vehicle_core) by extensions ['ros']
[0.329s] Level 1:colcon.colcon_core.package_identification:_identify(src/vehicle_core) by extension 'ros'
[0.334s] DEBUG:colcon.colcon_core.package_identification:Package 'src/vehicle_core' with type 'ros.ament_cmake' and name 'vehicle_core'
[0.334s] Level 1:colcon.colcon_core.package_discovery:discover_packages(recursive) using defaults
[0.334s] Level 1:colcon.colcon_core.package_discovery:discover_packages(ignore) discover
[0.334s] Level 1:colcon.colcon_core.package_discovery:discover_packages(ignore) using defaults
[0.334s] Level 1:colcon.colcon_core.package_discovery:discover_packages(path) discover
[0.334s] Level 1:colcon.colcon_core.package_discovery:discover_packages(path) using defaults
[0.359s] Level 5:colcon.colcon_core.verb:set package 'vehicle_core' build argument 'cmake_args' from command line to 'None'
[0.359s] Level 5:colcon.colcon_core.verb:set package 'vehicle_core' build argument 'cmake_target' from command line to 'None'
[0.359s] Level 5:colcon.colcon_core.verb:set package 'vehicle_core' build argument 'cmake_target_skip_unavailable' from command line to 'False'
[0.359s] Level 5:colcon.colcon_core.verb:set package 'vehicle_core' build argument 'cmake_clean_cache' from command line to 'False'
[0.359s] Level 5:colcon.colcon_core.verb:set package 'vehicle_core' build argument 'cmake_clean_first' from command line to 'False'
[0.360s] Level 5:colcon.colcon_core.verb:set package 'vehicle_core' build argument 'cmake_force_configure' from command line to 'False'
[0.360s] Level 5:colcon.colcon_core.verb:set package 'vehicle_core' build argument 'ament_cmake_args' from command line to 'None'
[0.360s] Level 5:colcon.colcon_core.verb:set package 'vehicle_core' build argument 'catkin_cmake_args' from command line to 'None'
[0.360s] Level 5:colcon.colcon_core.verb:set package 'vehicle_core' build argument 'catkin_skip_building_tests' from command line to 'False'
[0.360s] DEBUG:colcon.colcon_core.verb:Building package 'vehicle_core' with the following arguments: {'ament_cmake_args': None, 'build_base': '/home/avcpp/AV-CPP2025/Vehicle/build/vehicle_core', 'catkin_cmake_args': None, 'catkin_skip_building_tests': False, 'cmake_args': None, 'cmake_clean_cache': False, 'cmake_clean_first': False, 'cmake_force_configure': False, 'cmake_target': None, 'cmake_target_skip_unavailable': False, 'install_base': '/home/avcpp/AV-CPP2025/Vehicle/install/vehicle_core', 'merge_install': False, 'path': '/home/avcpp/AV-CPP2025/Vehicle/src/vehicle_core', 'symlink_install': True, 'test_result_base': None}
[0.360s] INFO:colcon.colcon_core.executor:Executing jobs using 'parallel' executor
[0.365s] DEBUG:colcon.colcon_parallel_executor.executor.parallel:run_until_complete
[0.366s] INFO:colcon.colcon_ros.task.ament_cmake.build:Building ROS package in '/home/avcpp/AV-CPP2025/Vehicle/src/vehicle_core' with build type 'ament_cmake'
[0.367s] INFO:colcon.colcon_cmake.task.cmake.build:Building CMake package in '/home/avcpp/AV-CPP2025/Vehicle/src/vehicle_core'
[0.377s] INFO:colcon.colcon_core.plugin_system:Skipping extension 'colcon_core.shell.bat': Not used on non-Windows systems
[0.378s] INFO:colcon.colcon_core.shell:Skip shell extension 'powershell' for command environment: Not usable outside of PowerShell
[0.378s] DEBUG:colcon.colcon_core.shell:Skip shell extension 'dsv' for command environment
[0.379s] WARNING:colcon.colcon_ros.prefix_path.ament:The path '/home/avcpp/AV-CPP2025/Vehicle/install/vehicle_core' in the environment variable AMENT_PREFIX_PATH doesn't exist
[0.380s] WARNING:colcon.colcon_ros.prefix_path.catkin:The path '/home/avcpp/AV-CPP2025/Vehicle/install/vehicle_core' in the environment variable CMAKE_PREFIX_PATH doesn't exist
[0.422s] DEBUG:colcon.colcon_core.event_handler.log_command:Invoking command in '/home/avcpp/AV-CPP2025/Vehicle/build/vehicle_core': CMAKE_PREFIX_PATH=${CMAKE_PREFIX_PATH}:/opt/ros/humble /usr/bin/cmake /home/avcpp/AV-CPP2025/Vehicle/src/vehicle_core -DAMENT_CMAKE_SYMLINK_INSTALL=1 -DCMAKE_INSTALL_PREFIX=/home/avcpp/AV-CPP2025/Vehicle/install/vehicle_core
[5.048s] DEBUG:colcon.colcon_core.event_handler.log_command:Invoked command in '/home/avcpp/AV-CPP2025/Vehicle/build/vehicle_core' returned '0': CMAKE_PREFIX_PATH=${CMAKE_PREFIX_PATH}:/opt/ros/humble /usr/bin/cmake /home/avcpp/AV-CPP2025/Vehicle/src/vehicle_core -DAMENT_CMAKE_SYMLINK_INSTALL=1 -DCMAKE_INSTALL_PREFIX=/home/avcpp/AV-CPP2025/Vehicle/install/vehicle_core
[5.059s] DEBUG:colcon.colcon_core.event_handler.log_command:Invoking command in '/home/avcpp/AV-CPP2025/Vehicle/build/vehicle_core': CMAKE_PREFIX_PATH=${CMAKE_PREFIX_PATH}:/opt/ros/humble /usr/bin/cmake --build /home/avcpp/AV-CPP2025/Vehicle/build/vehicle_core -- -j8 -l8
[61.703s] DEBUG:colcon.colcon_core.event_handler.log_command:Invoked command in '/home/avcpp/AV-CPP2025/Vehicle/build/vehicle_core' returned '0': CMAKE_PREFIX_PATH=${CMAKE_PREFIX_PATH}:/opt/ros/humble /usr/bin/cmake --build /home/avcpp/AV-CPP2025/Vehicle/build/vehicle_core -- -j8 -l8
[61.722s] DEBUG:colcon.colcon_core.event_handler.log_command:Invoking command in '/home/avcpp/AV-CPP2025/Vehicle/build/vehicle_core': CMAKE_PREFIX_PATH=${CMAKE_PREFIX_PATH}:/opt/ros/humble /usr/bin/cmake --install /home/avcpp/AV-CPP2025/Vehicle/build/vehicle_core
[70.830s] Level 1:colcon.colcon_core.environment:create_environment_scripts_only(vehicle_core)
[70.835s] DEBUG:colcon.colcon_core.event_handler.log_command:Invoked command in '/home/avcpp/AV-CPP2025/Vehicle/build/vehicle_core' returned '0': CMAKE_PREFIX_PATH=${CMAKE_PREFIX_PATH}:/opt/ros/humble /usr/bin/cmake --install /home/avcpp/AV-CPP2025/Vehicle/build/vehicle_core
[70.843s] Level 1:colcon.colcon_core.environment:checking '/home/avcpp/AV-CPP2025/Vehicle/install/vehicle_core' for CMake module files
[70.847s] Level 1:colcon.colcon_core.environment:checking '/home/avcpp/AV-CPP2025/Vehicle/install/vehicle_core' for CMake config files
[70.852s] Level 1:colcon.colcon_core.shell:create_environment_hook('vehicle_core', 'cmake_prefix_path')
[70.854s] INFO:colcon.colcon_core.shell:Creating environment hook '/home/avcpp/AV-CPP2025/Vehicle/install/vehicle_core/share/vehicle_core/hook/cmake_prefix_path.ps1'
[70.857s] INFO:colcon.colcon_core.shell:Creating environment descriptor '/home/avcpp/AV-CPP2025/Vehicle/install/vehicle_core/share/vehicle_core/hook/cmake_prefix_path.dsv'
[70.859s] INFO:colcon.colcon_core.shell:Creating environment hook '/home/avcpp/AV-CPP2025/Vehicle/install/vehicle_core/share/vehicle_core/hook/cmake_prefix_path.sh'
[70.863s] Level 1:colcon.colcon_core.environment:checking '/home/avcpp/AV-CPP2025/Vehicle/install/vehicle_core/lib'
[70.864s] Level 1:colcon.colcon_core.shell:create_environment_hook('vehicle_core', 'ld_library_path_lib')
[70.865s] INFO:colcon.colcon_core.shell:Creating environment hook '/home/avcpp/AV-CPP2025/Vehicle/install/vehicle_core/share/vehicle_core/hook/ld_library_path_lib.ps1'
[70.866s] INFO:colcon.colcon_core.shell:Creating environment descriptor '/home/avcpp/AV-CPP2025/Vehicle/install/vehicle_core/share/vehicle_core/hook/ld_library_path_lib.dsv'
[70.867s] INFO:colcon.colcon_core.shell:Creating environment hook '/home/avcpp/AV-CPP2025/Vehicle/install/vehicle_core/share/vehicle_core/hook/ld_library_path_lib.sh'
[70.868s] Level 1:colcon.colcon_core.environment:checking '/home/avcpp/AV-CPP2025/Vehicle/install/vehicle_core/bin'
[70.868s] Level 1:colcon.colcon_core.environment:checking '/home/avcpp/AV-CPP2025/Vehicle/install/vehicle_core/lib/pkgconfig/vehicle_core.pc'
[70.875s] Level 1:colcon.colcon_core.environment:checking '/home/avcpp/AV-CPP2025/Vehicle/install/vehicle_core/lib/python3.10/site-packages'
[70.876s] Level 1:colcon.colcon_core.environment:checking '/home/avcpp/AV-CPP2025/Vehicle/install/vehicle_core/bin'
[70.877s] INFO:colcon.colcon_core.shell:Creating package script '/home/avcpp/AV-CPP2025/Vehicle/install/vehicle_core/share/vehicle_core/package.ps1'
[70.881s] INFO:colcon.colcon_core.shell:Creating package descriptor '/home/avcpp/AV-CPP2025/Vehicle/install/vehicle_core/share/vehicle_core/package.dsv'
[70.884s] INFO:colcon.colcon_core.shell:Creating package script '/home/avcpp/AV-CPP2025/Vehicle/install/vehicle_core/share/vehicle_core/package.sh'
[70.887s] INFO:colcon.colcon_core.shell:Creating package script '/home/avcpp/AV-CPP2025/Vehicle/install/vehicle_core/share/vehicle_core/package.bash'
[70.890s] INFO:colcon.colcon_core.shell:Creating package script '/home/avcpp/AV-CPP2025/Vehicle/install/vehicle_core/share/vehicle_core/package.zsh'
[70.893s] Level 1:colcon.colcon_core.environment:create_file_with_runtime_dependencies(/home/avcpp/AV-CPP2025/Vehicle/install/vehicle_core/share/colcon-core/packages/vehicle_core)
[70.896s] Level 1:colcon.colcon_core.environment:create_environment_scripts_only(vehicle_core)
[70.897s] Level 1:colcon.colcon_core.environment:checking '/home/avcpp/AV-CPP2025/Vehicle/install/vehicle_core' for CMake module files
[70.900s] Level 1:colcon.colcon_core.environment:checking '/home/avcpp/AV-CPP2025/Vehicle/install/vehicle_core' for CMake config files
[70.905s] Level 1:colcon.colcon_core.shell:create_environment_hook('vehicle_core', 'cmake_prefix_path')
[70.906s] INFO:colcon.colcon_core.shell:Creating environment hook '/home/avcpp/AV-CPP2025/Vehicle/install/vehicle_core/share/vehicle_core/hook/cmake_prefix_path.ps1'
[70.908s] INFO:colcon.colcon_core.shell:Creating environment descriptor '/home/avcpp/AV-CPP2025/Vehicle/install/vehicle_core/share/vehicle_core/hook/cmake_prefix_path.dsv'
[70.910s] INFO:colcon.colcon_core.shell:Creating environment hook '/home/avcpp/AV-CPP2025/Vehicle/install/vehicle_core/share/vehicle_core/hook/cmake_prefix_path.sh'
[70.913s] Level 1:colcon.colcon_core.environment:checking '/home/avcpp/AV-CPP2025/Vehicle/install/vehicle_core/lib'
[70.913s] Level 1:colcon.colcon_core.shell:create_environment_hook('vehicle_core', 'ld_library_path_lib')
[70.915s] INFO:colcon.colcon_core.shell:Creating environment hook '/home/avcpp/AV-CPP2025/Vehicle/install/vehicle_core/share/vehicle_core/hook/ld_library_path_lib.ps1'
[70.917s] INFO:colcon.colcon_core.shell:Creating environment descriptor '/home/avcpp/AV-CPP2025/Vehicle/install/vehicle_core/share/vehicle_core/hook/ld_library_path_lib.dsv'
[70.919s] INFO:colcon.colcon_core.shell:Creating environment hook '/home/avcpp/AV-CPP2025/Vehicle/install/vehicle_core/share/vehicle_core/hook/ld_library_path_lib.sh'
[70.921s] Level 1:colcon.colcon_core.environment:checking '/home/avcpp/AV-CPP2025/Vehicle/install/vehicle_core/bin'
[70.921s] Level 1:colcon.colcon_core.environment:checking '/home/avcpp/AV-CPP2025/Vehicle/install/vehicle_core/lib/pkgconfig/vehicle_core.pc'
[70.922s] Level 1:colcon.colcon_core.environment:checking '/home/avcpp/AV-CPP2025/Vehicle/install/vehicle_core/lib/python3.10/site-packages'
[70.922s] Level 1:colcon.colcon_core.environment:checking '/home/avcpp/AV-CPP2025/Vehicle/install/vehicle_core/bin'
[70.923s] INFO:colcon.colcon_core.shell:Creating package script '/home/avcpp/AV-CPP2025/Vehicle/install/vehicle_core/share/vehicle_core/package.ps1'
[70.924s] INFO:colcon.colcon_core.shell:Creating package descriptor '/home/avcpp/AV-CPP2025/Vehicle/install/vehicle_core/share/vehicle_core/package.dsv'
[70.924s] INFO:colcon.colcon_core.shell:Creating package script '/home/avcpp/AV-CPP2025/Vehicle/install/vehicle_core/share/vehicle_core/package.sh'
[70.925s] INFO:colcon.colcon_core.shell:Creating package script '/home/avcpp/AV-CPP2025/Vehicle/install/vehicle_core/share/vehicle_core/package.bash'
[70.926s] INFO:colcon.colcon_core.shell:Creating package script '/home/avcpp/AV-CPP2025/Vehicle/install/vehicle_core/share/vehicle_core/package.zsh'
[70.927s] Level 1:colcon.colcon_core.environment:create_file_with_runtime_dependencies(/home/avcpp/AV-CPP2025/Vehicle/install/vehicle_core/share/colcon-core/packages/vehicle_core)
[70.927s] DEBUG:colcon.colcon_parallel_executor.executor.parallel:closing loop
[70.928s] DEBUG:colcon.colcon_parallel_executor.executor.parallel:loop closed
[70.928s] DEBUG:colcon.colcon_parallel_executor.executor.parallel:run_until_complete finished with '0'
[70.928s] DEBUG:colcon.colcon_core.event_reactor:joining thread
[70.946s] INFO:colcon.colcon_core.plugin_system:Skipping extension 'colcon_notification.desktop_notification.notify_send': Could not find 'notify-send'
[70.946s] INFO:colcon.colcon_core.plugin_system:Skipping extension 'colcon_notification.desktop_notification.terminal_notifier': Not used on non-Darwin systems
[70.947s] INFO:colcon.colcon_core.plugin_system:Skipping extension 'colcon_notification.desktop_notification.win32': Not used on non-Windows systems
[70.947s] INFO:colcon.colcon_notification.desktop_notification:Sending desktop notification using 'notify2'
[70.949s] DEBUG:colcon.colcon_notification.desktop_notification.notify2:Failed to initialize notify2: org.freedesktop.DBus.Error.ServiceUnknown: The name org.freedesktop.Notifications was not provided by any .service files
[70.950s] DEBUG:colcon.colcon_core.event_reactor:joined thread
[70.951s] INFO:colcon.colcon_core.shell:Creating prefix script '/home/avcpp/AV-CPP2025/Vehicle/install/local_setup.ps1'
[70.957s] INFO:colcon.colcon_core.shell:Creating prefix util module '/home/avcpp/AV-CPP2025/Vehicle/install/_local_setup_util_ps1.py'
[70.967s] INFO:colcon.colcon_core.shell:Creating prefix chain script '/home/avcpp/AV-CPP2025/Vehicle/install/setup.ps1'
[70.971s] INFO:colcon.colcon_core.shell:Creating prefix script '/home/avcpp/AV-CPP2025/Vehicle/install/local_setup.sh'
[70.972s] INFO:colcon.colcon_core.shell:Creating prefix util module '/home/avcpp/AV-CPP2025/Vehicle/install/_local_setup_util_sh.py'
[70.973s] INFO:colcon.colcon_core.shell:Creating prefix chain script '/home/avcpp/AV-CPP2025/Vehicle/install/setup.sh'
[70.974s] INFO:colcon.colcon_core.shell:Creating prefix script '/home/avcpp/AV-CPP2025/Vehicle/install/local_setup.bash'
[70.975s] INFO:colcon.colcon_core.shell:Creating prefix chain script '/home/avcpp/AV-CPP2025/Vehicle/install/setup.bash'
[70.977s] INFO:colcon.colcon_core.shell:Creating prefix script '/home/avcpp/AV-CPP2025/Vehicle/install/local_setup.zsh'
[70.977s] INFO:colcon.colcon_core.shell:Creating prefix chain script '/home/avcpp/AV-CPP2025/Vehicle/install/setup.zsh'
