In file included from [01m[K/home/avcpp/AV-CPP2025/Vehicle/src/vehicle_core/include/KmlPathLoader.hpp:6[m[K,
                 from [01m[K/home/avcpp/AV-CPP2025/Vehicle/src/vehicle_core/src/KmlPathLoader.cpp:1[m[K:
[01m[K/home/avcpp/AV-CPP2025/Vehicle/src/vehicle_core/include/PurePursuit.hpp:[m[K In member function ‘[01m[KCommand PurePursuit::update(const Pose2D&, double)[m[K’:
[01m[K/home/avcpp/AV-CPP2025/Vehicle/src/vehicle_core/include/PurePursuit.hpp:25:28:[m[K [01;31m[Kerror: [m[K‘[01m[Kclamp[m[K’ is not a member of ‘[01m[Kstd[m[K’
   25 |     const double Ld = std::[01;31m[Kclamp[m[K(Ld_min_ + k_ * speed, Ld_min_, Ld_max_);
      |                            [01;31m[K^~~~~[m[K
gmake[2]: *** [CMakeFiles/autopilot_node_component.dir/build.make:90: CMakeFiles/autopilot_node_component.dir/src/KmlPathLoader.cpp.o] Error 1
gmake[2]: *** Waiting for unfinished jobs....
In file included from [01m[K/home/avcpp/AV-CPP2025/Vehicle/src/vehicle_core/src/autopilot_node.cpp:1[m[K:
[01m[K/home/avcpp/AV-CPP2025/Vehicle/src/vehicle_core/include/vehicle_core/autopilot_node.hpp:29:38:[m[K [01;31m[Kerror: [m[K‘[01m[KTrigger[m[K’ is not a member of ‘[01m[Kvehicle_core::srv[m[K’; did you mean ‘[01m[Kstd_srvs::srv::Trigger[m[K’?
   29 |   rclcpp::Service<vehicle_core::srv::[01;31m[KTrigger[m[K>::SharedPtr srv_start_;
      |                                      [01;31m[K^~~~~~~[m[K
In file included from [01m[K/opt/ros/humble/include/std_srvs/std_srvs/srv/trigger.hpp:7[m[K,
                 from [01m[K/home/avcpp/AV-CPP2025/Vehicle/src/vehicle_core/include/vehicle_core/autopilot_node.hpp:5[m[K,
                 from [01m[K/home/avcpp/AV-CPP2025/Vehicle/src/vehicle_core/src/autopilot_node.cpp:1[m[K:
[01m[K/opt/ros/humble/include/std_srvs/std_srvs/srv/detail/trigger__struct.hpp:258:8:[m[K [01;36m[Knote: [m[K‘[01m[Kstd_srvs::srv::Trigger[m[K’ declared here
  258 | struct [01;36m[KTrigger[m[K
      |        [01;36m[K^~~~~~~[m[K
In file included from [01m[K/home/avcpp/AV-CPP2025/Vehicle/src/vehicle_core/src/autopilot_node.cpp:1[m[K:
[01m[K/home/avcpp/AV-CPP2025/Vehicle/src/vehicle_core/include/vehicle_core/autopilot_node.hpp:29:45:[m[K [01;31m[Kerror: [m[Ktemplate argument 1 is invalid
   29 |   rclcpp::Service<vehicle_core::srv::Trigger[01;31m[K>[m[K::SharedPtr srv_start_;
      |                                             [01;31m[K^[m[K
[01m[K/home/avcpp/AV-CPP2025/Vehicle/src/vehicle_core/include/vehicle_core/autopilot_node.hpp:29:48:[m[K [01;31m[Kerror: [m[Kexpected ‘[01m[K;[m[K’ at end of member declaration
   29 |   rclcpp::Service<vehicle_core::srv::Trigger>::[01;31m[KSharedPtr[m[K srv_start_;
      |                                                [01;31m[K^~~~~~~~~[m[K
      |                                                         [32m[K;[m[K
[01m[K/home/avcpp/AV-CPP2025/Vehicle/src/vehicle_core/include/vehicle_core/autopilot_node.hpp:29:58:[m[K [01;31m[Kerror: [m[K‘[01m[Ksrv_start_[m[K’ does not name a type; did you mean ‘[01m[Kva_start[m[K’?
   29 |   rclcpp::Service<vehicle_core::srv::Trigger>::SharedPtr [01;31m[Ksrv_start_[m[K;
      |                                                          [01;31m[K^~~~~~~~~~[m[K
      |                                                          [32m[Kva_start[m[K
[01m[K/home/avcpp/AV-CPP2025/Vehicle/src/vehicle_core/include/vehicle_core/autopilot_node.hpp:30:38:[m[K [01;31m[Kerror: [m[K‘[01m[KTrigger[m[K’ is not a member of ‘[01m[Kvehicle_core::srv[m[K’; did you mean ‘[01m[Kstd_srvs::srv::Trigger[m[K’?
   30 |   rclcpp::Service<vehicle_core::srv::[01;31m[KTrigger[m[K>::SharedPtr srv_cancel_;
      |                                      [01;31m[K^~~~~~~[m[K
In file included from [01m[K/opt/ros/humble/include/std_srvs/std_srvs/srv/trigger.hpp:7[m[K,
                 from [01m[K/home/avcpp/AV-CPP2025/Vehicle/src/vehicle_core/include/vehicle_core/autopilot_node.hpp:5[m[K,
                 from [01m[K/home/avcpp/AV-CPP2025/Vehicle/src/vehicle_core/src/autopilot_node.cpp:1[m[K:
[01m[K/opt/ros/humble/include/std_srvs/std_srvs/srv/detail/trigger__struct.hpp:258:8:[m[K [01;36m[Knote: [m[K‘[01m[Kstd_srvs::srv::Trigger[m[K’ declared here
  258 | struct [01;36m[KTrigger[m[K
      |        [01;36m[K^~~~~~~[m[K
In file included from [01m[K/home/avcpp/AV-CPP2025/Vehicle/src/vehicle_core/src/autopilot_node.cpp:1[m[K:
[01m[K/home/avcpp/AV-CPP2025/Vehicle/src/vehicle_core/include/vehicle_core/autopilot_node.hpp:30:45:[m[K [01;31m[Kerror: [m[Ktemplate argument 1 is invalid
   30 |   rclcpp::Service<vehicle_core::srv::Trigger[01;31m[K>[m[K::SharedPtr srv_cancel_;
      |                                             [01;31m[K^[m[K
[01m[K/home/avcpp/AV-CPP2025/Vehicle/src/vehicle_core/include/vehicle_core/autopilot_node.hpp:30:48:[m[K [01;31m[Kerror: [m[Kexpected ‘[01m[K;[m[K’ at end of member declaration
   30 |   rclcpp::Service<vehicle_core::srv::Trigger>::[01;31m[KSharedPtr[m[K srv_cancel_;
      |                                                [01;31m[K^~~~~~~~~[m[K
      |                                                         [32m[K;[m[K
[01m[K/home/avcpp/AV-CPP2025/Vehicle/src/vehicle_core/include/vehicle_core/autopilot_node.hpp:30:48:[m[K [01;31m[Kerror: [m[Kredeclaration of ‘[01m[Kint vehicle_core::AutopilotNode::SharedPtr[m[K’
[01m[K/home/avcpp/AV-CPP2025/Vehicle/src/vehicle_core/include/vehicle_core/autopilot_node.hpp:29:48:[m[K [01;36m[Knote: [m[Kprevious declaration ‘[01m[Kint vehicle_core::AutopilotNode::SharedPtr[m[K’
   29 |   rclcpp::Service<vehicle_core::srv::Trigger>::[01;36m[KSharedPtr[m[K srv_start_;
      |                                                [01;36m[K^~~~~~~~~[m[K
[01m[K/home/avcpp/AV-CPP2025/Vehicle/src/vehicle_core/include/vehicle_core/autopilot_node.hpp:30:58:[m[K [01;31m[Kerror: [m[K‘[01m[Ksrv_cancel_[m[K’ does not name a type
   30 |   rclcpp::Service<vehicle_core::srv::Trigger>::SharedPtr [01;31m[Ksrv_cancel_[m[K;
      |                                                          [01;31m[K^~~~~~~~~~~[m[K
[01m[K/home/avcpp/AV-CPP2025/Vehicle/src/vehicle_core/include/vehicle_core/autopilot_node.hpp:35:37:[m[K [01;31m[Kerror: [m[K‘[01m[KTrigger[m[K’ is not a member of ‘[01m[Kvehicle_core::srv[m[K’; did you mean ‘[01m[Kstd_srvs::srv::Trigger[m[K’?
   35 |   rclcpp::Client<vehicle_core::srv::[01;31m[KTrigger[m[K>::SharedPtr cli_notify_ready_;
      |                                     [01;31m[K^~~~~~~[m[K
In file included from [01m[K/opt/ros/humble/include/std_srvs/std_srvs/srv/trigger.hpp:7[m[K,
                 from [01m[K/home/avcpp/AV-CPP2025/Vehicle/src/vehicle_core/include/vehicle_core/autopilot_node.hpp:5[m[K,
                 from [01m[K/home/avcpp/AV-CPP2025/Vehicle/src/vehicle_core/src/autopilot_node.cpp:1[m[K:
[01m[K/opt/ros/humble/include/std_srvs/std_srvs/srv/detail/trigger__struct.hpp:258:8:[m[K [01;36m[Knote: [m[K‘[01m[Kstd_srvs::srv::Trigger[m[K’ declared here
  258 | struct [01;36m[KTrigger[m[K
      |        [01;36m[K^~~~~~~[m[K
In file included from [01m[K/home/avcpp/AV-CPP2025/Vehicle/src/vehicle_core/src/autopilot_node.cpp:1[m[K:
[01m[K/home/avcpp/AV-CPP2025/Vehicle/src/vehicle_core/include/vehicle_core/autopilot_node.hpp:35:44:[m[K [01;31m[Kerror: [m[Ktemplate argument 1 is invalid
   35 |   rclcpp::Client<vehicle_core::srv::Trigger[01;31m[K>[m[K::SharedPtr cli_notify_ready_;
      |                                            [01;31m[K^[m[K
[01m[K/home/avcpp/AV-CPP2025/Vehicle/src/vehicle_core/include/vehicle_core/autopilot_node.hpp:35:47:[m[K [01;31m[Kerror: [m[Kexpected ‘[01m[K;[m[K’ at end of member declaration
   35 |   rclcpp::Client<vehicle_core::srv::Trigger>::[01;31m[KSharedPtr[m[K cli_notify_ready_;
      |                                               [01;31m[K^~~~~~~~~[m[K
      |                                                        [32m[K;[m[K
[01m[K/home/avcpp/AV-CPP2025/Vehicle/src/vehicle_core/include/vehicle_core/autopilot_node.hpp:35:47:[m[K [01;31m[Kerror: [m[Kredeclaration of ‘[01m[Kint vehicle_core::AutopilotNode::SharedPtr[m[K’
[01m[K/home/avcpp/AV-CPP2025/Vehicle/src/vehicle_core/include/vehicle_core/autopilot_node.hpp:29:48:[m[K [01;36m[Knote: [m[Kprevious declaration ‘[01m[Kint vehicle_core::AutopilotNode::SharedPtr[m[K’
   29 |   rclcpp::Service<vehicle_core::srv::Trigger>::[01;36m[KSharedPtr[m[K srv_start_;
      |                                                [01;36m[K^~~~~~~~~[m[K
[01m[K/home/avcpp/AV-CPP2025/Vehicle/src/vehicle_core/include/vehicle_core/autopilot_node.hpp:35:57:[m[K [01;31m[Kerror: [m[K‘[01m[Kcli_notify_ready_[m[K’ does not name a type
   35 |   rclcpp::Client<vehicle_core::srv::Trigger>::SharedPtr [01;31m[Kcli_notify_ready_[m[K;
      |                                                         [01;31m[K^~~~~~~~~~~~~~~~~[m[K
[01m[K/home/avcpp/AV-CPP2025/Vehicle/src/vehicle_core/include/vehicle_core/autopilot_node.hpp:42:46:[m[K [01;31m[Kerror: [m[K‘[01m[KTrigger[m[K’ is not a member of ‘[01m[Kvehicle_core::srv[m[K’; did you mean ‘[01m[Kstd_srvs::srv::Trigger[m[K’?
   42 |     const std::shared_ptr<vehicle_core::srv::[01;31m[KTrigger[m[K::Request> req,
      |                                              [01;31m[K^~~~~~~[m[K
In file included from [01m[K/opt/ros/humble/include/std_srvs/std_srvs/srv/trigger.hpp:7[m[K,
                 from [01m[K/home/avcpp/AV-CPP2025/Vehicle/src/vehicle_core/include/vehicle_core/autopilot_node.hpp:5[m[K,
                 from [01m[K/home/avcpp/AV-CPP2025/Vehicle/src/vehicle_core/src/autopilot_node.cpp:1[m[K:
[01m[K/opt/ros/humble/include/std_srvs/std_srvs/srv/detail/trigger__struct.hpp:258:8:[m[K [01;36m[Knote: [m[K‘[01m[Kstd_srvs::srv::Trigger[m[K’ declared here
  258 | struct [01;36m[KTrigger[m[K
      |        [01;36m[K^~~~~~~[m[K
In file included from [01m[K/home/avcpp/AV-CPP2025/Vehicle/src/vehicle_core/src/autopilot_node.cpp:1[m[K:
[01m[K/home/avcpp/AV-CPP2025/Vehicle/src/vehicle_core/include/vehicle_core/autopilot_node.hpp:42:62:[m[K [01;31m[Kerror: [m[Ktemplate argument 1 is invalid
   42 |     const std::shared_ptr<vehicle_core::srv::Trigger::Request[01;31m[K>[m[K req,
      |                                                              [01;31m[K^[m[K
[01m[K/home/avcpp/AV-CPP2025/Vehicle/src/vehicle_core/include/vehicle_core/autopilot_node.hpp:42:46:[m[K [01;31m[Kerror: [m[K‘[01m[KTrigger[m[K’ is not a member of ‘[01m[Kvehicle_core::srv[m[K’; did you mean ‘[01m[Kstd_srvs::srv::Trigger[m[K’?
   42 |     const std::shared_ptr<vehicle_core::srv::[01;31m[KTrigger[m[K::Request> req,
      |                                              [01;31m[K^~~~~~~[m[K
In file included from [01m[K/opt/ros/humble/include/std_srvs/std_srvs/srv/trigger.hpp:7[m[K,
                 from [01m[K/home/avcpp/AV-CPP2025/Vehicle/src/vehicle_core/include/vehicle_core/autopilot_node.hpp:5[m[K,
                 from [01m[K/home/avcpp/AV-CPP2025/Vehicle/src/vehicle_core/src/autopilot_node.cpp:1[m[K:
[01m[K/opt/ros/humble/include/std_srvs/std_srvs/srv/detail/trigger__struct.hpp:258:8:[m[K [01;36m[Knote: [m[K‘[01m[Kstd_srvs::srv::Trigger[m[K’ declared here
  258 | struct [01;36m[KTrigger[m[K
      |        [01;36m[K^~~~~~~[m[K
In file included from [01m[K/home/avcpp/AV-CPP2025/Vehicle/src/vehicle_core/src/autopilot_node.cpp:1[m[K:
[01m[K/home/avcpp/AV-CPP2025/Vehicle/src/vehicle_core/include/vehicle_core/autopilot_node.hpp:42:62:[m[K [01;31m[Kerror: [m[Ktemplate argument 1 is invalid
   42 |     const std::shared_ptr<vehicle_core::srv::Trigger::Request[01;31m[K>[m[K req,
      |                                                              [01;31m[K^[m[K
[01m[K/home/avcpp/AV-CPP2025/Vehicle/src/vehicle_core/include/vehicle_core/autopilot_node.hpp:42:46:[m[K [01;31m[Kerror: [m[K‘[01m[KTrigger[m[K’ is not a member of ‘[01m[Kvehicle_core::srv[m[K’; did you mean ‘[01m[Kstd_srvs::srv::Trigger[m[K’?
   42 |     const std::shared_ptr<vehicle_core::srv::[01;31m[KTrigger[m[K::Request> req,
      |                                              [01;31m[K^~~~~~~[m[K
In file included from [01m[K/opt/ros/humble/include/std_srvs/std_srvs/srv/trigger.hpp:7[m[K,
                 from [01m[K/home/avcpp/AV-CPP2025/Vehicle/src/vehicle_core/include/vehicle_core/autopilot_node.hpp:5[m[K,
                 from [01m[K/home/avcpp/AV-CPP2025/Vehicle/src/vehicle_core/src/autopilot_node.cpp:1[m[K:
[01m[K/opt/ros/humble/include/std_srvs/std_srvs/srv/detail/trigger__struct.hpp:258:8:[m[K [01;36m[Knote: [m[K‘[01m[Kstd_srvs::srv::Trigger[m[K’ declared here
  258 | struct [01;36m[KTrigger[m[K
      |        [01;36m[K^~~~~~~[m[K
In file included from [01m[K/home/avcpp/AV-CPP2025/Vehicle/src/vehicle_core/src/autopilot_node.cpp:1[m[K:
[01m[K/home/avcpp/AV-CPP2025/Vehicle/src/vehicle_core/include/vehicle_core/autopilot_node.hpp:42:62:[m[K [01;31m[Kerror: [m[Ktemplate argument 1 is invalid
   42 |     const std::shared_ptr<vehicle_core::srv::Trigger::Request[01;31m[K>[m[K req,
      |                                                              [01;31m[K^[m[K
[01m[K/home/avcpp/AV-CPP2025/Vehicle/src/vehicle_core/include/vehicle_core/autopilot_node.hpp:42:11:[m[K [01;31m[Kerror: [m[Kinvalid template-id
   42 |     const [01;31m[Kstd[m[K::shared_ptr<vehicle_core::srv::Trigger::Request> req,
      |           [01;31m[K^~~[m[K
[01m[K/home/avcpp/AV-CPP2025/Vehicle/src/vehicle_core/include/vehicle_core/autopilot_node.hpp:42:46:[m[K [01;31m[Kerror: [m[K‘[01m[Kvehicle_core::srv::Trigger[m[K’ has not been declared
   42 |     const std::shared_ptr<vehicle_core::srv::[01;31m[KTrigger[m[K::Request> req,
      |                                              [01;31m[K^~~~~~~[m[K
[01m[K/home/avcpp/AV-CPP2025/Vehicle/src/vehicle_core/include/vehicle_core/autopilot_node.hpp:42:5:[m[K [01;31m[Kerror: [m[Kclass template placeholder ‘[01m[Kstd::shared_ptr[m[K’ not permitted in this context
   42 |     [01;31m[Kconst[m[K std::shared_ptr<vehicle_core::srv::Trigger::Request> req,
      |     [01;31m[K^~~~~[m[K
[01m[K/home/avcpp/AV-CPP2025/Vehicle/src/vehicle_core/include/vehicle_core/autopilot_node.hpp:43:40:[m[K [01;31m[Kerror: [m[K‘[01m[KTrigger[m[K’ is not a member of ‘[01m[Kvehicle_core::srv[m[K’; did you mean ‘[01m[Kstd_srvs::srv::Trigger[m[K’?
   43 |     std::shared_ptr<vehicle_core::srv::[01;31m[KTrigger[m[K::Response> res);
      |                                        [01;31m[K^~~~~~~[m[K
In file included from [01m[K/opt/ros/humble/include/std_srvs/std_srvs/srv/trigger.hpp:7[m[K,
                 from [01m[K/home/avcpp/AV-CPP2025/Vehicle/src/vehicle_core/include/vehicle_core/autopilot_node.hpp:5[m[K,
                 from [01m[K/home/avcpp/AV-CPP2025/Vehicle/src/vehicle_core/src/autopilot_node.cpp:1[m[K:
[01m[K/opt/ros/humble/include/std_srvs/std_srvs/srv/detail/trigger__struct.hpp:258:8:[m[K [01;36m[Knote: [m[K‘[01m[Kstd_srvs::srv::Trigger[m[K’ declared here
  258 | struct [01;36m[KTrigger[m[K
      |        [01;36m[K^~~~~~~[m[K
In file included from [01m[K/home/avcpp/AV-CPP2025/Vehicle/src/vehicle_core/src/autopilot_node.cpp:1[m[K:
[01m[K/home/avcpp/AV-CPP2025/Vehicle/src/vehicle_core/include/vehicle_core/autopilot_node.hpp:43:57:[m[K [01;31m[Kerror: [m[Ktemplate argument 1 is invalid
   43 |     std::shared_ptr<vehicle_core::srv::Trigger::Response[01;31m[K>[m[K res);
      |                                                         [01;31m[K^[m[K
[01m[K/home/avcpp/AV-CPP2025/Vehicle/src/vehicle_core/include/vehicle_core/autopilot_node.hpp:43:40:[m[K [01;31m[Kerror: [m[K‘[01m[KTrigger[m[K’ is not a member of ‘[01m[Kvehicle_core::srv[m[K’; did you mean ‘[01m[Kstd_srvs::srv::Trigger[m[K’?
   43 |     std::shared_ptr<vehicle_core::srv::[01;31m[KTrigger[m[K::Response> res);
      |                                        [01;31m[K^~~~~~~[m[K
In file included from [01m[K/opt/ros/humble/include/std_srvs/std_srvs/srv/trigger.hpp:7[m[K,
                 from [01m[K/home/avcpp/AV-CPP2025/Vehicle/src/vehicle_core/include/vehicle_core/autopilot_node.hpp:5[m[K,
                 from [01m[K/home/avcpp/AV-CPP2025/Vehicle/src/vehicle_core/src/autopilot_node.cpp:1[m[K:
[01m[K/opt/ros/humble/include/std_srvs/std_srvs/srv/detail/trigger__struct.hpp:258:8:[m[K [01;36m[Knote: [m[K‘[01m[Kstd_srvs::srv::Trigger[m[K’ declared here
  258 | struct [01;36m[KTrigger[m[K
      |        [01;36m[K^~~~~~~[m[K
In file included from [01m[K/home/avcpp/AV-CPP2025/Vehicle/src/vehicle_core/src/autopilot_node.cpp:1[m[K:
[01m[K/home/avcpp/AV-CPP2025/Vehicle/src/vehicle_core/include/vehicle_core/autopilot_node.hpp:43:57:[m[K [01;31m[Kerror: [m[Ktemplate argument 1 is invalid
   43 |     std::shared_ptr<vehicle_core::srv::Trigger::Response[01;31m[K>[m[K res);
      |                                                         [01;31m[K^[m[K
[01m[K/home/avcpp/AV-CPP2025/Vehicle/src/vehicle_core/include/vehicle_core/autopilot_node.hpp:43:40:[m[K [01;31m[Kerror: [m[K‘[01m[KTrigger[m[K’ is not a member of ‘[01m[Kvehicle_core::srv[m[K’; did you mean ‘[01m[Kstd_srvs::srv::Trigger[m[K’?
   43 |     std::shared_ptr<vehicle_core::srv::[01;31m[KTrigger[m[K::Response> res);
      |                                        [01;31m[K^~~~~~~[m[K
In file included from [01m[K/opt/ros/humble/include/std_srvs/std_srvs/srv/trigger.hpp:7[m[K,
                 from [01m[K/home/avcpp/AV-CPP2025/Vehicle/src/vehicle_core/include/vehicle_core/autopilot_node.hpp:5[m[K,
                 from [01m[K/home/avcpp/AV-CPP2025/Vehicle/src/vehicle_core/src/autopilot_node.cpp:1[m[K:
[01m[K/opt/ros/humble/include/std_srvs/std_srvs/srv/detail/trigger__struct.hpp:258:8:[m[K [01;36m[Knote: [m[K‘[01m[Kstd_srvs::srv::Trigger[m[K’ declared here
  258 | struct [01;36m[KTrigger[m[K
      |        [01;36m[K^~~~~~~[m[K
In file included from [01m[K/home/avcpp/AV-CPP2025/Vehicle/src/vehicle_core/src/autopilot_node.cpp:1[m[K:
[01m[K/home/avcpp/AV-CPP2025/Vehicle/src/vehicle_core/include/vehicle_core/autopilot_node.hpp:43:57:[m[K [01;31m[Kerror: [m[Ktemplate argument 1 is invalid
   43 |     std::shared_ptr<vehicle_core::srv::Trigger::Response[01;31m[K>[m[K res);
      |                                                         [01;31m[K^[m[K
[01m[K/home/avcpp/AV-CPP2025/Vehicle/src/vehicle_core/include/vehicle_core/autopilot_node.hpp:43:5:[m[K [01;31m[Kerror: [m[Kinvalid template-id
   43 |     [01;31m[Kstd[m[K::shared_ptr<vehicle_core::srv::Trigger::Response> res);
      |     [01;31m[K^~~[m[K
[01m[K/home/avcpp/AV-CPP2025/Vehicle/src/vehicle_core/include/vehicle_core/autopilot_node.hpp:43:40:[m[K [01;31m[Kerror: [m[K‘[01m[Kvehicle_core::srv::Trigger[m[K’ has not been declared
   43 |     std::shared_ptr<vehicle_core::srv::[01;31m[KTrigger[m[K::Response> res);
      |                                        [01;31m[K^~~~~~~[m[K
[01m[K/home/avcpp/AV-CPP2025/Vehicle/src/vehicle_core/include/vehicle_core/autopilot_node.hpp:43:5:[m[K [01;31m[Kerror: [m[Kclass template placeholder ‘[01m[Kstd::shared_ptr[m[K’ not permitted in this context
   43 |     [01;31m[Kstd[m[K::shared_ptr<vehicle_core::srv::Trigger::Response> res);
      |     [01;31m[K^~~[m[K
[01m[K/home/avcpp/AV-CPP2025/Vehicle/src/vehicle_core/include/vehicle_core/autopilot_node.hpp:45:46:[m[K [01;31m[Kerror: [m[K‘[01m[KTrigger[m[K’ is not a member of ‘[01m[Kvehicle_core::srv[m[K’; did you mean ‘[01m[Kstd_srvs::srv::Trigger[m[K’?
   45 |     const std::shared_ptr<vehicle_core::srv::[01;31m[KTrigger[m[K::Request> req,
      |                                              [01;31m[K^~~~~~~[m[K
In file included from [01m[K/opt/ros/humble/include/std_srvs/std_srvs/srv/trigger.hpp:7[m[K,
                 from [01m[K/home/avcpp/AV-CPP2025/Vehicle/src/vehicle_core/include/vehicle_core/autopilot_node.hpp:5[m[K,
                 from [01m[K/home/avcpp/AV-CPP2025/Vehicle/src/vehicle_core/src/autopilot_node.cpp:1[m[K:
[01m[K/opt/ros/humble/include/std_srvs/std_srvs/srv/detail/trigger__struct.hpp:258:8:[m[K [01;36m[Knote: [m[K‘[01m[Kstd_srvs::srv::Trigger[m[K’ declared here
  258 | struct [01;36m[KTrigger[m[K
      |        [01;36m[K^~~~~~~[m[K
In file included from [01m[K/home/avcpp/AV-CPP2025/Vehicle/src/vehicle_core/src/autopilot_node.cpp:1[m[K:
[01m[K/home/avcpp/AV-CPP2025/Vehicle/src/vehicle_core/include/vehicle_core/autopilot_node.hpp:45:62:[m[K [01;31m[Kerror: [m[Ktemplate argument 1 is invalid
   45 |     const std::shared_ptr<vehicle_core::srv::Trigger::Request[01;31m[K>[m[K req,
      |                                                              [01;31m[K^[m[K
[01m[K/home/avcpp/AV-CPP2025/Vehicle/src/vehicle_core/include/vehicle_core/autopilot_node.hpp:45:46:[m[K [01;31m[Kerror: [m[K‘[01m[KTrigger[m[K’ is not a member of ‘[01m[Kvehicle_core::srv[m[K’; did you mean ‘[01m[Kstd_srvs::srv::Trigger[m[K’?
   45 |     const std::shared_ptr<vehicle_core::srv::[01;31m[KTrigger[m[K::Request> req,
      |                                              [01;31m[K^~~~~~~[m[K
In file included from [01m[K/opt/ros/humble/include/std_srvs/std_srvs/srv/trigger.hpp:7[m[K,
                 from [01m[K/home/avcpp/AV-CPP2025/Vehicle/src/vehicle_core/include/vehicle_core/autopilot_node.hpp:5[m[K,
                 from [01m[K/home/avcpp/AV-CPP2025/Vehicle/src/vehicle_core/src/autopilot_node.cpp:1[m[K:
[01m[K/opt/ros/humble/include/std_srvs/std_srvs/srv/detail/trigger__struct.hpp:258:8:[m[K [01;36m[Knote: [m[K‘[01m[Kstd_srvs::srv::Trigger[m[K’ declared here
  258 | struct [01;36m[KTrigger[m[K
      |        [01;36m[K^~~~~~~[m[K
In file included from [01m[K/home/avcpp/AV-CPP2025/Vehicle/src/vehicle_core/src/autopilot_node.cpp:1[m[K:
[01m[K/home/avcpp/AV-CPP2025/Vehicle/src/vehicle_core/include/vehicle_core/autopilot_node.hpp:45:62:[m[K [01;31m[Kerror: [m[Ktemplate argument 1 is invalid
   45 |     const std::shared_ptr<vehicle_core::srv::Trigger::Request[01;31m[K>[m[K req,
      |                                                              [01;31m[K^[m[K
[01m[K/home/avcpp/AV-CPP2025/Vehicle/src/vehicle_core/include/vehicle_core/autopilot_node.hpp:45:46:[m[K [01;31m[Kerror: [m[K‘[01m[KTrigger[m[K’ is not a member of ‘[01m[Kvehicle_core::srv[m[K’; did you mean ‘[01m[Kstd_srvs::srv::Trigger[m[K’?
   45 |     const std::shared_ptr<vehicle_core::srv::[01;31m[KTrigger[m[K::Request> req,
      |                                              [01;31m[K^~~~~~~[m[K
In file included from [01m[K/opt/ros/humble/include/std_srvs/std_srvs/srv/trigger.hpp:7[m[K,
                 from [01m[K/home/avcpp/AV-CPP2025/Vehicle/src/vehicle_core/include/vehicle_core/autopilot_node.hpp:5[m[K,
                 from [01m[K/home/avcpp/AV-CPP2025/Vehicle/src/vehicle_core/src/autopilot_node.cpp:1[m[K:
[01m[K/opt/ros/humble/include/std_srvs/std_srvs/srv/detail/trigger__struct.hpp:258:8:[m[K [01;36m[Knote: [m[K‘[01m[Kstd_srvs::srv::Trigger[m[K’ declared here
  258 | struct [01;36m[KTrigger[m[K
      |        [01;36m[K^~~~~~~[m[K
In file included from [01m[K/home/avcpp/AV-CPP2025/Vehicle/src/vehicle_core/src/autopilot_node.cpp:1[m[K:
[01m[K/home/avcpp/AV-CPP2025/Vehicle/src/vehicle_core/include/vehicle_core/autopilot_node.hpp:45:62:[m[K [01;31m[Kerror: [m[Ktemplate argument 1 is invalid
   45 |     const std::shared_ptr<vehicle_core::srv::Trigger::Request[01;31m[K>[m[K req,
      |                                                              [01;31m[K^[m[K
[01m[K/home/avcpp/AV-CPP2025/Vehicle/src/vehicle_core/include/vehicle_core/autopilot_node.hpp:45:11:[m[K [01;31m[Kerror: [m[Kinvalid template-id
   45 |     const [01;31m[Kstd[m[K::shared_ptr<vehicle_core::srv::Trigger::Request> req,
      |           [01;31m[K^~~[m[K
[01m[K/home/avcpp/AV-CPP2025/Vehicle/src/vehicle_core/include/vehicle_core/autopilot_node.hpp:45:46:[m[K [01;31m[Kerror: [m[K‘[01m[Kvehicle_core::srv::Trigger[m[K’ has not been declared
   45 |     const std::shared_ptr<vehicle_core::srv::[01;31m[KTrigger[m[K::Request> req,
      |                                              [01;31m[K^~~~~~~[m[K
[01m[K/home/avcpp/AV-CPP2025/Vehicle/src/vehicle_core/include/vehicle_core/autopilot_node.hpp:45:5:[m[K [01;31m[Kerror: [m[Kclass template placeholder ‘[01m[Kstd::shared_ptr[m[K’ not permitted in this context
   45 |     [01;31m[Kconst[m[K std::shared_ptr<vehicle_core::srv::Trigger::Request> req,
      |     [01;31m[K^~~~~[m[K
[01m[K/home/avcpp/AV-CPP2025/Vehicle/src/vehicle_core/include/vehicle_core/autopilot_node.hpp:46:40:[m[K [01;31m[Kerror: [m[K‘[01m[KTrigger[m[K’ is not a member of ‘[01m[Kvehicle_core::srv[m[K’; did you mean ‘[01m[Kstd_srvs::srv::Trigger[m[K’?
   46 |     std::shared_ptr<vehicle_core::srv::[01;31m[KTrigger[m[K::Response> res);
      |                                        [01;31m[K^~~~~~~[m[K
In file included from [01m[K/opt/ros/humble/include/std_srvs/std_srvs/srv/trigger.hpp:7[m[K,
                 from [01m[K/home/avcpp/AV-CPP2025/Vehicle/src/vehicle_core/include/vehicle_core/autopilot_node.hpp:5[m[K,
                 from [01m[K/home/avcpp/AV-CPP2025/Vehicle/src/vehicle_core/src/autopilot_node.cpp:1[m[K:
[01m[K/opt/ros/humble/include/std_srvs/std_srvs/srv/detail/trigger__struct.hpp:258:8:[m[K [01;36m[Knote: [m[K‘[01m[Kstd_srvs::srv::Trigger[m[K’ declared here
  258 | struct [01;36m[KTrigger[m[K
      |        [01;36m[K^~~~~~~[m[K
In file included from [01m[K/home/avcpp/AV-CPP2025/Vehicle/src/vehicle_core/src/autopilot_node.cpp:1[m[K:
[01m[K/home/avcpp/AV-CPP2025/Vehicle/src/vehicle_core/include/vehicle_core/autopilot_node.hpp:46:57:[m[K [01;31m[Kerror: [m[Ktemplate argument 1 is invalid
   46 |     std::shared_ptr<vehicle_core::srv::Trigger::Response[01;31m[K>[m[K res);
      |                                                         [01;31m[K^[m[K
[01m[K/home/avcpp/AV-CPP2025/Vehicle/src/vehicle_core/include/vehicle_core/autopilot_node.hpp:46:40:[m[K [01;31m[Kerror: [m[K‘[01m[KTrigger[m[K’ is not a member of ‘[01m[Kvehicle_core::srv[m[K’; did you mean ‘[01m[Kstd_srvs::srv::Trigger[m[K’?
   46 |     std::shared_ptr<vehicle_core::srv::[01;31m[KTrigger[m[K::Response> res);
      |                                        [01;31m[K^~~~~~~[m[K
In file included from [01m[K/opt/ros/humble/include/std_srvs/std_srvs/srv/trigger.hpp:7[m[K,
                 from [01m[K/home/avcpp/AV-CPP2025/Vehicle/src/vehicle_core/include/vehicle_core/autopilot_node.hpp:5[m[K,
                 from [01m[K/home/avcpp/AV-CPP2025/Vehicle/src/vehicle_core/src/autopilot_node.cpp:1[m[K:
[01m[K/opt/ros/humble/include/std_srvs/std_srvs/srv/detail/trigger__struct.hpp:258:8:[m[K [01;36m[Knote: [m[K‘[01m[Kstd_srvs::srv::Trigger[m[K’ declared here
  258 | struct [01;36m[KTrigger[m[K
      |        [01;36m[K^~~~~~~[m[K
In file included from [01m[K/home/avcpp/AV-CPP2025/Vehicle/src/vehicle_core/src/autopilot_node.cpp:1[m[K:
[01m[K/home/avcpp/AV-CPP2025/Vehicle/src/vehicle_core/include/vehicle_core/autopilot_node.hpp:46:57:[m[K [01;31m[Kerror: [m[Ktemplate argument 1 is invalid
   46 |     std::shared_ptr<vehicle_core::srv::Trigger::Response[01;31m[K>[m[K res);
      |                                                         [01;31m[K^[m[K
[01m[K/home/avcpp/AV-CPP2025/Vehicle/src/vehicle_core/include/vehicle_core/autopilot_node.hpp:46:40:[m[K [01;31m[Kerror: [m[K‘[01m[KTrigger[m[K’ is not a member of ‘[01m[Kvehicle_core::srv[m[K’; did you mean ‘[01m[Kstd_srvs::srv::Trigger[m[K’?
   46 |     std::shared_ptr<vehicle_core::srv::[01;31m[KTrigger[m[K::Response> res);
      |                                        [01;31m[K^~~~~~~[m[K
In file included from [01m[K/opt/ros/humble/include/std_srvs/std_srvs/srv/trigger.hpp:7[m[K,
                 from [01m[K/home/avcpp/AV-CPP2025/Vehicle/src/vehicle_core/include/vehicle_core/autopilot_node.hpp:5[m[K,
                 from [01m[K/home/avcpp/AV-CPP2025/Vehicle/src/vehicle_core/src/autopilot_node.cpp:1[m[K:
[01m[K/opt/ros/humble/include/std_srvs/std_srvs/srv/detail/trigger__struct.hpp:258:8:[m[K [01;36m[Knote: [m[K‘[01m[Kstd_srvs::srv::Trigger[m[K’ declared here
  258 | struct [01;36m[KTrigger[m[K
      |        [01;36m[K^~~~~~~[m[K
In file included from [01m[K/home/avcpp/AV-CPP2025/Vehicle/src/vehicle_core/src/autopilot_node.cpp:1[m[K:
[01m[K/home/avcpp/AV-CPP2025/Vehicle/src/vehicle_core/include/vehicle_core/autopilot_node.hpp:46:57:[m[K [01;31m[Kerror: [m[Ktemplate argument 1 is invalid
   46 |     std::shared_ptr<vehicle_core::srv::Trigger::Response[01;31m[K>[m[K res);
      |                                                         [01;31m[K^[m[K
[01m[K/home/avcpp/AV-CPP2025/Vehicle/src/vehicle_core/include/vehicle_core/autopilot_node.hpp:46:5:[m[K [01;31m[Kerror: [m[Kinvalid template-id
   46 |     [01;31m[Kstd[m[K::shared_ptr<vehicle_core::srv::Trigger::Response> res);
      |     [01;31m[K^~~[m[K
[01m[K/home/avcpp/AV-CPP2025/Vehicle/src/vehicle_core/include/vehicle_core/autopilot_node.hpp:46:40:[m[K [01;31m[Kerror: [m[K‘[01m[Kvehicle_core::srv::Trigger[m[K’ has not been declared
   46 |     std::shared_ptr<vehicle_core::srv::[01;31m[KTrigger[m[K::Response> res);
      |                                        [01;31m[K^~~~~~~[m[K
[01m[K/home/avcpp/AV-CPP2025/Vehicle/src/vehicle_core/include/vehicle_core/autopilot_node.hpp:46:5:[m[K [01;31m[Kerror: [m[Kclass template placeholder ‘[01m[Kstd::shared_ptr[m[K’ not permitted in this context
   46 |     [01;31m[Kstd[m[K::shared_ptr<vehicle_core::srv::Trigger::Response> res);
      |     [01;31m[K^~~[m[K
[01m[K/home/avcpp/AV-CPP2025/Vehicle/src/vehicle_core/src/autopilot_node.cpp:[m[K In constructor ‘[01m[Kvehicle_core::AutopilotNode::AutopilotNode(const rclcpp::NodeOptions&)[m[K’:
[01m[K/home/avcpp/AV-CPP2025/Vehicle/src/vehicle_core/src/autopilot_node.cpp:27:9:[m[K [01;31m[Kerror: [m[K‘[01m[Kcli_notify_ready_[m[K’ was not declared in this scope
   27 |         [01;31m[Kcli_notify_ready_[m[K = create_client<std_srvs::srv::Trigger>(
      |         [01;31m[K^~~~~~~~~~~~~~~~~[m[K
[01m[K/home/avcpp/AV-CPP2025/Vehicle/src/vehicle_core/src/autopilot_node.cpp:31:9:[m[K [01;31m[Kerror: [m[K‘[01m[Ksrv_start_[m[K’ was not declared in this scope; did you mean ‘[01m[Kva_start[m[K’?
   31 |         [01;31m[Ksrv_start_[m[K = create_service<std_srvs::srv::Trigger>(
      |         [01;31m[K^~~~~~~~~~[m[K
      |         [32m[Kva_start[m[K
[01m[K/home/avcpp/AV-CPP2025/Vehicle/src/vehicle_core/src/autopilot_node.cpp:33:9:[m[K [01;31m[Kerror: [m[K‘[01m[Ksrv_cancel_[m[K’ was not declared in this scope; did you mean ‘[01m[Kcancel_[m[K’?
   33 |         [01;31m[Ksrv_cancel_[m[K = create_service<std_srvs::srv::Trigger>(
      |         [01;31m[K^~~~~~~~~~~[m[K
      |         [32m[Kcancel_[m[K
[01m[K/home/avcpp/AV-CPP2025/Vehicle/src/vehicle_core/src/autopilot_node.cpp:[m[K At global scope:
[01m[K/home/avcpp/AV-CPP2025/Vehicle/src/vehicle_core/src/autopilot_node.cpp:50:10:[m[K [01;31m[Kerror: [m[Kno declaration matches ‘[01m[Kvoid vehicle_core::AutopilotNode::handleStart(std::shared_ptr<std_srvs::srv::Trigger_Request_<std::allocator<void> > >, std::shared_ptr<std_srvs::srv::Trigger_Response_<std::allocator<void> > >)[m[K’
   50 |     void [01;31m[KAutopilotNode[m[K::handleStart(
      |          [01;31m[K^~~~~~~~~~~~~[m[K
In file included from [01m[K/home/avcpp/AV-CPP2025/Vehicle/src/vehicle_core/src/autopilot_node.cpp:1[m[K:
[01m[K/home/avcpp/AV-CPP2025/Vehicle/src/vehicle_core/include/vehicle_core/autopilot_node.hpp:41:8:[m[K [01;36m[Knote: [m[Kcandidate is: ‘[01m[Kvoid vehicle_core::AutopilotNode::handleStart(...)[m[K’
   41 |   void [01;36m[KhandleStart[m[K(
      |        [01;36m[K^~~~~~~~~~~[m[K
[01m[K/home/avcpp/AV-CPP2025/Vehicle/src/vehicle_core/include/vehicle_core/autopilot_node.hpp:17:7:[m[K [01;36m[Knote: [m[K‘[01m[Kclass vehicle_core::AutopilotNode[m[K’ defined here
   17 | class [01;36m[KAutopilotNode[m[K : public rclcpp::Node {
      |       [01;36m[K^~~~~~~~~~~~~[m[K
[01m[K/home/avcpp/AV-CPP2025/Vehicle/src/vehicle_core/src/autopilot_node.cpp:62:10:[m[K [01;31m[Kerror: [m[Kno declaration matches ‘[01m[Kvoid vehicle_core::AutopilotNode::handleCancel(std::shared_ptr<std_srvs::srv::Trigger_Request_<std::allocator<void> > >, std::shared_ptr<std_srvs::srv::Trigger_Response_<std::allocator<void> > >)[m[K’
   62 |     void [01;31m[KAutopilotNode[m[K::handleCancel(
      |          [01;31m[K^~~~~~~~~~~~~[m[K
In file included from [01m[K/home/avcpp/AV-CPP2025/Vehicle/src/vehicle_core/src/autopilot_node.cpp:1[m[K:
[01m[K/home/avcpp/AV-CPP2025/Vehicle/src/vehicle_core/include/vehicle_core/autopilot_node.hpp:44:8:[m[K [01;36m[Knote: [m[Kcandidate is: ‘[01m[Kvoid vehicle_core::AutopilotNode::handleCancel(...)[m[K’
   44 |   void [01;36m[KhandleCancel[m[K(
      |        [01;36m[K^~~~~~~~~~~~[m[K
[01m[K/home/avcpp/AV-CPP2025/Vehicle/src/vehicle_core/include/vehicle_core/autopilot_node.hpp:17:7:[m[K [01;36m[Knote: [m[K‘[01m[Kclass vehicle_core::AutopilotNode[m[K’ defined here
   17 | class [01;36m[KAutopilotNode[m[K : public rclcpp::Node {
      |       [01;36m[K^~~~~~~~~~~~~[m[K
In file included from [01m[K/opt/ros/humble/include/rclcpp/rclcpp/client.hpp:39[m[K,
                 from [01m[K/opt/ros/humble/include/rclcpp/rclcpp/callback_group.hpp:24[m[K,
                 from [01m[K/opt/ros/humble/include/rclcpp/rclcpp/any_executable.hpp:20[m[K,
                 from [01m[K/opt/ros/humble/include/rclcpp/rclcpp/memory_strategy.hpp:25[m[K,
                 from [01m[K/opt/ros/humble/include/rclcpp/rclcpp/memory_strategies.hpp:18[m[K,
                 from [01m[K/opt/ros/humble/include/rclcpp/rclcpp/executor_options.hpp:20[m[K,
                 from [01m[K/opt/ros/humble/include/rclcpp/rclcpp/executor.hpp:37[m[K,
                 from [01m[K/opt/ros/humble/include/rclcpp/rclcpp/executors/multi_threaded_executor.hpp:25[m[K,
                 from [01m[K/opt/ros/humble/include/rclcpp/rclcpp/executors.hpp:21[m[K,
                 from [01m[K/opt/ros/humble/include/rclcpp/rclcpp/rclcpp.hpp:155[m[K,
                 from [01m[K/home/avcpp/AV-CPP2025/Vehicle/src/vehicle_core/include/vehicle_core/autopilot_node.hpp:3[m[K,
                 from [01m[K/home/avcpp/AV-CPP2025/Vehicle/src/vehicle_core/src/autopilot_node.cpp:1[m[K:
/opt/ros/humble/include/rclcpp/rclcpp/function_traits.hpp: In instantiation of ‘[01m[Kstruct rclcpp::function_traits::function_traits<std::_Bind<void (vehicle_core::AutopilotNode::*(vehicle_core::AutopilotNode*, std::_Placeholder<1>, std::_Placeholder<2>))(...)> >[m[K’:
[01m[K/opt/ros/humble/include/rclcpp/rclcpp/function_traits.hpp:165:8:[m[K   required from ‘[01m[Kstruct rclcpp::function_traits::same_arguments<std::_Bind<void (vehicle_core::AutopilotNode::*(vehicle_core::AutopilotNode*, std::_Placeholder<1>, std::_Placeholder<2>))(...)>, std::function<void(std::shared_ptr<std_srvs::srv::Trigger_Request_<std::allocator<void> > >, std::shared_ptr<std_srvs::srv::Trigger_Response_<std::allocator<void> > >)> >[m[K’
[01m[K/opt/ros/humble/include/rclcpp/rclcpp/any_service_callback.hpp:76:10:[m[K   required from ‘[01m[Kvoid rclcpp::AnyServiceCallback<ServiceT>::set(CallbackT&&) [with CallbackT = std::_Bind<void (vehicle_core::AutopilotNode::*(vehicle_core::AutopilotNode*, std::_Placeholder<1>, std::_Placeholder<2>))(...)>; typename std::enable_if<(! rclcpp::detail::can_be_nullptr<CallbackT>::value), int>::type <anonymous> = 0; ServiceT = std_srvs::srv::Trigger][m[K’
[01m[K/opt/ros/humble/include/rclcpp/rclcpp/create_service.hpp:43:27:[m[K   required from ‘[01m[Ktypename rclcpp::Service<ServiceT>::SharedPtr rclcpp::create_service(std::shared_ptr<rclcpp::node_interfaces::NodeBaseInterface>, std::shared_ptr<rclcpp::node_interfaces::NodeServicesInterface>, const string&, CallbackT&&, const rmw_qos_profile_t&, rclcpp::CallbackGroup::SharedPtr) [with ServiceT = std_srvs::srv::Trigger; CallbackT = std::_Bind<void (vehicle_core::AutopilotNode::*(vehicle_core::AutopilotNode*, std::_Placeholder<1>, std::_Placeholder<2>))(...)>; typename rclcpp::Service<ServiceT>::SharedPtr = std::shared_ptr<rclcpp::Service<std_srvs::srv::Trigger> >; std::string = std::__cxx11::basic_string<char>; rmw_qos_profile_t = rmw_qos_profile_s; rclcpp::CallbackGroup::SharedPtr = std::shared_ptr<rclcpp::CallbackGroup>][m[K’
[01m[K/opt/ros/humble/include/rclcpp/rclcpp/node_impl.hpp:147:53:[m[K   required from ‘[01m[Ktypename rclcpp::Service<ServiceT>::SharedPtr rclcpp::Node::create_service(const string&, CallbackT&&, const rmw_qos_profile_t&, rclcpp::CallbackGroup::SharedPtr) [with ServiceT = std_srvs::srv::Trigger; CallbackT = std::_Bind<void (vehicle_core::AutopilotNode::*(vehicle_core::AutopilotNode*, std::_Placeholder<1>, std::_Placeholder<2>))(...)>; typename rclcpp::Service<ServiceT>::SharedPtr = std::shared_ptr<rclcpp::Service<std_srvs::srv::Trigger> >; std::string = std::__cxx11::basic_string<char>; rmw_qos_profile_t = rmw_qos_profile_s; rclcpp::CallbackGroup::SharedPtr = std::shared_ptr<rclcpp::CallbackGroup>][m[K’
[01m[K/home/avcpp/AV-CPP2025/Vehicle/src/vehicle_core/src/autopilot_node.cpp:31:60:[m[K   required from here
[01m[K/opt/ros/humble/include/rclcpp/rclcpp/function_traits.hpp:51:9:[m[K [01;31m[Kerror: [m[K‘[01m[Kdecltype[m[K’ cannot resolve address of overloaded function
   51 |   using [01;31m[Karguments[m[K = typename tuple_tail<
      |         [01;31m[K^~~~~~~~~[m[K
[01m[K/opt/ros/humble/include/rclcpp/rclcpp/function_traits.hpp:57:9:[m[K [01;31m[Kerror: [m[K‘[01m[Kdecltype[m[K’ cannot resolve address of overloaded function
   57 |   using [01;31m[Kargument_type[m[K = typename std::tuple_element<N, arguments>::type;
      |         [01;31m[K^~~~~~~~~~~~~[m[K
[01m[K/opt/ros/humble/include/rclcpp/rclcpp/function_traits.hpp:59:9:[m[K [01;31m[Kerror: [m[K‘[01m[Kdecltype[m[K’ cannot resolve address of overloaded function
   59 |   using [01;31m[Kreturn_type[m[K = typename function_traits<decltype( &FunctionT::operator())>::return_type;
      |         [01;31m[K^~~~~~~~~~~[m[K
In file included from [01m[K/opt/ros/humble/include/rclcpp/rclcpp/service.hpp:36[m[K,
                 from [01m[K/opt/ros/humble/include/rclcpp/rclcpp/callback_group.hpp:28[m[K,
                 from [01m[K/opt/ros/humble/include/rclcpp/rclcpp/any_executable.hpp:20[m[K,
                 from [01m[K/opt/ros/humble/include/rclcpp/rclcpp/memory_strategy.hpp:25[m[K,
                 from [01m[K/opt/ros/humble/include/rclcpp/rclcpp/memory_strategies.hpp:18[m[K,
                 from [01m[K/opt/ros/humble/include/rclcpp/rclcpp/executor_options.hpp:20[m[K,
                 from [01m[K/opt/ros/humble/include/rclcpp/rclcpp/executor.hpp:37[m[K,
                 from [01m[K/opt/ros/humble/include/rclcpp/rclcpp/executors/multi_threaded_executor.hpp:25[m[K,
                 from [01m[K/opt/ros/humble/include/rclcpp/rclcpp/executors.hpp:21[m[K,
                 from [01m[K/opt/ros/humble/include/rclcpp/rclcpp/rclcpp.hpp:155[m[K,
                 from [01m[K/home/avcpp/AV-CPP2025/Vehicle/src/vehicle_core/include/vehicle_core/autopilot_node.hpp:3[m[K,
                 from [01m[K/home/avcpp/AV-CPP2025/Vehicle/src/vehicle_core/src/autopilot_node.cpp:1[m[K:
/opt/ros/humble/include/rclcpp/rclcpp/any_service_callback.hpp: In instantiation of ‘[01m[Kvoid rclcpp::AnyServiceCallback<ServiceT>::set(CallbackT&&) [with CallbackT = std::_Bind<void (vehicle_core::AutopilotNode::*(vehicle_core::AutopilotNode*, std::_Placeholder<1>, std::_Placeholder<2>))(...)>; typename std::enable_if<(! rclcpp::detail::can_be_nullptr<CallbackT>::value), int>::type <anonymous> = 0; ServiceT = std_srvs::srv::Trigger][m[K’:
[01m[K/opt/ros/humble/include/rclcpp/rclcpp/create_service.hpp:43:27:[m[K   required from ‘[01m[Ktypename rclcpp::Service<ServiceT>::SharedPtr rclcpp::create_service(std::shared_ptr<rclcpp::node_interfaces::NodeBaseInterface>, std::shared_ptr<rclcpp::node_interfaces::NodeServicesInterface>, const string&, CallbackT&&, const rmw_qos_profile_t&, rclcpp::CallbackGroup::SharedPtr) [with ServiceT = std_srvs::srv::Trigger; CallbackT = std::_Bind<void (vehicle_core::AutopilotNode::*(vehicle_core::AutopilotNode*, std::_Placeholder<1>, std::_Placeholder<2>))(...)>; typename rclcpp::Service<ServiceT>::SharedPtr = std::shared_ptr<rclcpp::Service<std_srvs::srv::Trigger> >; std::string = std::__cxx11::basic_string<char>; rmw_qos_profile_t = rmw_qos_profile_s; rclcpp::CallbackGroup::SharedPtr = std::shared_ptr<rclcpp::CallbackGroup>][m[K’
[01m[K/opt/ros/humble/include/rclcpp/rclcpp/node_impl.hpp:147:53:[m[K   required from ‘[01m[Ktypename rclcpp::Service<ServiceT>::SharedPtr rclcpp::Node::create_service(const string&, CallbackT&&, const rmw_qos_profile_t&, rclcpp::CallbackGroup::SharedPtr) [with ServiceT = std_srvs::srv::Trigger; CallbackT = std::_Bind<void (vehicle_core::AutopilotNode::*(vehicle_core::AutopilotNode*, std::_Placeholder<1>, std::_Placeholder<2>))(...)>; typename rclcpp::Service<ServiceT>::SharedPtr = std::shared_ptr<rclcpp::Service<std_srvs::srv::Trigger> >; std::string = std::__cxx11::basic_string<char>; rmw_qos_profile_t = rmw_qos_profile_s; rclcpp::CallbackGroup::SharedPtr = std::shared_ptr<rclcpp::CallbackGroup>][m[K’
[01m[K/home/avcpp/AV-CPP2025/Vehicle/src/vehicle_core/src/autopilot_node.cpp:31:60:[m[K   required from here
[01m[K/opt/ros/humble/include/rclcpp/rclcpp/any_service_callback.hpp:76:10:[m[K [01;31m[Kerror: [m[K‘[01m[Kvalue[m[K’ is not a member of ‘[01m[Krclcpp::function_traits::same_arguments<std::_Bind<void (vehicle_core::AutopilotNode::*(vehicle_core::AutopilotNode*, std::_Placeholder<1>, std::_Placeholder<2>))(...)>, std::function<void(std::shared_ptr<std_srvs::srv::Trigger_Request_<std::allocator<void> > >, std::shared_ptr<std_srvs::srv::Trigger_Response_<std::allocator<void> > >)> >[m[K’
   76 |       >::[01;31m[Kvalue[m[K)
      |          [01;31m[K^~~~~[m[K
[01m[K/opt/ros/humble/include/rclcpp/rclcpp/any_service_callback.hpp:83:10:[m[K [01;31m[Kerror: [m[K‘[01m[Kvalue[m[K’ is not a member of ‘[01m[Krclcpp::function_traits::same_arguments<std::_Bind<void (vehicle_core::AutopilotNode::*(vehicle_core::AutopilotNode*, std::_Placeholder<1>, std::_Placeholder<2>))(...)>, std::function<void(std::shared_ptr<rmw_request_id_s>, std::shared_ptr<std_srvs::srv::Trigger_Request_<std::allocator<void> > >, std::shared_ptr<std_srvs::srv::Trigger_Response_<std::allocator<void> > >)> >[m[K’
   83 |       >::[01;31m[Kvalue[m[K)
      |          [01;31m[K^~~~~[m[K
[01m[K/opt/ros/humble/include/rclcpp/rclcpp/any_service_callback.hpp:90:10:[m[K [01;31m[Kerror: [m[K‘[01m[Kvalue[m[K’ is not a member of ‘[01m[Krclcpp::function_traits::same_arguments<std::_Bind<void (vehicle_core::AutopilotNode::*(vehicle_core::AutopilotNode*, std::_Placeholder<1>, std::_Placeholder<2>))(...)>, std::function<void(std::shared_ptr<rmw_request_id_s>, std::shared_ptr<std_srvs::srv::Trigger_Request_<std::allocator<void> > >)> >[m[K’
   90 |       >::[01;31m[Kvalue[m[K)
      |          [01;31m[K^~~~~[m[K
[01m[K/opt/ros/humble/include/rclcpp/rclcpp/any_service_callback.hpp:97:10:[m[K [01;31m[Kerror: [m[K‘[01m[Kvalue[m[K’ is not a member of ‘[01m[Krclcpp::function_traits::same_arguments<std::_Bind<void (vehicle_core::AutopilotNode::*(vehicle_core::AutopilotNode*, std::_Placeholder<1>, std::_Placeholder<2>))(...)>, std::function<void(std::shared_ptr<rclcpp::Service<std_srvs::srv::Trigger> >, std::shared_ptr<rmw_request_id_s>, std::shared_ptr<std_srvs::srv::Trigger_Request_<std::allocator<void> > >)> >[m[K’
   97 |       >::[01;31m[Kvalue[m[K)
      |          [01;31m[K^~~~~[m[K
[01m[K/opt/ros/humble/include/rclcpp/rclcpp/any_service_callback.hpp:103:17:[m[K [01;31m[Kerror: [m[Kno match for ‘[01m[Koperator=[m[K’ (operand types are ‘[01m[Kstd::variant<std::monostate, std::function<void(std::shared_ptr<std_srvs::srv::Trigger_Request_<std::allocator<void> > >, std::shared_ptr<std_srvs::srv::Trigger_Response_<std::allocator<void> > >)>, std::function<void(std::shared_ptr<rmw_request_id_s>, std::shared_ptr<std_srvs::srv::Trigger_Request_<std::allocator<void> > >, std::shared_ptr<std_srvs::srv::Trigger_Response_<std::allocator<void> > >)>, std::function<void(std::shared_ptr<rmw_request_id_s>, std::shared_ptr<std_srvs::srv::Trigger_Request_<std::allocator<void> > >)>, std::function<void(std::shared_ptr<rclcpp::Service<std_srvs::srv::Trigger> >, std::shared_ptr<rmw_request_id_s>, std::shared_ptr<std_srvs::srv::Trigger_Request_<std::allocator<void> > >)> >[m[K’ and ‘[01m[Kstd::_Bind<void (vehicle_core::AutopilotNode::*(vehicle_core::AutopilotNode*, std::_Placeholder<1>, std::_Placeholder<2>))(...)>[m[K’)
  103 |       [01;31m[Kcallback_ = std::forward<CallbackT>(callback)[m[K;
      |       [01;31m[K~~~~~~~~~~^~~~~~~~~~~~~~~~~~~~~~~~~~~~~~~~~~~[m[K
In file included from [01m[K/opt/ros/humble/include/rclcpp/rclcpp/client.hpp:28[m[K,
                 from [01m[K/opt/ros/humble/include/rclcpp/rclcpp/callback_group.hpp:24[m[K,
                 from [01m[K/opt/ros/humble/include/rclcpp/rclcpp/any_executable.hpp:20[m[K,
                 from [01m[K/opt/ros/humble/include/rclcpp/rclcpp/memory_strategy.hpp:25[m[K,
                 from [01m[K/opt/ros/humble/include/rclcpp/rclcpp/memory_strategies.hpp:18[m[K,
                 from [01m[K/opt/ros/humble/include/rclcpp/rclcpp/executor_options.hpp:20[m[K,
                 from [01m[K/opt/ros/humble/include/rclcpp/rclcpp/executor.hpp:37[m[K,
                 from [01m[K/opt/ros/humble/include/rclcpp/rclcpp/executors/multi_threaded_executor.hpp:25[m[K,
                 from [01m[K/opt/ros/humble/include/rclcpp/rclcpp/executors.hpp:21[m[K,
                 from [01m[K/opt/ros/humble/include/rclcpp/rclcpp/rclcpp.hpp:155[m[K,
                 from [01m[K/home/avcpp/AV-CPP2025/Vehicle/src/vehicle_core/include/vehicle_core/autopilot_node.hpp:3[m[K,
                 from [01m[K/home/avcpp/AV-CPP2025/Vehicle/src/vehicle_core/src/autopilot_node.cpp:1[m[K:
[01m[K/usr/include/c++/11/variant:1461:9:[m[K [01;36m[Knote: [m[Kcandidate: ‘[01m[Ktemplate<class _Tp> std::enable_if_t<((__exactly_once<std::variant<_Types>::__accepted_type<_Tp&&, typename std::enable_if<__not_self<_Tp&&>, void>::type> > && is_constructible_v<std::variant<_Types>::__accepted_type<_Tp&&, typename std::enable_if<__not_self<_Tp&&>, void>::type>, _Tp>) && is_assignable_v<std::variant<_Types>::__accepted_type<_Tp&&, typename std::enable_if<__not_self<_Tp&&>, void>::type>&, _Tp>), std::variant<_Types>&> std::variant<_Types>::operator=(_Tp&&) [with _Tp = _Tp; _Types = {std::monostate, std::function<void(std::shared_ptr<std_srvs::srv::Trigger_Request_<std::allocator<void> > >, std::shared_ptr<std_srvs::srv::Trigger_Response_<std::allocator<void> > >)>, std::function<void(std::shared_ptr<rmw_request_id_s>, std::shared_ptr<std_srvs::srv::Trigger_Request_<std::allocator<void> > >, std::shared_ptr<std_srvs::srv::Trigger_Response_<std::allocator<void> > >)>, std::function<void(std::shared_ptr<rmw_request_id_s>, std::shared_ptr<std_srvs::srv::Trigger_Request_<std::allocator<void> > >)>, std::function<void(std::shared_ptr<rclcpp::Service<std_srvs::srv::Trigger> >, std::shared_ptr<rmw_request_id_s>, std::shared_ptr<std_srvs::srv::Trigger_Request_<std::allocator<void> > >)>}][m[K’
 1461 |         [01;36m[Koperator[m[K=(_Tp&& __rhs)
      |         [01;36m[K^~~~~~~~[m[K
[01m[K/usr/include/c++/11/variant:1461:9:[m[K [01;36m[Knote: [m[K  template argument deduction/substitution failed:
/usr/include/c++/11/variant: In substitution of ‘[01m[Ktemplate<class ... _Types> template<class _Tp, class> using __accepted_type = std::variant<_Types>::__to_type<__accepted_index<_Tp> > [with _Tp = std::_Bind<void (vehicle_core::AutopilotNode::*(vehicle_core::AutopilotNode*, std::_Placeholder<1>, std::_Placeholder<2>))(...)>&&; <template-parameter-2-2> = void; _Types = {std::monostate, std::function<void(std::shared_ptr<std_srvs::srv::Trigger_Request_<std::allocator<void> > >, std::shared_ptr<std_srvs::srv::Trigger_Response_<std::allocator<void> > >)>, std::function<void(std::shared_ptr<rmw_request_id_s>, std::shared_ptr<std_srvs::srv::Trigger_Request_<std::allocator<void> > >, std::shared_ptr<std_srvs::srv::Trigger_Response_<std::allocator<void> > >)>, std::function<void(std::shared_ptr<rmw_request_id_s>, std::shared_ptr<std_srvs::srv::Trigger_Request_<std::allocator<void> > >)>, std::function<void(std::shared_ptr<rclcpp::Service<std_srvs::srv::Trigger> >, std::shared_ptr<rmw_request_id_s>, std::shared_ptr<std_srvs::srv::Trigger_Request_<std::allocator<void> > >)>}][m[K’:
[01m[K/usr/include/c++/11/variant:1457:14:[m[K   required by substitution of ‘[01m[Ktemplate<class _Tp> std::enable_if_t<((__exactly_once<std::variant<std::monostate, std::function<void(std::shared_ptr<std_srvs::srv::Trigger_Request_<std::allocator<void> > >, std::shared_ptr<std_srvs::srv::Trigger_Response_<std::allocator<void> > >)>, std::function<void(std::shared_ptr<rmw_request_id_s>, std::shared_ptr<std_srvs::srv::Trigger_Request_<std::allocator<void> > >, std::shared_ptr<std_srvs::srv::Trigger_Response_<std::allocator<void> > >)>, std::function<void(std::shared_ptr<rmw_request_id_s>, std::shared_ptr<std_srvs::srv::Trigger_Request_<std::allocator<void> > >)>, std::function<void(std::shared_ptr<rclcpp::Service<std_srvs::srv::Trigger> >, std::shared_ptr<rmw_request_id_s>, std::shared_ptr<std_srvs::srv::Trigger_Request_<std::allocator<void> > >)> >::__accepted_type<_Tp&&, typename std::enable_if<__not_self<_Tp&&>, void>::type> > && is_constructible_v<std::variant<std::monostate, std::function<void(std::shared_ptr<std_srvs::srv::Trigger_Request_<std::allocator<void> > >, std::shared_ptr<std_srvs::srv::Trigger_Response_<std::allocator<void> > >)>, std::function<void(std::shared_ptr<rmw_request_id_s>, std::shared_ptr<std_srvs::srv::Trigger_Request_<std::allocator<void> > >, std::shared_ptr<std_srvs::srv::Trigger_Response_<std::allocator<void> > >)>, std::function<void(std::shared_ptr<rmw_request_id_s>, std::shared_ptr<std_srvs::srv::Trigger_Request_<std::allocator<void> > >)>, std::function<void(std::shared_ptr<rclcpp::Service<std_srvs::srv::Trigger> >, std::shared_ptr<rmw_request_id_s>, std::shared_ptr<std_srvs::srv::Trigger_Request_<std::allocator<void> > >)> >::__accepted_type<_Tp&&, typename std::enable_if<__not_self<_Tp&&>, void>::type>, _Tp>) && is_assignable_v<std::variant<std::monostate, std::function<void(std::shared_ptr<std_srvs::srv::Trigger_Request_<std::allocator<void> > >, std::shared_ptr<std_srvs::srv::Trigger_Response_<std::allocator<void> > >)>, std::function<void(std::shared_ptr<rmw_request_id_s>, std::shared_ptr<std_srvs::srv::Trigger_Request_<std::allocator<void> > >, std::shared_ptr<std_srvs::srv::Trigger_Response_<std::allocator<void> > >)>, std::function<void(std::shared_ptr<rmw_request_id_s>, std::shared_ptr<std_srvs::srv::Trigger_Request_<std::allocator<void> > >)>, std::function<void(std::shared_ptr<rclcpp::Service<std_srvs::srv::Trigger> >, std::shared_ptr<rmw_request_id_s>, std::shared_ptr<std_srvs::srv::Trigger_Request_<std::allocator<void> > >)> >::__accepted_type<_Tp&&, typename std::enable_if<__not_self<_Tp&&>, void>::type>&, _Tp>), std::variant<std::monostate, std::function<void(std::shared_ptr<std_srvs::srv::Trigger_Request_<std::allocator<void> > >, std::shared_ptr<std_srvs::srv::Trigger_Response_<std::allocator<void> > >)>, std::function<void(std::shared_ptr<rmw_request_id_s>, std::shared_ptr<std_srvs::srv::Trigger_Request_<std::allocator<void> > >, std::shared_ptr<std_srvs::srv::Trigger_Response_<std::allocator<void> > >)>, std::function<void(std::shared_ptr<rmw_request_id_s>, std::shared_ptr<std_srvs::srv::Trigger_Request_<std::allocator<void> > >)>, std::function<void(std::shared_ptr<rclcpp::Service<std_srvs::srv::Trigger> >, std::shared_ptr<rmw_request_id_s>, std::shared_ptr<std_srvs::srv::Trigger_Request_<std::allocator<void> > >)> >&> std::variant<std::monostate, std::function<void(std::shared_ptr<std_srvs::srv::Trigger_Request_<std::allocator<void> > >, std::shared_ptr<std_srvs::srv::Trigger_Response_<std::allocator<void> > >)>, std::function<void(std::shared_ptr<rmw_request_id_s>, std::shared_ptr<std_srvs::srv::Trigger_Request_<std::allocator<void> > >, std::shared_ptr<std_srvs::srv::Trigger_Response_<std::allocator<void> > >)>, std::function<void(std::shared_ptr<rmw_request_id_s>, std::shared_ptr<std_srvs::srv::Trigger_Request_<std::allocator<void> > >)>, std::function<void(std::shared_ptr<rclcpp::Service<std_srvs::srv::Trigger> >, std::shared_ptr<rmw_request_id_s>, std::shared_ptr<std_srvs::srv::Trigger_Request_<std::allocator<void> > >)> >::operator=<_Tp>(_Tp&&) [with _Tp = std::_Bind<void (vehicle_core::AutopilotNode::*(vehicle_core::AutopilotNode*, std::_Placeholder<1>, std::_Placeholder<2>))(...)>][m[K’
[01m[K/opt/ros/humble/include/rclcpp/rclcpp/any_service_callback.hpp:103:17:[m[K   required from ‘[01m[Kvoid rclcpp::AnyServiceCallback<ServiceT>::set(CallbackT&&) [with CallbackT = std::_Bind<void (vehicle_core::AutopilotNode::*(vehicle_core::AutopilotNode*, std::_Placeholder<1>, std::_Placeholder<2>))(...)>; typename std::enable_if<(! rclcpp::detail::can_be_nullptr<CallbackT>::value), int>::type <anonymous> = 0; ServiceT = std_srvs::srv::Trigger][m[K’
[01m[K/opt/ros/humble/include/rclcpp/rclcpp/create_service.hpp:43:27:[m[K   required from ‘[01m[Ktypename rclcpp::Service<ServiceT>::SharedPtr rclcpp::create_service(std::shared_ptr<rclcpp::node_interfaces::NodeBaseInterface>, std::shared_ptr<rclcpp::node_interfaces::NodeServicesInterface>, const string&, CallbackT&&, const rmw_qos_profile_t&, rclcpp::CallbackGroup::SharedPtr) [with ServiceT = std_srvs::srv::Trigger; CallbackT = std::_Bind<void (vehicle_core::AutopilotNode::*(vehicle_core::AutopilotNode*, std::_Placeholder<1>, std::_Placeholder<2>))(...)>; typename rclcpp::Service<ServiceT>::SharedPtr = std::shared_ptr<rclcpp::Service<std_srvs::srv::Trigger> >; std::string = std::__cxx11::basic_string<char>; rmw_qos_profile_t = rmw_qos_profile_s; rclcpp::CallbackGroup::SharedPtr = std::shared_ptr<rclcpp::CallbackGroup>][m[K’
[01m[K/opt/ros/humble/include/rclcpp/rclcpp/node_impl.hpp:147:53:[m[K   required from ‘[01m[Ktypename rclcpp::Service<ServiceT>::SharedPtr rclcpp::Node::create_service(const string&, CallbackT&&, const rmw_qos_profile_t&, rclcpp::CallbackGroup::SharedPtr) [with ServiceT = std_srvs::srv::Trigger; CallbackT = std::_Bind<void (vehicle_core::AutopilotNode::*(vehicle_core::AutopilotNode*, std::_Placeholder<1>, std::_Placeholder<2>))(...)>; typename rclcpp::Service<ServiceT>::SharedPtr = std::shared_ptr<rclcpp::Service<std_srvs::srv::Trigger> >; std::string = std::__cxx11::basic_string<char>; rmw_qos_profile_t = rmw_qos_profile_s; rclcpp::CallbackGroup::SharedPtr = std::shared_ptr<rclcpp::CallbackGroup>][m[K’
[01m[K/home/avcpp/AV-CPP2025/Vehicle/src/vehicle_core/src/autopilot_node.cpp:31:60:[m[K   required from here
[01m[K/usr/include/c++/11/variant:1375:15:[m[K [01;31m[Kerror: [m[Kno type named ‘[01m[Ktype[m[K’ in ‘[01m[Kstruct std::enable_if<false, void>[m[K’
 1375 |         using [01;31m[K__accepted_type[m[K = __to_type<__accepted_index<_Tp>>;
      |               [01;31m[K^~~~~~~~~~~~~~~[m[K
/opt/ros/humble/include/rclcpp/rclcpp/any_service_callback.hpp: In instantiation of ‘[01m[Kvoid rclcpp::AnyServiceCallback<ServiceT>::set(CallbackT&&) [with CallbackT = std::_Bind<void (vehicle_core::AutopilotNode::*(vehicle_core::AutopilotNode*, std::_Placeholder<1>, std::_Placeholder<2>))(...)>; typename std::enable_if<(! rclcpp::detail::can_be_nullptr<CallbackT>::value), int>::type <anonymous> = 0; ServiceT = std_srvs::srv::Trigger][m[K’:
[01m[K/opt/ros/humble/include/rclcpp/rclcpp/create_service.hpp:43:27:[m[K   required from ‘[01m[Ktypename rclcpp::Service<ServiceT>::SharedPtr rclcpp::create_service(std::shared_ptr<rclcpp::node_interfaces::NodeBaseInterface>, std::shared_ptr<rclcpp::node_interfaces::NodeServicesInterface>, const string&, CallbackT&&, const rmw_qos_profile_t&, rclcpp::CallbackGroup::SharedPtr) [with ServiceT = std_srvs::srv::Trigger; CallbackT = std::_Bind<void (vehicle_core::AutopilotNode::*(vehicle_core::AutopilotNode*, std::_Placeholder<1>, std::_Placeholder<2>))(...)>; typename rclcpp::Service<ServiceT>::SharedPtr = std::shared_ptr<rclcpp::Service<std_srvs::srv::Trigger> >; std::string = std::__cxx11::basic_string<char>; rmw_qos_profile_t = rmw_qos_profile_s; rclcpp::CallbackGroup::SharedPtr = std::shared_ptr<rclcpp::CallbackGroup>][m[K’
[01m[K/opt/ros/humble/include/rclcpp/rclcpp/node_impl.hpp:147:53:[m[K   required from ‘[01m[Ktypename rclcpp::Service<ServiceT>::SharedPtr rclcpp::Node::create_service(const string&, CallbackT&&, const rmw_qos_profile_t&, rclcpp::CallbackGroup::SharedPtr) [with ServiceT = std_srvs::srv::Trigger; CallbackT = std::_Bind<void (vehicle_core::AutopilotNode::*(vehicle_core::AutopilotNode*, std::_Placeholder<1>, std::_Placeholder<2>))(...)>; typename rclcpp::Service<ServiceT>::SharedPtr = std::shared_ptr<rclcpp::Service<std_srvs::srv::Trigger> >; std::string = std::__cxx11::basic_string<char>; rmw_qos_profile_t = rmw_qos_profile_s; rclcpp::CallbackGroup::SharedPtr = std::shared_ptr<rclcpp::CallbackGroup>][m[K’
[01m[K/home/avcpp/AV-CPP2025/Vehicle/src/vehicle_core/src/autopilot_node.cpp:31:60:[m[K   required from here
[01m[K/usr/include/c++/11/variant:1398:16:[m[K [01;36m[Knote: [m[Kcandidate: ‘[01m[Kstd::variant<_Types>& std::variant<_Types>::operator=(const std::variant<_Types>&) [with _Types = {std::monostate, std::function<void(std::shared_ptr<std_srvs::srv::Trigger_Request_<std::allocator<void> > >, std::shared_ptr<std_srvs::srv::Trigger_Response_<std::allocator<void> > >)>, std::function<void(std::shared_ptr<rmw_request_id_s>, std::shared_ptr<std_srvs::srv::Trigger_Request_<std::allocator<void> > >, std::shared_ptr<std_srvs::srv::Trigger_Response_<std::allocator<void> > >)>, std::function<void(std::shared_ptr<rmw_request_id_s>, std::shared_ptr<std_srvs::srv::Trigger_Request_<std::allocator<void> > >)>, std::function<void(std::shared_ptr<rclcpp::Service<std_srvs::srv::Trigger> >, std::shared_ptr<rmw_request_id_s>, std::shared_ptr<std_srvs::srv::Trigger_Request_<std::allocator<void> > >)>}][m[K’
 1398 |       variant& [01;36m[Koperator[m[K=(const variant&) = default;
      |                [01;36m[K^~~~~~~~[m[K
[01m[K/usr/include/c++/11/variant:1398:26:[m[K [01;36m[Knote: [m[K  no known conversion for argument 1 from ‘[01m[Kstd::_Bind<void (vehicle_core::AutopilotNode::*(vehicle_core::AutopilotNode*, std::_Placeholder<1>, std::_Placeholder<2>))(...)>[m[K’ to ‘[01m[Kconst std::variant<std::monostate, std::function<void(std::shared_ptr<std_srvs::srv::Trigger_Request_<std::allocator<void> > >, std::shared_ptr<std_srvs::srv::Trigger_Response_<std::allocator<void> > >)>, std::function<void(std::shared_ptr<rmw_request_id_s>, std::shared_ptr<std_srvs::srv::Trigger_Request_<std::allocator<void> > >, std::shared_ptr<std_srvs::srv::Trigger_Response_<std::allocator<void> > >)>, std::function<void(std::shared_ptr<rmw_request_id_s>, std::shared_ptr<std_srvs::srv::Trigger_Request_<std::allocator<void> > >)>, std::function<void(std::shared_ptr<rclcpp::Service<std_srvs::srv::Trigger> >, std::shared_ptr<rmw_request_id_s>, std::shared_ptr<std_srvs::srv::Trigger_Request_<std::allocator<void> > >)> >&[m[K’
 1398 |       variant& operator=([01;36m[Kconst variant&[m[K) = default;
      |                          [01;36m[K^~~~~~~~~~~~~~[m[K
[01m[K/usr/include/c++/11/variant:1399:16:[m[K [01;36m[Knote: [m[Kcandidate: ‘[01m[Kstd::variant<_Types>& std::variant<_Types>::operator=(std::variant<_Types>&&) [with _Types = {std::monostate, std::function<void(std::shared_ptr<std_srvs::srv::Trigger_Request_<std::allocator<void> > >, std::shared_ptr<std_srvs::srv::Trigger_Response_<std::allocator<void> > >)>, std::function<void(std::shared_ptr<rmw_request_id_s>, std::shared_ptr<std_srvs::srv::Trigger_Request_<std::allocator<void> > >, std::shared_ptr<std_srvs::srv::Trigger_Response_<std::allocator<void> > >)>, std::function<void(std::shared_ptr<rmw_request_id_s>, std::shared_ptr<std_srvs::srv::Trigger_Request_<std::allocator<void> > >)>, std::function<void(std::shared_ptr<rclcpp::Service<std_srvs::srv::Trigger> >, std::shared_ptr<rmw_request_id_s>, std::shared_ptr<std_srvs::srv::Trigger_Request_<std::allocator<void> > >)>}][m[K’
 1399 |       variant& [01;36m[Koperator[m[K=(variant&&) = default;
      |                [01;36m[K^~~~~~~~[m[K
[01m[K/usr/include/c++/11/variant:1399:26:[m[K [01;36m[Knote: [m[K  no known conversion for argument 1 from ‘[01m[Kstd::_Bind<void (vehicle_core::AutopilotNode::*(vehicle_core::AutopilotNode*, std::_Placeholder<1>, std::_Placeholder<2>))(...)>[m[K’ to ‘[01m[Kstd::variant<std::monostate, std::function<void(std::shared_ptr<std_srvs::srv::Trigger_Request_<std::allocator<void> > >, std::shared_ptr<std_srvs::srv::Trigger_Response_<std::allocator<void> > >)>, std::function<void(std::shared_ptr<rmw_request_id_s>, std::shared_ptr<std_srvs::srv::Trigger_Request_<std::allocator<void> > >, std::shared_ptr<std_srvs::srv::Trigger_Response_<std::allocator<void> > >)>, std::function<void(std::shared_ptr<rmw_request_id_s>, std::shared_ptr<std_srvs::srv::Trigger_Request_<std::allocator<void> > >)>, std::function<void(std::shared_ptr<rclcpp::Service<std_srvs::srv::Trigger> >, std::shared_ptr<rmw_request_id_s>, std::shared_ptr<std_srvs::srv::Trigger_Request_<std::allocator<void> > >)> >&&[m[K’
 1399 |       variant& operator=([01;36m[Kvariant&&[m[K) = default;
      |                          [01;36m[K^~~~~~~~~[m[K
gmake[2]: *** [CMakeFiles/autopilot_node_component.dir/build.make:76: CMakeFiles/autopilot_node_component.dir/src/autopilot_node.cpp.o] Error 1
gmake[1]: *** [CMakeFiles/Makefile2:778: CMakeFiles/autopilot_node_component.dir/all] Error 2
gmake: *** [Makefile:146: all] Error 2
